<?xml version="1.0" encoding="ISO-8859-1" ?>
<link_info>
   <banner>TI ARM Linker PC v20.2.7.LTS</banner>
   <copyright>Copyright (c) 1996-2018 Texas Instruments Incorporated</copyright>
   <link_time>0x69f2af03</link_time>
   <link_errors>0x0</link_errors>
   <output_file>ethernet_ex4_ptp_basic_slave.out</output_file>
   <entry_point>
      <name>_c_int00_noargs</name>
      <address>0x203089</address>
   </entry_point>
   <input_file_list>
      <input_file id="fl-2">
         <path>.\</path>
         <kind>object</kind>
         <file>main_slave.obj</file>
         <name>main_slave.obj</name>
      </input_file>
      <input_file id="fl-3">
         <path>.\</path>
         <kind>object</kind>
         <file>startup_cm.obj</file>
         <name>startup_cm.obj</name>
      </input_file>
      <input_file id="fl-4">
         <path>.\device\</path>
         <kind>object</kind>
         <file>cm.obj</file>
         <name>cm.obj</name>
      </input_file>
      <input_file id="fl-9">
         <kind>object</kind>
         <file>&lt;internal&gt;</file>
         <name>&lt;internal&gt;</name>
      </input_file>
      <input_file id="fl-a">
         <path>C:\ti\c2000\C2000Ware_5_01_00_00\driverlib\f2838x\driverlib_cm\ccs\Debug\</path>
         <kind>archive</kind>
         <file>driverlib_cm.lib</file>
         <name>ethernet.obj</name>
      </input_file>
      <input_file id="fl-b">
         <path>C:\ti\c2000\C2000Ware_5_01_00_00\driverlib\f2838x\driverlib_cm\ccs\Debug\</path>
         <kind>archive</kind>
         <file>driverlib_cm.lib</file>
         <name>flash.obj</name>
      </input_file>
      <input_file id="fl-c">
         <path>C:\ti\c2000\C2000Ware_5_01_00_00\driverlib\f2838x\driverlib_cm\ccs\Debug\</path>
         <kind>archive</kind>
         <file>driverlib_cm.lib</file>
         <name>interrupt.obj</name>
      </input_file>
      <input_file id="fl-d">
         <path>C:\ti\c2000\C2000Ware_5_01_00_00\driverlib\f2838x\driverlib_cm\ccs\Debug\</path>
         <kind>archive</kind>
         <file>driverlib_cm.lib</file>
         <name>platform_port.obj</name>
      </input_file>
      <input_file id="fl-e">
         <path>C:\ti\c2000\C2000Ware_5_01_00_00\driverlib\f2838x\driverlib_cm\ccs\Debug\</path>
         <kind>archive</kind>
         <file>driverlib_cm.lib</file>
         <name>sysctl.obj</name>
      </input_file>
      <input_file id="fl-c4">
         <path>C:\ti\ccs1280\ccs\tools\compiler\ti-cgt-arm_20.2.7.LTS\lib\</path>
         <kind>archive</kind>
         <file>rtsv7M4_T_le_eabi.lib</file>
         <name>fs_add_t2.asm.obj</name>
      </input_file>
      <input_file id="fl-c5">
         <path>C:\ti\ccs1280\ccs\tools\compiler\ti-cgt-arm_20.2.7.LTS\lib\</path>
         <kind>archive</kind>
         <file>rtsv7M4_T_le_eabi.lib</file>
         <name>fs_cmp_t2.asm.obj</name>
      </input_file>
      <input_file id="fl-c6">
         <path>C:\ti\ccs1280\ccs\tools\compiler\ti-cgt-arm_20.2.7.LTS\lib\</path>
         <kind>archive</kind>
         <file>rtsv7M4_T_le_eabi.lib</file>
         <name>fs_div_t2.asm.obj</name>
      </input_file>
      <input_file id="fl-c7">
         <path>C:\ti\ccs1280\ccs\tools\compiler\ti-cgt-arm_20.2.7.LTS\lib\</path>
         <kind>archive</kind>
         <file>rtsv7M4_T_le_eabi.lib</file>
         <name>fs_mul_t2.asm.obj</name>
      </input_file>
      <input_file id="fl-c8">
         <path>C:\ti\ccs1280\ccs\tools\compiler\ti-cgt-arm_20.2.7.LTS\lib\</path>
         <kind>archive</kind>
         <file>rtsv7M4_T_le_eabi.lib</file>
         <name>fs_toi_t2.asm.obj</name>
      </input_file>
      <input_file id="fl-c9">
         <path>C:\ti\ccs1280\ccs\tools\compiler\ti-cgt-arm_20.2.7.LTS\lib\</path>
         <kind>archive</kind>
         <file>rtsv7M4_T_le_eabi.lib</file>
         <name>fs_tou_t2.asm.obj</name>
      </input_file>
      <input_file id="fl-ca">
         <path>C:\ti\ccs1280\ccs\tools\compiler\ti-cgt-arm_20.2.7.LTS\lib\</path>
         <kind>archive</kind>
         <file>rtsv7M4_T_le_eabi.lib</file>
         <name>i_tofs_t2.asm.obj</name>
      </input_file>
      <input_file id="fl-cb">
         <path>C:\ti\ccs1280\ccs\tools\compiler\ti-cgt-arm_20.2.7.LTS\lib\</path>
         <kind>archive</kind>
         <file>rtsv7M4_T_le_eabi.lib</file>
         <name>memcpy_t2.asm.obj</name>
      </input_file>
      <input_file id="fl-cc">
         <path>C:\ti\ccs1280\ccs\tools\compiler\ti-cgt-arm_20.2.7.LTS\lib\</path>
         <kind>archive</kind>
         <file>rtsv7M4_T_le_eabi.lib</file>
         <name>u_tofs_t2.asm.obj</name>
      </input_file>
      <input_file id="fl-cd">
         <path>C:\ti\ccs1280\ccs\tools\compiler\ti-cgt-arm_20.2.7.LTS\lib\</path>
         <kind>archive</kind>
         <file>rtsv7M4_T_le_eabi.lib</file>
         <name>memset_t2.asm.obj</name>
      </input_file>
      <input_file id="fl-ce">
         <path>C:\ti\ccs1280\ccs\tools\compiler\ti-cgt-arm_20.2.7.LTS\lib\</path>
         <kind>archive</kind>
         <file>rtsv7M4_T_le_eabi.lib</file>
         <name>copy_zero_init.c.obj</name>
      </input_file>
      <input_file id="fl-cf">
         <path>C:\ti\ccs1280\ccs\tools\compiler\ti-cgt-arm_20.2.7.LTS\lib\</path>
         <kind>archive</kind>
         <file>rtsv7M4_T_le_eabi.lib</file>
         <name>copy_decompress_none.c.obj</name>
      </input_file>
      <input_file id="fl-d0">
         <path>C:\ti\ccs1280\ccs\tools\compiler\ti-cgt-arm_20.2.7.LTS\lib\</path>
         <kind>archive</kind>
         <file>rtsv7M4_T_le_eabi.lib</file>
         <name>copy_decompress_lzss.c.obj</name>
      </input_file>
      <input_file id="fl-d1">
         <path>C:\ti\ccs1280\ccs\tools\compiler\ti-cgt-arm_20.2.7.LTS\lib\</path>
         <kind>archive</kind>
         <file>rtsv7M4_T_le_eabi.lib</file>
         <name>boot_cortex_m.c.obj</name>
      </input_file>
      <input_file id="fl-d2">
         <path>C:\ti\ccs1280\ccs\tools\compiler\ti-cgt-arm_20.2.7.LTS\lib\</path>
         <kind>archive</kind>
         <file>rtsv7M4_T_le_eabi.lib</file>
         <name>autoinit.c.obj</name>
      </input_file>
      <input_file id="fl-d3">
         <path>C:\ti\ccs1280\ccs\tools\compiler\ti-cgt-arm_20.2.7.LTS\lib\</path>
         <kind>archive</kind>
         <file>rtsv7M4_T_le_eabi.lib</file>
         <name>pre_init.c.obj</name>
      </input_file>
      <input_file id="fl-d4">
         <path>C:\ti\ccs1280\ccs\tools\compiler\ti-cgt-arm_20.2.7.LTS\lib\</path>
         <kind>archive</kind>
         <file>rtsv7M4_T_le_eabi.lib</file>
         <name>cpy_tbl.c.obj</name>
      </input_file>
      <input_file id="fl-d5">
         <path>C:\ti\ccs1280\ccs\tools\compiler\ti-cgt-arm_20.2.7.LTS\lib\</path>
         <kind>archive</kind>
         <file>rtsv7M4_T_le_eabi.lib</file>
         <name>exit.c.obj</name>
      </input_file>
      <input_file id="fl-d6">
         <path>C:\ti\ccs1280\ccs\tools\compiler\ti-cgt-arm_20.2.7.LTS\lib\</path>
         <kind>archive</kind>
         <file>rtsv7M4_T_le_eabi.lib</file>
         <name>_lock.c.obj</name>
      </input_file>
      <input_file id="fl-d7">
         <path>C:\ti\ccs1280\ccs\tools\compiler\ti-cgt-arm_20.2.7.LTS\lib\</path>
         <kind>archive</kind>
         <file>rtsv7M4_T_le_eabi.lib</file>
         <name>args_main.c.obj</name>
      </input_file>
   </input_file_list>
   <object_component_list>
      <object_component id="oc-31">
         <name>.resetisr:resetISR</name>
         <load_address>0x200000</load_address>
         <run_address>0x200000</run_address>
         <size>0x6</size>
         <input_file_ref idref="fl-3"/>
      </object_component>
      <object_component id="oc-2e">
         <name>.vftable:retain</name>
         <load_address>0x200400</load_address>
         <run_address>0x200400</run_address>
         <size>0x140</size>
         <input_file_ref idref="fl-3"/>
      </object_component>
      <object_component id="oc-25b">
         <name>.vtable</name>
         <uninitialized>true</uninitialized>
         <run_address>0x20000800</run_address>
         <size>0x140</size>
         <input_file_ref idref="fl-c"/>
      </object_component>
      <object_component id="oc-1d0">
         <name>.text:Ethernet_addPacketsIntoTxQueue</name>
         <load_address>0x200010</load_address>
         <run_address>0x200010</run_address>
         <size>0x33c</size>
         <input_file_ref idref="fl-a"/>
      </object_component>
      <object_component id="oc-109">
         <name>.text:InitConstants</name>
         <load_address>0x20034c</load_address>
         <run_address>0x20034c</run_address>
         <size>0xa8</size>
         <input_file_ref idref="fl-2"/>
      </object_component>
      <object_component id="oc-10f">
         <name>.text:Platform_disableInterrupt</name>
         <load_address>0x2003f4</load_address>
         <run_address>0x2003f4</run_address>
         <size>0xc</size>
         <input_file_ref idref="fl-d"/>
      </object_component>
      <object_component id="oc-49">
         <name>.text:Ethernet_genericISR</name>
         <load_address>0x200540</load_address>
         <run_address>0x200540</run_address>
         <size>0x4f4</size>
         <input_file_ref idref="fl-a"/>
      </object_component>
      <object_component id="oc-12d">
         <name>.text:Ethernet_receivePacketCallbackCustom</name>
         <load_address>0x200a34</load_address>
         <run_address>0x200a34</run_address>
         <size>0x414</size>
         <input_file_ref idref="fl-2"/>
      </object_component>
      <object_component id="oc-153">
         <name>.text:Ethernet_removePacketsFromRxQueue</name>
         <load_address>0x200e48</load_address>
         <run_address>0x200e48</run_address>
         <size>0x2cc</size>
         <input_file_ref idref="fl-a"/>
      </object_component>
      <object_component id="oc-bb">
         <name>.text:Ethernet_getInitConfig</name>
         <load_address>0x201114</load_address>
         <run_address>0x201114</run_address>
         <size>0x248</size>
         <input_file_ref idref="fl-a"/>
      </object_component>
      <object_component id="oc-d9">
         <name>.text:Ethernet_getHandle</name>
         <load_address>0x20135c</load_address>
         <run_address>0x20135c</run_address>
         <size>0x1bc</size>
         <input_file_ref idref="fl-a"/>
      </object_component>
      <object_component id="oc-38">
         <name>.text:main</name>
         <load_address>0x201518</load_address>
         <run_address>0x201518</run_address>
         <size>0x178</size>
         <input_file_ref idref="fl-2"/>
      </object_component>
      <object_component id="oc-228">
         <name>.text:Ethernet_initRxChannel</name>
         <load_address>0x201690</load_address>
         <run_address>0x201690</run_address>
         <size>0x13c</size>
         <input_file_ref idref="fl-a"/>
      </object_component>
      <object_component id="oc-a3">
         <name>.text:Ethernet_removePacketsFromTxQueue</name>
         <load_address>0x2017cc</load_address>
         <run_address>0x2017cc</run_address>
         <size>0x134</size>
         <input_file_ref idref="fl-a"/>
      </object_component>
      <object_component id="oc-286">
         <name>.text:msgUnpackHeader</name>
         <load_address>0x201900</load_address>
         <run_address>0x201900</run_address>
         <size>0x128</size>
         <input_file_ref idref="fl-2"/>
      </object_component>
      <object_component id="oc-21c">
         <name>.text:Ethernet_initTxChannel</name>
         <load_address>0x201a28</load_address>
         <run_address>0x201a28</run_address>
         <size>0x124</size>
         <input_file_ref idref="fl-a"/>
      </object_component>
      <object_component id="oc-2a4">
         <name>.text:Ethernet_sendPacket</name>
         <load_address>0x201b4c</load_address>
         <run_address>0x201b4c</run_address>
         <size>0x108</size>
         <input_file_ref idref="fl-a"/>
      </object_component>
      <object_component id="oc-b5">
         <name>.text:Ethernet_initInterface</name>
         <load_address>0x201c54</load_address>
         <run_address>0x201c54</run_address>
         <size>0xfc</size>
         <input_file_ref idref="fl-a"/>
      </object_component>
      <object_component id="oc-208">
         <name>.text</name>
         <load_address>0x201d50</load_address>
         <run_address>0x201d50</run_address>
         <size>0xfa</size>
         <input_file_ref idref="fl-c4"/>
      </object_component>
      <object_component id="oc-359">
         <name>.text:Ethernet_writeTxDMAControl</name>
         <load_address>0x201e4a</load_address>
         <run_address>0x201e4a</run_address>
         <size>0xd6</size>
         <input_file_ref idref="fl-a"/>
      </object_component>
      <object_component id="oc-127">
         <name>.text:Ethernet_releaseTxPacketBufferCustom</name>
         <load_address>0x201f20</load_address>
         <run_address>0x201f20</run_address>
         <size>0xa0</size>
         <input_file_ref idref="fl-2"/>
      </object_component>
      <object_component id="oc-18a">
         <name>.text:Ethernet_writePHYRegister</name>
         <load_address>0x201fc0</load_address>
         <run_address>0x201fc0</run_address>
         <size>0x9c</size>
         <input_file_ref idref="fl-a"/>
      </object_component>
      <object_component id="oc-5d">
         <name>.text</name>
         <load_address>0x20205c</load_address>
         <run_address>0x20205c</run_address>
         <size>0x9c</size>
         <input_file_ref idref="fl-cb"/>
      </object_component>
      <object_component id="oc-373">
         <name>.text:Ethernet_writeRxDMAControl</name>
         <load_address>0x2020f8</load_address>
         <run_address>0x2020f8</run_address>
         <size>0x96</size>
         <input_file_ref idref="fl-a"/>
      </object_component>
      <object_component id="oc-1f9">
         <name>.text</name>
         <load_address>0x20218e</load_address>
         <run_address>0x20218e</run_address>
         <size>0x92</size>
         <input_file_ref idref="fl-c6"/>
      </object_component>
      <object_component id="oc-133">
         <name>.text:Ethernet_getPacketBufferCustom</name>
         <load_address>0x202220</load_address>
         <run_address>0x202220</run_address>
         <size>0x8c</size>
         <input_file_ref idref="fl-2"/>
      </object_component>
      <object_component id="oc-15a">
         <name>.text:Ethernet_addPacketsIntoRxQueue</name>
         <load_address>0x2022ac</load_address>
         <run_address>0x2022ac</run_address>
         <size>0x88</size>
         <input_file_ref idref="fl-a"/>
      </object_component>
      <object_component id="oc-26c">
         <name>.text:Interrupt_disable</name>
         <load_address>0x202334</load_address>
         <run_address>0x202334</run_address>
         <size>0x80</size>
         <input_file_ref idref="fl-c"/>
      </object_component>
      <object_component id="oc-eb">
         <name>.text:Interrupt_enable</name>
         <load_address>0x2023b4</load_address>
         <run_address>0x2023b4</run_address>
         <size>0x80</size>
         <input_file_ref idref="fl-c"/>
      </object_component>
      <object_component id="oc-20d">
         <name>.text</name>
         <load_address>0x202434</load_address>
         <run_address>0x202434</run_address>
         <size>0x7a</size>
         <input_file_ref idref="fl-c7"/>
      </object_component>
      <object_component id="oc-1a8">
         <name>.text</name>
         <load_address>0x2024ae</load_address>
         <run_address>0x2024ae</run_address>
         <size>0x7a</size>
         <input_file_ref idref="fl-cd"/>
      </object_component>
      <object_component id="oc-3aa">
         <name>.text:normalizeTime</name>
         <load_address>0x202528</load_address>
         <run_address>0x202528</run_address>
         <size>0x78</size>
         <input_file_ref idref="fl-2"/>
      </object_component>
      <object_component id="oc-184">
         <name>.text:Ethernet_readPHYRegister</name>
         <load_address>0x2025a0</load_address>
         <run_address>0x2025a0</run_address>
         <size>0x72</size>
         <input_file_ref idref="fl-a"/>
      </object_component>
      <object_component id="oc-99">
         <name>.text:defaultISR</name>
         <load_address>0x202612</load_address>
         <run_address>0x202612</run_address>
         <size>0x2</size>
         <input_file_ref idref="fl-3"/>
      </object_component>
      <object_component id="oc-43">
         <name>.text:Ethernet_receiveISR</name>
         <load_address>0x202614</load_address>
         <run_address>0x202614</run_address>
         <size>0x70</size>
         <input_file_ref idref="fl-a"/>
      </object_component>
      <object_component id="oc-37">
         <name>.text:Ethernet_transmitISR</name>
         <load_address>0x202684</load_address>
         <run_address>0x202684</run_address>
         <size>0x70</size>
         <input_file_ref idref="fl-a"/>
      </object_component>
      <object_component id="oc-27b">
         <name>.text:SysCtl_resetPeripheral</name>
         <load_address>0x2026f4</load_address>
         <run_address>0x2026f4</run_address>
         <size>0x70</size>
         <input_file_ref idref="fl-e"/>
      </object_component>
      <object_component id="oc-c1">
         <name>.text:Ethernet_setConfigTimestampPTP</name>
         <load_address>0x202764</load_address>
         <run_address>0x202764</run_address>
         <size>0x6c</size>
         <input_file_ref idref="fl-a"/>
      </object_component>
      <object_component id="oc-1a">
         <name>.text:decompress:lzss:__TI_decompress_lzss</name>
         <load_address>0x2027d0</load_address>
         <run_address>0x2027d0</run_address>
         <size>0x68</size>
         <input_file_ref idref="fl-d0"/>
      </object_component>
      <object_component id="oc-3be">
         <name>.text:msgPackHeader</name>
         <load_address>0x202838</load_address>
         <run_address>0x202838</run_address>
         <size>0x64</size>
         <input_file_ref idref="fl-2"/>
      </object_component>
      <object_component id="oc-29e">
         <name>.text:msgPackDelayReq</name>
         <load_address>0x20289c</load_address>
         <run_address>0x20289c</run_address>
         <size>0x5e</size>
         <input_file_ref idref="fl-2"/>
      </object_component>
      <object_component id="oc-93">
         <name>.text:faultISR</name>
         <load_address>0x2028fa</load_address>
         <run_address>0x2028fa</run_address>
         <size>0x2</size>
         <input_file_ref idref="fl-3"/>
      </object_component>
      <object_component id="oc-e5">
         <name>.text:Interrupt_registerHandler</name>
         <load_address>0x2028fc</load_address>
         <run_address>0x2028fc</run_address>
         <size>0x5c</size>
         <input_file_ref idref="fl-c"/>
      </object_component>
      <object_component id="oc-298">
         <name>.text:updateClock</name>
         <load_address>0x202958</load_address>
         <run_address>0x202958</run_address>
         <size>0x5c</size>
         <input_file_ref idref="fl-2"/>
      </object_component>
      <object_component id="oc-103">
         <name>.text:Ethernet_setFixedModePPS</name>
         <load_address>0x2029b4</load_address>
         <run_address>0x2029b4</run_address>
         <size>0x5a</size>
         <input_file_ref idref="fl-a"/>
      </object_component>
      <object_component id="oc-cd">
         <name>.text:Ethernet_updateSysTimePTP</name>
         <load_address>0x202a0e</load_address>
         <run_address>0x202a0e</run_address>
         <size>0x4e</size>
         <input_file_ref idref="fl-a"/>
      </object_component>
      <object_component id="oc-f7">
         <name>.text:Ethernet_selectTargetInterruptOrPulsePPS</name>
         <load_address>0x202a5c</load_address>
         <run_address>0x202a5c</run_address>
         <size>0x48</size>
         <input_file_ref idref="fl-a"/>
      </object_component>
      <object_component id="oc-274">
         <name>.text:SysCtl_enablePeripheral</name>
         <load_address>0x202aa4</load_address>
         <run_address>0x202aa4</run_address>
         <size>0x48</size>
         <input_file_ref idref="fl-e"/>
      </object_component>
      <object_component id="oc-312">
         <name>.text:__TI_auto_init_nobinit_nopinit:__TI_auto_init_nobinit_nopinit</name>
         <load_address>0x202aec</load_address>
         <run_address>0x202aec</run_address>
         <size>0x44</size>
         <input_file_ref idref="fl-d2"/>
      </object_component>
      <object_component id="oc-2b0">
         <name>.text:div2Time</name>
         <load_address>0x202b30</load_address>
         <run_address>0x202b30</run_address>
         <size>0x44</size>
         <input_file_ref idref="fl-2"/>
      </object_component>
      <object_component id="oc-3c5">
         <name>.text:Ethernet_performPushPacketQueueChain</name>
         <load_address>0x202b74</load_address>
         <run_address>0x202b74</run_address>
         <size>0x42</size>
         <input_file_ref idref="fl-a"/>
      </object_component>
      <object_component id="oc-2e5">
         <name>.text:Ethernet_performPushOnPacketQueue</name>
         <load_address>0x202bb6</load_address>
         <run_address>0x202bb6</run_address>
         <size>0x3c</size>
         <input_file_ref idref="fl-a"/>
      </object_component>
      <object_component id="oc-f1">
         <name>.text:Ethernet_setMACAddr</name>
         <load_address>0x202bf2</load_address>
         <run_address>0x202bf2</run_address>
         <size>0x3c</size>
         <input_file_ref idref="fl-a"/>
      </object_component>
      <object_component id="oc-265">
         <name>.text:Ethernet_getMACAddr</name>
         <load_address>0x202c2e</load_address>
         <run_address>0x202c2e</run_address>
         <size>0x3a</size>
         <input_file_ref idref="fl-a"/>
      </object_component>
      <object_component id="oc-349">
         <name>.text</name>
         <load_address>0x202c68</load_address>
         <run_address>0x202c68</run_address>
         <size>0x38</size>
         <input_file_ref idref="fl-c8"/>
      </object_component>
      <object_component id="oc-d3">
         <name>.text:Ethernet_setSysTimePTP</name>
         <load_address>0x202ca0</load_address>
         <run_address>0x202ca0</run_address>
         <size>0x36</size>
         <input_file_ref idref="fl-a"/>
      </object_component>
      <object_component id="oc-1fe">
         <name>.text</name>
         <load_address>0x202cd6</load_address>
         <run_address>0x202cd6</run_address>
         <size>0x34</size>
         <input_file_ref idref="fl-c9"/>
      </object_component>
      <object_component id="oc-385">
         <name>.text:Ethernet_enableMACRxQ</name>
         <load_address>0x202d0a</load_address>
         <run_address>0x202d0a</run_address>
         <size>0x32</size>
         <input_file_ref idref="fl-a"/>
      </object_component>
      <object_component id="oc-166">
         <name>.text:Ethernet_configureEEEClockGatingControl</name>
         <load_address>0x202d3c</load_address>
         <run_address>0x202d3c</run_address>
         <size>0x30</size>
         <input_file_ref idref="fl-a"/>
      </object_component>
      <object_component id="oc-c7">
         <name>.text:Ethernet_enableSysTimePTP</name>
         <load_address>0x202d6c</load_address>
         <run_address>0x202d6c</run_address>
         <size>0x30</size>
         <input_file_ref idref="fl-a"/>
      </object_component>
      <object_component id="oc-17e">
         <name>.text:Ethernet_getOneStepTransmitTimestampPTP</name>
         <load_address>0x202d9c</load_address>
         <run_address>0x202d9c</run_address>
         <size>0x30</size>
         <input_file_ref idref="fl-a"/>
      </object_component>
      <object_component id="oc-400">
         <name>.text:Ethernet_getSysTimePTP</name>
         <load_address>0x202dcc</load_address>
         <run_address>0x202dcc</run_address>
         <size>0x30</size>
         <input_file_ref idref="fl-a"/>
      </object_component>
      <object_component id="oc-365">
         <name>.text:Ethernet_setMTLTxQueueOpMode</name>
         <load_address>0x202dfc</load_address>
         <run_address>0x202dfc</run_address>
         <size>0x2e</size>
         <input_file_ref idref="fl-a"/>
      </object_component>
      <object_component id="oc-8d">
         <name>.text:nmiISR</name>
         <load_address>0x202e2a</load_address>
         <run_address>0x202e2a</run_address>
         <size>0x2</size>
         <input_file_ref idref="fl-3"/>
      </object_component>
      <object_component id="oc-172">
         <name>.text:Ethernet_isTimestampIntActive</name>
         <load_address>0x202e2c</load_address>
         <run_address>0x202e2c</run_address>
         <size>0x2c</size>
         <input_file_ref idref="fl-a"/>
      </object_component>
      <object_component id="oc-178">
         <name>.text:Ethernet_isTransmitTimestampStatusSet</name>
         <load_address>0x202e58</load_address>
         <run_address>0x202e58</run_address>
         <size>0x2c</size>
         <input_file_ref idref="fl-a"/>
      </object_component>
      <object_component id="oc-fd">
         <name>.text:Ethernet_setPeriodPPS</name>
         <load_address>0x202e84</load_address>
         <run_address>0x202e84</run_address>
         <size>0x2c</size>
         <input_file_ref idref="fl-a"/>
      </object_component>
      <object_component id="oc-2aa">
         <name>.text:addTime</name>
         <load_address>0x202eb0</load_address>
         <run_address>0x202eb0</run_address>
         <size>0x2c</size>
         <input_file_ref idref="fl-2"/>
      </object_component>
      <object_component id="oc-292">
         <name>.text:subTime</name>
         <load_address>0x202edc</load_address>
         <run_address>0x202edc</run_address>
         <size>0x2c</size>
         <input_file_ref idref="fl-2"/>
      </object_component>
      <object_component id="oc-28c">
         <name>.text:toInternalTime</name>
         <load_address>0x202f08</load_address>
         <run_address>0x202f08</run_address>
         <size>0x2a</size>
         <input_file_ref idref="fl-2"/>
      </object_component>
      <object_component id="oc-37f">
         <name>.text:Ethernet_setMTLRxQueueOpMode</name>
         <load_address>0x202f32</load_address>
         <run_address>0x202f32</run_address>
         <size>0x28</size>
         <input_file_ref idref="fl-a"/>
      </object_component>
      <object_component id="oc-246">
         <name>.text:Ethernet_configureMDIO</name>
         <load_address>0x202f5a</load_address>
         <run_address>0x202f5a</run_address>
         <size>0x26</size>
         <input_file_ref idref="fl-a"/>
      </object_component>
      <object_component id="oc-1eb">
         <name>.text:Ethernet_configureRevMIIAddress</name>
         <load_address>0x202f80</load_address>
         <run_address>0x202f80</run_address>
         <size>0x26</size>
         <input_file_ref idref="fl-a"/>
      </object_component>
      <object_component id="oc-38b">
         <name>.text:Ethernet_enableRxDMAReception</name>
         <load_address>0x202fa6</load_address>
         <run_address>0x202fa6</run_address>
         <size>0x26</size>
         <input_file_ref idref="fl-a"/>
      </object_component>
      <object_component id="oc-2df">
         <name>.text:Ethernet_getRxERICount</name>
         <load_address>0x202fcc</load_address>
         <run_address>0x202fcc</run_address>
         <size>0x26</size>
         <input_file_ref idref="fl-a"/>
      </object_component>
      <object_component id="oc-1ca">
         <name>.text:Ethernet_performPopOnPacketQueue</name>
         <load_address>0x202ff2</load_address>
         <run_address>0x202ff2</run_address>
         <size>0x26</size>
         <input_file_ref idref="fl-a"/>
      </object_component>
      <object_component id="oc-379">
         <name>.text:Ethernet_setRxDescRingLength</name>
         <load_address>0x203018</load_address>
         <run_address>0x203018</run_address>
         <size>0x26</size>
         <input_file_ref idref="fl-a"/>
      </object_component>
      <object_component id="oc-35f">
         <name>.text:Ethernet_setTxDescRingLength</name>
         <load_address>0x20303e</load_address>
         <run_address>0x20303e</run_address>
         <size>0x26</size>
         <input_file_ref idref="fl-a"/>
      </object_component>
      <object_component id="oc-22e">
         <name>.text:Ethernet_enableDmaInterrupt</name>
         <load_address>0x203064</load_address>
         <run_address>0x203064</run_address>
         <size>0x24</size>
         <input_file_ref idref="fl-a"/>
      </object_component>
      <object_component id="oc-7b">
         <name>.text:_c_int00_noargs:_c_int00_noargs</name>
         <load_address>0x203088</load_address>
         <run_address>0x203088</run_address>
         <size>0x24</size>
         <input_file_ref idref="fl-d1"/>
      </object_component>
      <object_component id="oc-203">
         <name>.text</name>
         <load_address>0x2030ac</load_address>
         <run_address>0x2030ac</run_address>
         <size>0x24</size>
         <input_file_ref idref="fl-cc"/>
      </object_component>
      <object_component id="oc-1f1">
         <name>.text:Ethernet_resetModule</name>
         <load_address>0x2030d0</load_address>
         <run_address>0x2030d0</run_address>
         <size>0x20</size>
         <input_file_ref idref="fl-a"/>
      </object_component>
      <object_component id="oc-a9">
         <name>.text:Ethernet_clearDMAChannelInterrupt</name>
         <load_address>0x2030f0</load_address>
         <run_address>0x2030f0</run_address>
         <size>0x1e</size>
         <input_file_ref idref="fl-a"/>
      </object_component>
      <object_component id="oc-2f3">
         <name>.text:Ethernet_getPHYMode</name>
         <load_address>0x20310e</load_address>
         <run_address>0x20310e</run_address>
         <size>0x1e</size>
         <input_file_ref idref="fl-a"/>
      </object_component>
      <object_component id="oc-234">
         <name>.text:Ethernet_setMTLOpmode</name>
         <load_address>0x20312c</load_address>
         <run_address>0x20312c</run_address>
         <size>0x1e</size>
         <input_file_ref idref="fl-a"/>
      </object_component>
      <object_component id="oc-36d">
         <name>.text:Ethernet_writeRxDescListAddress</name>
         <load_address>0x20314a</load_address>
         <run_address>0x20314a</run_address>
         <size>0x1e</size>
         <input_file_ref idref="fl-a"/>
      </object_component>
      <object_component id="oc-160">
         <name>.text:Ethernet_writeRxDescTailPointer</name>
         <load_address>0x203168</load_address>
         <run_address>0x203168</run_address>
         <size>0x1e</size>
         <input_file_ref idref="fl-a"/>
      </object_component>
      <object_component id="oc-353">
         <name>.text:Ethernet_writeTxDescListAddress</name>
         <load_address>0x203186</load_address>
         <run_address>0x203186</run_address>
         <size>0x1e</size>
         <input_file_ref idref="fl-a"/>
      </object_component>
      <object_component id="oc-222">
         <name>.text:Ethernet_writeTxDescTailPointer</name>
         <load_address>0x2031a4</load_address>
         <run_address>0x2031a4</run_address>
         <size>0x1e</size>
         <input_file_ref idref="fl-a"/>
      </object_component>
      <object_component id="oc-24c">
         <name>.text:Ethernet_configurePHYAddress</name>
         <load_address>0x2031c2</load_address>
         <run_address>0x2031c2</run_address>
         <size>0x1a</size>
         <input_file_ref idref="fl-a"/>
      </object_component>
      <object_component id="oc-240">
         <name>.text:Ethernet_setMACPacketFilter</name>
         <load_address>0x2031dc</load_address>
         <run_address>0x2031dc</run_address>
         <size>0x18</size>
         <input_file_ref idref="fl-a"/>
      </object_component>
      <object_component id="oc-df">
         <name>.text:Interrupt_enableInProcessor</name>
         <load_address>0x2031f4</load_address>
         <run_address>0x2031f4</run_address>
         <size>0x18</size>
         <input_file_ref idref="fl-2"/>
      </object_component>
      <object_component id="oc-3b1">
         <name>.text:getTime</name>
         <load_address>0x20320c</load_address>
         <run_address>0x20320c</run_address>
         <size>0x18</size>
         <input_file_ref idref="fl-2"/>
      </object_component>
      <object_component id="oc-3b7">
         <name>.text:setTime</name>
         <load_address>0x203224</load_address>
         <run_address>0x203224</run_address>
         <size>0x18</size>
         <input_file_ref idref="fl-2"/>
      </object_component>
      <object_component id="oc-16c">
         <name>.text:Ethernet_disableTxEEEMode</name>
         <load_address>0x20323c</load_address>
         <run_address>0x20323c</run_address>
         <size>0x16</size>
         <input_file_ref idref="fl-a"/>
      </object_component>
      <object_component id="oc-23a">
         <name>.text:Ethernet_setDMAMode</name>
         <load_address>0x203252</load_address>
         <run_address>0x203252</run_address>
         <size>0x16</size>
         <input_file_ref idref="fl-a"/>
      </object_component>
      <object_component id="oc-216">
         <name>.text:Ethernet_setMACConfiguration</name>
         <load_address>0x203268</load_address>
         <run_address>0x203268</run_address>
         <size>0x16</size>
         <input_file_ref idref="fl-a"/>
      </object_component>
      <object_component id="oc-2d9">
         <name>.text:Ethernet_returnTopOfPacketQueue</name>
         <load_address>0x20327e</load_address>
         <run_address>0x20327e</run_address>
         <size>0xe</size>
         <input_file_ref idref="fl-a"/>
      </object_component>
      <object_component id="oc-11b">
         <name>.text:Platform_enablePeripheral</name>
         <load_address>0x20328c</load_address>
         <run_address>0x20328c</run_address>
         <size>0xe</size>
         <input_file_ref idref="fl-d"/>
      </object_component>
      <object_component id="oc-121">
         <name>.text:Platform_resetPeripheral</name>
         <load_address>0x20329a</load_address>
         <run_address>0x20329a</run_address>
         <size>0xe</size>
         <input_file_ref idref="fl-d"/>
      </object_component>
      <object_component id="oc-20">
         <name>.text:decompress:none:__TI_decompress_none</name>
         <load_address>0x2032a8</load_address>
         <run_address>0x2032a8</run_address>
         <size>0xe</size>
         <input_file_ref idref="fl-cf"/>
      </object_component>
      <object_component id="oc-115">
         <name>.text:Platform_enableInterrupt</name>
         <load_address>0x2032b6</load_address>
         <run_address>0x2032b6</run_address>
         <size>0xc</size>
         <input_file_ref idref="fl-d"/>
      </object_component>
      <object_component id="oc-6f">
         <name>.text:decompress:ZI:__TI_zero_init</name>
         <load_address>0x2032c2</load_address>
         <run_address>0x2032c2</run_address>
         <size>0xc</size>
         <input_file_ref idref="fl-ce"/>
      </object_component>
      <object_component id="oc-254">
         <name>.text:CPU_clearPRIMASK</name>
         <load_address>0x2032ce</load_address>
         <run_address>0x2032ce</run_address>
         <size>0x8</size>
         <input_file_ref idref="fl-2"/>
      </object_component>
      <object_component id="oc-1ae">
         <name>.text:_system_pre_init</name>
         <load_address>0x2032d6</load_address>
         <run_address>0x2032d6</run_address>
         <size>0x4</size>
         <input_file_ref idref="fl-d3"/>
      </object_component>
      <object_component id="oc-306">
         <name>.text:abort:abort</name>
         <load_address>0x2032da</load_address>
         <run_address>0x2032da</run_address>
         <size>0x4</size>
         <input_file_ref idref="fl-d5"/>
      </object_component>
      <object_component id="oc-470">
         <name>.cinit..data.load</name>
         <load_address>0x2032e0</load_address>
         <run_address>0x2032e0</run_address>
         <size>0xc</size>
      </object_component>
      <object_component id="oc-46d">
         <name>__TI_handler_table</name>
         <load_address>0x2032ec</load_address>
         <run_address>0x2032ec</run_address>
         <size>0xc</size>
      </object_component>
      <object_component id="oc-471">
         <name>.cinit..bss.load</name>
         <load_address>0x2032f8</load_address>
         <run_address>0x2032f8</run_address>
         <size>0x8</size>
      </object_component>
      <object_component id="oc-46f">
         <name>.cinit..vtable.load</name>
         <load_address>0x203300</load_address>
         <run_address>0x203300</run_address>
         <size>0x8</size>
      </object_component>
      <object_component id="oc-46e">
         <name>__TI_cinit_table</name>
         <load_address>0x203308</load_address>
         <run_address>0x203308</run_address>
         <size>0x18</size>
      </object_component>
      <object_component id="oc-4f">
         <name>.stack</name>
         <uninitialized>true</uninitialized>
         <run_address>0x1fffc000</run_address>
         <size>0x4</size>
         <input_file_ref idref="fl-d1"/>
      </object_component>
      <object_component id="oc-473">
         <name>.stack</name>
         <uninitialized>true</uninitialized>
         <run_address>0x1fffc000</run_address>
         <size>0x0</size>
      </object_component>
      <object_component id="oc-282">
         <name>.data</name>
         <load_address>0x2000cef4</load_address>
         <run_address>0x2000cef4</run_address>
         <size>0x18</size>
         <input_file_ref idref="fl-2"/>
      </object_component>
      <object_component id="oc-2b9">
         <name>.data:delayReqMsg</name>
         <load_address>0x2000cd60</load_address>
         <run_address>0x2000cd60</run_address>
         <size>0xc8</size>
         <input_file_ref idref="fl-2"/>
      </object_component>
      <object_component id="oc-13f">
         <name>.data:gPtpSlaveState</name>
         <load_address>0x2000ce28</load_address>
         <run_address>0x2000ce28</run_address>
         <size>0x70</size>
         <input_file_ref idref="fl-2"/>
      </object_component>
      <object_component id="oc-b2">
         <name>.data</name>
         <load_address>0x2000ce98</load_address>
         <run_address>0x2000ce98</run_address>
         <size>0x5c</size>
         <input_file_ref idref="fl-a"/>
      </object_component>
      <object_component id="oc-13c">
         <name>.bss</name>
         <uninitialized>true</uninitialized>
         <run_address>0x2000cd5c</run_address>
         <size>0x4</size>
         <input_file_ref idref="fl-2"/>
      </object_component>
      <object_component id="oc-2bc">
         <name>.common:gPktDesc</name>
         <uninitialized>true</uninitialized>
         <run_address>0x2000ccdc</run_address>
         <size>0x48</size>
      </object_component>
      <object_component id="oc-139">
         <name>.common:Ethernet_rxBuffer</name>
         <uninitialized>true</uninitialized>
         <run_address>0x2000c000</run_address>
         <size>0x640</size>
      </object_component>
      <object_component id="oc-2c7">
         <name>.common:pktDescriptorRXCustom</name>
         <uninitialized>true</uninitialized>
         <run_address>0x2000c89c</run_address>
         <size>0x240</size>
      </object_component>
      <object_component id="oc-2b6">
         <name>.common:debug_t1</name>
         <uninitialized>true</uninitialized>
         <run_address>0x2000cd3c</run_address>
         <size>0x8</size>
      </object_component>
      <object_component id="oc-2b7">
         <name>.common:debug_t2</name>
         <uninitialized>true</uninitialized>
         <run_address>0x2000cd44</run_address>
         <size>0x8</size>
      </object_component>
      <object_component id="oc-2bd">
         <name>.common:debug_t3</name>
         <uninitialized>true</uninitialized>
         <run_address>0x2000cd4c</run_address>
         <size>0x8</size>
      </object_component>
      <object_component id="oc-2be">
         <name>.common:debug_t4</name>
         <uninitialized>true</uninitialized>
         <run_address>0x2000cd54</run_address>
         <size>0x8</size>
      </object_component>
      <object_component id="oc-2b8">
         <name>.common:debug_delayMS</name>
         <uninitialized>true</uninitialized>
         <run_address>0x2000cd24</run_address>
         <size>0x8</size>
      </object_component>
      <object_component id="oc-2bf">
         <name>.common:debug_delaySM</name>
         <uninitialized>true</uninitialized>
         <run_address>0x2000cd2c</run_address>
         <size>0x8</size>
      </object_component>
      <object_component id="oc-2c0">
         <name>.common:debug_meanPathDelay</name>
         <uninitialized>true</uninitialized>
         <run_address>0x2000cd34</run_address>
         <size>0x8</size>
      </object_component>
      <object_component id="oc-af">
         <name>.common:Ethernet_device_struct</name>
         <uninitialized>true</uninitialized>
         <run_address>0x2000c640</run_address>
         <size>0x25c</size>
      </object_component>
      <object_component id="oc-252">
         <name>.common:Ethernet_descArray</name>
         <uninitialized>true</uninitialized>
         <run_address>0x2000cadc</run_address>
         <size>0x200</size>
      </object_component>
      <object_component id="oc-13a">
         <name>.debug_info</name>
         <load_address>0x0</load_address>
         <run_address>0x0</run_address>
         <size>0xc09</size>
         <input_file_ref idref="fl-2"/>
      </object_component>
      <object_component id="oc-13d">
         <name>.debug_info</name>
         <load_address>0xc09</load_address>
         <run_address>0xc09</run_address>
         <size>0xe1</size>
         <input_file_ref idref="fl-2"/>
      </object_component>
      <object_component id="oc-283">
         <name>.debug_info</name>
         <load_address>0xcea</load_address>
         <run_address>0xcea</run_address>
         <size>0x259</size>
         <input_file_ref idref="fl-2"/>
      </object_component>
      <object_component id="oc-2ba">
         <name>.debug_info</name>
         <load_address>0xf43</load_address>
         <run_address>0xf43</run_address>
         <size>0xe2</size>
         <input_file_ref idref="fl-2"/>
      </object_component>
      <object_component id="oc-140">
         <name>.debug_info</name>
         <load_address>0x1025</load_address>
         <run_address>0x1025</run_address>
         <size>0xe8</size>
         <input_file_ref idref="fl-2"/>
      </object_component>
      <object_component id="oc-255">
         <name>.debug_info</name>
         <load_address>0x110d</load_address>
         <run_address>0x110d</run_address>
         <size>0x18f</size>
         <input_file_ref idref="fl-2"/>
      </object_component>
      <object_component id="oc-e0">
         <name>.debug_info</name>
         <load_address>0x129c</load_address>
         <run_address>0x129c</run_address>
         <size>0x1c8</size>
         <input_file_ref idref="fl-2"/>
      </object_component>
      <object_component id="oc-39">
         <name>.debug_info</name>
         <load_address>0x1464</load_address>
         <run_address>0x1464</run_address>
         <size>0x3db</size>
         <input_file_ref idref="fl-2"/>
      </object_component>
      <object_component id="oc-3bf">
         <name>.debug_info</name>
         <load_address>0x183f</load_address>
         <run_address>0x183f</run_address>
         <size>0x1ae</size>
         <input_file_ref idref="fl-2"/>
      </object_component>
      <object_component id="oc-287">
         <name>.debug_info</name>
         <load_address>0x19ed</load_address>
         <run_address>0x19ed</run_address>
         <size>0x16d</size>
         <input_file_ref idref="fl-2"/>
      </object_component>
      <object_component id="oc-29f">
         <name>.debug_info</name>
         <load_address>0x1b5a</load_address>
         <run_address>0x1b5a</run_address>
         <size>0x19d</size>
         <input_file_ref idref="fl-2"/>
      </object_component>
      <object_component id="oc-10a">
         <name>.debug_info</name>
         <load_address>0x1cf7</load_address>
         <run_address>0x1cf7</run_address>
         <size>0x1e2</size>
         <input_file_ref idref="fl-2"/>
      </object_component>
      <object_component id="oc-3ab">
         <name>.debug_info</name>
         <load_address>0x1ed9</load_address>
         <run_address>0x1ed9</run_address>
         <size>0x136</size>
         <input_file_ref idref="fl-2"/>
      </object_component>
      <object_component id="oc-2ab">
         <name>.debug_info</name>
         <load_address>0x200f</load_address>
         <run_address>0x200f</run_address>
         <size>0x16c</size>
         <input_file_ref idref="fl-2"/>
      </object_component>
      <object_component id="oc-293">
         <name>.debug_info</name>
         <load_address>0x217b</load_address>
         <run_address>0x217b</run_address>
         <size>0x16c</size>
         <input_file_ref idref="fl-2"/>
      </object_component>
      <object_component id="oc-2b1">
         <name>.debug_info</name>
         <load_address>0x22e7</load_address>
         <run_address>0x22e7</run_address>
         <size>0x140</size>
         <input_file_ref idref="fl-2"/>
      </object_component>
      <object_component id="oc-28d">
         <name>.debug_info</name>
         <load_address>0x2427</load_address>
         <run_address>0x2427</run_address>
         <size>0x187</size>
         <input_file_ref idref="fl-2"/>
      </object_component>
      <object_component id="oc-3b2">
         <name>.debug_info</name>
         <load_address>0x25ae</load_address>
         <run_address>0x25ae</run_address>
         <size>0x153</size>
         <input_file_ref idref="fl-2"/>
      </object_component>
      <object_component id="oc-3b8">
         <name>.debug_info</name>
         <load_address>0x2701</load_address>
         <run_address>0x2701</run_address>
         <size>0x153</size>
         <input_file_ref idref="fl-2"/>
      </object_component>
      <object_component id="oc-299">
         <name>.debug_info</name>
         <load_address>0x2854</load_address>
         <run_address>0x2854</run_address>
         <size>0x15d</size>
         <input_file_ref idref="fl-2"/>
      </object_component>
      <object_component id="oc-134">
         <name>.debug_info</name>
         <load_address>0x29b1</load_address>
         <run_address>0x29b1</run_address>
         <size>0x163</size>
         <input_file_ref idref="fl-2"/>
      </object_component>
      <object_component id="oc-12e">
         <name>.debug_info</name>
         <load_address>0x2b14</load_address>
         <run_address>0x2b14</run_address>
         <size>0x352</size>
         <input_file_ref idref="fl-2"/>
      </object_component>
      <object_component id="oc-128">
         <name>.debug_info</name>
         <load_address>0x2e66</load_address>
         <run_address>0x2e66</run_address>
         <size>0x1fd</size>
         <input_file_ref idref="fl-2"/>
      </object_component>
      <object_component id="oc-148">
         <name>.debug_info</name>
         <load_address>0x3063</load_address>
         <run_address>0x3063</run_address>
         <size>0x21e4</size>
         <input_file_ref idref="fl-2"/>
      </object_component>
      <object_component id="oc-2c2">
         <name>.debug_info</name>
         <load_address>0x5247</load_address>
         <run_address>0x5247</run_address>
         <size>0x4bd</size>
         <input_file_ref idref="fl-2"/>
      </object_component>
      <object_component id="oc-2cb">
         <name>.debug_info</name>
         <load_address>0x5704</load_address>
         <run_address>0x5704</run_address>
         <size>0x4df</size>
         <input_file_ref idref="fl-2"/>
      </object_component>
      <object_component id="oc-1c5">
         <name>.debug_info</name>
         <load_address>0x5be3</load_address>
         <run_address>0x5be3</run_address>
         <size>0x26b</size>
         <input_file_ref idref="fl-2"/>
      </object_component>
      <object_component id="oc-143">
         <name>.debug_info</name>
         <load_address>0x5e4e</load_address>
         <run_address>0x5e4e</run_address>
         <size>0x8b</size>
         <input_file_ref idref="fl-2"/>
      </object_component>
      <object_component id="oc-2d4">
         <name>.debug_info</name>
         <load_address>0x5ed9</load_address>
         <run_address>0x5ed9</run_address>
         <size>0x2a4</size>
         <input_file_ref idref="fl-2"/>
      </object_component>
      <object_component id="oc-14d">
         <name>.debug_info</name>
         <load_address>0x617d</load_address>
         <run_address>0x617d</run_address>
         <size>0xbb</size>
         <input_file_ref idref="fl-2"/>
      </object_component>
      <object_component id="oc-1e4">
         <name>.debug_info</name>
         <load_address>0x6238</load_address>
         <run_address>0x6238</run_address>
         <size>0x2c</size>
         <input_file_ref idref="fl-2"/>
      </object_component>
      <object_component id="oc-1df">
         <name>.debug_info</name>
         <load_address>0x6264</load_address>
         <run_address>0x6264</run_address>
         <size>0x35</size>
         <input_file_ref idref="fl-2"/>
      </object_component>
      <object_component id="oc-a1">
         <name>.debug_info</name>
         <load_address>0x6299</load_address>
         <run_address>0x6299</run_address>
         <size>0x177</size>
         <input_file_ref idref="fl-3"/>
      </object_component>
      <object_component id="oc-2f">
         <name>.debug_info</name>
         <load_address>0x6410</load_address>
         <run_address>0x6410</run_address>
         <size>0xec</size>
         <input_file_ref idref="fl-3"/>
      </object_component>
      <object_component id="oc-35">
         <name>.debug_info</name>
         <load_address>0x64fc</load_address>
         <run_address>0x64fc</run_address>
         <size>0x111</size>
         <input_file_ref idref="fl-3"/>
      </object_component>
      <object_component id="oc-91">
         <name>.debug_info</name>
         <load_address>0x660d</load_address>
         <run_address>0x660d</run_address>
         <size>0x102</size>
         <input_file_ref idref="fl-3"/>
      </object_component>
      <object_component id="oc-94">
         <name>.debug_info</name>
         <load_address>0x670f</load_address>
         <run_address>0x670f</run_address>
         <size>0x106</size>
         <input_file_ref idref="fl-3"/>
      </object_component>
      <object_component id="oc-9a">
         <name>.debug_info</name>
         <load_address>0x6815</load_address>
         <run_address>0x6815</run_address>
         <size>0x10a</size>
         <input_file_ref idref="fl-3"/>
      </object_component>
      <object_component id="oc-58">
         <name>.debug_info</name>
         <load_address>0x691f</load_address>
         <run_address>0x691f</run_address>
         <size>0x84</size>
         <input_file_ref idref="fl-3"/>
      </object_component>
      <object_component id="oc-b0">
         <name>.debug_info</name>
         <load_address>0x69a3</load_address>
         <run_address>0x69a3</run_address>
         <size>0x42b</size>
         <input_file_ref idref="fl-a"/>
      </object_component>
      <object_component id="oc-b3">
         <name>.debug_info</name>
         <load_address>0x6dce</load_address>
         <run_address>0x6dce</run_address>
         <size>0x7d8</size>
         <input_file_ref idref="fl-a"/>
      </object_component>
      <object_component id="oc-b6">
         <name>.debug_info</name>
         <load_address>0x75a6</load_address>
         <run_address>0x75a6</run_address>
         <size>0x2d9</size>
         <input_file_ref idref="fl-a"/>
      </object_component>
      <object_component id="oc-bc">
         <name>.debug_info</name>
         <load_address>0x787f</load_address>
         <run_address>0x787f</run_address>
         <size>0x256</size>
         <input_file_ref idref="fl-a"/>
      </object_component>
      <object_component id="oc-2a5">
         <name>.debug_info</name>
         <load_address>0x7ad5</load_address>
         <run_address>0x7ad5</run_address>
         <size>0x36d</size>
         <input_file_ref idref="fl-a"/>
      </object_component>
      <object_component id="oc-3e">
         <name>.debug_info</name>
         <load_address>0x7e42</load_address>
         <run_address>0x7e42</run_address>
         <size>0x2c6</size>
         <input_file_ref idref="fl-a"/>
      </object_component>
      <object_component id="oc-44">
         <name>.debug_info</name>
         <load_address>0x8108</load_address>
         <run_address>0x8108</run_address>
         <size>0x2c4</size>
         <input_file_ref idref="fl-a"/>
      </object_component>
      <object_component id="oc-4a">
         <name>.debug_info</name>
         <load_address>0x83cc</load_address>
         <run_address>0x83cc</run_address>
         <size>0x7d3</size>
         <input_file_ref idref="fl-a"/>
      </object_component>
      <object_component id="oc-173">
         <name>.debug_info</name>
         <load_address>0x8b9f</load_address>
         <run_address>0x8b9f</run_address>
         <size>0x23b</size>
         <input_file_ref idref="fl-a"/>
      </object_component>
      <object_component id="oc-179">
         <name>.debug_info</name>
         <load_address>0x8dda</load_address>
         <run_address>0x8dda</run_address>
         <size>0x24b</size>
         <input_file_ref idref="fl-a"/>
      </object_component>
      <object_component id="oc-da">
         <name>.debug_info</name>
         <load_address>0x9025</load_address>
         <run_address>0x9025</run_address>
         <size>0x500</size>
         <input_file_ref idref="fl-a"/>
      </object_component>
      <object_component id="oc-1d1">
         <name>.debug_info</name>
         <load_address>0x9525</load_address>
         <run_address>0x9525</run_address>
         <size>0x33f</size>
         <input_file_ref idref="fl-a"/>
      </object_component>
      <object_component id="oc-a4">
         <name>.debug_info</name>
         <load_address>0x9864</load_address>
         <run_address>0x9864</run_address>
         <size>0x375</size>
         <input_file_ref idref="fl-a"/>
      </object_component>
      <object_component id="oc-15b">
         <name>.debug_info</name>
         <load_address>0x9bd9</load_address>
         <run_address>0x9bd9</run_address>
         <size>0x2cb</size>
         <input_file_ref idref="fl-a"/>
      </object_component>
      <object_component id="oc-154">
         <name>.debug_info</name>
         <load_address>0x9ea4</load_address>
         <run_address>0x9ea4</run_address>
         <size>0x48b</size>
         <input_file_ref idref="fl-a"/>
      </object_component>
      <object_component id="oc-1f2">
         <name>.debug_info</name>
         <load_address>0xa32f</load_address>
         <run_address>0xa32f</run_address>
         <size>0x232</size>
         <input_file_ref idref="fl-a"/>
      </object_component>
      <object_component id="oc-235">
         <name>.debug_info</name>
         <load_address>0xa561</load_address>
         <run_address>0xa561</run_address>
         <size>0x302</size>
         <input_file_ref idref="fl-a"/>
      </object_component>
      <object_component id="oc-366">
         <name>.debug_info</name>
         <load_address>0xa863</load_address>
         <run_address>0xa863</run_address>
         <size>0x319</size>
         <input_file_ref idref="fl-a"/>
      </object_component>
      <object_component id="oc-380">
         <name>.debug_info</name>
         <load_address>0xab7c</load_address>
         <run_address>0xab7c</run_address>
         <size>0x319</size>
         <input_file_ref idref="fl-a"/>
      </object_component>
      <object_component id="oc-23b">
         <name>.debug_info</name>
         <load_address>0xae95</load_address>
         <run_address>0xae95</run_address>
         <size>0x25f</size>
         <input_file_ref idref="fl-a"/>
      </object_component>
      <object_component id="oc-22f">
         <name>.debug_info</name>
         <load_address>0xb0f4</load_address>
         <run_address>0xb0f4</run_address>
         <size>0x2a2</size>
         <input_file_ref idref="fl-a"/>
      </object_component>
      <object_component id="oc-aa">
         <name>.debug_info</name>
         <load_address>0xb396</load_address>
         <run_address>0xb396</run_address>
         <size>0x2ae</size>
         <input_file_ref idref="fl-a"/>
      </object_component>
      <object_component id="oc-354">
         <name>.debug_info</name>
         <load_address>0xb644</load_address>
         <run_address>0xb644</run_address>
         <size>0x2be</size>
         <input_file_ref idref="fl-a"/>
      </object_component>
      <object_component id="oc-223">
         <name>.debug_info</name>
         <load_address>0xb902</load_address>
         <run_address>0xb902</run_address>
         <size>0x2be</size>
         <input_file_ref idref="fl-a"/>
      </object_component>
      <object_component id="oc-36e">
         <name>.debug_info</name>
         <load_address>0xbbc0</load_address>
         <run_address>0xbbc0</run_address>
         <size>0x2be</size>
         <input_file_ref idref="fl-a"/>
      </object_component>
      <object_component id="oc-161">
         <name>.debug_info</name>
         <load_address>0xbe7e</load_address>
         <run_address>0xbe7e</run_address>
         <size>0x2be</size>
         <input_file_ref idref="fl-a"/>
      </object_component>
      <object_component id="oc-35a">
         <name>.debug_info</name>
         <load_address>0xc13c</load_address>
         <run_address>0xc13c</run_address>
         <size>0x363</size>
         <input_file_ref idref="fl-a"/>
      </object_component>
      <object_component id="oc-386">
         <name>.debug_info</name>
         <load_address>0xc49f</load_address>
         <run_address>0xc49f</run_address>
         <size>0x273</size>
         <input_file_ref idref="fl-a"/>
      </object_component>
      <object_component id="oc-38c">
         <name>.debug_info</name>
         <load_address>0xc712</load_address>
         <run_address>0xc712</run_address>
         <size>0x27f</size>
         <input_file_ref idref="fl-a"/>
      </object_component>
      <object_component id="oc-374">
         <name>.debug_info</name>
         <load_address>0xc991</load_address>
         <run_address>0xc991</run_address>
         <size>0x343</size>
         <input_file_ref idref="fl-a"/>
      </object_component>
      <object_component id="oc-2e0">
         <name>.debug_info</name>
         <load_address>0xccd4</load_address>
         <run_address>0xccd4</run_address>
         <size>0x2a5</size>
         <input_file_ref idref="fl-a"/>
      </object_component>
      <object_component id="oc-360">
         <name>.debug_info</name>
         <load_address>0xcf79</load_address>
         <run_address>0xcf79</run_address>
         <size>0x2b8</size>
         <input_file_ref idref="fl-a"/>
      </object_component>
      <object_component id="oc-37a">
         <name>.debug_info</name>
         <load_address>0xd231</load_address>
         <run_address>0xd231</run_address>
         <size>0x2b8</size>
         <input_file_ref idref="fl-a"/>
      </object_component>
      <object_component id="oc-f2">
         <name>.debug_info</name>
         <load_address>0xd4e9</load_address>
         <run_address>0xd4e9</run_address>
         <size>0x30d</size>
         <input_file_ref idref="fl-a"/>
      </object_component>
      <object_component id="oc-3c6">
         <name>.debug_info</name>
         <load_address>0xd7f6</load_address>
         <run_address>0xd7f6</run_address>
         <size>0x326</size>
         <input_file_ref idref="fl-a"/>
      </object_component>
      <object_component id="oc-1cb">
         <name>.debug_info</name>
         <load_address>0xdb1c</load_address>
         <run_address>0xdb1c</run_address>
         <size>0x28d</size>
         <input_file_ref idref="fl-a"/>
      </object_component>
      <object_component id="oc-2da">
         <name>.debug_info</name>
         <load_address>0xdda9</load_address>
         <run_address>0xdda9</run_address>
         <size>0x267</size>
         <input_file_ref idref="fl-a"/>
      </object_component>
      <object_component id="oc-2e6">
         <name>.debug_info</name>
         <load_address>0xe010</load_address>
         <run_address>0xe010</run_address>
         <size>0x2ae</size>
         <input_file_ref idref="fl-a"/>
      </object_component>
      <object_component id="oc-21d">
         <name>.debug_info</name>
         <load_address>0xe2be</load_address>
         <run_address>0xe2be</run_address>
         <size>0x340</size>
         <input_file_ref idref="fl-a"/>
      </object_component>
      <object_component id="oc-229">
         <name>.debug_info</name>
         <load_address>0xe5fe</load_address>
         <run_address>0xe5fe</run_address>
         <size>0x3c9</size>
         <input_file_ref idref="fl-a"/>
      </object_component>
      <object_component id="oc-c2">
         <name>.debug_info</name>
         <load_address>0xe9c7</load_address>
         <run_address>0xe9c7</run_address>
         <size>0x36c</size>
         <input_file_ref idref="fl-a"/>
      </object_component>
      <object_component id="oc-c8">
         <name>.debug_info</name>
         <load_address>0xed33</load_address>
         <run_address>0xed33</run_address>
         <size>0x23c</size>
         <input_file_ref idref="fl-a"/>
      </object_component>
      <object_component id="oc-d4">
         <name>.debug_info</name>
         <load_address>0xef6f</load_address>
         <run_address>0xef6f</run_address>
         <size>0x2a0</size>
         <input_file_ref idref="fl-a"/>
      </object_component>
      <object_component id="oc-401">
         <name>.debug_info</name>
         <load_address>0xf20f</load_address>
         <run_address>0xf20f</run_address>
         <size>0x2a0</size>
         <input_file_ref idref="fl-a"/>
      </object_component>
      <object_component id="oc-ce">
         <name>.debug_info</name>
         <load_address>0xf4af</load_address>
         <run_address>0xf4af</run_address>
         <size>0x2d1</size>
         <input_file_ref idref="fl-a"/>
      </object_component>
      <object_component id="oc-17f">
         <name>.debug_info</name>
         <load_address>0xf780</load_address>
         <run_address>0xf780</run_address>
         <size>0x2ca</size>
         <input_file_ref idref="fl-a"/>
      </object_component>
      <object_component id="oc-f8">
         <name>.debug_info</name>
         <load_address>0xfa4a</load_address>
         <run_address>0xfa4a</run_address>
         <size>0x2b0</size>
         <input_file_ref idref="fl-a"/>
      </object_component>
      <object_component id="oc-104">
         <name>.debug_info</name>
         <load_address>0xfcfa</load_address>
         <run_address>0xfcfa</run_address>
         <size>0x277</size>
         <input_file_ref idref="fl-a"/>
      </object_component>
      <object_component id="oc-fe">
         <name>.debug_info</name>
         <load_address>0xff71</load_address>
         <run_address>0xff71</run_address>
         <size>0x2b9</size>
         <input_file_ref idref="fl-a"/>
      </object_component>
      <object_component id="oc-247">
         <name>.debug_info</name>
         <load_address>0x1022a</load_address>
         <run_address>0x1022a</run_address>
         <size>0x2f3</size>
         <input_file_ref idref="fl-a"/>
      </object_component>
      <object_component id="oc-24d">
         <name>.debug_info</name>
         <load_address>0x1051d</load_address>
         <run_address>0x1051d</run_address>
         <size>0x271</size>
         <input_file_ref idref="fl-a"/>
      </object_component>
      <object_component id="oc-2f4">
         <name>.debug_info</name>
         <load_address>0x1078e</load_address>
         <run_address>0x1078e</run_address>
         <size>0x25a</size>
         <input_file_ref idref="fl-a"/>
      </object_component>
      <object_component id="oc-185">
         <name>.debug_info</name>
         <load_address>0x109e8</load_address>
         <run_address>0x109e8</run_address>
         <size>0x293</size>
         <input_file_ref idref="fl-a"/>
      </object_component>
      <object_component id="oc-18b">
         <name>.debug_info</name>
         <load_address>0x10c7b</load_address>
         <run_address>0x10c7b</run_address>
         <size>0x2c8</size>
         <input_file_ref idref="fl-a"/>
      </object_component>
      <object_component id="oc-1ec">
         <name>.debug_info</name>
         <load_address>0x10f43</load_address>
         <run_address>0x10f43</run_address>
         <size>0x30e</size>
         <input_file_ref idref="fl-a"/>
      </object_component>
      <object_component id="oc-241">
         <name>.debug_info</name>
         <load_address>0x11251</load_address>
         <run_address>0x11251</run_address>
         <size>0x267</size>
         <input_file_ref idref="fl-a"/>
      </object_component>
      <object_component id="oc-217">
         <name>.debug_info</name>
         <load_address>0x114b8</load_address>
         <run_address>0x114b8</run_address>
         <size>0x269</size>
         <input_file_ref idref="fl-a"/>
      </object_component>
      <object_component id="oc-16d">
         <name>.debug_info</name>
         <load_address>0x11721</load_address>
         <run_address>0x11721</run_address>
         <size>0x23c</size>
         <input_file_ref idref="fl-a"/>
      </object_component>
      <object_component id="oc-167">
         <name>.debug_info</name>
         <load_address>0x1195d</load_address>
         <run_address>0x1195d</run_address>
         <size>0x29f</size>
         <input_file_ref idref="fl-a"/>
      </object_component>
      <object_component id="oc-266">
         <name>.debug_info</name>
         <load_address>0x11bfc</load_address>
         <run_address>0x11bfc</run_address>
         <size>0x2e9</size>
         <input_file_ref idref="fl-a"/>
      </object_component>
      <object_component id="oc-1d7">
         <name>.debug_info</name>
         <load_address>0x11ee5</load_address>
         <run_address>0x11ee5</run_address>
         <size>0x21e4</size>
         <input_file_ref idref="fl-a"/>
      </object_component>
      <object_component id="oc-3a0">
         <name>.debug_info</name>
         <load_address>0x140c9</load_address>
         <run_address>0x140c9</run_address>
         <size>0x28c</size>
         <input_file_ref idref="fl-a"/>
      </object_component>
      <object_component id="oc-25f">
         <name>.debug_info</name>
         <load_address>0x14355</load_address>
         <run_address>0x14355</run_address>
         <size>0x1b5</size>
         <input_file_ref idref="fl-c"/>
      </object_component>
      <object_component id="oc-25c">
         <name>.debug_info</name>
         <load_address>0x1450a</load_address>
         <run_address>0x1450a</run_address>
         <size>0x147</size>
         <input_file_ref idref="fl-c"/>
      </object_component>
      <object_component id="oc-ec">
         <name>.debug_info</name>
         <load_address>0x14651</load_address>
         <run_address>0x14651</run_address>
         <size>0x24a</size>
         <input_file_ref idref="fl-c"/>
      </object_component>
      <object_component id="oc-26d">
         <name>.debug_info</name>
         <load_address>0x1489b</load_address>
         <run_address>0x1489b</run_address>
         <size>0x24c</size>
         <input_file_ref idref="fl-c"/>
      </object_component>
      <object_component id="oc-e7">
         <name>.debug_info</name>
         <load_address>0x14ae7</load_address>
         <run_address>0x14ae7</run_address>
         <size>0x2c2</size>
         <input_file_ref idref="fl-c"/>
      </object_component>
      <object_component id="oc-11c">
         <name>.debug_info</name>
         <load_address>0x14da9</load_address>
         <run_address>0x14da9</run_address>
         <size>0x27e</size>
         <input_file_ref idref="fl-d"/>
      </object_component>
      <object_component id="oc-122">
         <name>.debug_info</name>
         <load_address>0x15027</load_address>
         <run_address>0x15027</run_address>
         <size>0x27b</size>
         <input_file_ref idref="fl-d"/>
      </object_component>
      <object_component id="oc-117">
         <name>.debug_info</name>
         <load_address>0x152a2</load_address>
         <run_address>0x152a2</run_address>
         <size>0x27d</size>
         <input_file_ref idref="fl-d"/>
      </object_component>
      <object_component id="oc-110">
         <name>.debug_info</name>
         <load_address>0x1551f</load_address>
         <run_address>0x1551f</run_address>
         <size>0x280</size>
         <input_file_ref idref="fl-d"/>
      </object_component>
      <object_component id="oc-27c">
         <name>.debug_info</name>
         <load_address>0x1579f</load_address>
         <run_address>0x1579f</run_address>
         <size>0x297</size>
         <input_file_ref idref="fl-e"/>
      </object_component>
      <object_component id="oc-277">
         <name>.debug_info</name>
         <load_address>0x15a36</load_address>
         <run_address>0x15a36</run_address>
         <size>0x27b</size>
         <input_file_ref idref="fl-e"/>
      </object_component>
      <object_component id="oc-209">
         <name>.debug_info</name>
         <load_address>0x15cb1</load_address>
         <run_address>0x15cb1</run_address>
         <size>0x140</size>
         <input_file_ref idref="fl-c4"/>
      </object_component>
      <object_component id="oc-1fb">
         <name>.debug_info</name>
         <load_address>0x15df1</load_address>
         <run_address>0x15df1</run_address>
         <size>0x13a</size>
         <input_file_ref idref="fl-c6"/>
      </object_component>
      <object_component id="oc-20f">
         <name>.debug_info</name>
         <load_address>0x15f2b</load_address>
         <run_address>0x15f2b</run_address>
         <size>0x13a</size>
         <input_file_ref idref="fl-c7"/>
      </object_component>
      <object_component id="oc-34a">
         <name>.debug_info</name>
         <load_address>0x16065</load_address>
         <run_address>0x16065</run_address>
         <size>0x12e</size>
         <input_file_ref idref="fl-c8"/>
      </object_component>
      <object_component id="oc-200">
         <name>.debug_info</name>
         <load_address>0x16193</load_address>
         <run_address>0x16193</run_address>
         <size>0x149</size>
         <input_file_ref idref="fl-c9"/>
      </object_component>
      <object_component id="oc-5f">
         <name>.debug_info</name>
         <load_address>0x162dc</load_address>
         <run_address>0x162dc</run_address>
         <size>0x119</size>
         <input_file_ref idref="fl-cb"/>
      </object_component>
      <object_component id="oc-204">
         <name>.debug_info</name>
         <load_address>0x163f5</load_address>
         <run_address>0x163f5</run_address>
         <size>0x12b</size>
         <input_file_ref idref="fl-cc"/>
      </object_component>
      <object_component id="oc-1a9">
         <name>.debug_info</name>
         <load_address>0x16520</load_address>
         <run_address>0x16520</run_address>
         <size>0x147</size>
         <input_file_ref idref="fl-cd"/>
      </object_component>
      <object_component id="oc-1a7">
         <name>.debug_info</name>
         <load_address>0x16667</load_address>
         <run_address>0x16667</run_address>
         <size>0x1a6</size>
         <input_file_ref idref="fl-ce"/>
      </object_component>
      <object_component id="oc-70">
         <name>.debug_info</name>
         <load_address>0x1680d</load_address>
         <run_address>0x1680d</run_address>
         <size>0x1b5</size>
         <input_file_ref idref="fl-ce"/>
      </object_component>
      <object_component id="oc-1a2">
         <name>.debug_info</name>
         <load_address>0x169c2</load_address>
         <run_address>0x169c2</run_address>
         <size>0x46</size>
         <input_file_ref idref="fl-ce"/>
      </object_component>
      <object_component id="oc-68">
         <name>.debug_info</name>
         <load_address>0x16a08</load_address>
         <run_address>0x16a08</run_address>
         <size>0x17a</size>
         <input_file_ref idref="fl-cf"/>
      </object_component>
      <object_component id="oc-24">
         <name>.debug_info</name>
         <load_address>0x16b82</load_address>
         <run_address>0x16b82</run_address>
         <size>0x1ea</size>
         <input_file_ref idref="fl-cf"/>
      </object_component>
      <object_component id="oc-63">
         <name>.debug_info</name>
         <load_address>0x16d6c</load_address>
         <run_address>0x16d6c</run_address>
         <size>0x46</size>
         <input_file_ref idref="fl-cf"/>
      </object_component>
      <object_component id="oc-19a">
         <name>.debug_info</name>
         <load_address>0x16db2</load_address>
         <run_address>0x16db2</run_address>
         <size>0x2c</size>
         <input_file_ref idref="fl-cf"/>
      </object_component>
      <object_component id="oc-198">
         <name>.debug_info</name>
         <load_address>0x16dde</load_address>
         <run_address>0x16dde</run_address>
         <size>0x170</size>
         <input_file_ref idref="fl-d0"/>
      </object_component>
      <object_component id="oc-1e">
         <name>.debug_info</name>
         <load_address>0x16f4e</load_address>
         <run_address>0x16f4e</run_address>
         <size>0x250</size>
         <input_file_ref idref="fl-d0"/>
      </object_component>
      <object_component id="oc-53">
         <name>.debug_info</name>
         <load_address>0x1719e</load_address>
         <run_address>0x1719e</run_address>
         <size>0x60</size>
         <input_file_ref idref="fl-d0"/>
      </object_component>
      <object_component id="oc-2fb">
         <name>.debug_info</name>
         <load_address>0x171fe</load_address>
         <run_address>0x171fe</run_address>
         <size>0x46</size>
         <input_file_ref idref="fl-d0"/>
      </object_component>
      <object_component id="oc-193">
         <name>.debug_info</name>
         <load_address>0x17244</load_address>
         <run_address>0x17244</run_address>
         <size>0x39</size>
         <input_file_ref idref="fl-d0"/>
      </object_component>
      <object_component id="oc-50">
         <name>.debug_info</name>
         <load_address>0x1727d</load_address>
         <run_address>0x1727d</run_address>
         <size>0x10b</size>
         <input_file_ref idref="fl-d1"/>
      </object_component>
      <object_component id="oc-7c">
         <name>.debug_info</name>
         <load_address>0x17388</load_address>
         <run_address>0x17388</run_address>
         <size>0x1a9</size>
         <input_file_ref idref="fl-d1"/>
      </object_component>
      <object_component id="oc-3df">
         <name>.debug_info</name>
         <load_address>0x17531</load_address>
         <run_address>0x17531</run_address>
         <size>0x385</size>
         <input_file_ref idref="fl-d2"/>
      </object_component>
      <object_component id="oc-313">
         <name>.debug_info</name>
         <load_address>0x178b6</load_address>
         <run_address>0x178b6</run_address>
         <size>0x1a6</size>
         <input_file_ref idref="fl-d2"/>
      </object_component>
      <object_component id="oc-41a">
         <name>.debug_info</name>
         <load_address>0x17a5c</load_address>
         <run_address>0x17a5c</run_address>
         <size>0x39</size>
         <input_file_ref idref="fl-d2"/>
      </object_component>
      <object_component id="oc-42f">
         <name>.debug_info</name>
         <load_address>0x17a95</load_address>
         <run_address>0x17a95</run_address>
         <size>0x39</size>
         <input_file_ref idref="fl-d2"/>
      </object_component>
      <object_component id="oc-41f">
         <name>.debug_info</name>
         <load_address>0x17ace</load_address>
         <run_address>0x17ace</run_address>
         <size>0x39</size>
         <input_file_ref idref="fl-d2"/>
      </object_component>
      <object_component id="oc-424">
         <name>.debug_info</name>
         <load_address>0x17b07</load_address>
         <run_address>0x17b07</run_address>
         <size>0xcd</size>
         <input_file_ref idref="fl-d2"/>
      </object_component>
      <object_component id="oc-1b0">
         <name>.debug_info</name>
         <load_address>0x17bd4</load_address>
         <run_address>0x17bd4</run_address>
         <size>0x153</size>
         <input_file_ref idref="fl-d3"/>
      </object_component>
      <object_component id="oc-308">
         <name>.debug_info</name>
         <load_address>0x17d27</load_address>
         <run_address>0x17d27</run_address>
         <size>0x122</size>
         <input_file_ref idref="fl-d5"/>
      </object_component>
      <object_component id="oc-476">
         <name>.debug_info</name>
         <load_address>0x17e49</load_address>
         <run_address>0x17e49</run_address>
         <size>0xa5</size>
      </object_component>
      <object_component id="oc-2ca">
         <name>.debug_line</name>
         <load_address>0x0</load_address>
         <run_address>0x0</run_address>
         <size>0x16b</size>
         <input_file_ref idref="fl-2"/>
      </object_component>
      <object_component id="oc-2d1">
         <name>.debug_line</name>
         <load_address>0x16b</load_address>
         <run_address>0x16b</run_address>
         <size>0x33</size>
         <input_file_ref idref="fl-2"/>
      </object_component>
      <object_component id="oc-3a7">
         <name>.debug_line</name>
         <load_address>0x19e</load_address>
         <run_address>0x19e</run_address>
         <size>0x33</size>
         <input_file_ref idref="fl-2"/>
      </object_component>
      <object_component id="oc-3cf">
         <name>.debug_line</name>
         <load_address>0x1d1</load_address>
         <run_address>0x1d1</run_address>
         <size>0x33</size>
         <input_file_ref idref="fl-2"/>
      </object_component>
      <object_component id="oc-2d3">
         <name>.debug_line</name>
         <load_address>0x204</load_address>
         <run_address>0x204</run_address>
         <size>0x33</size>
         <input_file_ref idref="fl-2"/>
      </object_component>
      <object_component id="oc-258">
         <name>.debug_line</name>
         <load_address>0x237</load_address>
         <run_address>0x237</run_address>
         <size>0x80</size>
         <input_file_ref idref="fl-2"/>
      </object_component>
      <object_component id="oc-e4">
         <name>.debug_line</name>
         <load_address>0x2b7</load_address>
         <run_address>0x2b7</run_address>
         <size>0x86</size>
         <input_file_ref idref="fl-2"/>
      </object_component>
      <object_component id="oc-3d">
         <name>.debug_line</name>
         <load_address>0x33d</load_address>
         <run_address>0x33d</run_address>
         <size>0x7a</size>
         <input_file_ref idref="fl-2"/>
      </object_component>
[...]
         <value>0x200400</value>
         <object_component_ref idref="oc-2e"/>
      </symbol>
      <symbol id="sm-50e">
         <name>Ethernet_device_struct</name>
         <value>0x2000c640</value>
      </symbol>
      <symbol id="sm-50f">
         <name>Ethernet_descArray</name>
         <value>0x2000cadc</value>
      </symbol>
      <symbol id="sm-510">
         <name>Ethernet_rxChan0BufUnavail</name>
         <value>0x2000cee8</value>
         <object_component_ref idref="oc-b2"/>
      </symbol>
      <symbol id="sm-511">
         <name>Ethernet_getSysTimePTP</name>
         <value>0x202dcd</value>
         <object_component_ref idref="oc-400"/>
      </symbol>
      <symbol id="sm-512">
         <name>Ethernet_rxChan1BufUnavail</name>
         <value>0x2000cef0</value>
         <object_component_ref idref="oc-b2"/>
      </symbol>
      <symbol id="sm-513">
         <name>Ethernet_numTxPktFreeCallback</name>
         <value>0x2000ce98</value>
         <object_component_ref idref="oc-b2"/>
      </symbol>
      <symbol id="sm-514">
         <name>Ethernet_writeTxDMAControl</name>
         <value>0x201e4b</value>
         <object_component_ref idref="oc-359"/>
      </symbol>
      <symbol id="sm-515">
         <name>Ethernet_getPHYMode</name>
         <value>0x20310f</value>
         <object_component_ref idref="oc-2f3"/>
      </symbol>
      <symbol id="sm-516">
         <name>Ethernet_writeTxDescTailPointer</name>
         <value>0x2031a5</value>
         <object_component_ref idref="oc-222"/>
      </symbol>
      <symbol id="sm-517">
         <name>Ethernet_setMTLRxQueueOpMode</name>
         <value>0x202f33</value>
         <object_component_ref idref="oc-37f"/>
      </symbol>
      <symbol id="sm-518">
         <name>Ethernet_selectTargetInterruptOrPulsePPS</name>
         <value>0x202a5d</value>
         <object_component_ref idref="oc-f7"/>
      </symbol>
      <symbol id="sm-519">
         <name>Ethernet_transmitISR</name>
         <value>0x202685</value>
         <object_component_ref idref="oc-37"/>
      </symbol>
      <symbol id="sm-51a">
         <name>Ethernet_setMTLOpmode</name>
         <value>0x20312d</value>
         <object_component_ref idref="oc-234"/>
      </symbol>
      <symbol id="sm-51b">
         <name>Ethernet_writeTxDescListAddress</name>
         <value>0x203187</value>
         <object_component_ref idref="oc-353"/>
      </symbol>
      <symbol id="sm-51c">
         <name>Ethernet_writePHYRegister</name>
         <value>0x201fc1</value>
         <object_component_ref idref="oc-18a"/>
      </symbol>
      <symbol id="sm-51d">
         <name>Ethernet_removePacketsFromTxQueue</name>
         <value>0x2017cd</value>
         <object_component_ref idref="oc-a3"/>
      </symbol>
      <symbol id="sm-51e">
         <name>Ethernet_rwakeupPktReceivedCount</name>
         <value>0x2000cee0</value>
         <object_component_ref idref="oc-b2"/>
      </symbol>
      <symbol id="sm-51f">
         <name>Ethernet_enableSysTimePTP</name>
         <value>0x202d6d</value>
         <object_component_ref idref="oc-c7"/>
      </symbol>
      <symbol id="sm-520">
         <name>Ethernet_isTimestampIntActive</name>
         <value>0x202e2d</value>
         <object_component_ref idref="oc-172"/>
      </symbol>
      <symbol id="sm-521">
         <name>Ethernet_setMACConfiguration</name>
         <value>0x203269</value>
         <object_component_ref idref="oc-216"/>
      </symbol>
      <symbol id="sm-522">
         <name>Ethernet_genericRxCompletionInterruptCount</name>
         <value>0x2000cebc</value>
         <object_component_ref idref="oc-b2"/>
      </symbol>
      <symbol id="sm-523">
         <name>Ethernet_numGetPacketBufferCallback</name>
         <value>0x2000cea0</value>
         <object_component_ref idref="oc-b2"/>
      </symbol>
      <symbol id="sm-524">
         <name>Ethernet_initInterface</name>
         <value>0x201c55</value>
         <object_component_ref idref="oc-b5"/>
      </symbol>
      <symbol id="sm-525">
         <name>Ethernet_updateSysTimePTP</name>
         <value>0x202a0f</value>
         <object_component_ref idref="oc-cd"/>
      </symbol>
      <symbol id="sm-526">
         <name>Ethernet_receiveISR</name>
         <value>0x202615</value>
         <object_component_ref idref="oc-43"/>
      </symbol>
      <symbol id="sm-527">
         <name>Ethernet_sendPacket</name>
         <value>0x201b4d</value>
         <object_component_ref idref="oc-2a4"/>
      </symbol>
      <symbol id="sm-528">
         <name>Ethernet_isTransmitTimestampStatusSet</name>
         <value>0x202e59</value>
         <object_component_ref idref="oc-178"/>
      </symbol>
      <symbol id="sm-529">
         <name>Ethernet_rxReplacementFailedCount</name>
         <value>0x2000cec4</value>
         <object_component_ref idref="oc-b2"/>
      </symbol>
      <symbol id="sm-52a">
         <name>Ethernet_setTxDescRingLength</name>
         <value>0x20303f</value>
         <object_component_ref idref="oc-35f"/>
      </symbol>
      <symbol id="sm-52b">
         <name>Ethernet_readPHYRegister</name>
         <value>0x2025a1</value>
         <object_component_ref idref="oc-184"/>
      </symbol>
      <symbol id="sm-52c">
         <name>Ethernet_initRxChannel</name>
         <value>0x201691</value>
         <object_component_ref idref="oc-228"/>
      </symbol>
      <symbol id="sm-52d">
         <name>Ethernet_setDMAMode</name>
         <value>0x203253</value>
         <object_component_ref idref="oc-23a"/>
      </symbol>
      <symbol id="sm-52e">
         <name>Ethernet_setConfigTimestampPTP</name>
         <value>0x202765</value>
         <object_component_ref idref="oc-c1"/>
      </symbol>
      <symbol id="sm-52f">
         <name>Ethernet_addPacketsIntoRxQueue</name>
         <value>0x2022ad</value>
         <object_component_ref idref="oc-15a"/>
      </symbol>
      <symbol id="sm-530">
         <name>Ethernet_genericISR</name>
         <value>0x200541</value>
         <object_component_ref idref="oc-49"/>
      </symbol>
      <symbol id="sm-531">
         <name>Ethernet_configureRevMIIAddress</name>
         <value>0x202f81</value>
         <object_component_ref idref="oc-1eb"/>
      </symbol>
      <symbol id="sm-532">
         <name>Ethernet_clearDMAChannelInterrupt</name>
         <value>0x2030f1</value>
         <object_component_ref idref="oc-a9"/>
      </symbol>
      <symbol id="sm-533">
         <name>Ethernet_genericInterruptCount</name>
         <value>0x2000ceb0</value>
         <object_component_ref idref="oc-b2"/>
      </symbol>
      <symbol id="sm-534">
         <name>Ethernet_eeeTxLPIEntryCount</name>
         <value>0x2000cec8</value>
         <object_component_ref idref="oc-b2"/>
      </symbol>
      <symbol id="sm-535">
         <name>Ethernet_eeeRxLPIEntryCount</name>
         <value>0x2000ced0</value>
         <object_component_ref idref="oc-b2"/>
      </symbol>
      <symbol id="sm-536">
         <name>Ethernet_getInitConfig</name>
         <value>0x201115</value>
         <object_component_ref idref="oc-bb"/>
      </symbol>
      <symbol id="sm-537">
         <name>Ethernet_setRxDescRingLength</name>
         <value>0x203019</value>
         <object_component_ref idref="oc-379"/>
      </symbol>
      <symbol id="sm-538">
         <name>Ethernet_phyLinkStatusChangeInterruptCount</name>
         <value>0x2000cec0</value>
         <object_component_ref idref="oc-b2"/>
      </symbol>
      <symbol id="sm-539">
         <name>Ethernet_rxInterruptCount</name>
         <value>0x2000cea8</value>
         <object_component_ref idref="oc-b2"/>
      </symbol>
      <symbol id="sm-53a">
         <name>Ethernet_resetModule</name>
         <value>0x2030d1</value>
         <object_component_ref idref="oc-1f1"/>
      </symbol>
      <symbol id="sm-53b">
         <name>Ethernet_removePacketsFromRxQueue</name>
         <value>0x200e49</value>
         <object_component_ref idref="oc-153"/>
      </symbol>
      <symbol id="sm-53c">
         <name>Ethernet_setMTLTxQueueOpMode</name>
         <value>0x202dfd</value>
         <object_component_ref idref="oc-365"/>
      </symbol>
      <symbol id="sm-53d">
         <name>Ethernet_configureEEEClockGatingControl</name>
         <value>0x202d3d</value>
         <object_component_ref idref="oc-166"/>
      </symbol>
      <symbol id="sm-53e">
         <name>Ethernet_addPacketsIntoTxQueue</name>
         <value>0x200011</value>
         <object_component_ref idref="oc-1d0"/>
      </symbol>
      <symbol id="sm-53f">
         <name>Ethernet_enableDmaInterrupt</name>
         <value>0x203065</value>
         <object_component_ref idref="oc-22e"/>
      </symbol>
      <symbol id="sm-540">
         <name>Ethernet_txChan0BufUnavail</name>
         <value>0x2000cee4</value>
         <object_component_ref idref="oc-b2"/>
      </symbol>
      <symbol id="sm-541">
         <name>Ethernet_earlyTxInterruptCount</name>
         <value>0x2000ceb8</value>
         <object_component_ref idref="oc-b2"/>
      </symbol>
      <symbol id="sm-542">
         <name>Ethernet_txChan1BufUnavail</name>
         <value>0x2000ceec</value>
         <object_component_ref idref="oc-b2"/>
      </symbol>
      <symbol id="sm-543">
         <name>Ethernet_magicPktReceivedCount</name>
         <value>0x2000cedc</value>
         <object_component_ref idref="oc-b2"/>
      </symbol>
      <symbol id="sm-544">
         <name>Ethernet_configurePHYAddress</name>
         <value>0x2031c3</value>
         <object_component_ref idref="oc-24c"/>
      </symbol>
      <symbol id="sm-545">
         <name>Ethernet_rxContextTimeStamp</name>
         <value>0x2000ceac</value>
         <object_component_ref idref="oc-b2"/>
      </symbol>
      <symbol id="sm-546">
         <name>Ethernet_setFixedModePPS</name>
         <value>0x2029b5</value>
         <object_component_ref idref="oc-103"/>
      </symbol>
      <symbol id="sm-547">
         <name>Ethernet_writeRxDescListAddress</name>
         <value>0x20314b</value>
         <object_component_ref idref="oc-36d"/>
      </symbol>
      <symbol id="sm-548">
         <name>Ethernet_getOneStepTransmitTimestampPTP</name>
         <value>0x202d9d</value>
         <object_component_ref idref="oc-17e"/>
      </symbol>
      <symbol id="sm-549">
         <name>Ethernet_numRxCallback</name>
         <value>0x2000ce9c</value>
         <object_component_ref idref="oc-b2"/>
      </symbol>
      <symbol id="sm-54a">
         <name>Ethernet_setMACPacketFilter</name>
         <value>0x2031dd</value>
         <object_component_ref idref="oc-240"/>
      </symbol>
      <symbol id="sm-54b">
         <name>Ethernet_pmtInterruptCount</name>
         <value>0x2000ced8</value>
         <object_component_ref idref="oc-b2"/>
      </symbol>
      <symbol id="sm-54c">
         <name>Ethernet_getHandle</name>
         <value>0x20135d</value>
         <object_component_ref idref="oc-d9"/>
      </symbol>
      <symbol id="sm-54d">
         <name>Ethernet_getRxERICount</name>
         <value>0x202fcd</value>
         <object_component_ref idref="oc-2df"/>
      </symbol>
      <symbol id="sm-54e">
         <name>Ethernet_enableRxDMAReception</name>
         <value>0x202fa7</value>
         <object_component_ref idref="oc-38b"/>
      </symbol>
      <symbol id="sm-54f">
         <name>Ethernet_earlyRxInterruptCount</name>
         <value>0x2000ceb4</value>
         <object_component_ref idref="oc-b2"/>
      </symbol>
      <symbol id="sm-550">
         <name>Ethernet_enableMACRxQ</name>
         <value>0x202d0b</value>
         <object_component_ref idref="oc-385"/>
      </symbol>
      <symbol id="sm-551">
         <name>Ethernet_configureMDIO</name>
         <value>0x202f5b</value>
         <object_component_ref idref="oc-246"/>
      </symbol>
      <symbol id="sm-552">
         <name>Ethernet_writeRxDescTailPointer</name>
         <value>0x203169</value>
         <object_component_ref idref="oc-160"/>
      </symbol>
      <symbol id="sm-553">
         <name>Ethernet_writeRxDMAControl</name>
         <value>0x2020f9</value>
         <object_component_ref idref="oc-373"/>
      </symbol>
      <symbol id="sm-554">
         <name>Ethernet_eeeRxLPIExitCount</name>
         <value>0x2000ced4</value>
         <object_component_ref idref="oc-b2"/>
      </symbol>
      <symbol id="sm-555">
         <name>Ethernet_setMACAddr</name>
         <value>0x202bf3</value>
         <object_component_ref idref="oc-f1"/>
      </symbol>
      <symbol id="sm-556">
         <name>Ethernet_getMACAddr</name>
         <value>0x202c2f</value>
         <object_component_ref idref="oc-265"/>
      </symbol>
      <symbol id="sm-557">
         <name>Ethernet_txInterruptCount</name>
         <value>0x2000cea4</value>
         <object_component_ref idref="oc-b2"/>
      </symbol>
      <symbol id="sm-558">
         <name>Ethernet_disableTxEEEMode</name>
         <value>0x20323d</value>
         <object_component_ref idref="oc-16c"/>
      </symbol>
      <symbol id="sm-559">
         <name>Ethernet_setSysTimePTP</name>
         <value>0x202ca1</value>
         <object_component_ref idref="oc-d3"/>
      </symbol>
      <symbol id="sm-55a">
         <name>Ethernet_eeeTxLPIExitCount</name>
         <value>0x2000cecc</value>
         <object_component_ref idref="oc-b2"/>
      </symbol>
      <symbol id="sm-55b">
         <name>Ethernet_setPeriodPPS</name>
         <value>0x202e85</value>
         <object_component_ref idref="oc-fd"/>
      </symbol>
      <symbol id="sm-596">
         <name>Interrupt_disable</name>
         <value>0x202335</value>
         <object_component_ref idref="oc-26c"/>
      </symbol>
      <symbol id="sm-597">
         <name>vectorTableRAM</name>
         <value>0x20000800</value>
         <object_component_ref idref="oc-25b"/>
      </symbol>
      <symbol id="sm-598">
         <name>Interrupt_enable</name>
         <value>0x2023b5</value>
         <object_component_ref idref="oc-eb"/>
      </symbol>
      <symbol id="sm-599">
         <name>Interrupt_registerHandler</name>
         <value>0x2028fd</value>
         <object_component_ref idref="oc-e5"/>
      </symbol>
      <symbol id="sm-5bb">
         <name>Platform_disableInterrupt</name>
         <value>0x2003f5</value>
         <object_component_ref idref="oc-10f"/>
      </symbol>
      <symbol id="sm-5bc">
         <name>Platform_enableInterrupt</name>
         <value>0x2032b7</value>
         <object_component_ref idref="oc-115"/>
      </symbol>
      <symbol id="sm-5bd">
         <name>Platform_enablePeripheral</name>
         <value>0x20328d</value>
         <object_component_ref idref="oc-11b"/>
      </symbol>
      <symbol id="sm-5be">
         <name>Platform_resetPeripheral</name>
         <value>0x20329b</value>
         <object_component_ref idref="oc-121"/>
      </symbol>
      <symbol id="sm-5d6">
         <name>SysCtl_enablePeripheral</name>
         <value>0x202aa5</value>
         <object_component_ref idref="oc-274"/>
      </symbol>
      <symbol id="sm-5d7">
         <name>SysCtl_resetPeripheral</name>
         <value>0x2026f5</value>
         <object_component_ref idref="oc-27b"/>
      </symbol>
      <symbol id="sm-5e8">
         <name>__aeabi_fadd</name>
         <value>0x201d55</value>
         <object_component_ref idref="oc-208"/>
      </symbol>
      <symbol id="sm-5e9">
         <name>__aeabi_fsub</name>
         <value>0x201d51</value>
         <object_component_ref idref="oc-208"/>
      </symbol>
      <symbol id="sm-5f7">
         <name>__aeabi_fdiv</name>
         <value>0x20218f</value>
         <object_component_ref idref="oc-1f9"/>
      </symbol>
      <symbol id="sm-601">
         <name>__aeabi_fmul</name>
         <value>0x202435</value>
         <object_component_ref idref="oc-20d"/>
      </symbol>
      <symbol id="sm-60b">
         <name>__aeabi_f2iz</name>
         <value>0x202c69</value>
         <object_component_ref idref="oc-349"/>
      </symbol>
      <symbol id="sm-616">
         <name>__aeabi_f2uiz</name>
         <value>0x202cd7</value>
         <object_component_ref idref="oc-1fe"/>
      </symbol>
      <symbol id="sm-632">
         <name>memcpy</name>
         <value>0x20205d</value>
         <object_component_ref idref="oc-5d"/>
      </symbol>
      <symbol id="sm-633">
         <name>__aeabi_memcpy</name>
         <value>0x20205d</value>
         <object_component_ref idref="oc-5d"/>
      </symbol>
      <symbol id="sm-634">
         <name>__aeabi_memcpy8</name>
         <value>0x20205d</value>
         <object_component_ref idref="oc-5d"/>
      </symbol>
      <symbol id="sm-635">
         <name>__aeabi_memcpy4</name>
         <value>0x20205d</value>
         <object_component_ref idref="oc-5d"/>
      </symbol>
      <symbol id="sm-640">
         <name>__aeabi_ui2f</name>
         <value>0x2030ad</value>
         <object_component_ref idref="oc-203"/>
      </symbol>
      <symbol id="sm-64f">
         <name>__aeabi_memset</name>
         <value>0x2024b1</value>
         <object_component_ref idref="oc-1a8"/>
      </symbol>
      <symbol id="sm-650">
         <name>memset</name>
         <value>0x2024b7</value>
         <object_component_ref idref="oc-1a8"/>
      </symbol>
      <symbol id="sm-651">
         <name>__aeabi_memset8</name>
         <value>0x2024b1</value>
         <object_component_ref idref="oc-1a8"/>
      </symbol>
      <symbol id="sm-652">
         <name>__aeabi_memset4</name>
         <value>0x2024b1</value>
         <object_component_ref idref="oc-1a8"/>
      </symbol>
      <symbol id="sm-653">
         <name>__aeabi_memclr8</name>
         <value>0x2024af</value>
         <object_component_ref idref="oc-1a8"/>
      </symbol>
      <symbol id="sm-654">
         <name>__aeabi_memclr4</name>
         <value>0x2024af</value>
         <object_component_ref idref="oc-1a8"/>
      </symbol>
      <symbol id="sm-655">
         <name>__aeabi_memclr</name>
         <value>0x2024af</value>
         <object_component_ref idref="oc-1a8"/>
      </symbol>
      <symbol id="sm-667">
         <name>__TI_zero_init</name>
         <value>0x2032c3</value>
         <object_component_ref idref="oc-6f"/>
      </symbol>
      <symbol id="sm-67e">
         <name>__TI_decompress_none</name>
         <value>0x2032a9</value>
         <object_component_ref idref="oc-20"/>
      </symbol>
      <symbol id="sm-6a1">
         <name>__TI_decompress_lzss</name>
         <value>0x2027d1</value>
         <object_component_ref idref="oc-1a"/>
      </symbol>
      <symbol id="sm-6b3">
         <name>__stack</name>
         <value>0x1fffc000</value>
         <object_component_ref idref="oc-4f"/>
      </symbol>
      <symbol id="sm-6b4">
         <name>_c_int00_noargs</name>
         <value>0x203089</value>
         <object_component_ref idref="oc-7b"/>
      </symbol>
      <symbol id="sm-6dc">
         <name>__TI_auto_init_nobinit_nopinit</name>
         <value>0x202aed</value>
         <object_component_ref idref="oc-312"/>
      </symbol>
      <symbol id="sm-6e6">
         <name>_system_pre_init</name>
         <value>0x2032d7</value>
         <object_component_ref idref="oc-1ae"/>
      </symbol>
      <symbol id="sm-6f2">
         <name>C$$EXIT</name>
         <value>0x2032db</value>
         <object_component_ref idref="oc-306"/>
      </symbol>
      <symbol id="sm-6f3">
         <name>abort</name>
         <value>0x2032db</value>
         <object_component_ref idref="oc-306"/>
      </symbol>
      <symbol id="sm-6f6">
         <name>__TI_static_base__</name>
         <value>0x2032e0</value>
      </symbol>
      <symbol id="sm-6f9">
         <name>__mpu_init</name>
         <value>0x0</value>
      </symbol>
      <symbol id="sm-6fa">
         <name>_system_post_cinit</name>
         <value>0x0</value>
      </symbol>
   </symbol_table>
   <title>Link successful</title>
</link_info>
