******************************************************************************
             TMS320C2000 Linker PC v22.6.1                     
******************************************************************************
>> Linked Tue May 12 16:05:40 2026

OUTPUT FILE NAME:   <PCS150KW_c28x_cpu1_V4.0.out>
ENTRY POINT SYMBOL: "code_start"  address: 00080000


MEMORY CONFIGURATION

         name            origin    length      used     unused   attr    fill
----------------------  --------  ---------  --------  --------  ----  --------
  BOOT_RSVD             00000002   000001af  00000000  000001af  RWIX
  RAMM0                 000001b1   0000024f  00000000  0000024f  RWIX
  RAMM1                 00000400   000003f8  00000200  000001f8  RWIX
  CLA1_MSGRAMLOW        00001480   00000080  00000042  0000003e  RWIX
  CLA1_MSGRAMHIGH       00001500   00000080  00000070  00000010  RWIX
  CLA1_DMA_MSGRAM       00001680   00000080  00000000  00000080  RWIX
  DMA_CLA1_MSGRAM       00001700   00000080  00000000  00000080  RWIX
  RAMLS0                00008000   00000800  00000000  00000800  RWIX
  RAMLS1                00008800   00000800  00000226  000005da  RWIX
  RAMLS2                00009000   00000800  00000334  000004cc  RWIX
  RAMLS3                00009800   00000800  00000000  00000800  RWIX
  RAMLS4                0000a000   00000800  00000511  000002ef  RWIX
  RAMLS57               0000a800   00001800  0000118e  00000672  RWIX
  RAMD0                 0000c000   00000800  000000d5  0000072b  RWIX
  RAMD1                 0000c800   00000800  00000000  00000800  RWIX
  RAMGS0                0000d000   00001000  00000000  00001000  RWIX
  RAMGS1                0000e000   00001000  00000000  00001000  RWIX
  RAMGS2                0000f000   00001000  00000000  00001000  RWIX
  RAMGS3                00010000   00001000  00000000  00001000  RWIX
  RAMGS4                00011000   00001000  00000000  00001000  RWIX
  RAMGS5                00012000   00001000  00000000  00001000  RWIX
  RAMGS6                00013000   00001000  00000000  00001000  RWIX
  RAMGS7                00014000   00001000  00000000  00001000  RWIX
  RAMGS8                00015000   00001000  00000000  00001000  RWIX
  RAMGS9                00016000   00001000  00000000  00001000  RWIX
  RAMGS10               00017000   00001000  00000000  00001000  RWIX
  RAMGS11               00018000   00001000  00000000  00001000  RWIX
  RAMGS12               00019000   00001000  00000000  00001000  RWIX
  RAMGS13               0001a000   00001000  00000000  00001000  RWIX
  RAMGS14               0001b000   00001000  00000000  00001000  RWIX
  RAMGS15               0001c000   00000ff8  00000000  00000ff8  RWIX
  CMTOCPURAM            00038000   00000800  00000088  00000778  RWIX
  CPUTOCMRAM            00039000   00000800  00000188  00000678  RWIX
  CPU1TOCPU2RAM         0003a000   00000800  00000088  00000778  RWIX
  CPU2TOCPU1RAM         0003b000   00000800  00000088  00000778  RWIX
  CANA_MSG_RAM          00049000   00000800  00000000  00000800  RWIX
  CANB_MSG_RAM          0004b000   00000800  00000000  00000800  RWIX
  BEGIN                 00080000   00000002  00000002  00000000  RWIX
  FLASH0                00080002   00001ffe  00000000  00001ffe  RWIX
  FLASH1                00082000   00002000  00000000  00002000  RWIX
  FLASH2                00084000   00002000  00000000  00002000  RWIX
  FLASH3                00086000   00002000  00000000  00002000  RWIX
  FLASH4                00088000   00008000  000061b8  00001e48  RWIX
  FLASH5                00090000   00008000  00000000  00008000  RWIX
  FLASH6                00098000   00008000  000000d5  00007f2b  RWIX
  FLASH7                000a0000   00008000  000011ee  00006e12  RWIX
  FLASH8                000a8000   00008000  0000044f  00007bb1  RWIX
  FLASH9                000b0000   00008000  00000000  00008000  RWIX
  FLASH10               000b8000   00002000  00000000  00002000  RWIX
  FLASH11               000ba000   00002000  00000000  00002000  RWIX
  FLASH12               000bc000   00002000  00000000  00002000  RWIX
  FLASH13               000be000   00001ff0  00000000  00001ff0  RWIX
  RESET                 003fffc0   00000002  00000000  00000002  RWIX


SECTION ALLOCATION MAP

 output                                  attributes/
section   page    origin      length       input sections
--------  ----  ----------  ----------   ----------------
codestart 
*          0    00080000    00000002     
                  00080000    00000002     f2838x_codestartbranch.obj (codestart)

.cinit     0    000a1190    00000060     
                  000a1190    00000026     (.cinit..data.load) [load image, compression = lzss]
                  000a11b6    00000006     (__TI_handler_table)
                  000a11bc    00000004     (.cinit..bss.1.load) [load image, compression = zero_init]
                  000a11c0    00000004     (.cinit..bss.2.load) [load image, compression = zero_init]
                  000a11c4    00000004     (.cinit..bss.3.load) [load image, compression = zero_init]
                  000a11c8    00000004     (.cinit..bss_cla.load) [load image, compression = zero_init]
                  000a11cc    00000004     (.cinit..scratchpad.load) [load image, compression = zero_init]
                  000a11d0    00000004     (.cinit.CLADataLS1.load) [load image, compression = zero_init]
                  000a11d4    0000001c     (__TI_cinit_table)

.reset     0    003fffc0    00000000     DSECT

.stack     0    00000400    00000200     UNINITIALIZED
                  00000400    00000200     --HOLE--

.init_array 
*          0    00088000    00000000     UNINITIALIZED

Cla1ToCpuMsgRAM 
*          0    00001480    00000042     UNINITIALIZED
                  00001480    00000042     initial_CLA.obj (Cla1ToCpuMsgRAM)

CpuToCla1MsgRAM 
*          0    00001500    00000070     UNINITIALIZED
                  00001500    00000070     initial_CLA.obj (CpuToCla1MsgRAM)

.bss_cla   0    000089e8    00000030     UNINITIALIZED
                  000089e8    0000000a     claAlg.obj (.bss_cla:PCS_iGrid_dq0_pos)
                  000089f2    0000000a     claAlg.obj (.bss_cla:PCS_iInv_dq0_pos)
                  000089fc    0000000a     claAlg.obj (.bss_cla:PCS_vInv_dq0)
                  00008a06    00000006     claAlg.obj (.bss_cla:PCS_vGrid_Clark)
                  00008a0c    00000006     claAlg.obj (.bss_cla:PCS_vGrid_Park_n)
                  00008a12    00000006     claAlg.obj (.bss_cla:PCS_vGrid_Park_p)

.bss.1     0    00009000    0000017e     UNINITIALIZED
                  00009000    0000014e     obj_OutMeter.obj (.bss)
                  0000914e    00000028     obj_ipc.obj (.bss:debugpData)
                  00009176    00000004     Drv_ADC.obj (.bss:ad_ntc1)
                  0000917a    00000004     Drv_ADC.obj (.bss:ad_ntc2)

.bss.2     0    00009180    000000f8     UNINITIALIZED
                  00009180    000000e0     bsp.obj (.bss)
                  00009260    00000010     Drv_Timer.obj (.bss)
                  00009270    00000004     Drv_ADC.obj (.bss:ad_vol)
                  00009274    00000004     obj_Protect.obj (.bss)

.bss.3     0    00009280    000000be     UNINITIALIZED
                  00009280    000000be     obj_Control.obj (.bss)

.data      0    0000a000    00000511     UNINITIALIZED
                  0000a000    00000100     Drv_SCIC.obj (.data:SCIC_RxBuf)
                  0000a100    00000100     Drv_SCIC.obj (.data:SCIC_TxBuf)
                  0000a200    00000100     Drv_SCID.obj (.data:SCID_RxBuf)
                  0000a300    00000100     Drv_SCID.obj (.data:SCID_TxBuf)
                  0000a400    00000022     pwm_master_sync.obj (.data)
                  0000a422    00000020     clb_config.obj (.data:CLBTILE5HLCInstr)
                  0000a442    00000020     clb_config.obj (.data:CLBTILE6HLCInstr)
                  0000a462    00000020     clb_config.obj (.data:CLBTILE7HLCInstr)
                  0000a482    00000020     clb_config.obj (.data:CLBTILE8HLCInstr)
                  0000a4a2    00000014     obj_Protect.obj (.data)
                  0000a4b6    00000008     obj_Control.obj (.data)
                  0000a4be    00000002     Drv_ADC.obj (.data)
                  0000a4c0    00000012     pwm_slave_sync.obj (.data)
                  0000a4d2    0000000c     obj_OutMeter.obj (.data:TempBuf$1)
                  0000a4de    00000006     Drv_PWM.obj (.data)
                  0000a4e4    00000006     Drv_SCIC.obj (.data)
                  0000a4ea    00000006     Drv_SCID.obj (.data)
                  0000a4f0    00000006     obj_OutMeter.obj (.data:TempCnt$2)
                  0000a4f6    00000006     rts2800_fpu32_eabi.lib : exit.c.obj (.data)
                  0000a4fc    00000004     Drv_SCIB.obj (.data)
                  0000a500    00000004     Drv_tca9535_IO1.obj (.data)
                  0000a504    00000004     Drv_tca9535_IO2.obj (.data)
                  0000a508    00000002     Drv_Timer.obj (.data)
                  0000a50a    00000002     rts2800_fpu32_eabi.lib : _lock.c.obj (.data:_lock)
                  0000a50c    00000002                            : _lock.c.obj (.data:_unlock)
                  0000a50e    00000002     obj_ipc.obj (.data)
                  0000a510    00000001     obj_OutMeter.obj (.data)

MSGRAM_CM_TO_CPU 
*          0    00038000    00000088     UNINITIALIZED
                  00038000    00000088     ipc.obj (MSGRAM_CM_TO_CPU)

MSGRAM_CPU_TO_CM 
*          0    00039000    00000188     UNINITIALIZED
                  00039000    00000100     obj_ipc.obj (MSGRAM_CPU_TO_CM)
                  00039100    00000088     ipc.obj (MSGRAM_CPU_TO_CM)

MSGRAM_CPU1_TO_CPU2 
*          0    0003a000    00000088     UNINITIALIZED
                  0003a000    00000088     ipc.obj (MSGRAM_CPU1_TO_CPU2)

MSGRAM_CPU2_TO_CPU1 
*          0    0003b000    00000088     UNINITIALIZED
                  0003b000    00000088     ipc.obj (MSGRAM_CPU2_TO_CPU1)

Cla1Prog   0    000a0000    0000118e     RUN ADDR = 0000a800
                  000a0000    00000304     claAlg.obj (Cla1Prog:PCS_Int_PwmCtrl)
                  000a0304    00000298     claAlg.obj (Cla1Prog:PCS_CLA_AdSignalsRead)
                  000a059c    0000027a     claAlg.obj (Cla1Prog:PCS_Int_InvVolReg)
                  000a0816    0000018e     claAlg.obj (Cla1Prog:PCS_CLA_RealTimeData)
                  000a09a4    0000014c     claAlg.obj (Cla1Prog:PCS_CLA_RunTransform)
                  000a0af0    00000144     claAlg.obj (Cla1Prog:Cla1Task1)
                  000a0c34    00000112     claAlg.obj (Cla1Prog:PCS_Int_InvCurrReg)
                  000a0d46    000000ce     claAlg.obj (Cla1Prog:PCS_CLA_ParamInit)
                  000a0e14    000000ba     claAlg.obj (Cla1Prog:PCS_CLA_Int_OnGrid)
                  000a0ece    000000b6     claAlg.obj (Cla1Prog:order1_lowFliter)
                  000a0f84    00000088     claAlg.obj (Cla1Prog:PCS_Int_DCCurrReg)
                  000a100c    00000088     claAlg.obj (Cla1Prog:PCS_Int_DCVolReg)
                  000a1094    0000004e     claAlg.obj (Cla1Prog:Pcs_Int_PQCtrlReg)
                  000a10e2    00000038     claAlg.obj (Cla1Prog:PCS_CLA_Ad2Pu)
                  000a111a    00000034     claAlg.obj (Cla1Prog:PCS_CLA_PWMOff)
                  000a114e    00000010     claAlg.obj (Cla1Prog:Cla1Task8)
                  000a115e    00000008     claAlg.obj (Cla1Prog:Cla1Task2)
                  000a1166    00000008     claAlg.obj (Cla1Prog:Cla1Task3)
                  000a116e    00000008     claAlg.obj (Cla1Prog:Cla1Task4)
                  000a1176    00000008     claAlg.obj (Cla1Prog:Cla1Task5)
                  000a117e    00000008     claAlg.obj (Cla1Prog:Cla1Task6)
                  000a1186    00000008     claAlg.obj (Cla1Prog:Cla1Task7)

.const     0    000a8000    0000037f     
                  000a8000    00000088     ipc.obj (.const:IPC_Instance)
                  000a8088    00000047     flash.obj (.const:.string)
                  000a80cf    00000001     --HOLE-- [fill = 0]
                  000a80d0    00000045     sysctl.obj (.const:.string)
                  000a8115    00000001     --HOLE-- [fill = 0]
                  000a8116    00000044     gpio.obj (.const:.string)
                  000a815a    00000043     Drv_PWM.obj (.const:.string)
                  000a819d    00000001     --HOLE-- [fill = 0]
                  000a819e    00000043     clb.obj (.const:.string)
                  000a81e1    00000001     --HOLE-- [fill = 0]
                  000a81e2    00000043     dcc.obj (.const:.string)
                  000a8225    00000001     --HOLE-- [fill = 0]
                  000a8226    00000043     pwm_master_sync.obj (.const:.string)
                  000a8269    00000001     --HOLE-- [fill = 0]
                  000a826a    00000043     sci.obj (.const:.string)
                  000a82ad    00000001     --HOLE-- [fill = 0]
                  000a82ae    00000042     clb_config.obj (.const:.string)
                  000a82f0    00000027     interrupt.obj (.const:.string)
                  000a8317    00000001     --HOLE-- [fill = 0]
                  000a8318    00000024     memcfg.obj (.const:.string)
                  000a833c    00000021     adc.obj (.const:.string)
                  000a835d    00000001     --HOLE-- [fill = 0]
                  000a835e    00000021     ipc.obj (.const:.string)

FPUmathTables 
*          0    000a8380    000000d0     
                  000a8380    000000d0     rts2800_fpu32_fast_supplement_eabi.lib : logtable_f32.obj (FPUmathTables)

CLADataLS1 
*          0    00008900    000000e8     UNINITIALIZED
                  00008900    000000e8     initial_CLA.obj (CLADataLS1)

CLAscratch 
*          0    00008800    00000100     UNINITIALIZED
                  00008800    00000100     --HOLE--

.scratchpad 
*          0    00008a18    0000000e     UNINITIALIZED
                  00008a18    0000000a     claAlg.obj (.scratchpad:Cla1Prog:PCS_CLA_RunTransform)
                  00008a18    00000002     claAlg.obj (.scratchpad:Cla1Prog:PCS_CLA_Int_OnGrid)
                  00008a18    00000006     claAlg.obj (.scratchpad:Cla1Prog:PCS_Int_InvVolReg)
                  00008a18    0000000e     claAlg.obj (.scratchpad:Cla1Prog:PCS_Int_PwmCtrl)
                  00008a18    00000002     claAlg.obj (.scratchpad:Cla1Prog:PCS_CLA_Ad2Pu)
                  00008a18    00000004     claAlg.obj (.scratchpad:Cla1Prog:order1_lowFliter)
                  00008a1a    00000002     claAlg.obj (.scratchpad:Cla1Prog:Pcs_Int_PQCtrlReg)
                  00008a1c    00000002     claAlg.obj (.scratchpad:Cla1Prog:PCS_CLA_AdSignalsRead)

.const_cla 
*          0    00008800    00000000     UNINITIALIZED

.TI.ramfunc 
*          0    00098000    000000d5     RUN ADDR = 0000c000
                  00098000    000000d1     flash.obj (.TI.ramfunc:Flash_initModule)
                  000980d1    00000004     sysctl.obj (.TI.ramfunc)

.text      0    00088000    000061b8     
                  00088000    000005cb     obj_OutMeter.obj (.text:obj_PcsOutput_PowerMeasAC)
                  000885cb    0000051c     Drv_PWM.obj (.text:Drv_EPWMx_Init)
                  00088ae7    000003d9     clb_config.obj (.text:initCLBTILE5)
                  00088ec0    000003d9     clb_config.obj (.text:initCLBTILE6)
                  00089299    000003d9     clb_config.obj (.text:initCLBTILE7)
                  00089672    000003d9     clb_config.obj (.text:initCLBTILE8)
                  00089a4b    000002bc     obj_OutMeter.obj (.text:obj_PcsOutput_RmsCalc)
                  00089d07    00000290     dcc.obj (.text:DCC_verifyClockFrequency)
                  00089f97    0000021e     clb.obj (.text:CLB_configCounterLoadMatch)
                  0008a1b5    00000214     pwm_master_sync.obj (.text:ScopeDebug_ForceEPwmConfig)
                  0008a3c9    000001fb     obj_Control.obj (.text:Pcs_GridRef_Pll)
                  0008a5c4    000001f6     pwm_master_sync.obj (.text:Master_ServicePpsCapture)
                  0008a7ba    000001f6     bsp.obj (.text:cpu2claParam_Upgrade)
                  0008a9b0    000001d2     pwm_slave_sync.obj (.text:Slave_ServicePpsCapture)
                  0008ab82    0000016c     sysctl.obj (.text:SysCtl_isPLLValid)
                  0008acee    00000167     device.obj (.text:Device_enableAllPeripherals)
                  0008ae55    0000015c     obj_OutMeter.obj (.text:obj_PcsOutput_Init)
                  0008afb1    0000012a     sysctl.obj (.text:SysCtl_setClock)
                  0008b0db    00000128     obj_Control.obj (.text:objControl_StateCtrl)
                  0008b203    000000f9     obj_Control.obj (.text:Pcs_InterRef_Gen)
                  0008b2fc    000000f3     sysctl.obj (.text:SysCtl_setAuxClock)
                  0008b3ef    000000f2     Drv_PWM.obj (.text:Drv_PwmPin_Init)
                  0008b4e1    000000c4     bsp.obj (.text:bsp_init)
                  0008b5a5    000000a9     Drv_DO.obj (.text:Drv_DO_Init)
                  0008b64e    000000a6     obj_Control.obj (.text:Pcs_runISR1)
                  0008b6f4    000000a2     Drv_Timer.obj (.text:Drv_Timer_ClockMaintain)
                  0008b796    000000a1     board.obj (.text:myCLB7_init)
                  0008b837    000000a1     board.obj (.text:myCLB8_init)
                  0008b8d8    000000a0     obj_Control.obj (.text:PCS_Spll_Init)
                  0008b978    000000a0     board.obj (.text:myCLB5_init)
                  0008ba18    0000009f     board.obj (.text:myCLB6_init)
                  0008bab7    00000097     Drv_SCIB.obj (.text:Drv_SCIB_Init)
                  0008bb4e    00000096     Drv_SCIC.obj (.text:Drv_SCIC_Init)
                  0008bbe4    00000096     Drv_SCID.obj (.text:Drv_SCID_Init)
                  0008bc7a    00000091     obj_OutMeter.obj (.text:obj_PcsOutput_TempCalc)
                  0008bd0b    00000091     pwm_master_sync.obj (.text:set_epwm_up_down_phase)
                  0008bd9c    00000090     pwm_master_sync.obj (.text:PWM_SyncScopeDebug_Service)
                  0008be2c    0000008d     sci.obj (.text:SCI_setConfig)
                  0008beb9    00000089     sci.obj (.text:SCI_writeCharArray)
                  0008bf42    00000086     Drv_ADC.obj (.text:Drv_ADCA_init)
                  0008bfc8    00000081     sysctl.obj (.text:SysCtl_getAuxClock)
                  0008c049    0000007f     initial_CLA.obj (.text:initCpu2Cla1)
                  0008c0c8    0000007e     Drv_tca9535_IO1.obj (.text:tca9535_io1_p0Set)
                  0008c146    0000007e     Drv_tca9535_IO2.obj (.text:tca9535_io2_p0Set)
                  0008c1c4    0000007c     Drv_EtherNet.obj (.text:Drv_EtherNetPinInit)
                  0008c240    0000007b     obj_ipc.obj (.text:IPC_ISR0)
                  0008c2bb    00000079     interrupt.obj (.text:Interrupt_clearIFR)
                  0008c334    00000078     device.obj (.text:Device_init)
                  0008c3ac    00000074     memcfg.obj (.text:MemCfg_getInitStatus)
                  0008c420    00000072     sysctl.obj (.text:SysCtl_getClock)
                  0008c492    00000070     Drv_ADC.obj (.text:Drv_ADCB_init)
                  0008c502    00000070     Drv_ADC.obj (.text:Drv_ADCC_init)
                  0008c572    00000070     Drv_ADC.obj (.text:Drv_ADCD_init)
                  0008c5e2    0000006f     Drv_DIN.obj (.text:Drv_DinPin_Init)
                  0008c651    0000006d     Drv_SCIC.obj (.text:SCICRxISR)
                  0008c6be    0000006d     Drv_SCID.obj (.text:SCIDRxISR)
                  0008c72b    0000006b     Drv_W5500.obj (.text:Drv_W5500Pin_Init)
                  0008c796    0000006b     memcfg.obj (.text:MemCfg_setLSRAMControllerSel)
                  0008c801    0000006b     obj_ipc.obj (.text:ipc_TxData_Cpu1ToCM)
                  0008c86c    0000006a     Drv_DO.obj (.text:Drv_RelaySet)
                  0008c8d6    00000069     initial_CLA.obj (.text:configClaMemory)
                  0008c93f    00000066     sysctl.obj (.text:SysCtl_pollX1Counter)
                  0008c9a5    00000064     memcfg.obj (.text:MemCfg_initSections)
                  0008ca09    00000063     obj_Protect.obj (.text:FaultMonitor_ACVoltageUnbanlance)
                  0008ca6c    0000005f     adc.obj (.text:ADC_setINLTrim)
                  0008cacb    0000005f     Drv_PWM.obj (.text:Drv_PWM_ParamInit)
                  0008cb2a    0000005e     pwm_master_sync.obj (.text:Master_InitEPwmSync)
                  0008cb88    0000005e     pwm_master_sync.obj (.text:Master_InitPpsEcap)
                  0008cbe6    0000005e     Drv_SCIB.obj (.text:SCIBRxISR)
                  0008cc44    0000005e     pwm_slave_sync.obj (.text:Slave_InitPpsEcap)
                  0008cca2    0000005d     pwm_slave_sync.obj (.text:set_epwm_up_down_phase)
                  0008ccff    00000056     bsp.obj (.text:App_AllFault_Reset)
                  0008cd55    00000054     obj_Protect.obj (.text:FaultMonitor_ACUnderVoltage)
                  0008cda9    00000053     adc.obj (.text:ADC_setOffsetTrim)
                  0008cdfc    00000053     obj_OutMeter.obj (.text:obj_PcsOutput_PowerMeas)
                  0008ce4f    00000052     sci.obj (.text:SCI_clearInterruptStatus)
                  0008cea1    0000004f     Drv_ADC.obj (.text:Drv_AD_Switch_Read)
                  0008cef0    0000004f     obj_Protect.obj (.text:FaultMonitor_ACOverVoltage)
                  0008cf3f    0000004e     interrupt.obj (.text:Interrupt_disable)
                  0008cf8d    0000004d     gpio.obj (.text:GPIO_setPadConfig)
                  0008cfda    0000004c     pwm_master_sync.obj (.text:ScopeDebug_ForceGpioOutput)
                  0008d026    0000004b     sci.obj (.text:SCI_getInterruptStatus)
                  0008d071    00000049     obj_Protect.obj (.text:FaultMonitor_PhaseSequence)
                  0008d0ba    00000049     obj_OutMeter.obj (.text:calc_NtcTemp)
                  0008d103    00000049     obj_OutMeter.obj (.text:calc_NtcTemp_1)
                  0008d14c    00000046     sysctl.obj (.text:SysCtl_selectOscSourceAuxPLL)
                  0008d192    00000046     main.obj (.text:main)
                  0008d1d8    00000045     obj_Control.obj (.text:Pcs_DcConstVolCtrl_SoftStar)
                  0008d21d    00000045     Drv_tca9535_IO1.obj (.text:tca9535_io1_init)
                  0008d262    00000045     Drv_tca9535_IO2.obj (.text:tca9535_io2_init)
                  0008d2a7    00000043     Drv_LED.obj (.text:Drv_LedPin_Init)
                  0008d2ea    00000043     obj_Control.obj (.text:objControl_FanControl)
                  0008d32d    00000042     Drv_ADC.obj (.text:Drv_adcA1ISR)
                  0008d36f    00000041     obj_Protect.obj (.text:FaultMonitor_DCVoltageUnbanlance)
                  0008d3b0    00000041     interrupt.obj (.text:Interrupt_initModule)
                  0008d3f1    00000040     Drv_SCIC.obj (.text:Drv_SCICPin_Init)
                  0008d431    00000040     pwm_master_sync.obj (.text:PPS_Master_ECAP_ISR)
                  0008d471    00000040     pwm_slave_sync.obj (.text:PPS_Slave_ECAP_ISR)
                  0008d4b1    00000040     obj_Control.obj (.text:objControl_globalVarInit)
                  0008d4f1    0000003f     ipc.obj (.text:IPC_registerInterrupt)
                  0008d530    0000003e     obj_Protect.obj (.text:FaultMonitor_ACCurrentOver)
                  0008d56e    0000003e     obj_Protect.obj (.text:FaultMonitor_DCCurrentOver)
                  0008d5ac    0000003e     ipc.obj (.text:IPC_unregisterInterrupt)
                  0008d5ea    0000003e     obj_Control.obj (.text:Pcs_PQConstCtrl_SoftStar)
                  0008d628    0000003c     sysctl.obj (.text:SysCtl_selectOscSource)
                  0008d664    0000003b     clb_config.obj (.text:CLB_configOutputLUT)
                  0008d69f    0000003b     obj_Protect.obj (.text:FaultMonitor_DCVoltageOver)
                  0008d6da    0000003a     sysctl.obj (.text:SysCtl_selectXTAL)
                  0008d714    00000039     adc.obj (.text:ADC_setMode)
                  0008d74d    00000039     clb_config.obj (.text:CLB_configAOC)
                  0008d786    00000038     rts2800_fpu32_fast_supplement_eabi.lib : log_f32.obj (.text)
                  0008d7be    00000037     sci.obj (.text:SCI_disableInterrupt)
                  0008d7f5    00000036     interrupt.obj (.text:Interrupt_enable)
                  0008d82b    00000036     sci.obj (.text:SCI_enableInterrupt)
                  0008d861    00000034     obj_Control.obj (.text:Pcs_AcConstCurrCtrl_SoftStar)
                  0008d895    00000034     obj_Control.obj (.text:Pcs_DcConstCurrCtrl_SoftStar)
                  0008d8c9    00000034     obj_Control.obj (.text:Pcs_InvCtrl_SoftStar)
                  0008d8fd    00000032     Drv_PWM.obj (.text:Drv_EPWM1_Init)
                  0008d92f    00000031     Drv_tca9535_IO1.obj (.text:i2c_SendByte)
                  0008d960    00000031     Drv_tca9535_IO2.obj (.text:i2c_SendByte)
                  0008d991    00000030     gpio.obj (.text:GPIO_setControllerCore)
                  0008d9c1    00000030     gpio.obj (.text:GPIO_setPinConfig)
                  0008d9f1    00000030     gpio.obj (.text:GPIO_setQualificationMode)
                  0008da21    00000030     rts2800_fpu32_eabi.lib : copy_decompress_lzss.c.obj (.text:decompress:lzss)
                  0008da51    0000002e     ipc.obj (.text:IPC_sendCommand)
                  0008da7f    0000002d     obj_Protect.obj (.text:FaultMonitor_DCRPFault)
                  0008daac    0000002c     Drv_SCIC.obj (.text:Drv_SCIC_WriteDataBuf)
                  0008dad8    0000002c     Drv_SCID.obj (.text:Drv_SCID_WriteDataBuf)
                  0008db04    0000002c     gpio.obj (.text:GPIO_setDirectionMode)
                  0008db30    0000002c     initial_CLA.obj (.text:initial_CLA)
                  0008db5c    0000002b     obj_Protect.obj (.text:App_AllFault_Deal)
                  0008db87    0000002b     obj_Protect.obj (.text:FaultMonitor_AmbOverTemp)
                  0008dbb2    0000002b     obj_Protect.obj (.text:FaultMonitor_IgbtOverTemp)
                  0008dbdd    0000002b     rts2800_fpu32_eabi.lib : autoinit.c.obj (.text:__TI_auto_init_nobinit_nopinit)
                  0008dc08    0000002b     obj_Control.obj (.text:objControl_DOControl)
                  0008dc33    00000029     ipc.obj (.text:IPC_readCommand)
                  0008dc5c    00000029     rts2800_fpu32_eabi.lib : exit.c.obj (.text)
                  0008dc85    00000028     Drv_tca9535_IO1.obj (.text:i2c_WaitAck)
                  0008dcad    00000028     Drv_tca9535_IO2.obj (.text:i2c_WaitAck)
                  0008dcd5    00000028     obj_ipc.obj (.text:ipc_init)
                  0008dcfd    00000026     Drv_I2CA.obj (.text:Drv_I2CAPin_Init)
                  0008dd23    00000026     Drv_Timer.obj (.text:Drv_Timer_IntMaintain)
                  0008dd49    00000024     sysctl.obj (.text:SysCtl_getLowSpeedClock)
                  0008dd6d    00000021     Drv_tca9535_IO1.obj (.text:tca9535_WriteReg)
                  0008dd8e    00000021     Drv_tca9535_IO2.obj (.text:tca9535_WriteReg)
                  0008ddaf    0000001f     sysctl.obj (.text:SysCtl_selectXTALSingleEnded)
                  0008ddce    0000001e     device.obj (.text:Device_initGPIO)
                  0008ddec    0000001d     interrupt.obj (.text:Interrupt_initVectorTable)
                  0008de09    0000001d     rts2800_fpu32_eabi.lib : memcpy.c.obj (.text)
                  0008de26    0000001c     cla.obj (.text:CLA_setTriggerSource)
                  0008de42    0000001c     board.obj (.text:CLB_configLocalInputMux)
                  0008de5e    0000001c     device.obj (.text:Device_verifyXTAL)
                  0008de7a    0000001b     device.obj (.text:Device_enableUnbondedGPIOPullups)
                  0008de95    0000001b     Drv_Timer.obj (.text:Drv_ClockCntInit)
                  0008deb0    0000001b     bsp.obj (.text:GloabParam_Init)
                  0008decb    0000001a     Drv_tca9535_IO1.obj (.text:i2c_Start)
                  0008dee5    0000001a     Drv_tca9535_IO2.obj (.text:i2c_Start)
                  0008deff    0000001a     Drv_tca9535_IO1.obj (.text:i2c_Stop)
                  0008df19    0000001a     Drv_tca9535_IO2.obj (.text:i2c_Stop)
                  0008df33    00000019     Drv_SCIC.obj (.text:SCICRx_Poll)
                  0008df4c    00000019     Drv_SCID.obj (.text:SCIDRx_Poll)
                  0008df65    00000019     device.obj (.text:SysCtl_enablePeripheral)
                  0008df7e    00000018     Drv_ADC.obj (.text:Drv_ADC_Init)
                  0008df96    00000017     Drv_PWM.obj (.text:FanPwm_Init)
                  0008dfad    00000017     sysctl.obj (.text:SysCtl_controlCMReset)
                  0008dfc4    00000017     obj_Control.obj (.text:objControl_LedControl)
                  0008dfdb    00000017     rts2800_fpu32_eabi.lib : boot28.asm.obj (.text)
                  0008dff2    00000016     bsp.obj (.text:bsp_clb_pwmEnCtrl)
                  0008e008    00000015     device.obj (.text:Device_bootCM)
                  0008e01d    00000014     Drv_PWM.obj (.text:Drv_Pwm_Init)
                  0008e031    00000012     Drv_PWM.obj (.text:Drv_PWM_SYNC_Init)
                  0008e043    00000011     initial_CLA.obj (.text:cla1Isr1)
                  0008e054    00000011     initial_CLA.obj (.text:cla1Isr8)
                  0008e065    0000000f     Drv_Timer.obj (.text:Drv_Timer_usDelay)
                  0008e074    0000000f     Drv_SCIC.obj (.text:SciC_Poll)
                  0008e083    0000000f     Drv_SCID.obj (.text:SciD_Poll)
                  0008e092    0000000f     initial_CLA.obj (.text:cla1Isr2)
                  0008e0a1    0000000f     initial_CLA.obj (.text:cla1Isr3)
                  0008e0b0    0000000f     initial_CLA.obj (.text:cla1Isr4)
                  0008e0bf    0000000f     initial_CLA.obj (.text:cla1Isr5)
                  0008e0ce    0000000f     initial_CLA.obj (.text:cla1Isr6)
                  0008e0dd    0000000f     initial_CLA.obj (.text:cla1Isr7)
                  0008e0ec    0000000d     Drv_PWM.obj (.text:Drv_PwmOnset)
                  0008e0f9    0000000c     Drv_ADC.obj (.text:Drv_ADCInterrupt_init)
                  0008e105    0000000c     Drv_PWM.obj (.text:Drv_PwmOffset)
                  0008e111    0000000c     Drv_SCIC.obj (.text:Drv_SCICInit)
                  0008e11d    0000000c     Drv_SCID.obj (.text:Drv_SCIDInit)
                  0008e129    0000000c     Drv_PWM.obj (.text:FanPwm_ON)
                  0008e135    0000000c     interrupt.obj (.text:Interrupt_defaultHandler)
                  0008e141    0000000c     rts2800_fpu32_eabi.lib : args_main.c.obj (.text)
                  0008e14d    0000000b     board.obj (.text:Board_init)
                  0008e158    0000000a     Drv_LED.obj (.text:Drv_Led_toggle)
                  0008e162    0000000a     interrupt.obj (.text:Interrupt_illegalOperationHandler)
                  0008e16c    0000000a     interrupt.obj (.text:Interrupt_nmiHandler)
                  0008e176    00000009     rts2800_fpu32_eabi.lib : _lock.c.obj (.text)
                  0008e17f    00000008                            : copy_decompress_none.c.obj (.text:decompress:none)
                  0008e187    00000008     f2838x_codestartbranch.obj (.text)
                  0008e18f    00000007     Drv_PWM.obj (.text:FanPwm_SpeedCtrl)
                  0008e196    00000007     rts2800_fpu32_eabi.lib : memset.c.obj (.text)
                  0008e19d    00000006                            : copy_zero_init.c.obj (.text:decompress:ZI)
                  0008e1a3    00000005     pwm_master_sync.obj (.text:PWM_MasterSync_Init)
                  0008e1a8    00000004     Drv_PWM.obj (.text:PWMEN_Close)
                  0008e1ac    00000004     Drv_PWM.obj (.text:PWMEN_Open)
                  0008e1b0    00000003     device.obj (.text:__error__)
                  0008e1b3    00000002     pwm_master_sync.obj (.text:EPWM_isBaseValid)
                  0008e1b5    00000002     rts2800_fpu32_eabi.lib : pre_init.c.obj (.text)
                  0008e1b7    00000001                            : startup.c.obj (.text)

MODULE SUMMARY

       Module                       code    ro data   rw data
       ------                       ----    -------   -------
    .\
       main.obj                     70      0         0      
    +--+----------------------------+-------+---------+---------+
       Total:                       70      0         0      
                                                             
    .\App\
       obj_OutMeter.obj             2905    0         353    
       obj_Control.obj              1862    0         198    
       pwm_master_sync.obj          1658    67        34     
       bsp.obj                      833     0         224    
       obj_Protect.obj              757     0         24     
       pwm_slave_sync.obj           717     0         18     
       obj_ipc.obj                  270     0         298    
    +--+----------------------------+-------+---------+---------+
       Total:                       9002    67        1149   
                                                             
    .\CLA\
       claAlg.obj                   8988    0         90     
       initial_CLA.obj              400     0         410    
    +--+----------------------------+-------+---------+---------+
       Total:                       9388    0         500    
                                                             
    .\Driver\
       Drv_PWM.obj                  1808    67        6      
       Drv_SCIC.obj                 419     0         518    
       Drv_SCID.obj                 355     0         518    
       Drv_ADC.obj                  651     0         14     
       Drv_tca9535_IO1.obj          369     0         4      
       Drv_tca9535_IO2.obj          369     0         4      
       Drv_DO.obj                   275     0         0      
       Drv_Timer.obj                242     0         18     
       Drv_SCIB.obj                 245     0         4      
       Drv_EtherNet.obj             124     0         0      
       Drv_DIN.obj                  111     0         0      
       Drv_W5500.obj                107     0         0      
       Drv_LED.obj                  77      0         0      
       Drv_I2CA.obj                 38      0         0      
    +--+----------------------------+-------+---------+---------+
       Total:                       5190    67        1086   
                                                             
    .\Driver\device\
       device.obj                   613     0         0      
       f2838x_codestartbranch.obj   10      0         0      
    +--+----------------------------+-------+---------+---------+
       Total:                       623     0         0      
                                                             
    .\Driver\device\driverlib\
       sysctl.obj                   1536    69        0      
       ipc.obj                      212     169       544    
       dcc.obj                      656     67        0      
       sci.obj                      544     67        0      
       clb.obj                      542     67        0      
       flash.obj                    418     71        0      
       interrupt.obj                379     39        0      
       memcfg.obj                   323     36        0      
       gpio.obj                     265     68        0      
       adc.obj                      235     33        0      
       cla.obj                      28      0         0      
    +--+----------------------------+-------+---------+---------+
       Total:                       5138    686       544    
                                                             
    .\syscfg\
       clb_config.obj               4056    66        128    
       board.obj                    680     0         0      
    +--+----------------------------+-------+---------+---------+
       Total:                       4736    66        128    
                                                             
    C:\ti\ccs1280\ccs\tools\compiler\ti-cgt-c2000_22.6.1.LTS\lib\rts2800_fpu32_eabi.lib
       copy_decompress_lzss.c.obj   48      0         0      
       exit.c.obj                   41      0         6      
       autoinit.c.obj               43      0         0      
       memcpy.c.obj                 29      0         0      
       boot28.asm.obj               23      0         0      
       _lock.c.obj                  9       0         4      
       args_main.c.obj              12      0         0      
       copy_decompress_none.c.obj   8       0         0      
       memset.c.obj                 7       0         0      
       copy_zero_init.c.obj         6       0         0      
       pre_init.c.obj               2       0         0      
       startup.c.obj                1       0         0      
    +--+----------------------------+-------+---------+---------+
       Total:                       229     0         10     
                                                             
    D:/workspace/CCS/PCS150KW_c28x_cpu1_V4.0/libraries/FPUfastRTS/rts2800_fpu32_fast_supplement_eabi.lib
       logtable_f32.obj             0       208       0      
       log_f32.obj                  56      0         0      
    +--+----------------------------+-------+---------+---------+
       Total:                       56      208       0      
                                                             
       Stack:                       0       0         512    
       Linker Generated:            0       96        0      
    +--+----------------------------+-------+---------+---------+
       Grand Total:                 34432   1190      3929   


LINKER GENERATED COPY TABLES

__TI_cinit_table @ 000a11d4 records: 7, size/record: 4, table size: 28
	.data: load addr=000a1190, load size=00000026 bytes, run addr=0000a000, run size=00000511 bytes, compression=lzss
	.bss.1: load addr=000a11bc, load size=00000004 bytes, run addr=00009000, run size=0000017e bytes, compression=zero_init
	.bss.2: load addr=000a11c0, load size=00000004 bytes, run addr=00009180, run size=000000f8 bytes, compression=zero_init
	.bss.3: load addr=000a11c4, load size=00000004 bytes, run addr=00009280, run size=000000be bytes, compression=zero_init
	.bss_cla: load addr=000a11c8, load size=00000004 bytes, run addr=000089e8, run size=00000030 bytes, compression=zero_init
	.scratchpad: load addr=000a11cc, load size=00000004 bytes, run addr=00008a18, run size=0000000e bytes, compression=zero_init
	CLADataLS1: load addr=000a11d0, load size=00000004 bytes, run addr=00008900, run size=000000e8 bytes, compression=zero_init


LINKER GENERATED HANDLER TABLE

__TI_handler_table @ 000a11b6 records: 3, size/record: 2, table size: 6
	index: 0, handler: __TI_zero_init
	index: 1, handler: __TI_decompress_lzss
	index: 2, handler: __TI_decompress_none


GLOBAL DATA SYMBOLS: SORTED BY DATA PAGE

address     data page           name
--------    ----------------    ----
00000400      10 (00000400)     __stack

00001480      52 (00001480)     tCla2Cpu

00001500      54 (00001500)     tCpu2Cla

00008900     224 (00008900)     tClaPrivate

000089e8     227 (000089c0)     PCS_iGrid_dq0_pos
000089f2     227 (000089c0)     PCS_iInv_dq0_pos
000089fc     227 (000089c0)     PCS_vInv_dq0

00008a06     228 (00008a00)     PCS_vGrid_Clark
00008a0c     228 (00008a00)     PCS_vGrid_Park_n
00008a12     228 (00008a00)     PCS_vGrid_Park_p

00009040     241 (00009040)     Pcs_MeasAnalyzer_A

00009080     242 (00009080)     Pcs_MeasAnalyzer_B

000090c0     243 (000090c0)     Pcs_MeasAnalyzer_C

00009100     244 (00009100)     Pcs_Output_Meter

0000914e     245 (00009140)     debugpData
00009176     245 (00009140)     ad_ntc1
0000917a     245 (00009140)     ad_ntc2

00009180     246 (00009180)     Cpu1Ipc_cpu2cm

00009200     248 (00009200)     Cpu1Ipc_cm2cpu

00009260     249 (00009240)     m_st_TimerFlag
00009270     249 (00009240)     ad_vol

00009280     24a (00009280)     Cnt_PwmEnDelay
00009282     24a (00009280)     PhaseErr
0000928c     24a (00009280)     Pcs_Localpllfo
0000928e     24a (00009280)     Pcs_Gridpllfo
00009290     24a (00009280)     PCS_rgen
00009296     24a (00009280)     Pcs_GridRef_alphaBeta
0000929c     24a (00009280)     Pcs_GridRef_dq0_pos
000092a2     24a (00009280)     Pcs_GridRef_dq0_neg
000092a8     24a (00009280)     PCS_InteRef_dq0_pos

000092c0     24b (000092c0)     PCS_spll_3ph_rgen

00009300     24c (00009300)     PCS_spll_3ph_grid

0000a000     280 (0000a000)     SCIC_RxBuf

0000a100     284 (0000a100)     SCIC_TxBuf

0000a200     288 (0000a200)     SCID_RxBuf

0000a300     28c (0000a300)     SCID_TxBuf

0000a400     290 (0000a400)     g_pwmScopeDebugEnable
0000a401     290 (0000a400)     g_pwmScopeDebugState
0000a402     290 (0000a400)     g_pwmScopeDebugCmpTicks
0000a403     290 (0000a400)     g_pwmScopeDebugForceConfig
0000a404     290 (0000a400)     g_pwmScopeDebugGpioMode
0000a405     290 (0000a400)     g_pwmScopeDebugEpwmToggleMode
0000a406     290 (0000a400)     g_pwmScopeDebugForceReload
0000a407     290 (0000a400)     g_pwmScopeDebugLastToggleMode
0000a408     290 (0000a400)     g_masterPwmLocked
0000a409     290 (0000a400)     g_masterPwmApplySync
0000a40a     290 (0000a400)     g_pwmScopeDebugPpsCount
0000a40c     290 (0000a400)     g_pwmScopeDebugConfigCount
0000a40e     290 (0000a400)     g_pwmScopeDebugServiceCount
0000a410     290 (0000a400)     g_masterPpsCapCount
0000a412     290 (0000a400)     g_masterPwmPhaseErrTicks
0000a414     290 (0000a400)     g_masterPwmPhaseErrNs
0000a416     290 (0000a400)     g_masterPwmLockCount
0000a418     290 (0000a400)     g_masterPwmSkipCount
0000a41a     290 (0000a400)     g_masterPwmPhaseOffsetNs
0000a41c     290 (0000a400)     g_masterPwmLockThresholdNs
0000a41e     290 (0000a400)     g_masterPwmMaxStepNs
0000a422     290 (0000a400)     CLBTILE5HLCInstr

0000a442     291 (0000a440)     CLBTILE6HLCInstr
0000a462     291 (0000a440)     CLBTILE7HLCInstr

0000a482     292 (0000a480)     CLBTILE8HLCInstr
0000a4ae     292 (0000a480)     epwm1TZIntCount
0000a4b2     292 (0000a480)     epwm1TZIntCount_CBC

0000a4c0     293 (0000a4c0)     g_slavePwmLocked
0000a4c1     293 (0000a4c0)     g_slavePwmApplySync
0000a4c2     293 (0000a4c0)     g_slavePpsCapCount
0000a4c4     293 (0000a4c0)     g_slavePwmPhaseErrTicks
0000a4c6     293 (0000a4c0)     g_slavePwmPhaseErrNs
0000a4c8     293 (0000a4c0)     g_slavePwmLockCount
0000a4ca     293 (0000a4c0)     g_slavePwmSkipCount
0000a4cc     293 (0000a4c0)     g_slavePwmPhaseOffsetNs
0000a4ce     293 (0000a4c0)     g_slavePwmLockThresholdNs
0000a4d0     293 (0000a4c0)     g_slavePwmMaxStepNs
0000a4de     293 (0000a4c0)     g_pwmLastGateCmd
0000a4e0     293 (0000a4c0)     g_pwmOnsetCount
0000a4e2     293 (0000a4c0)     g_pwmOffsetCount
0000a4e4     293 (0000a4c0)     SCIC_RxCnt
0000a4e5     293 (0000a4c0)     SCIC_TxCnt
0000a4e6     293 (0000a4c0)     SCIC_TxFlag
0000a4e8     293 (0000a4c0)     SCIC_RxTimeOut
0000a4ea     293 (0000a4c0)     SCID_RxCnt
0000a4eb     293 (0000a4c0)     SCID_TxCnt
0000a4ec     293 (0000a4c0)     SCID_TxFlag
0000a4ee     293 (0000a4c0)     SCID_RxTimeOut
0000a4f6     293 (0000a4c0)     __TI_enable_exit_profile_output
0000a4f8     293 (0000a4c0)     __TI_cleanup_ptr
0000a4fa     293 (0000a4c0)     __TI_dtors_ptr
0000a4fc     293 (0000a4c0)     SCIB_RxCnt
0000a4fd     293 (0000a4c0)     check_Sum
0000a4fe     293 (0000a4c0)     SCIB_RxTimeOut

0000a508     294 (0000a500)     cpu1_u32_TimerCnt
0000a50a     294 (0000a500)     _lock
0000a50c     294 (0000a500)     _unlock
0000a50e     294 (0000a500)     IpcCm2Cpu_ErrCnt
0000a50f     294 (0000a500)     ipcTx_flag

00038000     e00 (00038000)     IPC_CPU_To_CM_GetBuffer

00039000     e40 (00039000)     ptDataCpu1ToCm

00039100     e44 (00039100)     IPC_CPU_To_CM_PutBuffer

0003a000     e80 (0003a000)     IPC_CPU1_To_CPU2_PutBuffer

0003b000     ec0 (0003b000)     IPC_CPU1_To_CPU2_GetBuffer

000a8000    2a00 (000a8000)     IPC_Instance

000a8380    2a0e (000a8380)     FPU32LOG2
000a8382    2a0e (000a8380)     FPU32INVLOG10
000a8384    2a0e (000a8380)     FPU32EXPBIAS
000a8386    2a0e (000a8380)     FPU32LOG_TABLE_MASK1
000a8388    2a0e (000a8380)     FPU32LOG_TABLE_MASK2
000a838a    2a0e (000a8380)     FPU32logTable

000a8450    2a11 (000a8440)     FPU32logTableEnd


GLOBAL SYMBOLS: SORTED ALPHABETICALLY BY Name 

page  address   name                             
----  -------   ----                             
0     0008ca6c  ADC_setINLTrim                   
0     0008d714  ADC_setMode                      
0     0008cda9  ADC_setOffsetTrim                
0     0008db5c  App_AllFault_Deal                
0     0008ccff  App_AllFault_Reset               
0     0008e14d  Board_init                       
0     0008dc5c  C$$EXIT                          
abs   00000100  CLA_SCRATCHPAD_SIZE              
0     0008de26  CLA_setTriggerSource             
0     0000a422  CLBTILE5HLCInstr                 
0     0000a442  CLBTILE6HLCInstr                 
0     0000a462  CLBTILE7HLCInstr                 
0     0000a482  CLBTILE8HLCInstr                 
0     00089f97  CLB_configCounterLoadMatch       
abs   00000000  Cla1ConstLoadSize                
0     00008800  Cla1ConstLoadStart               
0     00008800  Cla1ConstRunStart                
0     0000b2f0  Cla1Task1                        
0     0000b95e  Cla1Task2                        
0     0000b966  Cla1Task3                        
0     0000b96e  Cla1Task4                        
0     0000b976  Cla1Task5                        
0     0000b97e  Cla1Task6                        
0     0000b986  Cla1Task7                        
0     0000b94e  Cla1Task8                        
0     000a118e  Cla1funcsLoadEnd                 
abs   0000118e  Cla1funcsLoadSize                
0     000a0000  Cla1funcsLoadStart               
0     0000a800  Cla1funcsRunStart                
0     00009280  Cnt_PwmEnDelay                   
0     00009200  Cpu1Ipc_cm2cpu                   
0     00009180  Cpu1Ipc_cpu2cm                   
0     00089d07  DCC_verifyClockFrequency         
0     0008e008  Device_bootCM                    
0     0008acee  Device_enableAllPeripherals      
0     0008de7a  Device_enableUnbondedGPIOPullups 
0     0008c334  Device_init                      
0     0008ddce  Device_initGPIO                  
0     0008de5e  Device_verifyXTAL                
0     0008bf42  Drv_ADCA_init                    
0     0008c492  Drv_ADCB_init                    
0     0008c502  Drv_ADCC_init                    
0     0008c572  Drv_ADCD_init                    
0     0008e0f9  Drv_ADCInterrupt_init            
0     0008df7e  Drv_ADC_Init                     
0     0008cea1  Drv_AD_Switch_Read               
0     0008de95  Drv_ClockCntInit                 
0     0008b5a5  Drv_DO_Init                      
0     0008c5e2  Drv_DinPin_Init                  
0     0008c1c4  Drv_EtherNetPinInit              
0     0008dcfd  Drv_I2CAPin_Init                 
0     0008d2a7  Drv_LedPin_Init                  
0     0008e158  Drv_Led_toggle                   
0     0008cacb  Drv_PWM_ParamInit                
0     0008e031  Drv_PWM_SYNC_Init                
0     0008e105  Drv_PwmOffset                    
0     0008e0ec  Drv_PwmOnset                     
0     0008b3ef  Drv_PwmPin_Init                  
0     0008e01d  Drv_Pwm_Init                     
0     0008c86c  Drv_RelaySet                     
0     0008e111  Drv_SCICInit                     
0     0008d3f1  Drv_SCICPin_Init                 
0     0008daac  Drv_SCIC_WriteDataBuf            
0     0008e11d  Drv_SCIDInit                     
0     0008dad8  Drv_SCID_WriteDataBuf            
0     0008b6f4  Drv_Timer_ClockMaintain          
0     0008dd23  Drv_Timer_IntMaintain            
0     0008e065  Drv_Timer_usDelay                
0     0008c72b  Drv_W5500Pin_Init                
0     0008d32d  Drv_adcA1ISR                     
0     000a8384  FPU32EXPBIAS                     
0     000a8382  FPU32INVLOG10                    
0     000a8380  FPU32LOG2                        
0     000a8386  FPU32LOG_TABLE_MASK1             
0     000a8388  FPU32LOG_TABLE_MASK2             
0     000a838a  FPU32logTable                    
0     000a8450  FPU32logTableEnd                 
0     0008df96  FanPwm_Init                      
0     0008e129  FanPwm_ON                        
0     0008e18f  FanPwm_SpeedCtrl                 
0     0008d530  FaultMonitor_ACCurrentOver       
0     0008cef0  FaultMonitor_ACOverVoltage       
0     0008cd55  FaultMonitor_ACUnderVoltage      
0     0008ca09  FaultMonitor_ACVoltageUnbanlance 
0     0008db87  FaultMonitor_AmbOverTemp         
0     0008d56e  FaultMonitor_DCCurrentOver       
0     0008da7f  FaultMonitor_DCRPFault           
0     0008d69f  FaultMonitor_DCVoltageOver       
0     0008d36f  FaultMonitor_DCVoltageUnbanlance 
0     0008dbb2  FaultMonitor_IgbtOverTemp        
0     0008d071  FaultMonitor_PhaseSequence       
0     0000c000  Flash_initModule                 
0     0008d991  GPIO_setControllerCore           
0     0008db04  GPIO_setDirectionMode            
0     0008cf8d  GPIO_setPadConfig                
0     0008d9c1  GPIO_setPinConfig                
0     0008d9f1  GPIO_setQualificationMode        
0     0008deb0  GloabParam_Init                  
0     0003b000  IPC_CPU1_To_CPU2_GetBuffer       
0     0003a000  IPC_CPU1_To_CPU2_PutBuffer       
0     00038000  IPC_CPU_To_CM_GetBuffer          
0     00039100  IPC_CPU_To_CM_PutBuffer          
0     0008c240  IPC_ISR0                         
0     000a8000  IPC_Instance                     
0     0008dc33  IPC_readCommand                  
0     0008d4f1  IPC_registerInterrupt            
0     0008da51  IPC_sendCommand                  
0     0008d5ac  IPC_unregisterInterrupt          
0     0008e135  Interrupt_defaultHandler         
0     0008cf3f  Interrupt_disable                
0     0008d7f5  Interrupt_enable                 
0     0008e162  Interrupt_illegalOperationHandler
0     0008d3b0  Interrupt_initModule             
0     0008ddec  Interrupt_initVectorTable        
0     0008e16c  Interrupt_nmiHandler             
0     0000a50e  IpcCm2Cpu_ErrCnt                 
0     0008c3ac  MemCfg_getInitStatus             
0     0008c9a5  MemCfg_initSections              
0     0008c796  MemCfg_setLSRAMControllerSel     
0     0000b8e2  PCS_CLA_Ad2Pu                    
0     0000ab04  PCS_CLA_AdSignalsRead            
0     0000b614  PCS_CLA_Int_OnGrid               
0     0000b91a  PCS_CLA_PWMOff                   
0     0000b546  PCS_CLA_ParamInit                
0     0000b016  PCS_CLA_RealTimeData             
0     0000b1a4  PCS_CLA_RunTransform             
0     0000b784  PCS_Int_DCCurrReg                
0     0000b80c  PCS_Int_DCVolReg                 
0     0000b434  PCS_Int_InvCurrReg               
0     0000ad9c  PCS_Int_InvVolReg                
0     0000a800  PCS_Int_PwmCtrl                  
0     000092a8  PCS_InteRef_dq0_pos              
0     0008b8d8  PCS_Spll_Init                    
0     000089e8  PCS_iGrid_dq0_pos                
0     000089f2  PCS_iInv_dq0_pos                 
0     00009290  PCS_rgen                         
0     00009300  PCS_spll_3ph_grid                
0     000092c0  PCS_spll_3ph_rgen                
0     00008a06  PCS_vGrid_Clark                  
0     00008a0c  PCS_vGrid_Park_n                 
0     00008a12  PCS_vGrid_Park_p                 
0     000089fc  PCS_vInv_dq0                     
0     0008d431  PPS_Master_ECAP_ISR              
0     0008d471  PPS_Slave_ECAP_ISR               
0     0008e1a8  PWMEN_Close                      
0     0008e1ac  PWMEN_Open                       
0     0008e1a3  PWM_MasterSync_Init              
0     0008bd9c  PWM_SyncScopeDebug_Service       
0     0008d861  Pcs_AcConstCurrCtrl_SoftStar     
0     0008d895  Pcs_DcConstCurrCtrl_SoftStar     
0     0008d1d8  Pcs_DcConstVolCtrl_SoftStar      
0     0008a3c9  Pcs_GridRef_Pll                  
0     00009296  Pcs_GridRef_alphaBeta            
0     000092a2  Pcs_GridRef_dq0_neg              
0     0000929c  Pcs_GridRef_dq0_pos              
0     0000928e  Pcs_Gridpllfo                    
0     0000b894  Pcs_Int_PQCtrlReg                
0     0008b203  Pcs_InterRef_Gen                 
0     0008d8c9  Pcs_InvCtrl_SoftStar             
0     0000928c  Pcs_Localpllfo                   
0     00009040  Pcs_MeasAnalyzer_A               
0     00009080  Pcs_MeasAnalyzer_B               
0     000090c0  Pcs_MeasAnalyzer_C               
0     00009100  Pcs_Output_Meter                 
0     0008d5ea  Pcs_PQConstCtrl_SoftStar         
0     0008b64e  Pcs_runISR1                      
0     00009282  PhaseErr                         
0     000980d5  RamfuncsLoadEnd                  
abs   000000d5  RamfuncsLoadSize                 
0     00098000  RamfuncsLoadStart                
0     0000c0d5  RamfuncsRunEnd                   
abs   000000d5  RamfuncsRunSize                  
0     0000c000  RamfuncsRunStart                 
0     0008cbe6  SCIBRxISR                        
0     0000a4fc  SCIB_RxCnt                       
0     0000a4fe  SCIB_RxTimeOut                   
0     0008c651  SCICRxISR                        
0     0008df33  SCICRx_Poll                      
0     0000a000  SCIC_RxBuf                       
0     0000a4e4  SCIC_RxCnt                       
0     0000a4e8  SCIC_RxTimeOut                   
0     0000a100  SCIC_TxBuf                       
0     0000a4e5  SCIC_TxCnt                       
0     0000a4e6  SCIC_TxFlag                      
0     0008c6be  SCIDRxISR                        
0     0008df4c  SCIDRx_Poll                      
0     0000a200  SCID_RxBuf                       
0     0000a4ea  SCID_RxCnt                       
0     0000a4ee  SCID_RxTimeOut                   
0     0000a300  SCID_TxBuf                       
0     0000a4eb  SCID_TxCnt                       
0     0000a4ec  SCID_TxFlag                      
0     0008ce4f  SCI_clearInterruptStatus         
0     0008d7be  SCI_disableInterrupt             
0     0008d82b  SCI_enableInterrupt              
0     0008d026  SCI_getInterruptStatus           
0     0008be2c  SCI_setConfig                    
0     0008beb9  SCI_writeCharArray               
0     0008e074  SciC_Poll                        
0     0008e083  SciD_Poll                        
0     0008dfad  SysCtl_controlCMReset            
0     0000c0d1  SysCtl_delay                     
0     0008bfc8  SysCtl_getAuxClock               
0     0008c420  SysCtl_getClock                  
0     0008dd49  SysCtl_getLowSpeedClock          
0     0008ab82  SysCtl_isPLLValid                
0     0008d628  SysCtl_selectOscSource           
0     0008d14c  SysCtl_selectOscSourceAuxPLL     
0     0008d6da  SysCtl_selectXTAL                
0     0008ddaf  SysCtl_selectXTALSingleEnded     
0     0008b2fc  SysCtl_setAuxClock               
0     0008afb1  SysCtl_setClock                  
0     000a11d4  __TI_CINIT_Base                  
0     000a11f0  __TI_CINIT_Limit                 
0     000a11f0  __TI_CINIT_Warm                  
0     000a11b6  __TI_Handler_Table_Base          
0     000a11bc  __TI_Handler_Table_Limit         
0     00000600  __TI_STACK_END                   
abs   00000200  __TI_STACK_SIZE                  
0     0008dbdd  __TI_auto_init_nobinit_nopinit   
0     0000a4f8  __TI_cleanup_ptr                 
0     0008da21  __TI_decompress_lzss             
0     0008e17f  __TI_decompress_none             
0     0000a4fa  __TI_dtors_ptr                   
0     0000a4f6  __TI_enable_exit_profile_output  
abs   ffffffff  __TI_pprof_out_hndl              
abs   ffffffff  __TI_prof_data_size              
abs   ffffffff  __TI_prof_data_start             
0     0008e19d  __TI_zero_init                   
n/a   UNDEFED   __c_args__                       
0     0008e1b0  __error__                        
0     00000400  __stack                          
0     0008e141  _args_main                       
0     0008dfdb  _c_int00                         
0     0000a50a  _lock                            
0     0008e17e  _nop                             
0     0008e17a  _register_lock                   
0     0008e176  _register_unlock                 
0     0008e1b7  _system_post_cinit               
0     0008e1b5  _system_pre_init                 
0     0000a50c  _unlock                          
0     0008dc5c  abort                            
0     00009176  ad_ntc1                          
0     0000917a  ad_ntc2                          
0     00009270  ad_vol                           
0     0008dff2  bsp_clb_pwmEnCtrl                
0     0008b4e1  bsp_init                         
0     0000a4fd  check_Sum                        
0     0008e043  cla1Isr1                         
0     0008e092  cla1Isr2                         
0     0008e0a1  cla1Isr3                         
0     0008e0b0  cla1Isr4                         
0     0008e0bf  cla1Isr5                         
0     0008e0ce  cla1Isr6                         
0     0008e0dd  cla1Isr7                         
0     0008e054  cla1Isr8                         
0     00080000  code_start                       
0     0008c8d6  configClaMemory                  
0     0000a508  cpu1_u32_TimerCnt                
0     0008a7ba  cpu2claParam_Upgrade             
0     0000914e  debugpData                       
0     0000a4ae  epwm1TZIntCount                  
0     0000a4b2  epwm1TZIntCount_CBC              
0     0008dc5e  exit                             
0     0000a410  g_masterPpsCapCount              
0     0000a409  g_masterPwmApplySync             
0     0000a416  g_masterPwmLockCount             
0     0000a41c  g_masterPwmLockThresholdNs       
0     0000a408  g_masterPwmLocked                
0     0000a41e  g_masterPwmMaxStepNs             
0     0000a414  g_masterPwmPhaseErrNs            
0     0000a412  g_masterPwmPhaseErrTicks         
0     0000a41a  g_masterPwmPhaseOffsetNs         
0     0000a418  g_masterPwmSkipCount             
0     0000a4de  g_pwmLastGateCmd                 
0     0000a4e2  g_pwmOffsetCount                 
0     0000a4e0  g_pwmOnsetCount                  
0     0000a402  g_pwmScopeDebugCmpTicks          
0     0000a40c  g_pwmScopeDebugConfigCount       
0     0000a400  g_pwmScopeDebugEnable            
0     0000a405  g_pwmScopeDebugEpwmToggleMode    
0     0000a403  g_pwmScopeDebugForceConfig       
0     0000a406  g_pwmScopeDebugForceReload       
0     0000a404  g_pwmScopeDebugGpioMode          
0     0000a407  g_pwmScopeDebugLastToggleMode    
0     0000a40a  g_pwmScopeDebugPpsCount          
0     0000a40e  g_pwmScopeDebugServiceCount      
0     0000a401  g_pwmScopeDebugState             
0     0000a4c2  g_slavePpsCapCount               
0     0000a4c1  g_slavePwmApplySync              
0     0000a4c8  g_slavePwmLockCount              
0     0000a4ce  g_slavePwmLockThresholdNs        
0     0000a4c0  g_slavePwmLocked                 
0     0000a4d0  g_slavePwmMaxStepNs              
0     0000a4c6  g_slavePwmPhaseErrNs             
0     0000a4c4  g_slavePwmPhaseErrTicks          
0     0000a4cc  g_slavePwmPhaseOffsetNs          
0     0000a4ca  g_slavePwmSkipCount              
0     00088ae7  initCLBTILE5                     
0     00088ec0  initCLBTILE6                     
0     00089299  initCLBTILE7                     
0     00089672  initCLBTILE8                     
0     0008c049  initCpu2Cla1                     
0     0008db30  initial_CLA                      
0     0000a50f  ipcTx_flag                       
0     0008c801  ipc_TxData_Cpu1ToCM              
0     0008dcd5  ipc_init                         
0     0008d786  logf                             
0     00009260  m_st_TimerFlag                   
0     0008d192  main                             
0     0008de09  memcpy                           
0     0008e196  memset                           
0     0008b978  myCLB5_init                      
0     0008ba18  myCLB6_init                      
0     0008b796  myCLB7_init                      
0     0008b837  myCLB8_init                      
0     0008dc08  objControl_DOControl             
0     0008d2ea  objControl_FanControl            
0     0008dfc4  objControl_LedControl            
0     0008b0db  objControl_StateCtrl             
0     0008d4b1  objControl_globalVarInit         
0     0008ae55  obj_PcsOutput_Init               
0     0008cdfc  obj_PcsOutput_PowerMeas          
0     00088000  obj_PcsOutput_PowerMeasAC        
0     00089a4b  obj_PcsOutput_RmsCalc            
0     0008bc7a  obj_PcsOutput_TempCalc           
0     0000b6ce  order1_lowFliter                 
0     00039000  ptDataCpu1ToCm                   
0     00001480  tCla2Cpu                         
0     00008900  tClaPrivate                      
0     00001500  tCpu2Cla                         
0     0008d21d  tca9535_io1_init                 
0     0008c0c8  tca9535_io1_p0Set                
0     0008d262  tca9535_io2_init                 
0     0008c146  tca9535_io2_p0Set                


GLOBAL SYMBOLS: SORTED BY Symbol Address 

page  address   name                             
----  -------   ----                             
0     00000400  __stack                          
0     00000600  __TI_STACK_END                   
0     00001480  tCla2Cpu                         
0     00001500  tCpu2Cla                         
0     00008800  Cla1ConstLoadStart               
0     00008800  Cla1ConstRunStart                
0     00008900  tClaPrivate                      
0     000089e8  PCS_iGrid_dq0_pos                
0     000089f2  PCS_iInv_dq0_pos                 
0     000089fc  PCS_vInv_dq0                     
0     00008a06  PCS_vGrid_Clark                  
0     00008a0c  PCS_vGrid_Park_n                 
0     00008a12  PCS_vGrid_Park_p                 
0     00009040  Pcs_MeasAnalyzer_A               
0     00009080  Pcs_MeasAnalyzer_B               
0     000090c0  Pcs_MeasAnalyzer_C               
0     00009100  Pcs_Output_Meter                 
0     0000914e  debugpData                       
0     00009176  ad_ntc1                          
0     0000917a  ad_ntc2                          
0     00009180  Cpu1Ipc_cpu2cm                   
0     00009200  Cpu1Ipc_cm2cpu                   
0     00009260  m_st_TimerFlag                   
0     00009270  ad_vol                           
0     00009280  Cnt_PwmEnDelay                   
0     00009282  PhaseErr                         
0     0000928c  Pcs_Localpllfo                   
0     0000928e  Pcs_Gridpllfo                    
0     00009290  PCS_rgen                         
0     00009296  Pcs_GridRef_alphaBeta            
0     0000929c  Pcs_GridRef_dq0_pos              
0     000092a2  Pcs_GridRef_dq0_neg              
0     000092a8  PCS_InteRef_dq0_pos              
0     000092c0  PCS_spll_3ph_rgen                
0     00009300  PCS_spll_3ph_grid                
0     0000a000  SCIC_RxBuf                       
0     0000a100  SCIC_TxBuf                       
0     0000a200  SCID_RxBuf                       
0     0000a300  SCID_TxBuf                       
0     0000a400  g_pwmScopeDebugEnable            
0     0000a401  g_pwmScopeDebugState             
0     0000a402  g_pwmScopeDebugCmpTicks          
0     0000a403  g_pwmScopeDebugForceConfig       
0     0000a404  g_pwmScopeDebugGpioMode          
0     0000a405  g_pwmScopeDebugEpwmToggleMode    
0     0000a406  g_pwmScopeDebugForceReload       
0     0000a407  g_pwmScopeDebugLastToggleMode    
0     0000a408  g_masterPwmLocked                
0     0000a409  g_masterPwmApplySync             
0     0000a40a  g_pwmScopeDebugPpsCount          
0     0000a40c  g_pwmScopeDebugConfigCount       
0     0000a40e  g_pwmScopeDebugServiceCount      
0     0000a410  g_masterPpsCapCount              
0     0000a412  g_masterPwmPhaseErrTicks         
0     0000a414  g_masterPwmPhaseErrNs            
0     0000a416  g_masterPwmLockCount             
0     0000a418  g_masterPwmSkipCount             
0     0000a41a  g_masterPwmPhaseOffsetNs         
0     0000a41c  g_masterPwmLockThresholdNs       
0     0000a41e  g_masterPwmMaxStepNs             
0     0000a422  CLBTILE5HLCInstr                 
0     0000a442  CLBTILE6HLCInstr                 
0     0000a462  CLBTILE7HLCInstr                 
0     0000a482  CLBTILE8HLCInstr                 
0     0000a4ae  epwm1TZIntCount                  
0     0000a4b2  epwm1TZIntCount_CBC              
0     0000a4c0  g_slavePwmLocked                 
0     0000a4c1  g_slavePwmApplySync              
0     0000a4c2  g_slavePpsCapCount               
0     0000a4c4  g_slavePwmPhaseErrTicks          
0     0000a4c6  g_slavePwmPhaseErrNs             
0     0000a4c8  g_slavePwmLockCount              
0     0000a4ca  g_slavePwmSkipCount              
0     0000a4cc  g_slavePwmPhaseOffsetNs          
0     0000a4ce  g_slavePwmLockThresholdNs        
0     0000a4d0  g_slavePwmMaxStepNs              
0     0000a4de  g_pwmLastGateCmd                 
0     0000a4e0  g_pwmOnsetCount                  
0     0000a4e2  g_pwmOffsetCount                 
0     0000a4e4  SCIC_RxCnt                       
0     0000a4e5  SCIC_TxCnt                       
0     0000a4e6  SCIC_TxFlag                      
0     0000a4e8  SCIC_RxTimeOut                   
0     0000a4ea  SCID_RxCnt                       
0     0000a4eb  SCID_TxCnt                       
0     0000a4ec  SCID_TxFlag                      
0     0000a4ee  SCID_RxTimeOut                   
0     0000a4f6  __TI_enable_exit_profile_output  
0     0000a4f8  __TI_cleanup_ptr                 
0     0000a4fa  __TI_dtors_ptr                   
0     0000a4fc  SCIB_RxCnt                       
0     0000a4fd  check_Sum                        
0     0000a4fe  SCIB_RxTimeOut                   
0     0000a508  cpu1_u32_TimerCnt                
0     0000a50a  _lock                            
0     0000a50c  _unlock                          
0     0000a50e  IpcCm2Cpu_ErrCnt                 
0     0000a50f  ipcTx_flag                       
0     0000a800  Cla1funcsRunStart                
0     0000a800  PCS_Int_PwmCtrl                  
0     0000ab04  PCS_CLA_AdSignalsRead            
0     0000ad9c  PCS_Int_InvVolReg                
0     0000b016  PCS_CLA_RealTimeData             
0     0000b1a4  PCS_CLA_RunTransform             
0     0000b2f0  Cla1Task1                        
0     0000b434  PCS_Int_InvCurrReg               
0     0000b546  PCS_CLA_ParamInit                
0     0000b614  PCS_CLA_Int_OnGrid               
0     0000b6ce  order1_lowFliter                 
0     0000b784  PCS_Int_DCCurrReg                
0     0000b80c  PCS_Int_DCVolReg                 
0     0000b894  Pcs_Int_PQCtrlReg                
0     0000b8e2  PCS_CLA_Ad2Pu                    
0     0000b91a  PCS_CLA_PWMOff                   
0     0000b94e  Cla1Task8                        
0     0000b95e  Cla1Task2                        
0     0000b966  Cla1Task3                        
0     0000b96e  Cla1Task4                        
0     0000b976  Cla1Task5                        
0     0000b97e  Cla1Task6                        
0     0000b986  Cla1Task7                        
0     0000c000  Flash_initModule                 
0     0000c000  RamfuncsRunStart                 
0     0000c0d1  SysCtl_delay                     
0     0000c0d5  RamfuncsRunEnd                   
0     00038000  IPC_CPU_To_CM_GetBuffer          
0     00039000  ptDataCpu1ToCm                   
0     00039100  IPC_CPU_To_CM_PutBuffer          
0     0003a000  IPC_CPU1_To_CPU2_PutBuffer       
0     0003b000  IPC_CPU1_To_CPU2_GetBuffer       
0     00080000  code_start                       
0     00088000  obj_PcsOutput_PowerMeasAC        
0     00088ae7  initCLBTILE5                     
0     00088ec0  initCLBTILE6                     
0     00089299  initCLBTILE7                     
0     00089672  initCLBTILE8                     
0     00089a4b  obj_PcsOutput_RmsCalc            
0     00089d07  DCC_verifyClockFrequency         
0     00089f97  CLB_configCounterLoadMatch       
0     0008a3c9  Pcs_GridRef_Pll                  
0     0008a7ba  cpu2claParam_Upgrade             
0     0008ab82  SysCtl_isPLLValid                
0     0008acee  Device_enableAllPeripherals      
0     0008ae55  obj_PcsOutput_Init               
0     0008afb1  SysCtl_setClock                  
0     0008b0db  objControl_StateCtrl             
0     0008b203  Pcs_InterRef_Gen                 
0     0008b2fc  SysCtl_setAuxClock               
0     0008b3ef  Drv_PwmPin_Init                  
0     0008b4e1  bsp_init                         
0     0008b5a5  Drv_DO_Init                      
0     0008b64e  Pcs_runISR1                      
0     0008b6f4  Drv_Timer_ClockMaintain          
0     0008b796  myCLB7_init                      
0     0008b837  myCLB8_init                      
0     0008b8d8  PCS_Spll_Init                    
0     0008b978  myCLB5_init                      
0     0008ba18  myCLB6_init                      
0     0008bc7a  obj_PcsOutput_TempCalc           
0     0008bd9c  PWM_SyncScopeDebug_Service       
0     0008be2c  SCI_setConfig                    
0     0008beb9  SCI_writeCharArray               
0     0008bf42  Drv_ADCA_init                    
0     0008bfc8  SysCtl_getAuxClock               
0     0008c049  initCpu2Cla1                     
0     0008c0c8  tca9535_io1_p0Set                
0     0008c146  tca9535_io2_p0Set                
0     0008c1c4  Drv_EtherNetPinInit              
0     0008c240  IPC_ISR0                         
0     0008c334  Device_init                      
0     0008c3ac  MemCfg_getInitStatus             
0     0008c420  SysCtl_getClock                  
0     0008c492  Drv_ADCB_init                    
0     0008c502  Drv_ADCC_init                    
0     0008c572  Drv_ADCD_init                    
0     0008c5e2  Drv_DinPin_Init                  
0     0008c651  SCICRxISR                        
0     0008c6be  SCIDRxISR                        
0     0008c72b  Drv_W5500Pin_Init                
0     0008c796  MemCfg_setLSRAMControllerSel     
0     0008c801  ipc_TxData_Cpu1ToCM              
0     0008c86c  Drv_RelaySet                     
0     0008c8d6  configClaMemory                  
0     0008c9a5  MemCfg_initSections              
0     0008ca09  FaultMonitor_ACVoltageUnbanlance 
0     0008ca6c  ADC_setINLTrim                   
0     0008cacb  Drv_PWM_ParamInit                
0     0008cbe6  SCIBRxISR                        
0     0008ccff  App_AllFault_Reset               
0     0008cd55  FaultMonitor_ACUnderVoltage      
0     0008cda9  ADC_setOffsetTrim                
0     0008cdfc  obj_PcsOutput_PowerMeas          
0     0008ce4f  SCI_clearInterruptStatus         
0     0008cea1  Drv_AD_Switch_Read               
0     0008cef0  FaultMonitor_ACOverVoltage       
0     0008cf3f  Interrupt_disable                
0     0008cf8d  GPIO_setPadConfig                
0     0008d026  SCI_getInterruptStatus           
0     0008d071  FaultMonitor_PhaseSequence       
0     0008d14c  SysCtl_selectOscSourceAuxPLL     
0     0008d192  main                             
0     0008d1d8  Pcs_DcConstVolCtrl_SoftStar      
0     0008d21d  tca9535_io1_init                 
0     0008d262  tca9535_io2_init                 
0     0008d2a7  Drv_LedPin_Init                  
0     0008d2ea  objControl_FanControl            
0     0008d32d  Drv_adcA1ISR                     
0     0008d36f  FaultMonitor_DCVoltageUnbanlance 
0     0008d3b0  Interrupt_initModule             
0     0008d3f1  Drv_SCICPin_Init                 
0     0008d431  PPS_Master_ECAP_ISR              
0     0008d471  PPS_Slave_ECAP_ISR               
0     0008d4b1  objControl_globalVarInit         
0     0008d4f1  IPC_registerInterrupt            
0     0008d530  FaultMonitor_ACCurrentOver       
0     0008d56e  FaultMonitor_DCCurrentOver       
0     0008d5ac  IPC_unregisterInterrupt          
0     0008d5ea  Pcs_PQConstCtrl_SoftStar         
0     0008d628  SysCtl_selectOscSource           
0     0008d69f  FaultMonitor_DCVoltageOver       
0     0008d6da  SysCtl_selectXTAL                
0     0008d714  ADC_setMode                      
0     0008d786  logf                             
0     0008d7be  SCI_disableInterrupt             
0     0008d7f5  Interrupt_enable                 
0     0008d82b  SCI_enableInterrupt              
0     0008d861  Pcs_AcConstCurrCtrl_SoftStar     
0     0008d895  Pcs_DcConstCurrCtrl_SoftStar     
0     0008d8c9  Pcs_InvCtrl_SoftStar             
0     0008d991  GPIO_setControllerCore           
0     0008d9c1  GPIO_setPinConfig                
0     0008d9f1  GPIO_setQualificationMode        
0     0008da21  __TI_decompress_lzss             
0     0008da51  IPC_sendCommand                  
0     0008da7f  FaultMonitor_DCRPFault           
0     0008daac  Drv_SCIC_WriteDataBuf            
0     0008dad8  Drv_SCID_WriteDataBuf            
0     0008db04  GPIO_setDirectionMode            
0     0008db30  initial_CLA                      
0     0008db5c  App_AllFault_Deal                
0     0008db87  FaultMonitor_AmbOverTemp         
0     0008dbb2  FaultMonitor_IgbtOverTemp        
0     0008dbdd  __TI_auto_init_nobinit_nopinit   
0     0008dc08  objControl_DOControl             
0     0008dc33  IPC_readCommand                  
0     0008dc5c  C$$EXIT                          
0     0008dc5c  abort                            
0     0008dc5e  exit                             
0     0008dcd5  ipc_init                         
0     0008dcfd  Drv_I2CAPin_Init                 
0     0008dd23  Drv_Timer_IntMaintain            
0     0008dd49  SysCtl_getLowSpeedClock          
0     0008ddaf  SysCtl_selectXTALSingleEnded     
0     0008ddce  Device_initGPIO                  
0     0008ddec  Interrupt_initVectorTable        
0     0008de09  memcpy                           
0     0008de26  CLA_setTriggerSource             
0     0008de5e  Device_verifyXTAL                
0     0008de7a  Device_enableUnbondedGPIOPullups 
0     0008de95  Drv_ClockCntInit                 
0     0008deb0  GloabParam_Init                  
0     0008df33  SCICRx_Poll                      
0     0008df4c  SCIDRx_Poll                      
0     0008df7e  Drv_ADC_Init                     
0     0008df96  FanPwm_Init                      
0     0008dfad  SysCtl_controlCMReset            
0     0008dfc4  objControl_LedControl            
0     0008dfdb  _c_int00                         
0     0008dff2  bsp_clb_pwmEnCtrl                
0     0008e008  Device_bootCM                    
0     0008e01d  Drv_Pwm_Init                     
0     0008e031  Drv_PWM_SYNC_Init                
0     0008e043  cla1Isr1                         
0     0008e054  cla1Isr8                         
0     0008e065  Drv_Timer_usDelay                
0     0008e074  SciC_Poll                        
0     0008e083  SciD_Poll                        
0     0008e092  cla1Isr2                         
0     0008e0a1  cla1Isr3                         
0     0008e0b0  cla1Isr4                         
0     0008e0bf  cla1Isr5                         
0     0008e0ce  cla1Isr6                         
0     0008e0dd  cla1Isr7                         
0     0008e0ec  Drv_PwmOnset                     
0     0008e0f9  Drv_ADCInterrupt_init            
0     0008e105  Drv_PwmOffset                    
0     0008e111  Drv_SCICInit                     
0     0008e11d  Drv_SCIDInit                     
0     0008e129  FanPwm_ON                        
0     0008e135  Interrupt_defaultHandler         
0     0008e141  _args_main                       
0     0008e14d  Board_init                       
0     0008e158  Drv_Led_toggle                   
0     0008e162  Interrupt_illegalOperationHandler
0     0008e16c  Interrupt_nmiHandler             
0     0008e176  _register_unlock                 
0     0008e17a  _register_lock                   
0     0008e17e  _nop                             
0     0008e17f  __TI_decompress_none             
0     0008e18f  FanPwm_SpeedCtrl                 
0     0008e196  memset                           
0     0008e19d  __TI_zero_init                   
0     0008e1a3  PWM_MasterSync_Init              
0     0008e1a8  PWMEN_Close                      
0     0008e1ac  PWMEN_Open                       
0     0008e1b0  __error__                        
0     0008e1b5  _system_pre_init                 
0     0008e1b7  _system_post_cinit               
0     00098000  RamfuncsLoadStart                
0     000980d5  RamfuncsLoadEnd                  
0     000a0000  Cla1funcsLoadStart               
0     000a118e  Cla1funcsLoadEnd                 
0     000a11b6  __TI_Handler_Table_Base          
0     000a11bc  __TI_Handler_Table_Limit         
0     000a11d4  __TI_CINIT_Base                  
0     000a11f0  __TI_CINIT_Limit                 
0     000a11f0  __TI_CINIT_Warm                  
0     000a8000  IPC_Instance                     
0     000a8380  FPU32LOG2                        
0     000a8382  FPU32INVLOG10                    
0     000a8384  FPU32EXPBIAS                     
0     000a8386  FPU32LOG_TABLE_MASK1             
0     000a8388  FPU32LOG_TABLE_MASK2             
0     000a838a  FPU32logTable                    
0     000a8450  FPU32logTableEnd                 
abs   00000000  Cla1ConstLoadSize                
abs   000000d5  RamfuncsLoadSize                 
abs   000000d5  RamfuncsRunSize                  
abs   00000100  CLA_SCRATCHPAD_SIZE              
abs   00000200  __TI_STACK_SIZE                  
abs   0000118e  Cla1funcsLoadSize                
abs   ffffffff  __TI_pprof_out_hndl              
abs   ffffffff  __TI_prof_data_size              
abs   ffffffff  __TI_prof_data_start             
n/a   UNDEFED   __c_args__                       

[335 symbols]
