******************************************************************************
                  TI ARM Linker PC v20.2.7                     
******************************************************************************
>> Linked Wed Apr 22 12:47:29 2026

OUTPUT FILE NAME:   <ethernet_ex4_ptp_basic_master.out>
ENTRY POINT SYMBOL: "_c_int00_noargs"  address: 00203079


MEMORY CONFIGURATION

         name            origin    length      used     unused   attr    fill
----------------------  --------  ---------  --------  --------  ----  --------
  CMBANK0_RESETISR      00200000   00000008  00000006  00000002  RWIX
  CMBANK0_SECTOR0       00200008   00003ff8  00003320  00000cd8  RWIX
  CMBANK0_SECTOR1       00204000   00004000  00000000  00004000  RWIX
  CMBANK0_SECTOR2       00208000   00004000  00000000  00004000  RWIX
  CMBANK0_SECTOR3       0020c000   00004000  00000000  00004000  RWIX
  CMBANK0_SECTOR4       00210000   00010000  00000000  00010000  RWIX
  CMBANK0_SECTOR5       00220000   00010000  00000000  00010000  RWIX
  CMBANK0_SECTOR6       00230000   00010000  00000000  00010000  RWIX
  CMBANK0_SECTOR7       00240000   00010000  00000000  00010000  RWIX
  CMBANK0_SECTOR8       00250000   00010000  00000000  00010000  RWIX
  CMBANK0_SECTOR9       00260000   00010000  00000000  00010000  RWIX
  CMBANK0_SECTOR10      00270000   00004000  00000000  00004000  RWIX
  CMBANK0_SECTOR11      00274000   00004000  00000000  00004000  RWIX
  CMBANK0_SECTOR12      00278000   00004000  00000000  00004000  RWIX
  CMBANK0_SECTOR13      0027c000   00004000  00000000  00004000  RWIX
  C1RAM                 1fffc000   00002000  00000400  00001c00  RWIX
  C0RAM                 1fffe000   00002000  00000158  00001ea8  RWIX
  BOOT_RSVD             20000000   00000800  00000000  00000800  RWIX
  S0RAM                 20000800   00003800  00000140  000036c0  RWIX
  S1RAM                 20004000   00004000  00000000  00004000  RWIX
  S2RAM                 20008000   00004000  00000000  00004000  RWIX
  S3RAM                 2000c000   00004000  00000ea0  00003160  RWIX
  E0RAM                 20010000   00004000  00000000  00004000  RWIX
  CPU1TOCMMSGRAM0       20080000   00000800  00000000  00000800  RWIX
  CPU1TOCMMSGRAM1       20080800   00000800  00000000  00000800  RWIX
  CMTOCPU1MSGRAM0       20082000   00000800  00000000  00000800  RWIX
  CMTOCPU1MSGRAM1       20082800   00000800  00000000  00000800  RWIX
  CPU2TOCMMSGRAM0       20084000   00000800  00000000  00000800  RWIX
  CPU2TOCMMSGRAM1       20084800   00000800  00000000  00000800  RWIX
  CMTOCPU2MSGRAM0       20086000   00000800  00000000  00000800  RWIX
  CMTOCPU2MSGRAM1       20086800   00000800  00000000  00000800  RWIX


SEGMENT ALLOCATION MAP

run origin  load origin   length   init length attrs members
----------  ----------- ---------- ----------- ----- -------
00200000    00200000    00000006   00000006    r-x
  00200000    00200000    00000006   00000006    r-x .resetisr
00200170    00200170    00000290   00000290    r-x
  00200170    00200170    00000290   00000290    r-x .text.1
00200400    00200400    00002ef8   00002ef8    r-x
  00200400    00200400    00000140   00000140    r-- .vftable
  00200540    00200540    00002db8   00002db8    r-x .text.2
00203300    00203300    00000040   00000040    r--
  00203300    00203300    00000040   00000040    r-- .cinit
1fffc000    1fffc000    00000400   00000000    rw-
  1fffc000    1fffc000    00000400   00000000    rw- .stack
1fffe000    00200010    00000158   00000158    r-x
  1fffe000    00200010    00000158   00000158    r-x .TI.ramfunc
20000800    20000800    00000140   00000000    rw-
  20000800    20000800    00000140   00000000    rw- .vtable
2000c000    2000c000    00000ea0   00000000    rw-
  2000c000    2000c000    00000d28   00000000    rw- .bss
  2000cd28    2000cd28    00000178   00000000    rw- .data


SECTION ALLOCATION MAP

 output                                  attributes/
section   page    origin      length       input sections
--------  ----  ----------  ----------   ----------------
.resetisr 
*          0    00200000    00000006     
                  00200000    00000006     startup_cm.obj (.resetisr:resetISR)

.vftable   0    00200400    00000140     
                  00200400    00000140     startup_cm.obj (.vftable:retain)

.cinit     0    00203300    00000040     
                  00203300    0000000c     (__TI_handler_table)
                  0020330c    00000009     (.cinit..data.load) [load image, compression = lzss]
                  00203315    00000003     --HOLE-- [fill = 0]
                  00203318    00000008     (.cinit..bss.load) [load image, compression = zero_init]
                  00203320    00000008     (.cinit..vtable.load) [load image, compression = zero_init]
                  00203328    00000018     (__TI_cinit_table)

.vtable    0    20000800    00000140     UNINITIALIZED
                  20000800    00000140     driverlib_cm.lib : interrupt.obj (.vtable)

.stack     0    1fffc000    00000400     UNINITIALIZED
                  1fffc000    00000004     rtsv7M4_T_le_eabi.lib : boot_cortex_m.c.obj (.stack)
                  1fffc004    000003fc     --HOLE--

.bss       0    2000c000    00000d28     UNINITIALIZED
                  2000c000    00000640     (.common:Ethernet_rxBuffer)
                  2000c640    0000025c     (.common:Ethernet_device_struct)
                  2000c89c    00000240     (.common:pktDescriptorRXCustom)
                  2000cadc    00000200     (.common:Ethernet_descArray)
                  2000ccdc    00000048     (.common:gPktDesc)
                  2000cd24    00000004     main_master.obj (.bss)

.data      0    2000cd28    00000178     UNINITIALIZED
                  2000cd28    000000c8     main_master.obj (.data:gMsgBuf)
                  2000cdf0    0000005c     driverlib_cm.lib : ethernet.obj (.data)
                  2000ce4c    00000054     main_master.obj (.data:gPtpMasterState)

.TI.ramfunc 
*          0    00200010    00000158     RUN ADDR = 1fffe000
                  00200010    00000070     driverlib_cm.lib : flash.obj (.TI.ramfunc:Flash_initModule)
                  00200080    00000008                      : flash.obj (.tramp.Flash_unlockCtrlRegisters.1)
                  00200088    00000008                      : flash.obj (.tramp.Flash_unlockECCRegisters.1)
                  00200090    00000030                      : flash.obj (.TI.ramfunc:Flash_setBankPowerMode)
                  002000c0    00000020                      : flash.obj (.TI.ramfunc:Flash_setPumpPowerMode)
                  002000e0    0000001a                      : flash.obj (.TI.ramfunc:Flash_enableECC)
                  002000fa    00000018                      : flash.obj (.TI.ramfunc:Flash_disableDataCache)
                  00200112    00000018                      : flash.obj (.TI.ramfunc:Flash_disableProgramCache)
                  0020012a    00000018                      : flash.obj (.TI.ramfunc:Flash_enableDataCache)
                  00200142    00000018                      : flash.obj (.TI.ramfunc:Flash_enableProgramCache)
                  0020015a    0000000e                      : flash.obj (.TI.ramfunc:Flash_setWaitstates)

__llvm_prf_cnts 
*          0    2000c000    00000000     UNINITIALIZED

.text.1    0    00200170    00000290     
                  00200170    00000290     main_master.obj (.text:main)

.text.2    0    00200540    00002db8     
                  00200540    000004f4     driverlib_cm.lib : ethernet.obj (.text:Ethernet_genericISR)
                  00200a34    0000033c                      : ethernet.obj (.text:Ethernet_addPacketsIntoTxQueue)
                  00200d70    000002cc                      : ethernet.obj (.text:Ethernet_removePacketsFromRxQueue)
                  0020103c    00000248                      : ethernet.obj (.text:Ethernet_getInitConfig)
                  00201284    000001bc                      : ethernet.obj (.text:Ethernet_getHandle)
                  00201440    0000013c                      : ethernet.obj (.text:Ethernet_initRxChannel)
                  0020157c    00000134                      : ethernet.obj (.text:Ethernet_removePacketsFromTxQueue)
                  002016b0    00000128     main_master.obj (.text:msgUnpackHeader)
                  002017d8    00000124     driverlib_cm.lib : ethernet.obj (.text:Ethernet_initTxChannel)
                  002018fc    0000010c     main_master.obj (.text:msgPackDelayResp)
                  00201a08    00000108     driverlib_cm.lib : ethernet.obj (.text:Ethernet_sendPacket)
                  00201b10    000000fc                      : ethernet.obj (.text:Ethernet_initInterface)
                  00201c0c    000000fa     rtsv7M4_T_le_eabi.lib : fs_add_t2.asm.obj (.text)
                  00201d06    000000d6     driverlib_cm.lib : ethernet.obj (.text:Ethernet_writeTxDMAControl)
                  00201ddc    000000d0     main_master.obj (.text:msgPackFollowUp)
                  00201eac    000000c8     main_master.obj (.text:sendMessage)
                  00201f74    000000a8     main_master.obj (.text:InitConstants)
                  0020201c    0000009c     driverlib_cm.lib : ethernet.obj (.text:Ethernet_writePHYRegister)
                  002020b8    0000009c     rtsv7M4_T_le_eabi.lib : memcpy_t2.asm.obj (.text)
                  00202154    00000096     driverlib_cm.lib : ethernet.obj (.text:Ethernet_writeRxDMAControl)
                  002021ea    00000092     rtsv7M4_T_le_eabi.lib : fs_div_t2.asm.obj (.text)
                  0020227c    0000008c     main_master.obj (.text:Ethernet_getPacketBufferCustom)
                  00202308    00000088     driverlib_cm.lib : ethernet.obj (.text:Ethernet_addPacketsIntoRxQueue)
                  00202390    00000080                      : interrupt.obj (.text:Interrupt_disable)
                  00202410    00000080                      : interrupt.obj (.text:Interrupt_enable)
                  00202490    0000007a     rtsv7M4_T_le_eabi.lib : fs_mul_t2.asm.obj (.text)
                  0020250a    0000007a                           : memset_t2.asm.obj (.text)
                  00202584    00000076     cm.obj (.text:CM_enableAllPeripherals)
                  002025fa    00000072     driverlib_cm.lib : ethernet.obj (.text:Ethernet_readPHYRegister)
                  0020266c    00000070                      : ethernet.obj (.text:Ethernet_receiveISR)
                  002026dc    00000070     main_master.obj (.text:Ethernet_receivePacketCallbackCustom)
                  0020274c    00000070     driverlib_cm.lib : ethernet.obj (.text:Ethernet_transmitISR)
                  002027bc    00000070                      : sysctl.obj (.text:SysCtl_resetPeripheral)
                  0020282c    0000006c                      : ethernet.obj (.text:Ethernet_setConfigTimestampPTP)
                  00202898    00000068     rtsv7M4_T_le_eabi.lib : copy_decompress_lzss.c.obj (.text:decompress:lzss:__TI_decompress_lzss)
                  00202900    00000064     main_master.obj (.text:msgPackHeader)
                  00202964    0000005c     driverlib_cm.lib : interrupt.obj (.text:Interrupt_registerHandler)
                  002029c0    0000005a                      : ethernet.obj (.text:Ethernet_setFixedModePPS)
                  00202a1a    00000058     main_master.obj (.text:msgPackSync)
                  00202a72    00000002     startup_cm.obj (.text:defaultISR)
                  00202a74    00000054     main_master.obj (.text:Ethernet_releaseTxPacketBufferCustom)
                  00202ac8    00000048     driverlib_cm.lib : ethernet.obj (.text:Ethernet_selectTargetInterruptOrPulsePPS)
                  00202b10    00000048                      : sysctl.obj (.text:SysCtl_enablePeripheral)
                  00202b58    00000044     rtsv7M4_T_le_eabi.lib : autoinit.c.obj (.text:__TI_auto_init_nobinit_nopinit:__TI_auto_init_nobinit_nopinit)
                  00202b9c    00000042     driverlib_cm.lib : ethernet.obj (.text:Ethernet_performPushPacketQueueChain)
                  00202bde    00000002     startup_cm.obj (.text:faultISR)
                  00202be0    00000040     cm.obj (.text:CM_init)
                  00202c20    00000008     driverlib_cm.lib : flash.obj (.tramp.Flash_initModule.1)
                  00202c28    0000003c                      : ethernet.obj (.text:Ethernet_performPushOnPacketQueue)
                  00202c64    0000003c                      : ethernet.obj (.text:Ethernet_setMACAddr)
                  00202ca0    0000003a                      : ethernet.obj (.text:Ethernet_getMACAddr)
                  00202cda    00000038     rtsv7M4_T_le_eabi.lib : fs_toi_t2.asm.obj (.text)
                  00202d12    00000036     driverlib_cm.lib : ethernet.obj (.text:Ethernet_setSysTimePTP)
                  00202d48    00000034     rtsv7M4_T_le_eabi.lib : fs_tou_t2.asm.obj (.text)
                  00202d7c    00000032     driverlib_cm.lib : ethernet.obj (.text:Ethernet_enableMACRxQ)
                  00202dae    00000030                      : ethernet.obj (.text:Ethernet_configureEEEClockGatingControl)
                  00202dde    00000030                      : ethernet.obj (.text:Ethernet_enableSysTimePTP)
                  00202e0e    00000030                      : ethernet.obj (.text:Ethernet_getOneStepTransmitTimestampPTP)
                  00202e3e    00000030                      : ethernet.obj (.text:Ethernet_getSysTimePTP)
                  00202e6e    0000002e                      : ethernet.obj (.text:Ethernet_setMTLTxQueueOpMode)
                  00202e9c    0000002c                      : ethernet.obj (.text:Ethernet_isTimestampIntActive)
                  00202ec8    0000002c                      : ethernet.obj (.text:Ethernet_isTransmitTimestampStatusSet)
                  00202ef4    0000002c                      : ethernet.obj (.text:Ethernet_setPeriodPPS)
                  00202f20    00000028                      : ethernet.obj (.text:Ethernet_setMTLRxQueueOpMode)
                  00202f48    00000026                      : ethernet.obj (.text:Ethernet_configureMDIO)
                  00202f6e    00000026                      : ethernet.obj (.text:Ethernet_configureRevMIIAddress)
                  00202f94    00000026                      : ethernet.obj (.text:Ethernet_enableRxDMAReception)
                  00202fba    00000026                      : ethernet.obj (.text:Ethernet_getRxERICount)
                  00202fe0    00000026                      : ethernet.obj (.text:Ethernet_performPopOnPacketQueue)
                  00203006    00000026                      : ethernet.obj (.text:Ethernet_setRxDescRingLength)
                  0020302c    00000026                      : ethernet.obj (.text:Ethernet_setTxDescRingLength)
                  00203052    00000024                      : ethernet.obj (.text:Ethernet_enableDmaInterrupt)
                  00203076    00000002     startup_cm.obj (.text:nmiISR)
                  00203078    00000024     rtsv7M4_T_le_eabi.lib : boot_cortex_m.c.obj (.text:_c_int00_noargs:_c_int00_noargs)
                  0020309c    00000024                           : u_tofs_t2.asm.obj (.text)
                  002030c0    00000020     driverlib_cm.lib : ethernet.obj (.text:Ethernet_resetModule)
                  002030e0    0000001e                      : ethernet.obj (.text:Ethernet_clearDMAChannelInterrupt)
                  002030fe    0000001e                      : ethernet.obj (.text:Ethernet_getPHYMode)
                  0020311c    0000001e                      : ethernet.obj (.text:Ethernet_setMTLOpmode)
                  0020313a    0000001e                      : ethernet.obj (.text:Ethernet_writeRxDescListAddress)
                  00203158    0000001e                      : ethernet.obj (.text:Ethernet_writeRxDescTailPointer)
                  00203176    0000001e                      : ethernet.obj (.text:Ethernet_writeTxDescListAddress)
                  00203194    0000001e                      : ethernet.obj (.text:Ethernet_writeTxDescTailPointer)
                  002031b2    0000001a                      : ethernet.obj (.text:Ethernet_configurePHYAddress)
                  002031cc    00000018                      : ethernet.obj (.text:Ethernet_setMACPacketFilter)
                  002031e4    00000018     main_master.obj (.text:Interrupt_enableInProcessor)
                  002031fc    00000016     driverlib_cm.lib : ethernet.obj (.text:Ethernet_disableTxEEEMode)
                  00203212    00000016                      : ethernet.obj (.text:Ethernet_setDMAMode)
                  00203228    00000016                      : ethernet.obj (.text:Ethernet_setMACConfiguration)
                  0020323e    00000014                      : flash.obj (.text:Flash_unlockCtrlRegisters)
                  00203252    00000002     --HOLE-- [fill = 0]
                  00203254    00000014     cm.obj (.text:Interrupt_setVectorTableOffset)
                  00203268    00000012     driverlib_cm.lib : flash.obj (.text:Flash_unlockECCRegisters)
                  0020327a    00000002     --HOLE-- [fill = 0]
                  0020327c    00000010     cm.obj (.text:SysCtl_disableWatchdog)
                  0020328c    0000000e     driverlib_cm.lib : ethernet.obj (.text:Ethernet_returnTopOfPacketQueue)
                  0020329a    0000000e                      : platform_port.obj (.text:Platform_enablePeripheral)
                  002032a8    0000000e                      : platform_port.obj (.text:Platform_resetPeripheral)
                  002032b6    0000000e     rtsv7M4_T_le_eabi.lib : copy_decompress_none.c.obj (.text:decompress:none:__TI_decompress_none)
                  002032c4    0000000c     driverlib_cm.lib : platform_port.obj (.text:Platform_disableInterrupt)
                  002032d0    0000000c                      : platform_port.obj (.text:Platform_enableInterrupt)
                  002032dc    0000000c     rtsv7M4_T_le_eabi.lib : copy_zero_init.c.obj (.text:decompress:ZI:__TI_zero_init)
                  002032e8    00000008     main_master.obj (.text:CPU_clearPRIMASK)
                  002032f0    00000004     rtsv7M4_T_le_eabi.lib : pre_init.c.obj (.text:_system_pre_init)
                  002032f4    00000004                           : exit.c.obj (.text:abort:abort)

MODULE SUMMARY

       Module                       code    ro data   rw data
       ------                       ----    -------   -------
    .\
       main_master.obj              2352    0         2536   
       startup_cm.obj               12      320       0      
    +--+----------------------------+-------+---------+---------+
       Total:                       2364    320       2536   
                                                             
    .\device\
       cm.obj                       218     0         0      
    +--+----------------------------+-------+---------+---------+
       Total:                       218     0         0      
                                                             
    C:/ti/c2000/C2000Ware_5_01_00_00/driverlib/f2838x/driverlib_cm/ccs/Debug/driverlib_cm.lib
       ethernet.obj                 7968    0         1208   
       flash.obj                    734     0         0      
       interrupt.obj                348     0         320    
       sysctl.obj                   184     0         0      
       platform_port.obj            52      0         0      
    +--+----------------------------+-------+---------+---------+
       Total:                       9286    0         1528   
                                                             
    C:\ti\ccs1280\ccs\tools\compiler\ti-cgt-arm_20.2.7.LTS\lib\rtsv7M4_T_le_eabi.lib
       fs_add_t2.asm.obj            250     0         0      
       memcpy_t2.asm.obj            156     0         0      
       fs_div_t2.asm.obj            146     0         0      
       fs_mul_t2.asm.obj            122     0         0      
       memset_t2.asm.obj            122     0         0      
       copy_decompress_lzss.c.obj   104     0         0      
       autoinit.c.obj               68      0         0      
       fs_toi_t2.asm.obj            56      0         0      
       fs_tou_t2.asm.obj            52      0         0      
       boot_cortex_m.c.obj          36      0         0      
       u_tofs_t2.asm.obj            36      0         0      
       copy_decompress_none.c.obj   14      0         0      
       copy_zero_init.c.obj         12      0         0      
       exit.c.obj                   4       0         0      
       pre_init.c.obj               4       0         0      
    +--+----------------------------+-------+---------+---------+
       Total:                       1182    0         0      
                                                             
       Stack:                       0       0         1024   
       Linker Generated:            0       61        0      
    +--+----------------------------+-------+---------+---------+
       Grand Total:                 13050   381       5088   


LINKER GENERATED COPY TABLES

__TI_cinit_table @ 00203328 records: 3, size/record: 8, table size: 24
	.data: load addr=0020330c, load size=00000009 bytes, run addr=2000cd28, run size=00000178 bytes, compression=lzss
	.bss: load addr=00203318, load size=00000008 bytes, run addr=2000c000, run size=00000d28 bytes, compression=zero_init
	.vtable: load addr=00203320, load size=00000008 bytes, run addr=20000800, run size=00000140 bytes, compression=zero_init


LINKER GENERATED HANDLER TABLE

__TI_handler_table @ 00203300 records: 3, size/record: 4, table size: 12
	index: 0, handler: __TI_zero_init
	index: 1, handler: __TI_decompress_lzss
	index: 2, handler: __TI_decompress_none


FAR CALL TRAMPOLINES

callee name               trampoline name
   callee addr  tramp addr   call addr  call info
--------------  -----------  ---------  ----------------
Flash_initModule          $Tramp$TT$L$PI$$Flash_initModule
   1fffe001     00202c20     00202bf6   cm.obj (.text:CM_init)
Flash_unlockCtrlRegisters  $Tramp$TT$L$PI$$Flash_unlockCtrlRegisters
   0020323f     1fffe070     1fffe010   driverlib_cm.lib : flash.obj (.TI.ramfunc:Flash_initModule)
Flash_unlockECCRegisters  $Tramp$TT$L$PI$$Flash_unlockECCRegisters
   00203269     1fffe078     1fffe016   driverlib_cm.lib : flash.obj (.TI.ramfunc:Flash_initModule)

[3 trampolines]
[3 trampoline calls]


GLOBAL SYMBOLS: SORTED ALPHABETICALLY BY Name 

address   name                                      
-------   ----                                      
002032f5  C$$EXIT                                   
00202585  CM_enableAllPeripherals                   
00202be1  CM_init                                   
00202309  Ethernet_addPacketsIntoRxQueue            
00200a35  Ethernet_addPacketsIntoTxQueue            
002030e1  Ethernet_clearDMAChannelInterrupt         
00202daf  Ethernet_configureEEEClockGatingControl   
00202f49  Ethernet_configureMDIO                    
002031b3  Ethernet_configurePHYAddress              
00202f6f  Ethernet_configureRevMIIAddress           
2000cadc  Ethernet_descArray                        
2000c640  Ethernet_device_struct                    
002031fd  Ethernet_disableTxEEEMode                 
2000ce0c  Ethernet_earlyRxInterruptCount            
2000ce10  Ethernet_earlyTxInterruptCount            
2000ce28  Ethernet_eeeRxLPIEntryCount               
2000ce2c  Ethernet_eeeRxLPIExitCount                
2000ce20  Ethernet_eeeTxLPIEntryCount               
2000ce24  Ethernet_eeeTxLPIExitCount                
00203053  Ethernet_enableDmaInterrupt               
00202d7d  Ethernet_enableMACRxQ                     
00202f95  Ethernet_enableRxDMAReception             
00202ddf  Ethernet_enableSysTimePTP                 
00200541  Ethernet_genericISR                       
2000ce08  Ethernet_genericInterruptCount            
2000ce14  Ethernet_genericRxCompletionInterruptCount
00201285  Ethernet_getHandle                        
0020103d  Ethernet_getInitConfig                    
00202ca1  Ethernet_getMACAddr                       
00202e0f  Ethernet_getOneStepTransmitTimestampPTP   
002030ff  Ethernet_getPHYMode                       
0020227d  Ethernet_getPacketBufferCustom            
00202fbb  Ethernet_getRxERICount                    
00202e3f  Ethernet_getSysTimePTP                    
00201b11  Ethernet_initInterface                    
00201441  Ethernet_initRxChannel                    
00202e9d  Ethernet_isTimestampIntActive             
00202ec9  Ethernet_isTransmitTimestampStatusSet     
2000ce34  Ethernet_magicPktReceivedCount            
2000cdf8  Ethernet_numGetPacketBufferCallback       
2000cdf4  Ethernet_numRxCallback                    
2000cdf0  Ethernet_numTxPktFreeCallback             
2000ce18  Ethernet_phyLinkStatusChangeInterruptCount
2000ce30  Ethernet_pmtInterruptCount                
002025fb  Ethernet_readPHYRegister                  
0020266d  Ethernet_receiveISR                       
002026dd  Ethernet_receivePacketCallbackCustom      
00202a75  Ethernet_releaseTxPacketBufferCustom      
00200d71  Ethernet_removePacketsFromRxQueue         
0020157d  Ethernet_removePacketsFromTxQueue         
002030c1  Ethernet_resetModule                      
2000ce38  Ethernet_rwakeupPktReceivedCount          
2000c000  Ethernet_rxBuffer                         
2000ce40  Ethernet_rxChan0BufUnavail                
2000ce48  Ethernet_rxChan1BufUnavail                
2000ce04  Ethernet_rxContextTimeStamp               
2000ce00  Ethernet_rxInterruptCount                 
2000ce1c  Ethernet_rxReplacementFailedCount         
00202ac9  Ethernet_selectTargetInterruptOrPulsePPS  
00201a09  Ethernet_sendPacket                       
0020282d  Ethernet_setConfigTimestampPTP            
00203213  Ethernet_setDMAMode                       
002029c1  Ethernet_setFixedModePPS                  
00202c65  Ethernet_setMACAddr                       
00203229  Ethernet_setMACConfiguration              
002031cd  Ethernet_setMACPacketFilter               
0020311d  Ethernet_setMTLOpmode                     
00202f21  Ethernet_setMTLRxQueueOpMode              
00202e6f  Ethernet_setMTLTxQueueOpMode              
00202ef5  Ethernet_setPeriodPPS                     
00203007  Ethernet_setRxDescRingLength              
00202d13  Ethernet_setSysTimePTP                    
0020302d  Ethernet_setTxDescRingLength              
0020274d  Ethernet_transmitISR                      
2000ce3c  Ethernet_txChan0BufUnavail                
2000ce44  Ethernet_txChan1BufUnavail                
2000cdfc  Ethernet_txInterruptCount                 
0020201d  Ethernet_writePHYRegister                 
00202155  Ethernet_writeRxDMAControl                
0020313b  Ethernet_writeRxDescListAddress           
00203159  Ethernet_writeRxDescTailPointer           
00201d07  Ethernet_writeTxDMAControl                
00203177  Ethernet_writeTxDescListAddress           
00203195  Ethernet_writeTxDescTailPointer           
1fffe001  Flash_initModule                          
00201f75  InitConstants                             
00202391  Interrupt_disable                         
00202411  Interrupt_enable                          
00202965  Interrupt_registerHandler                 
002032c5  Platform_disableInterrupt                 
002032d1  Platform_enableInterrupt                  
0020329b  Platform_enablePeripheral                 
002032a9  Platform_resetPeripheral                  
00200168  RamfuncsLoadEnd                           
00000158  RamfuncsLoadSize                          
00200010  RamfuncsLoadStart                         
1fffe158  RamfuncsRunEnd                            
00000158  RamfuncsRunSize                           
1fffe000  RamfuncsRunStart                          
00202b11  SysCtl_enablePeripheral                   
002027bd  SysCtl_resetPeripheral                    
1fffc400  __STACK_END                               
00000400  __STACK_SIZE                              
00203328  __TI_CINIT_Base                           
00203340  __TI_CINIT_Limit                          
00203300  __TI_Handler_Table_Base                   
0020330c  __TI_Handler_Table_Limit                  
00202b59  __TI_auto_init_nobinit_nopinit            
00202899  __TI_decompress_lzss                      
002032b7  __TI_decompress_none                      
ffffffff  __TI_pprof_out_hndl                       
ffffffff  __TI_prof_data_size                       
ffffffff  __TI_prof_data_start                      
00203300  __TI_static_base__                        
002032dd  __TI_zero_init                            
00202cdb  __aeabi_f2iz                              
00202d49  __aeabi_f2uiz                             
00201c11  __aeabi_fadd                              
002021eb  __aeabi_fdiv                              
00202491  __aeabi_fmul                              
00201c0d  __aeabi_fsub                              
0020250b  __aeabi_memclr                            
0020250b  __aeabi_memclr4                           
0020250b  __aeabi_memclr8                           
002020b9  __aeabi_memcpy                            
002020b9  __aeabi_memcpy4                           
002020b9  __aeabi_memcpy8                           
0020250d  __aeabi_memset                            
0020250d  __aeabi_memset4                           
0020250d  __aeabi_memset8                           
0020309d  __aeabi_ui2f                              
ffffffff  __binit__                                 
ffffffff  __c_args__                                
UNDEFED   __mpu_init                                
1fffc000  __stack                                   
2000c000  __start___llvm_prf_cnts                   
2000c000  __stop___llvm_prf_cnts                    
00203079  _c_int00_noargs                           
UNDEFED   _system_post_cinit                        
002032f1  _system_pre_init                          
002032f5  abort                                     
ffffffff  binit                                     
2000cd28  gMsgBuf                                   
2000ccdc  gPktDesc                                  
2000ce4c  gPtpMasterState                           
00200171  main                                      
002020b9  memcpy                                    
00202513  memset                                    
002018fd  msgPackDelayResp                          
00201ddd  msgPackFollowUp                           
00202901  msgPackHeader                             
00202a1b  msgPackSync                               
002016b1  msgUnpackHeader                           
2000c89c  pktDescriptorRXCustom                     
00201ead  sendMessage                               
00200400  vectorTableFlash                          
20000800  vectorTableRAM                            


GLOBAL SYMBOLS: SORTED BY Symbol Address 

address   name                                      
-------   ----                                      
00000158  RamfuncsLoadSize                          
00000158  RamfuncsRunSize                           
00000400  __STACK_SIZE                              
00200010  RamfuncsLoadStart                         
00200168  RamfuncsLoadEnd                           
00200171  main                                      
00200400  vectorTableFlash                          
00200541  Ethernet_genericISR                       
00200a35  Ethernet_addPacketsIntoTxQueue            
00200d71  Ethernet_removePacketsFromRxQueue         
0020103d  Ethernet_getInitConfig                    
00201285  Ethernet_getHandle                        
00201441  Ethernet_initRxChannel                    
0020157d  Ethernet_removePacketsFromTxQueue         
002016b1  msgUnpackHeader                           
002018fd  msgPackDelayResp                          
00201a09  Ethernet_sendPacket                       
00201b11  Ethernet_initInterface                    
00201c0d  __aeabi_fsub                              
00201c11  __aeabi_fadd                              
00201d07  Ethernet_writeTxDMAControl                
00201ddd  msgPackFollowUp                           
00201ead  sendMessage                               
00201f75  InitConstants                             
0020201d  Ethernet_writePHYRegister                 
002020b9  __aeabi_memcpy                            
002020b9  __aeabi_memcpy4                           
002020b9  __aeabi_memcpy8                           
002020b9  memcpy                                    
00202155  Ethernet_writeRxDMAControl                
002021eb  __aeabi_fdiv                              
0020227d  Ethernet_getPacketBufferCustom            
00202309  Ethernet_addPacketsIntoRxQueue            
00202391  Interrupt_disable                         
00202411  Interrupt_enable                          
00202491  __aeabi_fmul                              
0020250b  __aeabi_memclr                            
0020250b  __aeabi_memclr4                           
0020250b  __aeabi_memclr8                           
0020250d  __aeabi_memset                            
0020250d  __aeabi_memset4                           
0020250d  __aeabi_memset8                           
00202513  memset                                    
00202585  CM_enableAllPeripherals                   
002025fb  Ethernet_readPHYRegister                  
0020266d  Ethernet_receiveISR                       
002026dd  Ethernet_receivePacketCallbackCustom      
0020274d  Ethernet_transmitISR                      
002027bd  SysCtl_resetPeripheral                    
0020282d  Ethernet_setConfigTimestampPTP            
00202899  __TI_decompress_lzss                      
00202901  msgPackHeader                             
00202965  Interrupt_registerHandler                 
002029c1  Ethernet_setFixedModePPS                  
00202a1b  msgPackSync                               
00202a75  Ethernet_releaseTxPacketBufferCustom      
00202ac9  Ethernet_selectTargetInterruptOrPulsePPS  
00202b11  SysCtl_enablePeripheral                   
00202b59  __TI_auto_init_nobinit_nopinit            
00202be1  CM_init                                   
00202c65  Ethernet_setMACAddr                       
00202ca1  Ethernet_getMACAddr                       
00202cdb  __aeabi_f2iz                              
00202d13  Ethernet_setSysTimePTP                    
00202d49  __aeabi_f2uiz                             
00202d7d  Ethernet_enableMACRxQ                     
00202daf  Ethernet_configureEEEClockGatingControl   
00202ddf  Ethernet_enableSysTimePTP                 
00202e0f  Ethernet_getOneStepTransmitTimestampPTP   
00202e3f  Ethernet_getSysTimePTP                    
00202e6f  Ethernet_setMTLTxQueueOpMode              
00202e9d  Ethernet_isTimestampIntActive             
00202ec9  Ethernet_isTransmitTimestampStatusSet     
00202ef5  Ethernet_setPeriodPPS                     
00202f21  Ethernet_setMTLRxQueueOpMode              
00202f49  Ethernet_configureMDIO                    
00202f6f  Ethernet_configureRevMIIAddress           
00202f95  Ethernet_enableRxDMAReception             
00202fbb  Ethernet_getRxERICount                    
00203007  Ethernet_setRxDescRingLength              
0020302d  Ethernet_setTxDescRingLength              
00203053  Ethernet_enableDmaInterrupt               
00203079  _c_int00_noargs                           
0020309d  __aeabi_ui2f                              
002030c1  Ethernet_resetModule                      
002030e1  Ethernet_clearDMAChannelInterrupt         
002030ff  Ethernet_getPHYMode                       
0020311d  Ethernet_setMTLOpmode                     
0020313b  Ethernet_writeRxDescListAddress           
00203159  Ethernet_writeRxDescTailPointer           
00203177  Ethernet_writeTxDescListAddress           
00203195  Ethernet_writeTxDescTailPointer           
002031b3  Ethernet_configurePHYAddress              
002031cd  Ethernet_setMACPacketFilter               
002031fd  Ethernet_disableTxEEEMode                 
00203213  Ethernet_setDMAMode                       
00203229  Ethernet_setMACConfiguration              
0020329b  Platform_enablePeripheral                 
002032a9  Platform_resetPeripheral                  
002032b7  __TI_decompress_none                      
002032c5  Platform_disableInterrupt                 
002032d1  Platform_enableInterrupt                  
002032dd  __TI_zero_init                            
002032f1  _system_pre_init                          
002032f5  C$$EXIT                                   
002032f5  abort                                     
00203300  __TI_Handler_Table_Base                   
00203300  __TI_static_base__                        
0020330c  __TI_Handler_Table_Limit                  
00203328  __TI_CINIT_Base                           
00203340  __TI_CINIT_Limit                          
1fffc000  __stack                                   
1fffc400  __STACK_END                               
1fffe000  RamfuncsRunStart                          
1fffe001  Flash_initModule                          
1fffe158  RamfuncsRunEnd                            
20000800  vectorTableRAM                            
2000c000  Ethernet_rxBuffer                         
2000c000  __start___llvm_prf_cnts                   
2000c000  __stop___llvm_prf_cnts                    
2000c640  Ethernet_device_struct                    
2000c89c  pktDescriptorRXCustom                     
2000cadc  Ethernet_descArray                        
2000ccdc  gPktDesc                                  
2000cd28  gMsgBuf                                   
2000cdf0  Ethernet_numTxPktFreeCallback             
2000cdf4  Ethernet_numRxCallback                    
2000cdf8  Ethernet_numGetPacketBufferCallback       
2000cdfc  Ethernet_txInterruptCount                 
2000ce00  Ethernet_rxInterruptCount                 
2000ce04  Ethernet_rxContextTimeStamp               
2000ce08  Ethernet_genericInterruptCount            
2000ce0c  Ethernet_earlyRxInterruptCount            
2000ce10  Ethernet_earlyTxInterruptCount            
2000ce14  Ethernet_genericRxCompletionInterruptCount
2000ce18  Ethernet_phyLinkStatusChangeInterruptCount
2000ce1c  Ethernet_rxReplacementFailedCount         
2000ce20  Ethernet_eeeTxLPIEntryCount               
2000ce24  Ethernet_eeeTxLPIExitCount                
2000ce28  Ethernet_eeeRxLPIEntryCount               
2000ce2c  Ethernet_eeeRxLPIExitCount                
2000ce30  Ethernet_pmtInterruptCount                
2000ce34  Ethernet_magicPktReceivedCount            
2000ce38  Ethernet_rwakeupPktReceivedCount          
2000ce3c  Ethernet_txChan0BufUnavail                
2000ce40  Ethernet_rxChan0BufUnavail                
2000ce44  Ethernet_txChan1BufUnavail                
2000ce48  Ethernet_rxChan1BufUnavail                
2000ce4c  gPtpMasterState                           
ffffffff  __TI_pprof_out_hndl                       
ffffffff  __TI_prof_data_size                       
ffffffff  __TI_prof_data_start                      
ffffffff  __binit__                                 
ffffffff  __c_args__                                
ffffffff  binit                                     
UNDEFED   __mpu_init                                
UNDEFED   _system_post_cinit                        

[157 symbols]
