******************************************************************************
                  TI ARM Linker PC v20.2.7                     
******************************************************************************
>> Linked Wed Apr 22 19:06:01 2026

OUTPUT FILE NAME:   <PCS150KW_c28x_cm_V4.0.out>
ENTRY POINT SYMBOL: "_c_int00_noargs"  address: 0021c5fd


MEMORY CONFIGURATION

         name            origin    length      used     unused   attr    fill
----------------------  --------  ---------  --------  --------  ----  --------
  CMBANK0_RESETISR      00200000   00000008  00000006  00000002  RWIX
  CMBANK0_SECTOR0       00200008   00003ff7  00000b8c  0000346b  RWIX
  CMBANK0_SECTOR1       00204000   00004000  00000000  00004000  RWIX
  CMBANK0_SECTOR2       00208000   00004000  00000000  00004000  RWIX
  CMBANK0_SECTOR3       0020c000   00004000  00000000  00004000  RWIX
  CMBANK0_SECTOR4       00210000   00010000  0000d434  00002bcc  RWIX
  CMBANK0_SECTOR5       00220000   00010000  00000000  00010000  RWIX
  CMBANK0_SECTOR6       00230000   00010000  00000000  00010000  RWIX
  CMBANK0_SECTOR7       00240000   00010000  00000000  00010000  RWIX
  CMBANK0_SECTOR8       00250000   00010000  00000000  00010000  RWIX
  CMBANK0_SECTOR9       00260000   00010000  00000000  00010000  RWIX
  CMBANK0_SECTOR10      00270000   00004000  00000000  00004000  RWIX
  CMBANK0_SECTOR11      00274000   00004000  00000000  00004000  RWIX
  CMBANK0_SECTOR12      00278000   00004000  00000000  00004000  RWIX
  CMBANK0_SECTOR13      0027c000   00004000  00000000  00004000  RWIX
  C1RAM                 1fffc000   00001fff  00000800  000017ff  RWIX
  C0RAM                 1fffe000   00001fff  00000000  00001fff  RWIX
  BOOT_RSVD             20000000   00000800  00000000  00000800  RWIX
  SRAM                  20000800   0000f7ff  0000f588  00000277  RWIX
  E0RAM                 20010000   00003fff  00000000  00003fff  RWIX
  CPU1TOCMMSGRAM0       20080000   00000800  00000110  000006f0  RWIX
  CPU1TOCMMSGRAM1       20080800   00000800  00000000  00000800  RWIX
  CMTOCPU1MSGRAM0       20082000   00000800  00000310  000004f0  RWIX
  CMTOCPU1MSGRAM1       20082800   00000800  00000000  00000800  RWIX
  CPU2TOCMMSGRAM0       20084000   00000800  00000110  000006f0  RWIX
  CPU2TOCMMSGRAM1       20084800   00000800  00000000  00000800  RWIX
  CMTOCPU2MSGRAM0       20086000   00000800  00000110  000006f0  RWIX
  CMTOCPU2MSGRAM1       20086800   00000800  00000000  00000800  RWIX


SEGMENT ALLOCATION MAP

run origin  load origin   length   init length attrs members
----------  ----------- ---------- ----------- ----- -------
00200000    00200000    00000006   00000006    r-x
  00200000    00200000    00000006   00000006    r-x .resetisr
00200800    00200800    000004a0   000004a0    r--
  00200800    00200800    00000140   00000140    r-- .vftable
  00200940    00200940    00000360   00000360    r-- .cinit
00210000    00210000    0000d434   0000d434    r-x
  00210000    00210000    0000d434   0000d434    r-x .text
1fffc000    1fffc000    00000800   00000000    rw-
  1fffc000    1fffc000    00000800   00000000    rw- .stack
20000800    20000800    0000ed4c   00000000    rw-
  20000800    20000800    0000d5d8   00000000    rw- .bss
  2000ddd8    2000ddd8    00001774   00000000    rw- .data
2000f54c    00200008    00000670   00000670    r--
  2000f54c    00200008    00000670   00000670    r-- .const
2000fbc0    2000fbc0    00000010   00000000    rw-
  2000fbc0    2000fbc0    00000010   00000000    rw- .sysmem
2000fc00    2000fc00    00000140   00000000    rw-
  2000fc00    2000fc00    00000140   00000000    rw- .vtable
2000fd40    00200678    0000007c   0000007c    r-x
  2000fd40    00200678    0000007c   0000007c    r-x .TI.ramfunc
20080000    20080000    00000110   00000000    rw-
  20080000    20080000    00000110   00000000    rw- MSGRAM_CPU1_TO_CM
20082000    20082000    00000310   00000000    rw-
  20082000    20082000    00000310   00000000    rw- MSGRAM_CM_TO_CPU1
20084000    20084000    00000110   00000000    rw-
  20084000    20084000    00000110   00000000    rw- MSGRAM_CPU2_TO_CM
20086000    20086000    00000110   00000000    rw-
  20086000    20086000    00000110   00000000    rw- MSGRAM_CM_TO_CPU2


SECTION ALLOCATION MAP

 output                                  attributes/
section   page    origin      length       input sections
--------  ----  ----------  ----------   ----------------
.resetisr 
*          0    00200000    00000006     
                  00200000    00000006     startup_ccs.obj (.resetisr:ResetISR)

.const     0    00200008    00000670     RUN ADDR = 2000f54c
                  00200008    00000200     ModbusRtu.obj (.const:s_CRCHi)
                  00200208    00000200     ModbusRtu.obj (.const:s_CRCLo)
                  00200408    00000101     rtsv7M4_T_le_eabi.lib : ctype.c.obj (.const:.string:_ctypes_)
                  00200509    00000003     --HOLE-- [fill = 0]
                  0020050c    00000088     driverlib_cm.lib : ipc.obj (.const:IPC_Instance)
                  00200594    00000020     lwiplib.obj (.const:memp_pools)
                  002005b4    00000010     lwiplib.obj (.const:lwip_cyclic_timers)
                  002005c4    00000010     lwiplib.obj (.const:memp_ARP_QUEUE)
                  002005d4    00000010     lwiplib.obj (.const:memp_PBUF)
                  002005e4    00000010     lwiplib.obj (.const:memp_PBUF_POOL)
                  002005f4    00000010     lwiplib.obj (.const:memp_SYS_TIMEOUT)
                  00200604    00000010     lwiplib.obj (.const:memp_TCP_PCB)
                  00200614    00000010     lwiplib.obj (.const:memp_TCP_PCB_LISTEN)
                  00200624    00000010     lwiplib.obj (.const:memp_TCP_SEG)
                  00200634    00000010     lwiplib.obj (.const:memp_UDP_PCB)
                  00200644    00000010     lwiplib.obj (.const:tcp_pcb_lists)
                  00200654    0000000d     lwiplib.obj (.const:.string:tcp_backoff)
                  00200661    00000007     lwiplib.obj (.const:.string:tcp_persist_backoff)
                  00200668    00000006     lwiplib.obj (.const:ethbroadcast)
                  0020066e    00000006     lwiplib.obj (.const:ethzero)
                  00200674    00000004     lwiplib.obj (.const:ip_addr_any)

.TI.ramfunc 
*          0    00200678    0000007c     RUN ADDR = 2000fd40
                  00200678    00000076     driverlib_cm.lib : flash.obj (.TI.ramfunc:Flash_initModule)
                  002006ee    00000006                      : sysctl.obj (.TI.ramfunc)

.vftable   0    00200800    00000140     
                  00200800    00000140     startup_ccs.obj (.vftable)

.cinit     0    00200940    00000360     
                  00200940    00000325     (.cinit..data.load) [load image, compression = lzss]
                  00200c65    00000003     --HOLE-- [fill = 0]
                  00200c68    0000000c     (__TI_handler_table)
                  00200c74    00000004     --HOLE-- [fill = 0]
                  00200c78    00000008     (.cinit..bss.load) [load image, compression = zero_init]
                  00200c80    00000008     (.cinit..vtable.load) [load image, compression = zero_init]
                  00200c88    00000018     (__TI_cinit_table)

.stack     0    1fffc000    00000800     UNINITIALIZED
                  1fffc000    00000004     rtsv7M4_T_le_eabi.lib : boot_cortex_m.c.obj (.stack)
                  1fffc004    000007fc     --HOLE--

.bss       0    20000800    0000d5d8     UNINITIALIZED
                  20000800    00009784     (.common:memp_memory_PBUF_POOL_base)
                  20009f84    00001014     (.common:ram_heap)
                  2000af98    00000c04     (.common:Ethernet_rxBuffer)
                  2000bb9c    000006c0     (.common:pktDescriptorRXCustom)
                  2000c25c    000004e4     (.common:memp_memory_TCP_PCB_base)
                  2000c740    0000025c     (.common:Ethernet_device_struct)
                  2000c99c    00000200     (.common:Ethernet_descArray)
                  2000cb9c    000001a4     (.common:Mod1_RxBuf)
                  2000cd40    000001a4     (.common:Mod2_RxBuf)
                  2000cee4    00000120     rtsv7M4_T_le_eabi.lib : trgmsg.c.obj (.bss:_CIOBUF_)
                  2000d004    00000104     (.common:memp_memory_PBUF_base)
                  2000d108    00000104     (.common:memp_memory_TCP_SEG_base)
                  2000d20c    00000104     (.common:memp_memory_UDP_PCB_base)
                  2000d310    000000f4     (.common:memp_memory_ARP_QUEUE_base)
                  2000d404    000000f0     lwiplib.obj (.bss:arp_table)
                  2000d4f4    000000e4     (.common:memp_memory_TCP_PCB_LISTEN_base)
                  2000d5d8    000000be     (.common:CmIpc_cm2cpu)
                  2000d696    00000002     (.common:MbTcp1_RxCnt)
                  2000d698    000000bc     (.common:lwip_stats)
                  2000d754    000000a0     (.common:__TI_tmpnams)
                  2000d7f4    00000096     (.common:CmIpc_cpu2cm)
                  2000d88a    00000078     (.common:status_RegHoldingBuf_w)
                  2000d902    00000002     (.common:Mod1_RxCnt)
                  2000d904    00000070     lwiplib.obj (.bss)
                  2000d974    00000064     f2838xif.obj (.bss:f2838xif_data)
                  2000d9d8    00000064     (.common:debug_RegHoldingBuf_w)
                  2000da3c    00000064     (.common:param_RegHoldingBuf_w)
                  2000daa0    00000050     (.common:ipcRx_DebugData)
                  2000daf0    00000048     (.common:Ethernet_pktDescriptorRX)
                  2000db38    00000048     (.common:gPktDesc)
                  2000db80    0000003c     lwiplib.obj (.bss:g_sNetIF)
                  2000dbbc    0000003c     lwiplib.obj (.bss:loop_netif)
                  2000dbf8    0000003c     (.common:control_RegHoldingBuf_w)
                  2000dc34    00000028     (.common:fault_RegHoldingBuf_w)
                  2000dc5c    00000024     (.common:memp_memory_SYS_TIMEOUT_base)
                  2000dc80    00000020     Drv_Timer.obj (.bss)
                  2000dca0    0000001c     (.common:ConfigMsg)
                  2000dcbc    00000018     (.common:ip_data)
                  2000dcd4    00000014     (.common:CmLocalParam)
                  2000dce8    00000010     lwiplib.obj (.bss:inseg)
                  2000dcf8    0000000e     (.common:Str_RtcTime)
                  2000dd06    0000000a     lwiplib.obj (.bss:memp_stats_ARP_QUEUE)
                  2000dd10    0000000a     lwiplib.obj (.bss:memp_stats_PBUF)
                  2000dd1a    0000000a     lwiplib.obj (.bss:memp_stats_PBUF_POOL)
                  2000dd24    0000000a     lwiplib.obj (.bss:memp_stats_SYS_TIMEOUT)
                  2000dd2e    0000000a     lwiplib.obj (.bss:memp_stats_TCP_PCB)
                  2000dd38    0000000a     lwiplib.obj (.bss:memp_stats_TCP_PCB_LISTEN)
                  2000dd42    0000000a     lwiplib.obj (.bss:memp_stats_TCP_SEG)
                  2000dd4c    0000000a     lwiplib.obj (.bss:memp_stats_UDP_PCB)
                  2000dd56    00000002     (.common:Mod2_RxCnt)
                  2000dd58    00000008     (.common:debug_delayMS)
                  2000dd60    00000008     (.common:debug_delaySM)
                  2000dd68    00000008     (.common:debug_meanPathDelay)
                  2000dd70    00000008     (.common:debug_t1)
                  2000dd78    00000008     (.common:debug_t2)
                  2000dd80    00000008     (.common:debug_t3)
                  2000dd88    00000008     (.common:debug_t4)
                  2000dd90    00000008     (.common:parmbuf)
                  2000dd98    00000004     (.common:emac_handle)
                  2000dd9c    00000004     (.common:g_upcb)
                  2000dda0    00000004     (.common:lwipMb_pcb)
                  2000dda4    00000004     (.common:netif_default)
                  2000dda8    00000004     (.common:netif_list)
                  2000ddac    00000004     (.common:pInitCfg)
                  2000ddb0    00000004     (.common:pktCounter)
                  2000ddb4    00000004     (.common:tcp_active_pcbs)
                  2000ddb8    00000004     (.common:tcp_bound_pcbs)
                  2000ddbc    00000004     (.common:tcp_input_pcb)
                  2000ddc0    00000004     (.common:tcp_listen_pcbs)
                  2000ddc4    00000004     (.common:tcp_ticks)
                  2000ddc8    00000004     (.common:tcp_tw_pcbs)
                  2000ddcc    00000004     (.common:udp_pcbs)
                  2000ddd0    00000002     (.common:m_st_TimerFlag)
                  2000ddd2    00000002     (.common:mb2_TimeOut)
                  2000ddd4    00000001     (.common:g_ptpMode)
                  2000ddd5    00000001     (.common:mb2_ConStatus)
                  2000ddd6    00000001     (.common:pbuf_free_ooseq_pending)
                  2000ddd7    00000001     (.common:tcp_active_pcbs_changed)

.vtable    0    2000fc00    00000140     UNINITIALIZED
                  2000fc00    00000140     driverlib_cm.lib : interrupt.obj (.vtable)

.sysmem    0    2000fbc0    00000010     UNINITIALIZED
                  2000fbc0    00000010     rtsv7M4_T_le_eabi.lib : memory.c.obj (.sysmem)

.data      0    2000ddd8    00001774     UNINITIALIZED
                  2000ddd8    00000602     Eth_mii.obj (.data:delayReqMsg)
                  2000e3da    00000602     Eth_mii.obj (.data:gMsgBuf)
                  2000e9dc    000003a0     bsp.obj (.data:store_param)
                  2000ed7c    00000200     ModbusTcp.obj (.data:MbTcp1_RxBuf)
                  2000ef7c    00000200     ModbusTcp.obj (.data:MbTcp2_RxBuf)
                  2000f17c    000000f0     rtsv7M4_T_le_eabi.lib : defs.c.obj (.data:_ftable)
                  2000f26c    00000078                           : host_device.c.obj (.data:_device)
                  2000f2e4    00000070     Eth_mii.obj (.data:gPtpSlaveState)
                  2000f354    0000005c     driverlib_cm.lib : ethernet.obj (.data)
                  2000f3b0    00000054     Eth_mii.obj (.data:gPtpMasterState)
                  2000f404    00000050     rtsv7M4_T_le_eabi.lib : host_device.c.obj (.data:_stream)
                  2000f454    00000034     Eth_mii.obj (.data)
                  2000f488    00000020     lwiplib.obj (.data)
                  2000f4a8    00000010     w5500.obj (.data:RSIZE)
                  2000f4b8    00000010     w5500.obj (.data:SSIZE)
                  2000f4c8    00000010     f2838xif.obj (.data)
                  2000f4d8    00000010     rtsv7M4_T_le_eabi.lib : defs.c.obj (.data)
                  2000f4e8    0000000c                           : exit.c.obj (.data:$O1$$)
                  2000f4f4    0000000a     bsp.obj (.data)
                  2000f4fe    00000002     w5500_conf.obj (.data)
                  2000f500    00000008     rtsv7M4_T_le_eabi.lib : _lock.c.obj (.data:$O1$$)
                  2000f508    00000008                           : memory.c.obj (.data:$O1$$)
                  2000f510    00000008     w5500.obj (.data:rxsize)
                  2000f518    00000008     w5500.obj (.data:txsize)
                  2000f520    00000005     ipc_cm.obj (.data)
                  2000f525    00000001     Drv_I2CA.obj (.data)
                  2000f526    00000004     ModbusTcp.obj (.data)
                  2000f52a    00000004     w5500_conf.obj (.data:dns_server)
                  2000f52e    00000004     w5500_conf.obj (.data:gateway)
                  2000f532    00000004     w5500_conf.obj (.data:local_ip)
                  2000f536    00000002     --HOLE--
                  2000f538    00000004     main.obj (.data)
                  2000f53c    00000004     ptp_master_sync.obj (.data)
                  2000f540    00000004     rtsv7M4_T_le_eabi.lib : errno.c.obj (.data)
                  2000f544    00000004                           : rand.c.obj (.data)
                  2000f548    00000004     w5500_conf.obj (.data:subnet)

MSGRAM_CPU1_TO_CM 
*          0    20080000    00000110     UNINITIALIZED
                  20080000    00000110     driverlib_cm.lib : ipc.obj (MSGRAM_CPU1_TO_CM)

MSGRAM_CM_TO_CPU1 
*          0    20082000    00000310     UNINITIALIZED
                  20082000    00000200     ipc_cm.obj (MSGRAM_CM_TO_CPU1)
                  20082200    00000110     driverlib_cm.lib : ipc.obj (MSGRAM_CM_TO_CPU1)

MSGRAM_CPU2_TO_CM 
*          0    20084000    00000110     UNINITIALIZED
                  20084000    00000110     driverlib_cm.lib : ipc.obj (MSGRAM_CPU2_TO_CM)

MSGRAM_CM_TO_CPU2 
*          0    20086000    00000110     UNINITIALIZED
                  20086000    00000110     driverlib_cm.lib : ipc.obj (MSGRAM_CM_TO_CPU2)

__llvm_prf_cnts 
*          0    20000800    00000000     UNINITIALIZED

.text      0    00210000    0000d434     
                  00210000    00000a4e     rtsv7M4_T_le_eabi.lib : _printfi.c.obj (.text:__TI_printfi)
                  00210a4e    00000002                           : _lock.c.obj (.text:_nop)
                  00210a50    00000720     lwiplib.obj (.text:tcp_receive)
                  00211170    0000059c     modbus_Param.obj (.text:Param_WriteDataHoldingReg)
                  0021170c    00000004     driverlib_cm.lib : ethernet.obj (.text:Ethernet_returnTopOfPacketQueue)
                  00211710    000004d4     lwiplib.obj (.text:tcp_input)
                  00211be4    00000004     rtsv7M4_T_le_eabi.lib : printf.c.obj (.text:_outc)
                  00211be8    00000448     lwiplib.obj (.text:tcp_process)
                  00212030    000003ac     driverlib_cm.lib : ethernet.obj (.text:Ethernet_genericISR)
                  002123dc    00000004     rtsv7M4_T_le_eabi.lib : printf.c.obj (.text:_outs)
                  002123e0    0000034c     lwiplib.obj (.text:tcp_write)
                  0021272c    00000004     rtsv7M4_T_le_eabi.lib : pre_init.c.obj (.text:_system_pre_init)
                  00212730    00000338     lwiplib.obj (.text:tcp_slowtmr)
                  00212a68    000002e0     Eth_mii.obj (.text:Ethernet_receivePacketCallbackPTP)
                  00212d48    00000268     rtsv7M4_T_le_eabi.lib : _printfi.c.obj (.text:_pconv_a)
                  00212fb0    0000022c     driverlib_cm.lib : ethernet.obj (.text:Ethernet_addPacketsIntoTxQueue)
                  002131dc    00000004     rtsv7M4_T_le_eabi.lib : exit.c.obj (.text:abort:abort)
                  002131e0    0000020c     lwiplib.obj (.text:tcp_output)
                  002133ec    00000002     rtsv7M4_T_le_eabi.lib : div0.asm.obj (.text)
                  002133ee    00000002     --HOLE-- [fill = 0]
                  002133f0    000001fc     lwiplib.obj (.text:ip4_input)
                  002135ec    000001cc     rtsv7M4_T_le_eabi.lib : _printfi.c.obj (.text:_pconv_g)
                  002137b8    000001c8     lwiplib.obj (.text:icmp_input)
                  00213980    000001b6     rtsv7M4_T_le_eabi.lib : fd_add_t2.asm.obj (.text)
                  00213b36    00000002     --HOLE-- [fill = 0]
                  00213b38    000001a8     driverlib_cm.lib : ethernet.obj (.text:Ethernet_removePacketsFromRxQueue)
                  00213ce0    0000019c     lwiplib.obj (.text:udp_input)
                  00213e7c    00000004     --HOLE-- [fill = 0]
                  00213e80    00000198     bsp.obj (.text:EEParam_Init)
                  00214018    0000017c     Eth_mii.obj (.text:Ethernet_init)
                  00214194    00000004     --HOLE-- [fill = 0]
                  00214198    00000170     lwiplib.obj (.text:etharp_query)
                  00214308    0000016c     Eth_mii.obj (.text:Ethernet_genericISRCustom)
                  00214474    00000004     --HOLE-- [fill = 0]
                  00214478    00000168     main.obj (.text:main)
                  002145e0    0000014c     driverlib_cm.lib : ethernet.obj (.text:Ethernet_getHandle)
                  0021472c    00000004     --HOLE-- [fill = 0]
                  00214730    0000014c     f2838xif.obj (.text:f2838xif_transmit)
                  0021487c    00000004     --HOLE-- [fill = 0]
                  00214880    00000144     lwiplib.obj (.text:tcp_listen_input)
                  002149c4    00000004     --HOLE-- [fill = 0]
                  002149c8    00000140     modbus_Param.obj (.text:status_upDataHoldingCBReg)
                  00214b08    0000013c     rtsv7M4_T_le_eabi.lib : _printfi.c.obj (.text:_pconv_e)
                  00214c44    00000004     --HOLE-- [fill = 0]
                  00214c48    0000013c     lwiplib.obj (.text:tcp_split_unsent_seg)
                  00214d84    00000136     rtsv7M4_T_le_eabi.lib : fd_div_t2.asm.obj (.text)
                  00214eba    00000006     driverlib_cm.lib : platform_port.obj (.text:Platform_enablePeripheral)
                  00214ec0    00000128     lwiplib.obj (.text:mem_malloc)
                  00214fe8    00000120     rtsv7M4_T_le_eabi.lib : _printfi.c.obj (.text:fcvt)
                  00215108    00000114                           : fputs.c.obj (.text:fputs)
                  0021521c    00000004     --HOLE-- [fill = 0]
                  00215220    00000114     lwiplib.obj (.text:ip4_output_if_src)
                  00215334    00000004     --HOLE-- [fill = 0]
                  00215338    00000110     lwiplib.obj (.text:mem_trim)
                  00215448    00000110     lwiplib.obj (.text:tcp_close_shutdown)
                  00215558    0000010c     lwiplib.obj (.text:etharp_output)
                  00215664    00000004     --HOLE-- [fill = 0]
                  00215668    00000108     Drv_Timer.obj (.text:Drv_Timer_ClockMaintain)
                  00215770    00000104     lwiplib.obj (.text:udp_sendto_if_src)
                  00215874    00000100     rtsv7M4_T_le_eabi.lib : memory.c.obj (.text:aligned_alloc)
                  00215974    00000004     --HOLE-- [fill = 0]
                  00215978    00000100     lwiplib.obj (.text:etharp_find_entry)
                  00215a78    00000100     lwiplib.obj (.text:pbuf_alloc)
                  00215b78    000000fc     rtsv7M4_T_le_eabi.lib : fd_mul_t2.asm.obj (.text)
                  00215c74    000000fa                           : fs_add_t2.asm.obj (.text)
                  00215d6e    00000002     --HOLE-- [fill = 0]
                  00215d70    000000e4                           : memory.c.obj (.text:free)
                  00215e54    00000004     --HOLE-- [fill = 0]
                  00215e58    000000e4     lwiplib.obj (.text:tcp_alloc)
                  00215f3c    00000004     --HOLE-- [fill = 0]
                  00215f40    000000e0     bsp.obj (.text:Output_KWHDeal)
                  00216020    000000e0     lwiplib.obj (.text:etharp_input)
                  00216100    000000dc     rtsv7M4_T_le_eabi.lib : setvbuf.c.obj (.text:setvbuf)
                  002161dc    00000004     --HOLE-- [fill = 0]
                  002161e0    000000d8     lwiplib.obj (.text:tcp_output_segment)
                  002162b8    000000d4     ModbusTcp.obj (.text:MbTcp_03H)
                  0021638c    00000004     --HOLE-- [fill = 0]
                  00216390    000000d4     modbus_Param.obj (.text:debug_upDataHoldingCBReg)
                  00216464    00000004     --HOLE-- [fill = 0]
                  00216468    000000d4     lwiplib.obj (.text:tcp_abandon)
                  0021653c    00000004     --HOLE-- [fill = 0]
                  00216540    000000d0     modbus_Param.obj (.text:Param_upDataHoldingCBReg)
                  00216610    000000d0     rtsv7M4_T_le_eabi.lib : s_scalbn.c.obj (.text:scalbn)
                  002166e0    000000cc     lwiplib.obj (.text:ethernet_input)
                  002167ac    00000004     --HOLE-- [fill = 0]
                  002167b0    000000c8     ipc_cm.obj (.text:IPC_ISR0)
                  00216878    000000c8     ModbusTcp.obj (.text:w5500_TcpMainServer)
                  00216940    000000c4     ptp_master_sync.obj (.text:ptp_master_run)
                  00216a04    00000004     --HOLE-- [fill = 0]
                  00216a08    000000c4     socket.obj (.text:send)
                  00216acc    000000c0     driverlib_cm.lib : ethernet.obj (.text:Ethernet_removePacketsFromTxQueue)
                  00216b8c    000000bc                      : ethernet.obj (.text:Ethernet_getInitConfig)
                  00216c48    000000bc                      : ethernet.obj (.text:Ethernet_initRxChannel)
                  00216d04    00000004     --HOLE-- [fill = 0]
                  00216d08    000000bc     Drv_I2C_RTC.obj (.text:RTC_WriteBuf)
                  00216dc4    00000004     --HOLE-- [fill = 0]
                  00216dc8    000000b8     lwiplib.obj (.text:netif_add)
                  00216e80    000000b6     Eth_mii.obj (.text:msgUnpackHeader)
                  00216f36    00000002     --HOLE-- [fill = 0]
                  00216f38    000000b4     Drv_I2C_EE.obj (.text:EE_ReadBuf)
                  00216fec    00000004     --HOLE-- [fill = 0]
                  00216ff0    000000b4     Eth_mii.obj (.text:Ethernet_releaseTxPacketBufferPTP)
                  002170a4    00000004     --HOLE-- [fill = 0]
                  002170a8    000000b4     ptp_master_sync.obj (.text:ptp_master_init)
                  0021715c    00000004     --HOLE-- [fill = 0]
                  00217160    000000b4     w5500_conf.obj (.text:set_w5500_ip)
                  00217214    000000b1     rtsv7M4_T_le_eabi.lib : _printfi.c.obj (.text:_ltostr)
                  002172c5    00000003     --HOLE-- [fill = 0]
                  002172c8    000000b0     lwiplib.obj (.text:tcp_create_segment)
                  00217378    000000b0     lwiplib.obj (.text:tcp_listen_with_backlog_and_err)
                  00217428    000000ac     Drv_I2C_RTC.obj (.text:RTC_ReadBuf)
                  002174d4    00000004     --HOLE-- [fill = 0]
                  002174d8    000000ac     lwiplib.obj (.text:etharp_raw)
                  00217584    000000a8     driverlib_cm.lib : ethernet.obj (.text:Ethernet_initInterface)
                  0021762c    00000004     --HOLE-- [fill = 0]
                  00217630    000000a4     modbus_Param.obj (.text:Mb03_RegAddrLookUp)
                  002176d4    00000004     --HOLE-- [fill = 0]
                  002176d8    000000a4     lwiplib.obj (.text:netif_loop_output)
                  0021777c    00000004     --HOLE-- [fill = 0]
                  00217780    000000a0     Drv_I2C_EE.obj (.text:EE_WriteBuf)
                  00217820    000000a0     driverlib_cm.lib : ethernet.obj (.text:Ethernet_initTxChannel)
                  002178c0    000000a0     lwiplib.obj (.text:udp_bind)
                  00217960    0000009c     Eth_mii.obj (.text:msgPackDelayResp)
                  002179fc    00000004     --HOLE-- [fill = 0]
                  00217a00    0000009c     ptp_master_sync.obj (.text:msgPackDelayResp)
                  00217a9c    0000009c     rtsv7M4_T_le_eabi.lib : memcpy_t2.asm.obj (.text)
                  00217b38    0000009a     lwiplib.obj (.text:tcp_zero_window_probe)
                  00217bd2    00000006     driverlib_cm.lib : platform_port.obj (.text:Platform_resetPeripheral)
                  00217bd8    00000098     lwiplib.obj (.text:tcp_bind)
                  00217c70    00000098     lwiplib.obj (.text:tcp_enqueue_flags)
                  00217d08    00000098     obj_debug.obj (.text:udp_rx_callback)
                  00217da0    00000096     rtsv7M4_T_le_eabi.lib : ull_div_t2.asm.obj (.text)
                  00217e36    00000002     --HOLE-- [fill = 0]
                  00217e38    00000094     driverlib_cm.lib : interrupt.obj (.text:Interrupt_setPriority)
                  00217ecc    00000004     --HOLE-- [fill = 0]
                  00217ed0    00000094     lwiplib.obj (.text:mem_free)
                  00217f64    00000004     --HOLE-- [fill = 0]
                  00217f68    00000094     Eth_mii.obj (.text:sendMessage)
                  00217ffc    00000092     rtsv7M4_T_le_eabi.lib : fs_div_t2.asm.obj (.text)
                  0021808e    00000002     --HOLE-- [fill = 0]
                  00218090    00000090     Eth_mii.obj (.text:Lwip_ParamInit)
                  00218120    00000090     lwiplib.obj (.text:etharp_update_arp_entry)
                  002181b0    00000090     ptp_master_sync.obj (.text:sendMessage)
                  00218240    00000090     socket.obj (.text:socket)
                  002182d0    00000090     lwiplib.obj (.text:tcp_fasttmr)
                  00218360    0000008c     rtsv7M4_T_le_eabi.lib : fputc.c.obj (.text:fputc)
                  002183ec    00000004     --HOLE-- [fill = 0]
                  002183f0    0000008c     ptp_slave_sync.obj (.text:ptp_slave_init)
                  0021847c    00000004     --HOLE-- [fill = 0]
                  00218480    0000008a     ModbusRtu.obj (.text:MODS_03H)
                  0021850a    00000006     --HOLE-- [fill = 0]
                  00218510    0000008a     lwiplib.obj (.text:pbuf_copy)
                  0021859a    00000002     --HOLE-- [fill = 0]
                  0021859c    00000088     driverlib_cm.lib : ethernet.obj (.text:Ethernet_sendPacket)
                  00218624    00000086     rtsv7M4_T_le_eabi.lib : fd_cmp_t2.asm.obj (.text:__aeabi_cdcmple)
                  002186aa    00000086                           : fd_cmp_t2.asm.obj (.text:__aeabi_cdrcmple)
                  00218730    00000084     modbus_Param.obj (.text:Fault_upDataHoldingCBReg)
                  002187b4    00000004     --HOLE-- [fill = 0]
                  002187b8    00000084     lwiplib.obj (.text:inet_cksum_pseudo_base)
                  0021883c    00000004     --HOLE-- [fill = 0]
                  00218840    00000084     lwiplib.obj (.text:lwIPPrivateInit)
                  002188c4    00000004     --HOLE-- [fill = 0]
                  002188c8    00000084     lwiplib.obj (.text:tcp_oos_insert_segment)
                  0021894c    00000004     --HOLE-- [fill = 0]
                  00218950    00000084     lwiplib.obj (.text:tcp_parseopt)
                  002189d4    00000004     --HOLE-- [fill = 0]
                  002189d8    00000082     w5500.obj (.text:recv_data_processing)
                  00218a5a    00000006     --HOLE-- [fill = 0]
                  00218a60    00000082     w5500.obj (.text:send_data_processing)
                  00218ae2    00000080     driverlib_cm.lib : ethernet.obj (.text:Ethernet_writeTxDMAControl)
                  00218b62    00000006     --HOLE-- [fill = 0]
                  00218b68    00000080     ModbusTcp.obj (.text:MbTcp_06H)
                  00218be8    00000080     lwiplib.obj (.text:icmp_send_response)
                  00218c68    00000080     lwiplib.obj (.text:lwIPServiceTimers)
                  00218ce8    00000080     lwiplib.obj (.text:tcp_free_acked_segments)
                  00218d68    00000080     lwiplib.obj (.text:tcp_timewait_input)
                  00218de8    0000007c     lwiplib.obj (.text:plug_holes)
                  00218e64    00000004     --HOLE-- [fill = 0]
                  00218e68    0000007c     w5500.obj (.text:socket_buf_init)
                  00218ee4    00000004     --HOLE-- [fill = 0]
                  00218ee8    0000007c     lwiplib.obj (.text:tcp_process_refused_data)
                  00218f64    0000007a     rtsv7M4_T_le_eabi.lib : fs_mul_t2.asm.obj (.text)
                  00218fde    0000007a                           : memset_t2.asm.obj (.text)
                  00219058    00000078     modbus_Param.obj (.text:Ctrl_upDataHoldingCBReg)
                  002190d0    00000076     cm.obj (.text:CM_enableAllPeripherals)
                  00219146    00000002     --HOLE-- [fill = 0]
                  00219148    00000076     Eth_mii.obj (.text:msgPackFollowUp)
                  002191be    00000002     --HOLE-- [fill = 0]
                  002191c0    00000076     ptp_master_sync.obj (.text:msgPackFollowUp)
                  00219236    00000002     --HOLE-- [fill = 0]
                  00219238    00000074     driverlib_cm.lib : ethernet.obj (.text:Ethernet_writePHYRegister)
                  002192ac    00000074     rtsv7M4_T_le_eabi.lib : fclose.c.obj (.text:__TI_closefile)
                  00219320    00000074     lwiplib.obj (.text:ip4_route)
                  00219394    00000004     --HOLE-- [fill = 0]
                  00219398    00000072     lwiplib.obj (.text:tcp_rexmit)
                  0021940a    00000006     --HOLE-- [fill = 0]
                  00219410    00000070     lwiplib.obj (.text:etharp_tmr)
                  00219480    00000070     rtsv7M4_T_le_eabi.lib : memory.c.obj (.text:split)
                  002194f0    0000006e                           : _printfi.c.obj (.text:_mcpy)
                  0021955e    00000002     --HOLE-- [fill = 0]
                  00219560    0000006c                           : hostrename.c.obj (.text:HOSTrename)
                  002195cc    0000006c     driverlib_cm.lib : interrupt.obj (.text:Interrupt_disable)
                  00219638    0000006c     lwiplib.obj (.text:tcp_output_control_segment)
                  002196a4    00000004     --HOLE-- [fill = 0]
                  002196a8    0000006a     lwiplib.obj (.text:lwip_standard_chksum)
                  00219712    00000006     --HOLE-- [fill = 0]
                  00219718    0000006a     lwiplib.obj (.text:pbuf_copy_partial)
                  00219782    00000006     --HOLE-- [fill = 0]
                  00219788    0000006a     lwiplib.obj (.text:tcp_output_alloc_header_common)
                  002197f2    00000002     --HOLE-- [fill = 0]
                  002197f4    00000068     rtsv7M4_T_le_eabi.lib : hostlseek.c.obj (.text:HOSTlseek)
                  0021985c    00000004     --HOLE-- [fill = 0]
                  00219860    00000068     ptp_master_sync.obj (.text:InitConstants)
                  002198c8    00000068     ptp_slave_sync.obj (.text:InitConstants)
                  00219930    00000068     rtsv7M4_T_le_eabi.lib : copy_decompress_lzss.c.obj (.text:decompress:lzss:__TI_decompress_lzss)
                  00219998    00000068     lwiplib.obj (.text:etharp_output_to_arp_index)
                  00219a00    00000068     rtsv7M4_T_le_eabi.lib : printf.c.obj (.text:printf)
                  00219a68    00000068     lwiplib.obj (.text:tcp_rexmit_rto_prepare)
                  00219ad0    00000064     cm.obj (.text:CM_init)
                  00219b34    00000064     driverlib_cm.lib : interrupt.obj (.text:Interrupt_enable)
                  00219b98    00000064     ModbusRtu.obj (.text:MODS_06H)
                  00219bfc    00000064     rtsv7M4_T_le_eabi.lib : fseek.c.obj (.text:fseek)
                  00219c60    00000064     Drv_I2C_RTC.obj (.text:rtc_read_time)
                  00219cc4    00000004     --HOLE-- [fill = 0]
                  00219cc8    00000064     ModbusTcp.obj (.text:tcp_server_recv_cb)
                  00219d2c    00000004     --HOLE-- [fill = 0]
                  00219d30    00000064     lwiplib.obj (.text:udp_input_local_match)
                  00219d94    00000062     rtsv7M4_T_le_eabi.lib : _io_perm.c.obj (.text:__TI_wrt_ok)
                  00219df6    00000002     --HOLE-- [fill = 0]
                  00219df8    00000060                           : hostopen.c.obj (.text:HOSTopen)
                  00219e58    00000060     lwiplib.obj (.text:ethernet_output)
                  00219eb8    00000060     lwiplib.obj (.text:sys_check_timeouts)
                  00219f18    0000005c     ModbusTcp.obj (.text:MbTcp_SendAckErr)
                  00219f74    0000005c     rtsv7M4_T_le_eabi.lib : s_frexp.c.obj (.text:frexp)
                  00219fd0    0000005c     ipc_cm.obj (.text:ipc_TxData_CmToCpu2)
                  0021a02c    00000004     --HOLE-- [fill = 0]
                  0021a030    0000005c     lwiplib.obj (.text:sys_timeout_abs)
                  0021a08c    0000005a     driverlib_cm.lib : ethernet.obj (.text:Ethernet_writeRxDMAControl)
                  0021a0e6    00000002     --HOLE-- [fill = 0]
                  0021a0e8    00000058                      : ethernet.obj (.text:Ethernet_addPacketsIntoRxQueue)
                  0021a140    00000058                      : ethernet.obj (.text:Ethernet_receiveISR)
                  0021a198    00000058                      : ethernet.obj (.text:Ethernet_transmitISR)
                  0021a1f0    00000058     rtsv7M4_T_le_eabi.lib : hostread.c.obj (.text:HOSTread)
                  0021a248    00000058                           : hostwrite.c.obj (.text:HOSTwrite)
                  0021a2a0    00000058     f2838xif.obj (.text:f2838xif_hwinit)
                  0021a2f8    00000058     lwiplib.obj (.text:pbuf_free)
                  0021a350    00000058     lwiplib.obj (.text:pbuf_realloc)
                  0021a3a8    00000058     Drv_I2C_RTC.obj (.text:rtc_write_time)
                  0021a400    00000058     lwiplib.obj (.text:tcp_new_port)
                  0021a458    00000058     obj_debug.obj (.text:udpDebug_TxData)
                  0021a4b0    00000056     rtsv7M4_T_le_eabi.lib : _printfi.c.obj (.text:_pconv_f)
                  0021a506    00000002     --HOLE-- [fill = 0]
                  0021a508    00000056     lwiplib.obj (.text:inet_chksum_pbuf)
                  0021a55e    00000002     --HOLE-- [fill = 0]
                  0021a560    00000056     lwiplib.obj (.text:tcp_pcb_remove)
                  0021a5b6    00000002     --HOLE-- [fill = 0]
                  0021a5b8    00000054     Eth_mii.obj (.text:Ethernet_getPacketBufferCustom)
                  0021a60c    00000054     driverlib_cm.lib : ethernet.obj (.text:Ethernet_setConfigTimestampPTP)
                  0021a660    00000054     bsp.obj (.text:Pcs_CmRunISR)
                  0021a6b4    00000054     rtsv7M4_T_le_eabi.lib : _ltoa.c.obj (.text:__TI_ltoa)
                  0021a708    00000054     f2838xif.obj (.text:f2838xif_receive)
                  0021a75c    00000004     --HOLE-- [fill = 0]
                  0021a760    00000054     lwiplib.obj (.text:tcp_kill_prio)
                  0021a7b4    00000004     --HOLE-- [fill = 0]
                  0021a7b8    00000054     lwiplib.obj (.text:tcp_pbuf_prealloc)
                  0021a80c    00000004     --HOLE-- [fill = 0]
                  0021a810    00000054     lwiplib.obj (.text:udp_new_port)
                  0021a864    00000004     --HOLE-- [fill = 0]
                  0021a868    00000054     lwiplib.obj (.text:udp_sendto)
                  0021a8bc    00000052     driverlib_cm.lib : ethernet.obj (.text:Ethernet_readPHYRegister)
                  0021a90e    00000052     rtsv7M4_T_le_eabi.lib : _printfi.c.obj (.text:_ecpy)
                  0021a960    00000052     lwiplib.obj (.text:pbuf_add_header_impl)
                  0021a9b2    00000006     --HOLE-- [fill = 0]
                  0021a9b8    00000050     Drv_Timer.obj (.text:Drv_TimerInt_Init)
                  0021aa08    00000050     Drv_I2CA.obj (.text:i2cA_SendByte)
                  0021aa58    00000050     lwiplib.obj (.text:netif_set_addr)
                  0021aaa8    00000050     lwiplib.obj (.text:tcp_netif_ip_addr_changed)
                  0021aaf8    00000050     lwiplib.obj (.text:tcp_write_checks)
                  0021ab48    00000050     lwiplib.obj (.text:udp_connect)
                  0021ab98    0000004e     lwiplib.obj (.text:tcp_rexmit_fast)
                  0021abe6    0000004c     rtsv7M4_T_le_eabi.lib : fflush.c.obj (.text:__TI_doflush)
                  0021ac32    00000002     --HOLE-- [fill = 0]
                  0021ac34    0000004c                           : atoi.c.obj (.text:atoi)
                  0021ac80    0000004c     lwiplib.obj (.text:mem_init)
                  0021accc    00000004     --HOLE-- [fill = 0]
                  0021acd0    0000004c     lwiplib.obj (.text:mem_link_valid)
                  0021ad1c    00000004     --HOLE-- [fill = 0]
                  0021ad20    0000004c     lwiplib.obj (.text:netif_init)
                  0021ad6c    00000004     --HOLE-- [fill = 0]
                  0021ad70    0000004c     Eth_mii.obj (.text:updateClock)
                  0021adbc    00000004     --HOLE-- [fill = 0]
                  0021adc0    0000004a     w5500.obj (.text:getSn_RX_RSR)
                  0021ae0a    00000006     --HOLE-- [fill = 0]
                  0021ae10    0000004a     w5500.obj (.text:getSn_TX_FSR)
                  0021ae5a    00000006     --HOLE-- [fill = 0]
                  0021ae60    0000004a     lwiplib.obj (.text:tcp_close_shutdown_fin)
                  0021aeaa    00000002     --HOLE-- [fill = 0]
                  0021aeac    00000048     rtsv7M4_T_le_eabi.lib : exit.c.obj (.text:exit)
                  0021aef4    00000048                           : fd_toi_t2.asm.obj (.text)
                  0021af3c    00000004     --HOLE-- [fill = 0]
                  0021af40    00000048     lwiplib.obj (.text:tcp_send_fin)
                  0021af88    00000046     lwiplib.obj (.text:tcp_pcb_purge)
                  0021afce    00000002     --HOLE-- [fill = 0]
                  0021afd0    00000044     bsp.obj (.text:GloabParam_Init)
                  0021b014    00000044     rtsv7M4_T_le_eabi.lib : hostclose.c.obj (.text:HOSTclose)
                  0021b058    00000044                           : hostunlink.c.obj (.text:HOSTunlink)
                  0021b09c    00000044     driverlib_cm.lib : ipc.obj (.text:IPC_readCommand)
                  0021b0e0    00000044     bsp.obj (.text:Output_RunTimeCnt)
                  0021b124    00000044     rtsv7M4_T_le_eabi.lib : autoinit.c.obj (.text:__TI_auto_init_nobinit_nopinit:__TI_auto_init_nobinit_nopinit)
                  0021b168    00000044     Drv_Timer.obj (.text:configCPUTimer)
                  0021b1ac    00000044     rtsv7M4_T_le_eabi.lib : getdevice.c.obj (.text:getdevice)
                  0021b1f0    00000044     Drv_I2CA.obj (.text:i2cA_ReadByte)
                  0021b234    00000004     --HOLE-- [fill = 0]
                  0021b238    00000044     w5500_conf.obj (.text:set_w5500_mac)
                  0021b27c    00000004     --HOLE-- [fill = 0]
                  0021b280    00000044     lwiplib.obj (.text:tcp_kill_state)
                  0021b2c4    00000004     --HOLE-- [fill = 0]
                  0021b2c8    00000044     ModbusTcp.obj (.text:tcp_server_accept_cb)
                  0021b30c    00000004     --HOLE-- [fill = 0]
                  0021b310    00000044     w5500_conf.obj (.text:wiz_write_buf)
                  0021b354    00000004     --HOLE-- [fill = 0]
                  0021b358    00000042     ptp_master_sync.obj (.text:msgPackHeader)
                  0021b39a    00000006     --HOLE-- [fill = 0]
                  0021b3a0    00000042     lwiplib.obj (.text:tcp_rst)
                  0021b3e2    00000002     --HOLE-- [fill = 0]
                  0021b3e4    00000040     driverlib_cm.lib : ethernet.obj (.text:Ethernet_getPacketBuffer)
                  0021b424    00000004     --HOLE-- [fill = 0]
                  0021b428    00000040     ModbusTcp.obj (.text:LwipTcp_send)
                  0021b468    00000040     w5500_conf.obj (.text:W5500_SPI_Transfer)
                  0021b4a8    00000040     lwiplib.obj (.text:do_memp_malloc_pool)
                  0021b4e8    00000040     Eth_mii.obj (.text:msgPackHeader)
                  0021b528    00000040     lwiplib.obj (.text:tcp_get_next_optbyte)
                  0021b568    00000040     lwiplib.obj (.text:tcp_input_delayed_close)
                  0021b5a8    00000040     lwiplib.obj (.text:tcp_send_empty_ack)
                  0021b5e8    00000040     lwiplib.obj (.text:udp_sendto_if)
                  0021b628    0000003e     rtsv7M4_T_le_eabi.lib : _printfi.c.obj (.text:_fcpy)
                  0021b666    00000002     --HOLE-- [fill = 0]
                  0021b668    0000003e     w5500_conf.obj (.text:wiz_read_buf)
                  0021b6a6    00000002     --HOLE-- [fill = 0]
                  0021b6a8    0000003c     ModbusTcp.obj (.text:Lwip_TcpServerInit)
                  0021b6e4    00000004     --HOLE-- [fill = 0]
                  0021b6e8    0000003c     ModbusRtu.obj (.text:MODS_SendAckOk)
                  0021b724    00000004     --HOLE-- [fill = 0]
                  0021b728    0000003c     ModbusRtu.obj (.text:ModbusRtu1_Poll)
                  0021b764    00000004     --HOLE-- [fill = 0]
                  0021b768    0000003c     ModbusRtu.obj (.text:ModbusRtu2_Poll)
                  0021b7a4    00000004     --HOLE-- [fill = 0]
                  0021b7a8    0000003c     f2838xif.obj (.text:f2838xif_init)
                  0021b7e4    00000004     --HOLE-- [fill = 0]
                  0021b7e8    0000003c     Eth_mii.obj (.text:normalizeTime)
                  0021b824    00000004     --HOLE-- [fill = 0]
                  0021b828    0000003c     lwiplib.obj (.text:tcpip_tcp_timer)
                  0021b864    00000004     --HOLE-- [fill = 0]
                  0021b868    0000003a     ModbusRtu.obj (.text:MODS_SendWithCRC)
                  0021b8a2    00000006     --HOLE-- [fill = 0]
                  0021b8a8    00000038     ModbusRtu.obj (.text:CRC16_Modbus)
                  0021b8e0    00000038     rtsv7M4_T_le_eabi.lib : trgmsg.c.obj (.text:__TI_writemsg)
                  0021b918    00000038     f2838xif.obj (.text:f2838xif_process_transmit)
                  0021b950    00000038     ipc_cm.obj (.text:ipc_init)
                  0021b988    00000038     lwiplib.obj (.text:lwip_cyclic_timer)
                  0021b9c0    00000038     Eth_mii.obj (.text:msgPackDelayReq)
                  0021b9f8    00000038     rtsv7M4_T_le_eabi.lib : fs_toi_t2.asm.obj (.text)
                  0021ba30    00000038     lwiplib.obj (.text:tcp_recved)
                  0021ba68    00000036     f2838xif.obj (.text:f2838xif_interrupt)
                  0021ba9e    00000002     --HOLE-- [fill = 0]
                  0021baa0    00000036     socket.obj (.text:listen)
                  0021bad6    00000002     --HOLE-- [fill = 0]
                  0021bad8    00000036     lwiplib.obj (.text:pbuf_remove_header)
                  0021bb0e    00000036     rtsv7M4_T_le_eabi.lib : strncpy.c.obj (.text:strncpy)
                  0021bb44    00000004     --HOLE-- [fill = 0]
                  0021bb48    00000034     Eth_mii.obj (.text:Ethernet_receivePacketCallbackCustom)
                  0021bb7c    00000034     driverlib_cm.lib : ipc.obj (.text:IPC_sendCommand)
                  0021bbb0    00000034                      : interrupt.obj (.text:Interrupt_registerHandler)
                  0021bbe4    00000034                      : sysctl.obj (.text:SysCtl_resetPeripheral)
                  0021bc18    00000034     rtsv7M4_T_le_eabi.lib : fopen.c.obj (.text:__TI_cleanup)
                  0021bc4c    00000034                           : trgmsg.c.obj (.text:__TI_readmsg)
                  0021bc80    00000034     Eth_mii.obj (.text:div2Time)
                  0021bcb4    00000004     --HOLE-- [fill = 0]
                  0021bcb8    00000034     Drv_Timer.obj (.text:initCPUTimer1)
                  0021bcec    00000004     --HOLE-- [fill = 0]
                  0021bcf0    00000034     lwiplib.obj (.text:pbuf_free_ooseq)
                  0021bd24    00000034     rtsv7M4_T_le_eabi.lib : rand.c.obj (.text:rand)
                  0021bd58    00000034                           : fs_tou_t2.asm.obj (.text)
                  0021bd8c    00000004     --HOLE-- [fill = 0]
                  0021bd90    00000034     lwiplib.obj (.text:tcp_kill_timewait)
                  0021bdc4    00000004     --HOLE-- [fill = 0]
                  0021bdc8    00000034     lwiplib.obj (.text:tcp_timer_needed)
                  0021bdfc    00000004     --HOLE-- [fill = 0]
                  0021be00    00000032     w5500_conf.obj (.text:IINCHIP_WRITE)
                  0021be32    00000006     --HOLE-- [fill = 0]
                  0021be38    00000032     lwiplib.obj (.text:ip4_addr_isbroadcast_u32)
                  0021be6a    00000006     --HOLE-- [fill = 0]
                  0021be70    00000032     Eth_mii.obj (.text:msgPackSync)
                  0021bea2    00000006     --HOLE-- [fill = 0]
                  0021bea8    00000032     ptp_master_sync.obj (.text:msgPackSync)
                  0021beda    00000006     --HOLE-- [fill = 0]
                  0021bee0    00000030     w5500_conf.obj (.text:IINCHIP_READ)
                  0021bf10    00000030     ModbusRtu.obj (.text:MODS_SendAckErr)
                  0021bf40    00000030     ModbusTcp.obj (.text:ModbusTcp1_Poll)
                  0021bf70    00000030     ModbusTcp.obj (.text:ModbusTcp2_Poll)
                  0021bfa0    00000030     rtsv7M4_T_le_eabi.lib : getdevice.c.obj (.text:finddevice)
                  0021bfd0    00000030     Drv_I2CA.obj (.text:i2cA_Stop)
                  0021c000    00000030     Drv_I2CA.obj (.text:i2cA_WaitAck)
                  0021c030    00000030     lwiplib.obj (.text:inet_chksum_pseudo)
                  0021c060    00000030     lwiplib.obj (.text:lwIPInit)
                  0021c090    00000030     lwiplib.obj (.text:netif_do_set_ipaddr)
                  0021c0c0    00000030     lwiplib.obj (.text:tcp_recv_null)
                  0021c0f0    00000030     lwiplib.obj (.text:tcp_update_rcv_ann_wnd)
                  0021c120    00000030     lwiplib.obj (.text:udp_netif_ip_addr_changed)
                  0021c150    0000002e     driverlib_cm.lib : ethernet.obj (.text:Ethernet_updateSysTimePTP)
                  0021c17e    00000002     --HOLE-- [fill = 0]
                  0021c180    0000002e     socket.obj (.text:recv)
                  0021c1ae    0000002e     rtsv7M4_T_le_eabi.lib : i_tofd_t2.asm.obj (.text)
                  0021c1dc    00000004     --HOLE-- [fill = 0]
                  0021c1e0    0000002e     lwiplib.obj (.text:tcp_keepalive)
                  0021c20e    00000002     --HOLE-- [fill = 0]
                  0021c210    0000002c     bsp.obj (.text:Cm_Fault_Reset)
                  0021c23c    0000002c     driverlib_cm.lib : sysctl.obj (.text:SysCtl_enablePeripheral)
                  0021c268    0000002c     Drv_I2CA.obj (.text:i2cA_Start)
                  0021c294    00000004     --HOLE-- [fill = 0]
                  0021c298    0000002c     lwiplib.obj (.text:ip4_input_accept)
                  0021c2c4    00000004     --HOLE-- [fill = 0]
                  0021c2c8    0000002c     lwiplib.obj (.text:memp_init_pool)
                  0021c2f4    00000004     --HOLE-- [fill = 0]
                  0021c2f8    0000002c     lwiplib.obj (.text:pbuf_cat)
                  0021c324    00000004     --HOLE-- [fill = 0]
                  0021c328    0000002c     lwiplib.obj (.text:tcp_handle_closepend)
                  0021c354    00000004     --HOLE-- [fill = 0]
                  0021c358    0000002c     obj_debug.obj (.text:udpDebug_Init)
                  0021c384    0000002c     rtsv7M4_T_le_eabi.lib : unlink.c.obj (.text:unlink)
                  0021c3b0    00000028                           : memory.c.obj (.text:free_list_insert)
                  0021c3d8    00000028                           : lseek.c.obj (.text:lseek)
                  0021c400    00000028     lwiplib.obj (.text:memp_init)
                  0021c428    00000028     lwiplib.obj (.text:netif_get_by_index)
                  0021c450    00000028     lwiplib.obj (.text:netif_loopif_init)
                  0021c478    00000028     lwiplib.obj (.text:tcp_output_alloc_header)
                  0021c4a0    00000028     ModbusTcp.obj (.text:tcp_server_poll_cb)
                  0021c4c8    00000028     rtsv7M4_T_le_eabi.lib : write.c.obj (.text:write)
                  0021c4f0    00000026     driverlib_cm.lib : ethernet.obj (.text:Ethernet_selectTargetInterruptOrPulsePPS)
                  0021c516    00000002     --HOLE-- [fill = 0]
                  0021c518    00000026     socket.obj (.text:close)
                  0021c53e    00000002     --HOLE-- [fill = 0]
                  0021c540    00000026     lwiplib.obj (.text:pbuf_alloc_reference)
                  0021c566    00000024     driverlib_cm.lib : ethernet.obj (.text:Ethernet_setFixedModePPS)
                  0021c58a    00000002     --HOLE-- [fill = 0]
                  0021c58c    00000024                      : ipc.obj (.text:IPC_registerInterrupt)
                  0021c5b0    00000024     ModbusRtu.obj (.text:ModbusRtu_AnalyzeApp)
                  0021c5d4    00000004     --HOLE-- [fill = 0]
                  0021c5d8    00000024     ModbusTcp.obj (.text:ModbusTcp_AnalyzeApp)
                  0021c5fc    00000024     rtsv7M4_T_le_eabi.lib : boot_cortex_m.c.obj (.text:_c_int00_noargs:_c_int00_noargs)
                  0021c620    00000024     lwiplib.obj (.text:do_memp_free_pool)
                  0021c644    00000004     --HOLE-- [fill = 0]
                  0021c648    00000024     lwiplib.obj (.text:etharp_free_entry)
                  0021c66c    00000004     --HOLE-- [fill = 0]
                  0021c670    00000024     lwiplib.obj (.text:etharp_request_dst)
                  0021c694    00000004     --HOLE-- [fill = 0]
                  0021c698    00000024     Drv_I2CA.obj (.text:i2cA_Ack)
                  0021c6bc    00000004     --HOLE-- [fill = 0]
                  0021c6c0    00000024     Drv_I2CA.obj (.text:i2cA_NAck)
                  0021c6e4    00000004     --HOLE-- [fill = 0]
                  0021c6e8    00000024     lwiplib.obj (.text:lwIPEthernetIntHandler)
                  0021c70c    00000024     rtsv7M4_T_le_eabi.lib : memcmp.c.obj (.text:memcmp)
                  0021c730    00000024     lwiplib.obj (.text:netif_issue_reports)
                  0021c754    00000024     rtsv7M4_T_le_eabi.lib : u_tofs_t2.asm.obj (.text)
                  0021c778    00000024     lwiplib.obj (.text:tcp_seg_copy)
                  0021c79c    00000004     --HOLE-- [fill = 0]
                  0021c7a0    00000024     w5500_conf.obj (.text:w5500_init)
                  0021c7c4    00000022     driverlib_cm.lib : ethernet.obj (.text:Ethernet_enableSysTimePTP)
                  0021c7e6    00000002     --HOLE-- [fill = 0]
                  0021c7e8    00000022     lwiplib.obj (.text:tcp_eff_send_mss_netif)
                  0021c80a    00000006     --HOLE-- [fill = 0]
                  0021c810    00000022     lwiplib.obj (.text:tcp_netif_ip_addr_changed_pcblist)
                  0021c832    00000006     --HOLE-- [fill = 0]
                  0021c838    00000020     lwiplib.obj (.text:free_etharp_q)
                  0021c858    00000020     lwiplib.obj (.text:ip4_output_if)
                  0021c878    00000020     rtsv7M4_T_le_eabi.lib : memchr.c.obj (.text:memchr)
                  0021c898    00000020     lwiplib.obj (.text:pbuf_clone)
                  0021c8b8    00000020     w5500_conf.obj (.text:reset_w5500)
                  0021c8d8    00000020     lwiplib.obj (.text:tcp_close)
                  0021c8f8    00000020     lwiplib.obj (.text:tcp_tmr)
                  0021c918    0000001e     driverlib_cm.lib : ethernet.obj (.text:Ethernet_enableMACRxQ)
                  0021c936    0000001e                      : ethernet.obj (.text:Ethernet_setSysTimePTP)
                  0021c954    00000004     --HOLE-- [fill = 0]
                  0021c958    0000001e     lwiplib.obj (.text:pbuf_init_alloced_pbuf)
                  0021c976    0000001c     driverlib_cm.lib : ethernet.obj (.text:Ethernet_performPushPacketQueueChain)
                  0021c992    0000001c                      : ethernet.obj (.text:Ethernet_setMACAddr)
                  0021c9ae    0000001c                      : ethernet.obj (.text:Ethernet_setMTLTxQueueOpMode)
                  0021c9ca    00000006     --HOLE-- [fill = 0]
                  0021c9d0    0000001c     bsp.obj (.text:bsp_init)
                  0021c9ec    00000004     --HOLE-- [fill = 0]
                  0021c9f0    0000001c     socket.obj (.text:disconnect)
                  0021ca0c    0000001c     rtsv7M4_T_le_eabi.lib : memory.c.obj (.text:free_list_remove)
                  0021ca28    0000001c     w5500_conf.obj (.text:gpio_for_w5500_config)
                  0021ca44    00000004     --HOLE-- [fill = 0]
                  0021ca48    0000001c     lwiplib.obj (.text:lwip_init)
                  0021ca64    0000001c     rtsv7M4_T_le_eabi.lib : memccpy.c.obj (.text:memccpy)
                  0021ca80    0000001c     lwiplib.obj (.text:tcp_listen_closed)
                  0021ca9c    00000004     --HOLE-- [fill = 0]
                  0021caa0    0000001c     lwiplib.obj (.text:udp_new)
                  0021cabc    0000001a     driverlib_cm.lib : ethernet.obj (.text:Ethernet_configureEEEClockGatingControl)
                  0021cad6    0000001a                      : ethernet.obj (.text:Ethernet_getOneStepTransmitTimestampPTP)
                  0021caf0    0000001a                      : ethernet.obj (.text:Ethernet_performPushOnPacketQueue)
                  0021cb0a    00000006     --HOLE-- [fill = 0]
                  0021cb10    0000001a     lwiplib.obj (.text:lwip_htonl)
                  0021cb2a    00000006     --HOLE-- [fill = 0]
                  0021cb30    0000001a     lwiplib.obj (.text:netif_set_link_up)
                  0021cb4a    00000006     --HOLE-- [fill = 0]
                  0021cb50    0000001a     lwiplib.obj (.text:netif_set_up)
                  0021cb6a    00000006     --HOLE-- [fill = 0]
                  0021cb70    0000001a     modbus_Param.obj (.text:upDataHoldingCBReg)
                  0021cb8a    00000018     driverlib_cm.lib : ethernet.obj (.text:Ethernet_getSysTimePTP)
                  0021cba2    00000002     --HOLE-- [fill = 0]
                  0021cba4    00000018                      : ethernet.obj (.text:Ethernet_isTimestampIntActive)
                  0021cbbc    00000018                      : ethernet.obj (.text:Ethernet_isTransmitTimestampStatusSet)
                  0021cbd4    00000004     --HOLE-- [fill = 0]
                  0021cbd8    00000018     Eth_mii.obj (.text:Ethernet_releaseTxPacketBufferCustom)
                  0021cbf0    00000018     Eth_mii.obj (.text:addTime)
                  0021cc08    00000018     lwiplib.obj (.text:memp_free)
                  0021cc20    00000018     lwiplib.obj (.text:memp_malloc)
                  0021cc38    00000018     lwiplib.obj (.text:pbuf_pool_is_empty)
                  0021cc50    00000018     Drv_I2C_RTC.obj (.text:rtc_write_byte)
                  0021cc68    00000018     rtsv7M4_T_le_eabi.lib : strcmp.c.obj (.text:strcmp)
                  0021cc80    00000018     Eth_mii.obj (.text:subTime)
                  0021cc98    00000018     lwiplib.obj (.text:sys_timeouts_init)
                  0021ccb0    00000018     lwiplib.obj (.text:tcp_init)
                  0021ccc8    00000018     lwiplib.obj (.text:tcp_next_iss)
                  0021cce0    00000018     lwiplib.obj (.text:tcp_remove_listener)
                  0021ccf8    00000018     lwiplib.obj (.text:tcp_seg_free)
                  0021cd10    00000018     lwiplib.obj (.text:udp_init)
                  0021cd28    00000016     driverlib_cm.lib : ethernet.obj (.text:Ethernet_getMACAddr)
                  0021cd3e    00000016                      : ethernet.obj (.text:Ethernet_setMTLRxQueueOpMode)
                  0021cd54    00000004     --HOLE-- [fill = 0]
                  0021cd58    00000016     Drv_I2C_RTC.obj (.text:dec_to_bcd)
                  0021cd6e    00000002     --HOLE-- [fill = 0]
                  0021cd70    00000016     utility.obj (.text:delay_ms)
                  0021cd86    00000002     --HOLE-- [fill = 0]
                  0021cd88    00000016     lwiplib.obj (.text:pbuf_ref)
                  0021cd9e    00000016     rtsv7M4_T_le_eabi.lib : strchr.c.obj (.text:strchr)
                  0021cdb4    00000004     --HOLE-- [fill = 0]
                  0021cdb8    00000014     Drv_Timer.obj (.text:Drv_Timer_usDelay)
                  0021cdcc    00000014     driverlib_cm.lib : ethernet.obj (.text:Ethernet_disableRxDMAReception)
                  0021cde0    00000014                      : ethernet.obj (.text:Ethernet_enableRxDMAReception)
                  0021cdf4    00000004     --HOLE-- [fill = 0]
                  0021cdf8    00000014     Eth_mii.obj (.text:Ethernet_receivePacketCallbackCombine)
                  0021ce0c    00000014     driverlib_cm.lib : ethernet.obj (.text:Ethernet_setRxDescRingLength)
                  0021ce20    00000014                      : ethernet.obj (.text:Ethernet_setTxDescRingLength)
                  0021ce34    00000004     --HOLE-- [fill = 0]
                  0021ce38    00000014     lwiplib.obj (.text:netif_do_ip_addr_changed)
                  0021ce4c    00000004     --HOLE-- [fill = 0]
                  0021ce50    00000014     lwiplib.obj (.text:netif_do_set_gw)
                  0021ce64    00000004     --HOLE-- [fill = 0]
                  0021ce68    00000014     lwiplib.obj (.text:netif_do_set_netmask)
                  0021ce7c    00000004     --HOLE-- [fill = 0]
                  0021ce80    00000014     lwiplib.obj (.text:pbuf_clen)
                  0021ce94    00000014     rtsv7M4_T_le_eabi.lib : strcpy.c.obj (.text:strcpy)
                  0021cea8    00000014                           : strlen.c.obj (.text:strlen)
                  0021cebc    00000004     --HOLE-- [fill = 0]
                  0021cec0    00000014     lwiplib.obj (.text:tcp_segs_free)
                  0021ced4    00000004     --HOLE-- [fill = 0]
                  0021ced8    00000014     lwiplib.obj (.text:udp_disconnect)
                  0021ceec    00000004     --HOLE-- [fill = 0]
                  0021cef0    00000012     Eth_mii.obj (.text:Ethernet_ReleaseTxPacketBufferCombine)
                  0021cf02    00000012     driverlib_cm.lib : ethernet.obj (.text:Ethernet_disableDmaInterrupt)
                  0021cf14    00000012                      : ethernet.obj (.text:Ethernet_enableDmaInterrupt)
                  0021cf26    00000012                      : ethernet.obj (.text:Ethernet_performPopOnPacketQueue)
                  0021cf38    00000012     lwiplib.obj (.text:tcp_free_ooseq)
                  0021cf4a    00000006     --HOLE-- [fill = 0]
                  0021cf50    00000012     lwiplib.obj (.text:tcp_rexmit_rto)
                  0021cf62    00000006     --HOLE-- [fill = 0]
                  0021cf68    00000012     lwiplib.obj (.text:tcp_rexmit_rto_commit)
                  0021cf7a    00000006     --HOLE-- [fill = 0]
                  0021cf80    00000012     lwiplib.obj (.text:tcp_route)
                  0021cf92    00000006     --HOLE-- [fill = 0]
                  0021cf98    00000012     Eth_mii.obj (.text:toInternalTime)
                  0021cfaa    00000012     rtsv7M4_T_le_eabi.lib : wcslen.c.obj (.text:wcslen)
                  0021cfbc    00000004     --HOLE-- [fill = 0]
                  0021cfc0    00000010     Drv_I2CA.obj (.text:Drv_I2CA_Init)
                  0021cfd0    00000010     Drv_LED.obj (.text:Drv_Led_Off)
                  0021cfe0    00000010     driverlib_cm.lib : ethernet.obj (.text:Ethernet_configureMDIO)
                  0021cff0    00000010                      : ethernet.obj (.text:Ethernet_enableMTLInterrupt)
                  0021d000    00000010                      : ethernet.obj (.text:Ethernet_getRxERICount)
                  0021d010    00000010                      : ethernet.obj (.text:Ethernet_resetModule)
                  0021d020    00000010     lwiplib.obj (.text:Interrupt_disableInProcessor)
                  0021d030    00000010     Drv_I2C_RTC.obj (.text:bcd_to_dec)
                  0021d040    00000010     Drv_Timer.obj (.text:cpuTimer1ISR)
                  0021d050    00000010     Eth_mii.obj (.text:getTime)
                  0021d060    00000010     Eth_mii.obj (.text:lwIPHostTimerHandler)
                  0021d070    00000010     lwiplib.obj (.text:lwIPTimer)
                  0021d080    00000010     lwiplib.obj (.text:mem_to_ptr)
                  0021d090    00000010     lwiplib.obj (.text:pbuf_chain)
                  0021d0a0    00000010     lwiplib.obj (.text:ptr_to_mem)
                  0021d0b0    00000010     Drv_I2C_RTC.obj (.text:rtc_read_bytes)
                  0021d0c0    00000010     Eth_mii.obj (.text:setTime)
                  0021d0d0    00000010     lwiplib.obj (.text:sys_timeout)
                  0021d0e0    00000010     lwiplib.obj (.text:tcp_output_segment_busy)
                  0021d0f0    00000010     lwiplib.obj (.text:tcp_trigger_input_pcb_close)
                  0021d100    00000010     w5500_conf.obj (.text:w5500_nss_0)
                  0021d110    00000010     w5500_conf.obj (.text:w5500_nss_1)
                  0021d120    0000000e     driverlib_cm.lib : cputimer.obj (.text:CPUTimer_setEmulationMode)
                  0021d12e    0000000e                      : ethernet.obj (.text:Ethernet_disableTxEEEMode)
                  0021d13c    0000000e                      : ethernet.obj (.text:Ethernet_setPeriodPPS)
                  0021d14a    0000000e     rtsv7M4_T_le_eabi.lib : copy_decompress_none.c.obj (.text:decompress:none:__TI_decompress_none)
                  0021d158    0000000e     lwiplib.obj (.text:pbuf_header_impl)
                  0021d166    00000002     --HOLE-- [fill = 0]
                  0021d168    0000000e     lwiplib.obj (.text:tcp_accept_null)
                  0021d176    00000002     --HOLE-- [fill = 0]
                  0021d178    0000000c     Drv_LED.obj (.text:Drv_Led_toggle)
                  0021d184    0000000c     driverlib_cm.lib : ethernet.obj (.text:Ethernet_clearDMAChannelInterrupt)
                  0021d190    0000000c                      : ethernet.obj (.text:Ethernet_configureRevMIIAddress)
                  0021d19c    0000000c                      : ethernet.obj (.text:Ethernet_setMTLOpmode)
                  0021d1a8    0000000c                      : ethernet.obj (.text:Ethernet_writeRxDescListAddress)
                  0021d1b4    0000000c                      : ethernet.obj (.text:Ethernet_writeRxDescTailPointer)
                  0021d1c0    0000000c                      : ethernet.obj (.text:Ethernet_writeTxDescListAddress)
                  0021d1cc    0000000c                      : ethernet.obj (.text:Ethernet_writeTxDescTailPointer)
                  0021d1d8    0000000c     rtsv7M4_T_le_eabi.lib : s_copysign.c.obj (.text:copysign)
                  0021d1e4    0000000c                           : copy_zero_init.c.obj (.text:decompress:ZI:__TI_zero_init)
                  0021d1f0    0000000c     lwiplib.obj (.text:etharp_request)
                  0021d1fc    00000004     --HOLE-- [fill = 0]
                  0021d200    0000000c     w5500.obj (.text:getGAR)
                  0021d20c    00000004     --HOLE-- [fill = 0]
                  0021d210    0000000c     w5500.obj (.text:getIINCHIP_TxMAX)
                  0021d21c    00000004     --HOLE-- [fill = 0]
                  0021d220    0000000c     w5500.obj (.text:getSIPR)
                  0021d22c    00000004     --HOLE-- [fill = 0]
                  0021d230    0000000c     w5500.obj (.text:getSUBR)
                  0021d23c    00000004     --HOLE-- [fill = 0]
                  0021d240    0000000c     lwiplib.obj (.text:inet_chksum)
                  0021d24c    00000004     --HOLE-- [fill = 0]
                  0021d250    0000000c     lwiplib.obj (.text:lwip_htons)
                  0021d25c    00000004     --HOLE-- [fill = 0]
                  0021d260    0000000c     lwiplib.obj (.text:netif_set_default)
                  0021d26c    00000004     --HOLE-- [fill = 0]
                  0021d270    0000000c     w5500.obj (.text:setGAR)
                  0021d27c    00000004     --HOLE-- [fill = 0]
                  0021d280    0000000c     w5500.obj (.text:setSHAR)
                  0021d28c    00000004     --HOLE-- [fill = 0]
                  0021d290    0000000c     w5500.obj (.text:setSIPR)
                  0021d29c    00000004     --HOLE-- [fill = 0]
                  0021d2a0    0000000c     w5500.obj (.text:setSUBR)
                  0021d2ac    00000004     --HOLE-- [fill = 0]
                  0021d2b0    0000000c     lwiplib.obj (.text:sys_now)
                  0021d2bc    00000004     --HOLE-- [fill = 0]
                  0021d2c0    0000000c     lwiplib.obj (.text:tcp_accept)
                  0021d2cc    00000004     --HOLE-- [fill = 0]
                  0021d2d0    0000000a     Eth_mii.obj (.text:Ethernet_clearMACConfigurationCustom)
                  0021d2da    0000000a     driverlib_cm.lib : ethernet.obj (.text:Ethernet_getPHYMode)
                  0021d2e4    00000004     --HOLE-- [fill = 0]
                  0021d2e8    0000000a     f2838xif.obj (.text:f2838xif_output)
                  0021d2f2    00000006     --HOLE-- [fill = 0]
                  0021d2f8    0000000a     w5500.obj (.text:getSn_IR)
                  0021d302    00000006     --HOLE-- [fill = 0]
                  0021d308    0000000a     w5500.obj (.text:getSn_SR)
                  0021d312    00000006     --HOLE-- [fill = 0]
                  0021d318    0000000a     w5500.obj (.text:setSn_IR)
                  0021d322    00000006     --HOLE-- [fill = 0]
                  0021d328    0000000a     lwiplib.obj (.text:tcp_poll)
                  0021d332    00000006     --HOLE-- [fill = 0]
                  0021d338    00000008     bsp.obj (.text:BEBufToUint16)
                  0021d340    00000008     driverlib_cm.lib : ethernet.obj (.text:Ethernet_configurePHYAddress)
                  0021d348    00000008                      : ethernet.obj (.text:Ethernet_setDMAMode)
                  0021d350    00000008                      : ethernet.obj (.text:Ethernet_setMACConfiguration)
                  0021d358    00000008     Eth_mii.obj (.text:Ethernet_setMACConfigurationCustom)
                  0021d360    00000008     driverlib_cm.lib : ethernet.obj (.text:Ethernet_setMACPacketFilter)
                  0021d368    00000008     rtsv7M4_T_le_eabi.lib : errno.c.obj (.text:__aeabi_errno_addr)
                  0021d370    00000008     lwiplib.obj (.text:icmp_dest_unreach)
                  0021d378    00000008     rtsv7M4_T_le_eabi.lib : memory.c.obj (.text:malloc)
                  0021d380    00000008     Drv_I2C_RTC.obj (.text:rtc_init)
                  0021d388    00000008     lwiplib.obj (.text:sys_arch_unprotect)
                  0021d390    00000008     lwiplib.obj (.text:tcp_err)
                  0021d398    00000008     lwiplib.obj (.text:tcp_free)
                  0021d3a0    00000008     lwiplib.obj (.text:tcp_free_listen)
                  0021d3a8    00000008     lwiplib.obj (.text:tcp_recv)
                  0021d3b0    00000008     lwiplib.obj (.text:udp_recv)
                  0021d3b8    00000006     main.obj (.text:SysTickIntHandler)
                  0021d3be    00000002     --HOLE-- [fill = 0]
                  0021d3c0    00000006     Drv_I2CA.obj (.text:i2c_Delay)
                  0021d3c6    00000002     --HOLE-- [fill = 0]
                  0021d3c8    00000006     lwiplib.obj (.text:netif_null_output_ip4)
                  0021d3ce    00000002     --HOLE-- [fill = 0]
                  0021d3d0    00000006     lwiplib.obj (.text:pbuf_add_header)
                  0021d3d6    00000002     --HOLE-- [fill = 0]
                  0021d3d8    00000006     lwiplib.obj (.text:pbuf_header_force)
                  0021d3de    00000002     --HOLE-- [fill = 0]
                  0021d3e0    00000006     lwiplib.obj (.text:tcp_abort)
                  0021d3e6    00000002     --HOLE-- [fill = 0]
                  0021d3e8    00000006     lwiplib.obj (.text:tcp_listen_with_backlog)
                  0021d3ee    00000002     --HOLE-- [fill = 0]
                  0021d3f0    00000006     lwiplib.obj (.text:tcp_new)
                  0021d3f6    00000002     --HOLE-- [fill = 0]
                  0021d3f8    00000004     lwiplib.obj (.text:netif_loop_output_ipv4)
                  0021d3fc    00000004     --HOLE-- [fill = 0]
                  0021d400    00000002     startup_ccs.obj (.text:FaultISR)
                  0021d402    00000006     --HOLE-- [fill = 0]
                  0021d408    00000002     startup_ccs.obj (.text:IntDefaultHandler)
                  0021d40a    00000006     --HOLE-- [fill = 0]
                  0021d410    00000002     startup_ccs.obj (.text:NmiSR)
                  0021d412    00000006     --HOLE-- [fill = 0]
                  0021d418    00000002     ptp_slave_sync.obj (.text:ptp_slave_run)
                  0021d41a    00000006     --HOLE-- [fill = 0]
                  0021d420    00000002     ModbusTcp.obj (.text:tcp_error_cb)
                  0021d422    00000002     --HOLE-- [fill = 0]
                  0021d424    00000008     driverlib_cm.lib : flash.obj (.tramp.Flash_initModule.1)
                  0021d42c    00000008                      : sysctl.obj (.tramp.SysCtl_delay.1)

MODULE SUMMARY

       Module                       code    ro data   rw data
       ------                       ----    -------   -------
    .\Driver\
       Eth_mii.obj                  3096    0         8265   
       f2838xif.obj                 684     0         116    
       Drv_I2C_RTC.obj              634     0         14     
       Drv_Timer.obj                500     0         34     
       Drv_I2CA.obj                 382     0         1      
       Drv_I2C_EE.obj               340     0         0      
       Drv_LED.obj                  28      0         0      
    +--+----------------------------+-------+---------+---------+
       Total:                       5664    0         8430   
                                                             
    .\Driver\W5500\
       w5500_conf.obj               668     0         46     
       w5500.obj                    658     0         48     
       socket.obj                   506     0         0      
       utility.obj                  22      0         0      
    +--+----------------------------+-------+---------+---------+
       Total:                       1854    0         94     
                                                             
    .\Driver\device\
       cm.obj                       218     0         0      
    +--+----------------------------+-------+---------+---------+
       Total:                       218     0         0      
                                                             
    .\lib\utils\
       lwiplib.obj                  21374   456       46298  
    +--+----------------------------+-------+---------+---------+
       Total:                       21374   456       46298  
                                                             
    .\src\
       ModbusRtu.obj                616     2048      844    
       modbus_Param.obj             2618    0         420    
       bsp.obj                      932     0         1298   
       ModbusTcp.obj                1098    0         1037   
       ptp_master_sync.obj          1014    0         4      
       ipc_cm.obj                   348     0         597    
       main.obj                     366     0         4      
       startup_ccs.obj              12      320       0      
       obj_debug.obj                284     0         4      
       ptp_slave_sync.obj           246     0         0      
    +--+----------------------------+-------+---------+---------+
       Total:                       7534    2368      4208   
                                                             
    ../Driver/device/driverlib_cm.lib
       ethernet.obj                 4960    0         1280   
       ipc.obj                      156     272       1088   
       interrupt.obj                408     0         320    
       flash.obj                    244     0         0      
       sysctl.obj                   116     0         0      
       cputimer.obj                 14      0         0      
       platform_port.obj            12      0         0      
    +--+----------------------------+-------+---------+---------+
       Total:                       5910    272       2688   
                                                             
    C:\ti\ccs1280\ccs\tools\compiler\ti-cgt-arm_20.2.7.LTS\lib\rtsv7M4_T_le_eabi.lib
       _printfi.c.obj               4835    0         0      
       memory.c.obj                 672     0         8      
       ctype.c.obj                  0       514       0      
       fd_add_t2.asm.obj            438     0         0      
       defs.c.obj                   0       0         416    
       trgmsg.c.obj                 108     0         288    
       fd_div_t2.asm.obj            310     0         0      
       fputs.c.obj                  276     0         0      
       fd_cmp_t2.asm.obj            268     0         0      
       fd_mul_t2.asm.obj            252     0         0      
       fs_add_t2.asm.obj            250     0         0      
       setvbuf.c.obj                220     0         0      
       s_scalbn.c.obj               208     0         0      
       host_device.c.obj            0       0         200    
       memcpy_t2.asm.obj            156     0         0      
       ull_div_t2.asm.obj           150     0         0      
       fs_div_t2.asm.obj            146     0         0      
       fputc.c.obj                  140     0         0      
       fs_mul_t2.asm.obj            122     0         0      
       memset_t2.asm.obj            122     0         0      
       fclose.c.obj                 116     0         0      
       getdevice.c.obj              116     0         0      
       printf.c.obj                 112     0         0      
       hostrename.c.obj             108     0         0      
       copy_decompress_lzss.c.obj   104     0         0      
       hostlseek.c.obj              104     0         0      
       hostopen.c.obj               96      0         8      
       fseek.c.obj                  100     0         0      
       _io_perm.c.obj               98      0         0      
       s_frexp.c.obj                92      0         0      
       exit.c.obj                   76      0         12     
       hostread.c.obj               88      0         0      
       hostwrite.c.obj              88      0         0      
       _ltoa.c.obj                  84      0         0      
       atoi.c.obj                   76      0         0      
       fflush.c.obj                 76      0         0      
       fd_toi_t2.asm.obj            72      0         0      
       autoinit.c.obj               68      0         0      
       hostclose.c.obj              68      0         0      
       hostunlink.c.obj             68      0         0      
       fs_toi_t2.asm.obj            56      0         0      
       rand.c.obj                   52      0         4      
       strncpy.c.obj                54      0         0      
       fopen.c.obj                  52      0         0      
       fs_tou_t2.asm.obj            52      0         0      
       i_tofd_t2.asm.obj            46      0         0      
       unlink.c.obj                 44      0         0      
       lseek.c.obj                  40      0         0      
       write.c.obj                  40      0         0      
       boot_cortex_m.c.obj          36      0         0      
       memcmp.c.obj                 36      0         0      
       u_tofs_t2.asm.obj            36      0         0      
[...]
0021b90f  C$$IO$$                                   
0021b951  ipc_init                                  
0021b9f9  __aeabi_f2iz                              
0021ba31  tcp_recved                                
0021ba69  f2838xif_interrupt                        
0021baa1  listen                                    
0021bad9  pbuf_remove_header                        
0021bb0f  strncpy                                   
0021bb49  Ethernet_receivePacketCallbackCustom      
0021bb7d  IPC_sendCommand                           
0021bbb1  Interrupt_registerHandler                 
0021bbe5  SysCtl_resetPeripheral                    
0021bc19  __TI_cleanup                              
0021bc4d  __TI_readmsg                              
0021bcf1  pbuf_free_ooseq                           
0021bd25  rand                                      
0021bd59  __aeabi_f2uiz                             
0021bdc9  tcp_timer_needed                          
0021be01  IINCHIP_WRITE                             
0021be39  ip4_addr_isbroadcast_u32                  
0021bee1  IINCHIP_READ                              
0021bf41  ModbusTcp1_Poll                           
0021bf71  ModbusTcp2_Poll                           
0021bfa1  finddevice                                
0021bfd1  i2cA_Stop                                 
0021c001  i2cA_WaitAck                              
0021c031  inet_chksum_pseudo                        
0021c031  ip_chksum_pseudo                          
0021c061  lwIPInit                                  
0021c0c1  tcp_recv_null                             
0021c0f1  tcp_update_rcv_ann_wnd                    
0021c121  udp_netif_ip_addr_changed                 
0021c151  Ethernet_updateSysTimePTP                 
0021c181  recv                                      
0021c1af  __aeabi_i2d                               
0021c1e1  tcp_keepalive                             
0021c211  Cm_Fault_Reset                            
0021c23d  SysCtl_enablePeripheral                   
0021c269  i2cA_Start                                
0021c2c9  memp_init_pool                            
0021c2f9  pbuf_cat                                  
0021c359  udpDebug_Init                             
0021c385  remove                                    
0021c385  unlink                                    
0021c3d9  lseek                                     
0021c401  memp_init                                 
0021c429  netif_get_by_index                        
0021c4c9  write                                     
0021c4f1  Ethernet_selectTargetInterruptOrPulsePPS  
0021c519  close                                     
0021c541  pbuf_alloc_reference                      
0021c567  Ethernet_setFixedModePPS                  
0021c58d  IPC_registerInterrupt                     
0021c5fd  _c_int00_noargs                           
0021c699  i2cA_Ack                                  
0021c6c1  i2cA_NAck                                 
0021c6e9  lwIPEthernetIntHandler                    
0021c70d  memcmp                                    
0021c755  __aeabi_ui2f                              
0021c779  tcp_seg_copy                              
0021c7a1  w5500_init                                
0021c7c5  Ethernet_enableSysTimePTP                 
0021c7e9  tcp_eff_send_mss_netif                    
0021c859  ip4_output_if                             
0021c879  memchr                                    
0021c899  pbuf_clone                                
0021c8b9  reset_w5500                               
0021c8d9  tcp_close                                 
0021c8f9  tcp_tmr                                   
0021c919  Ethernet_enableMACRxQ                     
0021c937  Ethernet_setSysTimePTP                    
0021c993  Ethernet_setMACAddr                       
0021c9af  Ethernet_setMTLTxQueueOpMode              
0021c9d1  bsp_init                                  
0021c9f1  disconnect                                
0021ca29  gpio_for_w5500_config                     
0021ca49  lwip_init                                 
0021ca65  memccpy                                   
0021caa1  udp_new                                   
0021cabd  Ethernet_configureEEEClockGatingControl   
0021cad7  Ethernet_getOneStepTransmitTimestampPTP   
0021cb11  lwip_htonl                                
0021cb31  netif_set_link_up                         
0021cb51  netif_set_up                              
0021cb71  upDataHoldingCBReg                        
0021cb8b  Ethernet_getSysTimePTP                    
0021cba5  Ethernet_isTimestampIntActive             
0021cbbd  Ethernet_isTransmitTimestampStatusSet     
0021cbd9  Ethernet_releaseTxPacketBufferCustom      
0021cc09  memp_free                                 
0021cc21  memp_malloc                               
0021cc69  strcmp                                    
0021cc99  sys_timeouts_init                         
0021ccb1  tcp_init                                  
0021ccc9  tcp_next_iss                              
0021ccf9  tcp_seg_free                              
0021cd11  udp_init                                  
0021cd29  Ethernet_getMACAddr                       
0021cd3f  Ethernet_setMTLRxQueueOpMode              
0021cd71  delay_ms                                  
0021cd89  pbuf_ref                                  
0021cd9f  strchr                                    
0021cdb9  Drv_Timer_usDelay                         
0021cdcd  Ethernet_disableRxDMAReception            
0021cde1  Ethernet_enableRxDMAReception             
0021cdf9  Ethernet_receivePacketCallbackCombine     
0021ce0d  Ethernet_setRxDescRingLength              
0021ce21  Ethernet_setTxDescRingLength              
0021ce81  pbuf_clen                                 
0021ce95  strcpy                                    
0021cea9  strlen                                    
0021cec1  tcp_segs_free                             
0021ced9  udp_disconnect                            
0021cef1  Ethernet_ReleaseTxPacketBufferCombine     
0021cf03  Ethernet_disableDmaInterrupt              
0021cf15  Ethernet_enableDmaInterrupt               
0021cf39  tcp_free_ooseq                            
0021cf51  tcp_rexmit_rto                            
0021cf69  tcp_rexmit_rto_commit                     
0021cfab  wcslen                                    
0021cfc1  Drv_I2CA_Init                             
0021cfd1  Drv_Led_Init                              
0021cfd1  Drv_Led_Off                               
0021cfe1  Ethernet_configureMDIO                    
0021cff1  Ethernet_enableMTLInterrupt               
0021d001  Ethernet_getRxERICount                    
0021d011  Ethernet_resetModule                      
0021d021  sys_arch_protect                          
0021d041  cpuTimer1ISR                              
0021d061  lwIPHostTimerHandler                      
0021d071  lwIPTimer                                 
0021d091  pbuf_chain                                
0021d0d1  sys_timeout                               
0021d0f1  tcp_trigger_input_pcb_close               
0021d101  iinchip_cs_low                            
0021d111  iinchip_cs_high                           
0021d121  CPUTimer_setEmulationMode                 
0021d12f  Ethernet_disableTxEEEMode                 
0021d13d  Ethernet_setPeriodPPS                     
0021d14b  __TI_decompress_none                      
0021d179  Drv_Led_toggle                            
0021d185  Ethernet_clearDMAChannelInterrupt         
0021d191  Ethernet_configureRevMIIAddress           
0021d19d  Ethernet_setMTLOpmode                     
0021d1a9  Ethernet_writeRxDescListAddress           
0021d1b5  Ethernet_writeRxDescTailPointer           
0021d1c1  Ethernet_writeTxDescListAddress           
0021d1cd  Ethernet_writeTxDescTailPointer           
0021d1d9  copysign                                  
0021d1d9  copysignl                                 
0021d1e5  __TI_zero_init                            
0021d1f1  etharp_request                            
0021d201  getGAR                                    
0021d211  getIINCHIP_TxMAX                          
0021d221  getSIPR                                   
0021d231  getSUBR                                   
0021d241  inet_chksum                               
0021d251  lwip_htons                                
0021d261  netif_set_default                         
0021d271  setGAR                                    
0021d281  setSHAR                                   
0021d291  setSIPR                                   
0021d2a1  setSUBR                                   
0021d2b1  sys_now                                   
0021d2c1  tcp_accept                                
0021d2d1  Ethernet_clearMACConfigurationCustom      
0021d2db  Ethernet_getPHYMode                       
0021d2f9  getSn_IR                                  
0021d309  getSn_SR                                  
0021d319  setSn_IR                                  
0021d329  tcp_poll                                  
0021d339  BEBufToUint16                             
0021d341  Ethernet_configurePHYAddress              
0021d349  Ethernet_setDMAMode                       
0021d351  Ethernet_setMACConfiguration              
0021d359  Ethernet_setMACConfigurationCustom        
0021d361  Ethernet_setMACPacketFilter               
0021d369  __aeabi_errno_addr                        
0021d371  icmp_dest_unreach                         
0021d379  malloc                                    
0021d381  rtc_init                                  
0021d389  sys_arch_unprotect                        
0021d391  tcp_err                                   
0021d399  tcp_free                                  
0021d3a9  tcp_recv                                  
0021d3b1  udp_recv                                  
0021d3b9  SysTickIntHandler                         
0021d3d1  pbuf_add_header                           
0021d3d9  pbuf_header_force                         
0021d3e1  tcp_abort                                 
0021d3e9  tcp_listen_with_backlog                   
0021d3f1  tcp_new                                   
0021d419  ptp_slave_run                             
1fffc000  __stack                                   
1fffc800  __STACK_END                               
20000800  __start___llvm_prf_cnts                   
20000800  __stop___llvm_prf_cnts                    
20000800  memp_memory_PBUF_POOL_base                
20009f84  ram_heap                                  
2000af98  Ethernet_rxBuffer                         
2000bb9c  pktDescriptorRXCustom                     
2000c25c  memp_memory_TCP_PCB_base                  
2000c740  Ethernet_device_struct                    
2000c99c  Ethernet_descArray                        
2000cb9c  Mod1_RxBuf                                
2000cd40  Mod2_RxBuf                                
2000cee4  __CIOBUF_                                 
2000d004  memp_memory_PBUF_base                     
2000d108  memp_memory_TCP_SEG_base                  
2000d20c  memp_memory_UDP_PCB_base                  
2000d310  memp_memory_ARP_QUEUE_base                
2000d4f4  memp_memory_TCP_PCB_LISTEN_base           
2000d5d8  CmIpc_cm2cpu                              
2000d696  MbTcp1_RxCnt                              
2000d698  lwip_stats                                
2000d754  __TI_tmpnams                              
2000d7f4  CmIpc_cpu2cm                              
2000d88a  status_RegHoldingBuf_w                    
2000d902  Mod1_RxCnt                                
2000d9d8  debug_RegHoldingBuf_w                     
2000da3c  param_RegHoldingBuf_w                     
2000daa0  ipcRx_DebugData                           
2000daf0  Ethernet_pktDescriptorRX                  
2000db38  gPktDesc                                  
2000dbf8  control_RegHoldingBuf_w                   
2000dc34  fault_RegHoldingBuf_w                     
2000dc5c  memp_memory_SYS_TIMEOUT_base              
2000dca0  ConfigMsg                                 
2000dcbc  ip_data                                   
2000dcd4  CmLocalParam                              
2000dcf8  Str_RtcTime                               
2000dd56  Mod2_RxCnt                                
2000dd58  debug_delayMS                             
2000dd60  debug_delaySM                             
2000dd68  debug_meanPathDelay                       
2000dd70  debug_t1                                  
2000dd78  debug_t2                                  
2000dd80  debug_t3                                  
2000dd88  debug_t4                                  
2000dd90  parmbuf                                   
2000dd98  emac_handle                               
2000dd9c  g_upcb                                    
2000dda0  lwipMb_pcb                                
2000dda4  netif_default                             
2000dda8  netif_list                                
2000ddac  pInitCfg                                  
2000ddb0  pktCounter                                
2000ddb4  tcp_active_pcbs                           
2000ddb8  tcp_bound_pcbs                            
2000ddbc  tcp_input_pcb                             
2000ddc0  tcp_listen_pcbs                           
2000ddc4  tcp_ticks                                 
2000ddc8  tcp_tw_pcbs                               
2000ddcc  udp_pcbs                                  
2000ddd0  m_st_TimerFlag                            
2000ddd2  mb2_TimeOut                               
2000ddd4  g_ptpMode                                 
2000ddd5  mb2_ConStatus                             
2000ddd6  pbuf_free_ooseq_pending                   
2000ddd7  tcp_active_pcbs_changed                   
2000ddd8  delayReqMsg                               
2000e3da  gMsgBuf                                   
2000e9dc  store_param                               
2000ed7c  MbTcp1_RxBuf                              
2000ef7c  MbTcp2_RxBuf                              
2000f17c  _ftable                                   
2000f26c  _device                                   
2000f2e4  gPtpSlaveState                            
2000f354  Ethernet_numTxPktFreeCallback             
2000f358  Ethernet_numRxCallback                    
2000f35c  Ethernet_numGetPacketBufferCallback       
2000f360  Ethernet_txInterruptCount                 
2000f364  Ethernet_rxInterruptCount                 
2000f368  Ethernet_rxContextTimeStamp               
2000f36c  Ethernet_genericInterruptCount            
2000f370  Ethernet_earlyRxInterruptCount            
2000f374  Ethernet_earlyTxInterruptCount            
2000f378  Ethernet_genericRxCompletionInterruptCount
2000f37c  Ethernet_phyLinkStatusChangeInterruptCount
2000f380  Ethernet_rxReplacementFailedCount         
2000f384  Ethernet_eeeTxLPIEntryCount               
2000f388  Ethernet_eeeTxLPIExitCount                
2000f38c  Ethernet_eeeRxLPIEntryCount               
2000f390  Ethernet_eeeRxLPIExitCount                
2000f394  Ethernet_pmtInterruptCount                
2000f398  Ethernet_magicPktReceivedCount            
2000f39c  Ethernet_rwakeupPktReceivedCount          
2000f3a0  Ethernet_txChan0BufUnavail                
2000f3a4  Ethernet_rxChan0BufUnavail                
2000f3a8  Ethernet_txChan1BufUnavail                
2000f3ac  Ethernet_rxChan1BufUnavail                
2000f3b0  gPtpMasterState                           
2000f404  _stream                                   
2000f454  Ethernet_numRxCallbackCustom              
2000f458  releaseTxCount                            
2000f45c  genericISRCustomcount                     
2000f460  genericISRCustomRBUcount                  
2000f464  genericISRCustomROVcount                  
2000f468  genericISRCustomRIcount                   
2000f46c  sendPacketFailedCount                     
2000f470  debug_tx_callback_cnt                     
2000f474  debug_delayreq_tx_cnt                     
2000f478  debug_delayresp_rx_cnt                    
2000f47c  debug_last_msg_type                       
2000f47e  debug_delayreq_seqid                      
2000f480  cnt_ms_lwip_Htimer                        
2000f484  cnt_ms_TX_Htimer                          
2000f48c  g_ui32LocalTimer                          
2000f4a8  RSIZE                                     
2000f4b8  SSIZE                                     
2000f4c8  mem_alloc_count                           
2000f4cc  mem_free_count                            
2000f4d0  process_transmit_count                    
2000f4d4  descriptorFreeErr                         
2000f4d8  __TI_ft_end                               
2000f4dc  __aeabi_stdin                             
2000f4e0  __aeabi_stdout                            
2000f4e4  __aeabi_stderr                            
2000f4e8  __TI_cleanup_ptr                          
2000f4ec  __TI_dtors_ptr                            
2000f4f0  __TI_enable_exit_profile_output           
2000f4f4  i8_IntCnt                                 
2000f4fe  local_port                                
2000f500  _lock                                     
2000f504  _unlock                                   
2000f510  rxsize                                    
2000f518  txsize                                    
2000f520  cpuIpc_flag                               
2000f522  IpcCpu2Cm_ErrCnt                          
2000f524  flag_ipcRx                                
2000f525  I2CA_Busy                                 
2000f526  mb1_TimeOut                               
2000f528  MbTcp2_RxCnt                              
2000f52a  dns_server                                
2000f52e  gateway                                   
2000f532  local_ip                                  
2000f538  systickPeriodValue                        
2000f540  errno                                     
2000f548  subnet                                    
2000f54c  constRunStart                             
2000f74c  s_CRCLo                                   
2000f94c  _ctypes_                                  
2000fa50  IPC_Instance                              
2000fad8  memp_pools                                
2000faf8  lwip_cyclic_timers                        
2000fb08  memp_ARP_QUEUE                            
2000fb18  memp_PBUF                                 
2000fb28  memp_PBUF_POOL                            
2000fb38  memp_SYS_TIMEOUT                          
2000fb48  memp_TCP_PCB                              
2000fb58  memp_TCP_PCB_LISTEN                       
2000fb68  memp_TCP_SEG                              
2000fb78  memp_UDP_PCB                              
2000fb88  tcp_pcb_lists                             
2000fbac  ethbroadcast                              
2000fbb2  ethzero                                   
2000fbb8  ip_addr_any                               
2000fbbc  constRunEnd                               
2000fbc0  _sys_memory                               
2000fc00  vectorTableRAM                            
2000fd40  RamfuncsRunStart                          
2000fd41  Flash_initModule                          
2000fdb7  SysCtl_delay                              
2000fdbc  RamfuncsRunEnd                            
20080000  IPC_CM_To_CPU1_GetBuffer                  
20082000  pDatCmtoCpu1                              
20082200  IPC_CM_To_CPU1_PutBuffer                  
20084000  IPC_CM_To_CPU2_GetBuffer                  
20086000  IPC_CM_To_CPU2_PutBuffer                  
ffffffff  __TI_pprof_out_hndl                       
ffffffff  __TI_prof_data_size                       
ffffffff  __TI_prof_data_start                      
ffffffff  __binit__                                 
ffffffff  __c_args__                                
ffffffff  binit                                     
UNDEFED   __mpu_init                                
UNDEFED   _system_post_cinit                        

[589 symbols]
