******************************************************************************
                  TI ARM Linker PC v20.2.7                     
******************************************************************************
>> Linked Sat Apr 25 18:39:19 2026

OUTPUT FILE NAME:   <PCS150KW_c28x_cm_V4.0.out>
ENTRY POINT SYMBOL: "_c_int00_noargs"  address: 0021c2fd


MEMORY CONFIGURATION

         name            origin    length      used     unused   attr    fill
----------------------  --------  ---------  --------  --------  ----  --------
  CMBANK0_RESETISR      00200000   00000008  00000006  00000002  RWIX
  CMBANK0_SECTOR0       00200008   00003ff7  00000b8c  0000346b  RWIX
  CMBANK0_SECTOR1       00204000   00004000  00000000  00004000  RWIX
  CMBANK0_SECTOR2       00208000   00004000  00000000  00004000  RWIX
  CMBANK0_SECTOR3       0020c000   00004000  00000000  00004000  RWIX
  CMBANK0_SECTOR4       00210000   00010000  0000d114  00002eec  RWIX
  CMBANK0_SECTOR5       00220000   00010000  00000000  00010000  RWIX
  CMBANK0_SECTOR6       00230000   00010000  00000000  00010000  RWIX
  CMBANK0_SECTOR7       00240000   00010000  00000000  00010000  RWIX
  CMBANK0_SECTOR8       00250000   00010000  00000000  00010000  RWIX
  CMBANK0_SECTOR9       00260000   00010000  00000000  00010000  RWIX
  CMBANK0_SECTOR10      00270000   00004000  00000000  00004000  RWIX
  CMBANK0_SECTOR11      00274000   00004000  00000000  00004000  RWIX
  CMBANK0_SECTOR12      00278000   00004000  00000000  00004000  RWIX
  CMBANK0_SECTOR13      0027c000   00004000  00000000  00004000  RWIX
  C1RAM                 1fffc000   00001fff  00000800  000017ff  RWIX
  C0RAM                 1fffe000   00001fff  00000000  00001fff  RWIX
  BOOT_RSVD             20000000   00000800  00000000  00000800  RWIX
  SRAM                  20000800   0000f7ff  0000e4a3  0000135c  RWIX
  E0RAM                 20010000   00003fff  00000000  00003fff  RWIX
  CPU1TOCMMSGRAM0       20080000   00000800  00000110  000006f0  RWIX
  CPU1TOCMMSGRAM1       20080800   00000800  00000000  00000800  RWIX
  CMTOCPU1MSGRAM0       20082000   00000800  00000310  000004f0  RWIX
  CMTOCPU1MSGRAM1       20082800   00000800  00000000  00000800  RWIX
  CPU2TOCMMSGRAM0       20084000   00000800  00000110  000006f0  RWIX
  CPU2TOCMMSGRAM1       20084800   00000800  00000000  00000800  RWIX
  CMTOCPU2MSGRAM0       20086000   00000800  00000110  000006f0  RWIX
  CMTOCPU2MSGRAM1       20086800   00000800  00000000  00000800  RWIX


SEGMENT ALLOCATION MAP

run origin  load origin   length   init length attrs members
----------  ----------- ---------- ----------- ----- -------
00200000    00200000    00000006   00000006    r-x
  00200000    00200000    00000006   00000006    r-x .resetisr
00200800    00200800    000004a0   000004a0    r--
  00200800    00200800    00000140   00000140    r-- .vftable
  00200940    00200940    00000360   00000360    r-- .cinit
00210000    00210000    0000d114   0000d114    r-x
  00210000    00210000    0000d114   0000d114    r-x .text
1fffc000    1fffc000    00000800   00000000    rw-
  1fffc000    1fffc000    00000800   00000000    rw- .stack
20000800    20000800    0000dc68   00000000    rw-
  20000800    20000800    0000cf5f   00000000    rw- .bss
  2000d760    2000d760    00000d08   00000000    rw- .data
2000e468    00200008    000006ec   000006ec    r-x
  2000e468    00200008    00000670   00000670    r-- .const
  2000ead8    00200678    0000007c   0000007c    r-x .TI.ramfunc
2000eb58    2000eb58    00000010   00000000    rw-
  2000eb58    2000eb58    00000010   00000000    rw- .sysmem
2000ec00    2000ec00    00000140   00000000    rw-
  2000ec00    2000ec00    00000140   00000000    rw- .vtable
20080000    20080000    00000110   00000000    rw-
  20080000    20080000    00000110   00000000    rw- MSGRAM_CPU1_TO_CM
20082000    20082000    00000310   00000000    rw-
  20082000    20082000    00000310   00000000    rw- MSGRAM_CM_TO_CPU1
20084000    20084000    00000110   00000000    rw-
  20084000    20084000    00000110   00000000    rw- MSGRAM_CPU2_TO_CM
20086000    20086000    00000110   00000000    rw-
  20086000    20086000    00000110   00000000    rw- MSGRAM_CM_TO_CPU2


SECTION ALLOCATION MAP

 output                                  attributes/
section   page    origin      length       input sections
--------  ----  ----------  ----------   ----------------
.resetisr 
*          0    00200000    00000006     
                  00200000    00000006     startup_ccs.obj (.resetisr:ResetISR)

.const     0    00200008    00000670     RUN ADDR = 2000e468
                  00200008    00000200     ModbusRtu.obj (.const:s_CRCHi)
                  00200208    00000200     ModbusRtu.obj (.const:s_CRCLo)
                  00200408    00000101     rtsv7M4_T_le_eabi.lib : ctype.c.obj (.const:.string:_ctypes_)
                  00200509    00000003     --HOLE-- [fill = 0]
                  0020050c    00000088     driverlib_cm.lib : ipc.obj (.const:IPC_Instance)
                  00200594    00000020     lwiplib.obj (.const:memp_pools)
                  002005b4    00000010     lwiplib.obj (.const:lwip_cyclic_timers)
                  002005c4    00000010     lwiplib.obj (.const:memp_ARP_QUEUE)
                  002005d4    00000010     lwiplib.obj (.const:memp_PBUF)
                  002005e4    00000010     lwiplib.obj (.const:memp_PBUF_POOL)
                  002005f4    00000010     lwiplib.obj (.const:memp_SYS_TIMEOUT)
                  00200604    00000010     lwiplib.obj (.const:memp_TCP_PCB)
                  00200614    00000010     lwiplib.obj (.const:memp_TCP_PCB_LISTEN)
                  00200624    00000010     lwiplib.obj (.const:memp_TCP_SEG)
                  00200634    00000010     lwiplib.obj (.const:memp_UDP_PCB)
                  00200644    00000010     lwiplib.obj (.const:tcp_pcb_lists)
                  00200654    0000000d     lwiplib.obj (.const:.string:tcp_backoff)
                  00200661    00000007     lwiplib.obj (.const:.string:tcp_persist_backoff)
                  00200668    00000006     lwiplib.obj (.const:ethbroadcast)
                  0020066e    00000006     lwiplib.obj (.const:ethzero)
                  00200674    00000004     lwiplib.obj (.const:ip_addr_any)

.TI.ramfunc 
*          0    00200678    0000007c     RUN ADDR = 2000ead8
                  00200678    00000076     driverlib_cm.lib : flash.obj (.TI.ramfunc:Flash_initModule)
                  002006ee    00000006                      : sysctl.obj (.TI.ramfunc)

.vftable   0    00200800    00000140     
                  00200800    00000140     startup_ccs.obj (.vftable)

.cinit     0    00200940    00000360     
                  00200940    00000325     (.cinit..data.load) [load image, compression = lzss]
                  00200c65    00000003     --HOLE-- [fill = 0]
                  00200c68    0000000c     (__TI_handler_table)
                  00200c74    00000004     --HOLE-- [fill = 0]
                  00200c78    00000008     (.cinit..bss.load) [load image, compression = zero_init]
                  00200c80    00000008     (.cinit..vtable.load) [load image, compression = zero_init]
                  00200c88    00000018     (__TI_cinit_table)

.stack     0    1fffc000    00000800     UNINITIALIZED
                  1fffc000    00000004     rtsv7M4_T_le_eabi.lib : boot_cortex_m.c.obj (.stack)
                  1fffc004    000007fc     --HOLE--

.bss       0    20000800    0000cf5f     UNINITIALIZED
                  20000800    00009784     (.common:memp_memory_PBUF_POOL_base)
                  20009f84    00001014     (.common:ram_heap)
                  2000af98    00000c04     (.common:Ethernet_rxBuffer)
                  2000bb9c    000004e4     (.common:memp_memory_TCP_PCB_base)
                  2000c080    0000025c     (.common:Ethernet_device_struct)
                  2000c2dc    00000200     (.common:Ethernet_descArray)
                  2000c4dc    000001a4     (.common:Mod1_RxBuf)
                  2000c680    000001a4     (.common:Mod2_RxBuf)
                  2000c824    00000120     rtsv7M4_T_le_eabi.lib : trgmsg.c.obj (.bss:_CIOBUF_)
                  2000c944    00000104     (.common:memp_memory_PBUF_base)
                  2000ca48    00000104     (.common:memp_memory_TCP_SEG_base)
                  2000cb4c    00000104     (.common:memp_memory_UDP_PCB_base)
                  2000cc50    000000f4     (.common:memp_memory_ARP_QUEUE_base)
                  2000cd44    000000f0     lwiplib.obj (.bss:arp_table)
                  2000ce34    000000e4     (.common:memp_memory_TCP_PCB_LISTEN_base)
                  2000cf18    000000be     (.common:CmIpc_cm2cpu)
                  2000cfd6    00000002     (.common:MbTcp1_RxCnt)
                  2000cfd8    000000bc     (.common:lwip_stats)
                  2000d094    000000a0     (.common:__TI_tmpnams)
                  2000d134    00000096     (.common:CmIpc_cpu2cm)
                  2000d1ca    00000078     (.common:status_RegHoldingBuf_w)
                  2000d242    00000002     (.common:Mod1_RxCnt)
                  2000d244    00000070     lwiplib.obj (.bss)
                  2000d2b4    00000064     f2838xif.obj (.bss:f2838xif_data)
                  2000d318    00000064     (.common:debug_RegHoldingBuf_w)
                  2000d37c    00000064     (.common:param_RegHoldingBuf_w)
                  2000d3e0    00000050     (.common:ipcRx_DebugData)
                  2000d430    00000048     ptp_master_sync.obj (.bss:gPktDesc)
                  2000d478    00000048     ptp_slave_sync.obj (.bss:gPktDesc)
                  2000d4c0    00000048     (.common:Ethernet_pktDescriptorRX)
                  2000d508    0000003c     lwiplib.obj (.bss:g_sNetIF)
                  2000d544    0000003c     lwiplib.obj (.bss:loop_netif)
                  2000d580    0000003c     (.common:control_RegHoldingBuf_w)
                  2000d5bc    00000028     (.common:fault_RegHoldingBuf_w)
                  2000d5e4    00000024     (.common:memp_memory_SYS_TIMEOUT_base)
                  2000d608    00000020     Drv_Timer.obj (.bss)
                  2000d628    0000001c     (.common:ConfigMsg)
                  2000d644    00000018     (.common:ip_data)
                  2000d65c    00000014     (.common:CmLocalParam)
                  2000d670    00000010     lwiplib.obj (.bss:inseg)
                  2000d680    0000000e     (.common:Str_RtcTime)
                  2000d68e    0000000a     lwiplib.obj (.bss:memp_stats_ARP_QUEUE)
                  2000d698    0000000a     lwiplib.obj (.bss:memp_stats_PBUF)
                  2000d6a2    0000000a     lwiplib.obj (.bss:memp_stats_PBUF_POOL)
                  2000d6ac    0000000a     lwiplib.obj (.bss:memp_stats_SYS_TIMEOUT)
                  2000d6b6    0000000a     lwiplib.obj (.bss:memp_stats_TCP_PCB)
                  2000d6c0    0000000a     lwiplib.obj (.bss:memp_stats_TCP_PCB_LISTEN)
                  2000d6ca    0000000a     lwiplib.obj (.bss:memp_stats_TCP_SEG)
                  2000d6d4    0000000a     lwiplib.obj (.bss:memp_stats_UDP_PCB)
                  2000d6de    00000002     (.common:Mod2_RxCnt)
                  2000d6e0    00000008     (.common:debug_delayMS)
                  2000d6e8    00000008     (.common:debug_delaySM)
                  2000d6f0    00000008     (.common:debug_meanPathDelay)
                  2000d6f8    00000008     (.common:debug_t1)
                  2000d700    00000008     (.common:debug_t2)
                  2000d708    00000008     (.common:debug_t3)
                  2000d710    00000008     (.common:debug_t4)
                  2000d718    00000008     (.common:parmbuf)
                  2000d720    00000004     (.common:emac_handle)
                  2000d724    00000004     (.common:g_upcb)
                  2000d728    00000004     (.common:lwipMb_pcb)
                  2000d72c    00000004     (.common:netif_default)
                  2000d730    00000004     (.common:netif_list)
                  2000d734    00000004     (.common:pInitCfg)
                  2000d738    00000004     (.common:pktCounter)
                  2000d73c    00000004     (.common:tcp_active_pcbs)
                  2000d740    00000004     (.common:tcp_bound_pcbs)
                  2000d744    00000004     (.common:tcp_input_pcb)
                  2000d748    00000004     (.common:tcp_listen_pcbs)
                  2000d74c    00000004     (.common:tcp_ticks)
                  2000d750    00000004     (.common:tcp_tw_pcbs)
                  2000d754    00000004     (.common:udp_pcbs)
                  2000d758    00000002     (.common:m_st_TimerFlag)
                  2000d75a    00000002     (.common:mb2_TimeOut)
                  2000d75c    00000001     (.common:mb2_ConStatus)
                  2000d75d    00000001     (.common:pbuf_free_ooseq_pending)
                  2000d75e    00000001     (.common:tcp_active_pcbs_changed)

.vtable    0    2000ec00    00000140     UNINITIALIZED
                  2000ec00    00000140     driverlib_cm.lib : interrupt.obj (.vtable)

.sysmem    0    2000eb58    00000010     UNINITIALIZED
                  2000eb58    00000010     rtsv7M4_T_le_eabi.lib : memory.c.obj (.sysmem)

.data      0    2000d760    00000d08     UNINITIALIZED
                  2000d760    000003a0     bsp.obj (.data:store_param)
                  2000db00    00000200     ModbusTcp.obj (.data:MbTcp1_RxBuf)
                  2000dd00    00000200     ModbusTcp.obj (.data:MbTcp2_RxBuf)
                  2000df00    000000f0     rtsv7M4_T_le_eabi.lib : defs.c.obj (.data:_ftable)
                  2000dff0    000000c8     ptp_slave_sync.obj (.data:delayReqMsg)
                  2000e0b8    000000c8     ptp_master_sync.obj (.data:gMsgBuf)
                  2000e180    00000078     rtsv7M4_T_le_eabi.lib : host_device.c.obj (.data:_device)
                  2000e1f8    00000070     ptp_slave_sync.obj (.data:gPtpSlaveState)
                  2000e268    0000005c     driverlib_cm.lib : ethernet.obj (.data)
                  2000e2c4    00000054     ptp_master_sync.obj (.data:gPtpMasterState)
                  2000e318    00000050     rtsv7M4_T_le_eabi.lib : host_device.c.obj (.data:_stream)
                  2000e368    00000024     Eth_mii.obj (.data)
                  2000e38c    00000020     lwiplib.obj (.data)
                  2000e3ac    00000014     ptp_slave_sync.obj (.data)
                  2000e3c0    00000010     w5500.obj (.data:RSIZE)
                  2000e3d0    00000010     w5500.obj (.data:SSIZE)
                  2000e3e0    00000010     f2838xif.obj (.data)
                  2000e3f0    00000010     rtsv7M4_T_le_eabi.lib : defs.c.obj (.data)
                  2000e400    0000000c                           : exit.c.obj (.data:$O1$$)
                  2000e40c    0000000a     bsp.obj (.data)
                  2000e416    00000002     w5500_conf.obj (.data)
                  2000e418    00000008     rtsv7M4_T_le_eabi.lib : _lock.c.obj (.data:$O1$$)
                  2000e420    00000008                           : memory.c.obj (.data:$O1$$)
                  2000e428    00000008     ptp_master_sync.obj (.data)
                  2000e430    00000008     w5500.obj (.data:rxsize)
                  2000e438    00000008     w5500.obj (.data:txsize)
                  2000e440    00000005     ipc_cm.obj (.data)
                  2000e445    00000001     Drv_I2CA.obj (.data)
                  2000e446    00000004     ModbusTcp.obj (.data)
                  2000e44a    00000004     w5500_conf.obj (.data:dns_server)
                  2000e44e    00000004     w5500_conf.obj (.data:gateway)
                  2000e452    00000004     w5500_conf.obj (.data:local_ip)
                  2000e456    00000002     --HOLE--
                  2000e458    00000004     main.obj (.data)
                  2000e45c    00000004     rtsv7M4_T_le_eabi.lib : errno.c.obj (.data)
                  2000e460    00000004                           : rand.c.obj (.data)
                  2000e464    00000004     w5500_conf.obj (.data:subnet)

MSGRAM_CPU1_TO_CM 
*          0    20080000    00000110     UNINITIALIZED
                  20080000    00000110     driverlib_cm.lib : ipc.obj (MSGRAM_CPU1_TO_CM)

MSGRAM_CM_TO_CPU1 
*          0    20082000    00000310     UNINITIALIZED
                  20082000    00000200     ipc_cm.obj (MSGRAM_CM_TO_CPU1)
                  20082200    00000110     driverlib_cm.lib : ipc.obj (MSGRAM_CM_TO_CPU1)

MSGRAM_CPU2_TO_CM 
*          0    20084000    00000110     UNINITIALIZED
                  20084000    00000110     driverlib_cm.lib : ipc.obj (MSGRAM_CPU2_TO_CM)

MSGRAM_CM_TO_CPU2 
*          0    20086000    00000110     UNINITIALIZED
                  20086000    00000110     driverlib_cm.lib : ipc.obj (MSGRAM_CM_TO_CPU2)

__llvm_prf_cnts 
*          0    20000800    00000000     UNINITIALIZED

.text      0    00210000    0000d114     
                  00210000    00000a4e     rtsv7M4_T_le_eabi.lib : _printfi.c.obj (.text:__TI_printfi)
                  00210a4e    00000002                           : _lock.c.obj (.text:_nop)
                  00210a50    00000720     lwiplib.obj (.text:tcp_receive)
                  00211170    0000059c     modbus_Param.obj (.text:Param_WriteDataHoldingReg)
                  0021170c    00000004     driverlib_cm.lib : ethernet.obj (.text:Ethernet_returnTopOfPacketQueue)
                  00211710    000004d4     lwiplib.obj (.text:tcp_input)
                  00211be4    00000004     rtsv7M4_T_le_eabi.lib : printf.c.obj (.text:_outc)
                  00211be8    00000448     lwiplib.obj (.text:tcp_process)
                  00212030    000003ac     driverlib_cm.lib : ethernet.obj (.text:Ethernet_genericISR)
                  002123dc    00000004     rtsv7M4_T_le_eabi.lib : printf.c.obj (.text:_outs)
                  002123e0    0000034c     lwiplib.obj (.text:tcp_write)
                  0021272c    00000004     rtsv7M4_T_le_eabi.lib : pre_init.c.obj (.text:_system_pre_init)
                  00212730    00000338     lwiplib.obj (.text:tcp_slowtmr)
                  00212a68    00000268     rtsv7M4_T_le_eabi.lib : _printfi.c.obj (.text:_pconv_a)
                  00212cd0    00000234     ptp_slave_sync.obj (.text:ptp_slave_receive_packet)
                  00212f04    0000022c     driverlib_cm.lib : ethernet.obj (.text:Ethernet_addPacketsIntoTxQueue)
                  00213130    0000020c     lwiplib.obj (.text:tcp_output)
                  0021333c    00000004     rtsv7M4_T_le_eabi.lib : exit.c.obj (.text:abort:abort)
                  00213340    000001fc     lwiplib.obj (.text:ip4_input)
                  0021353c    000001cc     rtsv7M4_T_le_eabi.lib : _printfi.c.obj (.text:_pconv_g)
                  00213708    000001c8     lwiplib.obj (.text:icmp_input)
                  002138d0    000001b6     rtsv7M4_T_le_eabi.lib : fd_add_t2.asm.obj (.text)
                  00213a86    00000002                           : div0.asm.obj (.text)
                  00213a88    000001a8     driverlib_cm.lib : ethernet.obj (.text:Ethernet_removePacketsFromRxQueue)
                  00213c30    0000019c     lwiplib.obj (.text:udp_input)
                  00213dcc    00000004     --HOLE-- [fill = 0]
                  00213dd0    00000198     bsp.obj (.text:EEParam_Init)
                  00213f68    0000017c     Eth_mii.obj (.text:Ethernet_init)
                  002140e4    00000004     --HOLE-- [fill = 0]
                  002140e8    00000170     lwiplib.obj (.text:etharp_query)
                  00214258    0000016c     Eth_mii.obj (.text:Ethernet_genericISRCustom)
                  002143c4    00000004     --HOLE-- [fill = 0]
                  002143c8    00000150     main.obj (.text:main)
                  00214518    0000014c     driverlib_cm.lib : ethernet.obj (.text:Ethernet_getHandle)
                  00214664    00000004     --HOLE-- [fill = 0]
                  00214668    0000014c     f2838xif.obj (.text:f2838xif_transmit)
                  002147b4    00000004     --HOLE-- [fill = 0]
                  002147b8    00000144     lwiplib.obj (.text:tcp_listen_input)
                  002148fc    00000004     --HOLE-- [fill = 0]
                  00214900    00000140     modbus_Param.obj (.text:status_upDataHoldingCBReg)
                  00214a40    0000013c     rtsv7M4_T_le_eabi.lib : _printfi.c.obj (.text:_pconv_e)
                  00214b7c    00000004     --HOLE-- [fill = 0]
                  00214b80    0000013c     lwiplib.obj (.text:tcp_split_unsent_seg)
                  00214cbc    00000136     rtsv7M4_T_le_eabi.lib : fd_div_t2.asm.obj (.text)
                  00214df2    00000006     driverlib_cm.lib : platform_port.obj (.text:Platform_enablePeripheral)
                  00214df8    00000128     lwiplib.obj (.text:mem_malloc)
                  00214f20    00000120     rtsv7M4_T_le_eabi.lib : _printfi.c.obj (.text:fcvt)
                  00215040    00000114                           : fputs.c.obj (.text:fputs)
                  00215154    00000004     --HOLE-- [fill = 0]
                  00215158    00000114     lwiplib.obj (.text:ip4_output_if_src)
                  0021526c    00000004     --HOLE-- [fill = 0]
                  00215270    00000110     lwiplib.obj (.text:mem_trim)
                  00215380    00000110     lwiplib.obj (.text:tcp_close_shutdown)
                  00215490    0000010c     lwiplib.obj (.text:etharp_output)
                  0021559c    00000004     --HOLE-- [fill = 0]
                  002155a0    00000108     Drv_Timer.obj (.text:Drv_Timer_ClockMaintain)
                  002156a8    00000104     lwiplib.obj (.text:udp_sendto_if_src)
                  002157ac    00000100     rtsv7M4_T_le_eabi.lib : memory.c.obj (.text:aligned_alloc)
                  002158ac    00000004     --HOLE-- [fill = 0]
                  002158b0    00000100     lwiplib.obj (.text:etharp_find_entry)
                  002159b0    00000100     lwiplib.obj (.text:pbuf_alloc)
                  00215ab0    000000fc     rtsv7M4_T_le_eabi.lib : fd_mul_t2.asm.obj (.text)
                  00215bac    000000fa                           : fs_add_t2.asm.obj (.text)
                  00215ca6    00000002     --HOLE-- [fill = 0]
                  00215ca8    000000e4                           : memory.c.obj (.text:free)
                  00215d8c    00000004     --HOLE-- [fill = 0]
                  00215d90    000000e4     lwiplib.obj (.text:tcp_alloc)
                  00215e74    00000004     --HOLE-- [fill = 0]
                  00215e78    000000e0     bsp.obj (.text:Output_KWHDeal)
                  00215f58    000000e0     lwiplib.obj (.text:etharp_input)
                  00216038    000000dc     rtsv7M4_T_le_eabi.lib : setvbuf.c.obj (.text:setvbuf)
                  00216114    00000004     --HOLE-- [fill = 0]
                  00216118    000000d8     lwiplib.obj (.text:tcp_output_segment)
                  002161f0    000000d4     ModbusTcp.obj (.text:MbTcp_03H)
                  002162c4    00000004     --HOLE-- [fill = 0]
                  002162c8    000000d4     modbus_Param.obj (.text:debug_upDataHoldingCBReg)
                  0021639c    00000004     --HOLE-- [fill = 0]
                  002163a0    000000d4     lwiplib.obj (.text:tcp_abandon)
                  00216474    00000004     --HOLE-- [fill = 0]
                  00216478    000000d0     modbus_Param.obj (.text:Param_upDataHoldingCBReg)
                  00216548    000000d0     rtsv7M4_T_le_eabi.lib : s_scalbn.c.obj (.text:scalbn)
                  00216618    000000cc     lwiplib.obj (.text:ethernet_input)
                  002166e4    00000004     --HOLE-- [fill = 0]
                  002166e8    000000c8     ipc_cm.obj (.text:IPC_ISR0)
                  002167b0    000000c8     ModbusTcp.obj (.text:w5500_TcpMainServer)
                  00216878    000000c4     socket.obj (.text:send)
                  0021693c    000000c0     driverlib_cm.lib : ethernet.obj (.text:Ethernet_removePacketsFromTxQueue)
                  002169fc    000000bc                      : ethernet.obj (.text:Ethernet_getInitConfig)
                  00216ab8    000000bc                      : ethernet.obj (.text:Ethernet_initRxChannel)
                  00216b74    00000004     --HOLE-- [fill = 0]
                  00216b78    000000bc     Drv_I2C_RTC.obj (.text:RTC_WriteBuf)
                  00216c34    00000004     --HOLE-- [fill = 0]
                  00216c38    000000b8     lwiplib.obj (.text:netif_add)
                  00216cf0    000000b6     ptp_master_sync.obj (.text:msgUnpackHeader)
                  00216da6    00000002     --HOLE-- [fill = 0]
                  00216da8    000000b6     ptp_slave_sync.obj (.text:msgUnpackHeader)
                  00216e5e    00000002     --HOLE-- [fill = 0]
                  00216e60    000000b4     Drv_I2C_EE.obj (.text:EE_ReadBuf)
                  00216f14    00000004     --HOLE-- [fill = 0]
                  00216f18    000000b4     w5500_conf.obj (.text:set_w5500_ip)
                  00216fcc    000000b1     rtsv7M4_T_le_eabi.lib : _printfi.c.obj (.text:_ltostr)
                  0021707d    00000003     --HOLE-- [fill = 0]
                  00217080    000000b0     lwiplib.obj (.text:tcp_create_segment)
                  00217130    000000b0     lwiplib.obj (.text:tcp_listen_with_backlog_and_err)
                  002171e0    000000ac     Drv_I2C_RTC.obj (.text:RTC_ReadBuf)
                  0021728c    00000004     --HOLE-- [fill = 0]
                  00217290    000000ac     lwiplib.obj (.text:etharp_raw)
                  0021733c    000000a8     driverlib_cm.lib : ethernet.obj (.text:Ethernet_initInterface)
                  002173e4    00000004     --HOLE-- [fill = 0]
                  002173e8    000000a4     modbus_Param.obj (.text:Mb03_RegAddrLookUp)
                  0021748c    00000004     --HOLE-- [fill = 0]
                  00217490    000000a4     lwiplib.obj (.text:netif_loop_output)
                  00217534    00000004     --HOLE-- [fill = 0]
                  00217538    000000a0     Drv_I2C_EE.obj (.text:EE_WriteBuf)
                  002175d8    000000a0     driverlib_cm.lib : ethernet.obj (.text:Ethernet_initTxChannel)
                  00217678    000000a0     ptp_slave_sync.obj (.text:ptp_slave_init)
                  00217718    000000a0     lwiplib.obj (.text:udp_bind)
                  002177b8    0000009c     ptp_master_sync.obj (.text:msgPackDelayResp)
                  00217854    0000009c     rtsv7M4_T_le_eabi.lib : memcpy_t2.asm.obj (.text)
                  002178f0    0000009a     lwiplib.obj (.text:tcp_zero_window_probe)
                  0021798a    00000006     driverlib_cm.lib : platform_port.obj (.text:Platform_resetPeripheral)
                  00217990    00000098     lwiplib.obj (.text:tcp_bind)
                  00217a28    00000098     lwiplib.obj (.text:tcp_enqueue_flags)
                  00217ac0    00000098     obj_debug.obj (.text:udp_rx_callback)
                  00217b58    00000096     rtsv7M4_T_le_eabi.lib : ull_div_t2.asm.obj (.text)
                  00217bee    00000002     --HOLE-- [fill = 0]
                  00217bf0    00000094     driverlib_cm.lib : interrupt.obj (.text:Interrupt_setPriority)
                  00217c84    00000004     --HOLE-- [fill = 0]
                  00217c88    00000094     lwiplib.obj (.text:mem_free)
                  00217d1c    00000092     rtsv7M4_T_le_eabi.lib : fs_div_t2.asm.obj (.text)
                  00217dae    00000002     --HOLE-- [fill = 0]
                  00217db0    00000090     Eth_mii.obj (.text:Lwip_ParamInit)
                  00217e40    00000090     lwiplib.obj (.text:etharp_update_arp_entry)
                  00217ed0    00000090     socket.obj (.text:socket)
                  00217f60    00000090     lwiplib.obj (.text:tcp_fasttmr)
                  00217ff0    0000008c     rtsv7M4_T_le_eabi.lib : fputc.c.obj (.text:fputc)
                  0021807c    00000004     --HOLE-- [fill = 0]
                  00218080    0000008a     ModbusRtu.obj (.text:MODS_03H)
                  0021810a    00000006     --HOLE-- [fill = 0]
                  00218110    0000008a     lwiplib.obj (.text:pbuf_copy)
                  0021819a    00000002     --HOLE-- [fill = 0]
                  0021819c    00000088     driverlib_cm.lib : ethernet.obj (.text:Ethernet_sendPacket)
                  00218224    00000004     --HOLE-- [fill = 0]
                  00218228    00000088     ptp_master_sync.obj (.text:sendMessage)
                  002182b0    00000086     rtsv7M4_T_le_eabi.lib : fd_cmp_t2.asm.obj (.text:__aeabi_cdcmple)
                  00218336    00000086                           : fd_cmp_t2.asm.obj (.text:__aeabi_cdrcmple)
                  002183bc    00000004     --HOLE-- [fill = 0]
                  002183c0    00000084     modbus_Param.obj (.text:Fault_upDataHoldingCBReg)
                  00218444    00000004     --HOLE-- [fill = 0]
                  00218448    00000084     lwiplib.obj (.text:inet_cksum_pseudo_base)
                  002184cc    00000004     --HOLE-- [fill = 0]
                  002184d0    00000084     lwiplib.obj (.text:lwIPPrivateInit)
                  00218554    00000004     --HOLE-- [fill = 0]
                  00218558    00000084     lwiplib.obj (.text:tcp_oos_insert_segment)
                  002185dc    00000004     --HOLE-- [fill = 0]
                  002185e0    00000084     lwiplib.obj (.text:tcp_parseopt)
                  00218664    00000004     --HOLE-- [fill = 0]
                  00218668    00000082     w5500.obj (.text:recv_data_processing)
                  002186ea    00000006     --HOLE-- [fill = 0]
                  002186f0    00000082     w5500.obj (.text:send_data_processing)
                  00218772    00000080     driverlib_cm.lib : ethernet.obj (.text:Ethernet_writeTxDMAControl)
                  002187f2    00000006     --HOLE-- [fill = 0]
                  002187f8    00000080     ModbusTcp.obj (.text:MbTcp_06H)
                  00218878    00000080     lwiplib.obj (.text:icmp_send_response)
                  002188f8    00000080     lwiplib.obj (.text:lwIPServiceTimers)
                  00218978    00000080     ptp_slave_sync.obj (.text:ptp_slave_release_tx_packet)
                  002189f8    00000080     lwiplib.obj (.text:tcp_free_acked_segments)
                  00218a78    00000080     lwiplib.obj (.text:tcp_timewait_input)
                  00218af8    0000007c     lwiplib.obj (.text:plug_holes)
                  00218b74    00000004     --HOLE-- [fill = 0]
                  00218b78    0000007c     ptp_slave_sync.obj (.text:sendDelayReq)
                  00218bf4    00000004     --HOLE-- [fill = 0]
                  00218bf8    0000007c     w5500.obj (.text:socket_buf_init)
                  00218c74    00000004     --HOLE-- [fill = 0]
                  00218c78    0000007c     lwiplib.obj (.text:tcp_process_refused_data)
                  00218cf4    0000007a     rtsv7M4_T_le_eabi.lib : fs_mul_t2.asm.obj (.text)
                  00218d6e    0000007a                           : memset_t2.asm.obj (.text)
                  00218de8    00000078     modbus_Param.obj (.text:Ctrl_upDataHoldingCBReg)
                  00218e60    00000076     cm.obj (.text:CM_enableAllPeripherals)
                  00218ed6    00000002     --HOLE-- [fill = 0]
                  00218ed8    00000076     ptp_master_sync.obj (.text:msgPackFollowUp)
                  00218f4e    00000002     --HOLE-- [fill = 0]
                  00218f50    00000074     driverlib_cm.lib : ethernet.obj (.text:Ethernet_writePHYRegister)
                  00218fc4    00000074     rtsv7M4_T_le_eabi.lib : fclose.c.obj (.text:__TI_closefile)
                  00219038    00000074     lwiplib.obj (.text:ip4_route)
                  002190ac    00000004     --HOLE-- [fill = 0]
                  002190b0    00000072     lwiplib.obj (.text:tcp_rexmit)
                  00219122    00000006     --HOLE-- [fill = 0]
                  00219128    00000070     lwiplib.obj (.text:etharp_tmr)
                  00219198    00000070     rtsv7M4_T_le_eabi.lib : memory.c.obj (.text:split)
                  00219208    0000006e                           : _printfi.c.obj (.text:_mcpy)
                  00219276    00000002     --HOLE-- [fill = 0]
                  00219278    0000006c                           : hostrename.c.obj (.text:HOSTrename)
                  002192e4    0000006c     driverlib_cm.lib : interrupt.obj (.text:Interrupt_disable)
                  00219350    0000006c     lwiplib.obj (.text:tcp_output_control_segment)
                  002193bc    00000004     --HOLE-- [fill = 0]
                  002193c0    0000006a     lwiplib.obj (.text:lwip_standard_chksum)
                  0021942a    00000006     --HOLE-- [fill = 0]
                  00219430    0000006a     lwiplib.obj (.text:pbuf_copy_partial)
                  0021949a    00000006     --HOLE-- [fill = 0]
                  002194a0    0000006a     lwiplib.obj (.text:tcp_output_alloc_header_common)
                  0021950a    00000002     --HOLE-- [fill = 0]
                  0021950c    00000068     rtsv7M4_T_le_eabi.lib : hostlseek.c.obj (.text:HOSTlseek)
                  00219574    00000004     --HOLE-- [fill = 0]
                  00219578    00000068     ptp_slave_sync.obj (.text:InitConstants)
                  002195e0    00000068     rtsv7M4_T_le_eabi.lib : copy_decompress_lzss.c.obj (.text:decompress:lzss:__TI_decompress_lzss)
                  00219648    00000068     lwiplib.obj (.text:etharp_output_to_arp_index)
                  002196b0    00000068     rtsv7M4_T_le_eabi.lib : printf.c.obj (.text:printf)
                  00219718    00000068     lwiplib.obj (.text:tcp_rexmit_rto_prepare)
                  00219780    00000064     cm.obj (.text:CM_init)
                  002197e4    00000064     driverlib_cm.lib : interrupt.obj (.text:Interrupt_enable)
                  00219848    00000064     ModbusRtu.obj (.text:MODS_06H)
                  002198ac    00000064     rtsv7M4_T_le_eabi.lib : fseek.c.obj (.text:fseek)
                  00219910    00000064     Drv_I2C_RTC.obj (.text:rtc_read_time)
                  00219974    00000004     --HOLE-- [fill = 0]
                  00219978    00000064     ModbusTcp.obj (.text:tcp_server_recv_cb)
                  002199dc    00000004     --HOLE-- [fill = 0]
                  002199e0    00000064     lwiplib.obj (.text:udp_input_local_match)
                  00219a44    00000062     rtsv7M4_T_le_eabi.lib : _io_perm.c.obj (.text:__TI_wrt_ok)
                  00219aa6    00000002     --HOLE-- [fill = 0]
                  00219aa8    00000060                           : hostopen.c.obj (.text:HOSTopen)
                  00219b08    00000060     lwiplib.obj (.text:ethernet_output)
                  00219b68    00000060     lwiplib.obj (.text:sys_check_timeouts)
                  00219bc8    0000005c     ModbusTcp.obj (.text:MbTcp_SendAckErr)
                  00219c24    0000005c     rtsv7M4_T_le_eabi.lib : s_frexp.c.obj (.text:frexp)
                  00219c80    0000005c     ipc_cm.obj (.text:ipc_TxData_CmToCpu2)
                  00219cdc    00000004     --HOLE-- [fill = 0]
                  00219ce0    0000005c     lwiplib.obj (.text:sys_timeout_abs)
                  00219d3c    0000005a     driverlib_cm.lib : ethernet.obj (.text:Ethernet_writeRxDMAControl)
                  00219d96    00000002     --HOLE-- [fill = 0]
                  00219d98    00000058                      : ethernet.obj (.text:Ethernet_addPacketsIntoRxQueue)
                  00219df0    00000058                      : ethernet.obj (.text:Ethernet_receiveISR)
                  00219e48    00000058                      : ethernet.obj (.text:Ethernet_transmitISR)
                  00219ea0    00000058     rtsv7M4_T_le_eabi.lib : hostread.c.obj (.text:HOSTread)
                  00219ef8    00000058                           : hostwrite.c.obj (.text:HOSTwrite)
                  00219f50    00000058     f2838xif.obj (.text:f2838xif_hwinit)
                  00219fa8    00000058     lwiplib.obj (.text:pbuf_free)
                  0021a000    00000058     lwiplib.obj (.text:pbuf_realloc)
                  0021a058    00000058     ptp_master_sync.obj (.text:ptp_master_receive_packet)
                  0021a0b0    00000058     Drv_I2C_RTC.obj (.text:rtc_write_time)
                  0021a108    00000058     lwiplib.obj (.text:tcp_new_port)
                  0021a160    00000058     obj_debug.obj (.text:udpDebug_TxData)
                  0021a1b8    00000056     rtsv7M4_T_le_eabi.lib : _printfi.c.obj (.text:_pconv_f)
                  0021a20e    00000002     --HOLE-- [fill = 0]
                  0021a210    00000056     lwiplib.obj (.text:inet_chksum_pbuf)
                  0021a266    00000002     --HOLE-- [fill = 0]
                  0021a268    00000056     lwiplib.obj (.text:tcp_pcb_remove)
                  0021a2be    00000002     --HOLE-- [fill = 0]
                  0021a2c0    00000054     driverlib_cm.lib : ethernet.obj (.text:Ethernet_setConfigTimestampPTP)
                  0021a314    00000004     --HOLE-- [fill = 0]
                  0021a318    00000054     bsp.obj (.text:Pcs_CmRunISR)
                  0021a36c    00000054     rtsv7M4_T_le_eabi.lib : _ltoa.c.obj (.text:__TI_ltoa)
                  0021a3c0    00000054     f2838xif.obj (.text:f2838xif_receive)
                  0021a414    00000004     --HOLE-- [fill = 0]
                  0021a418    00000054     ptp_master_sync.obj (.text:ptp_master_release_tx_packet)
                  0021a46c    00000004     --HOLE-- [fill = 0]
                  0021a470    00000054     lwiplib.obj (.text:tcp_kill_prio)
                  0021a4c4    00000004     --HOLE-- [fill = 0]
                  0021a4c8    00000054     lwiplib.obj (.text:tcp_pbuf_prealloc)
                  0021a51c    00000004     --HOLE-- [fill = 0]
                  0021a520    00000054     lwiplib.obj (.text:udp_new_port)
                  0021a574    00000004     --HOLE-- [fill = 0]
                  0021a578    00000054     lwiplib.obj (.text:udp_sendto)
                  0021a5cc    00000052     driverlib_cm.lib : ethernet.obj (.text:Ethernet_readPHYRegister)
                  0021a61e    00000052     rtsv7M4_T_le_eabi.lib : _printfi.c.obj (.text:_ecpy)
                  0021a670    00000052     lwiplib.obj (.text:pbuf_add_header_impl)
                  0021a6c2    00000006     --HOLE-- [fill = 0]
                  0021a6c8    00000050     Drv_Timer.obj (.text:Drv_TimerInt_Init)
                  0021a718    00000050     Drv_I2CA.obj (.text:i2cA_SendByte)
                  0021a768    00000050     lwiplib.obj (.text:netif_set_addr)
                  0021a7b8    00000050     lwiplib.obj (.text:tcp_netif_ip_addr_changed)
                  0021a808    00000050     lwiplib.obj (.text:tcp_write_checks)
                  0021a858    00000050     lwiplib.obj (.text:udp_connect)
                  0021a8a8    00000050     ptp_slave_sync.obj (.text:updateClock)
                  0021a8f8    0000004e     lwiplib.obj (.text:tcp_rexmit_fast)
                  0021a946    0000004c     rtsv7M4_T_le_eabi.lib : fflush.c.obj (.text:__TI_doflush)
                  0021a992    00000002     --HOLE-- [fill = 0]
                  0021a994    0000004c                           : atoi.c.obj (.text:atoi)
                  0021a9e0    0000004c     lwiplib.obj (.text:mem_init)
                  0021aa2c    00000004     --HOLE-- [fill = 0]
                  0021aa30    0000004c     lwiplib.obj (.text:mem_link_valid)
                  0021aa7c    00000004     --HOLE-- [fill = 0]
                  0021aa80    0000004c     lwiplib.obj (.text:netif_init)
                  0021aacc    00000004     --HOLE-- [fill = 0]
                  0021aad0    0000004a     w5500.obj (.text:getSn_RX_RSR)
                  0021ab1a    00000006     --HOLE-- [fill = 0]
                  0021ab20    0000004a     w5500.obj (.text:getSn_TX_FSR)
                  0021ab6a    00000006     --HOLE-- [fill = 0]
                  0021ab70    0000004a     lwiplib.obj (.text:tcp_close_shutdown_fin)
                  0021abba    00000002     --HOLE-- [fill = 0]
                  0021abbc    00000048     rtsv7M4_T_le_eabi.lib : exit.c.obj (.text:exit)
                  0021ac04    00000048                           : fd_toi_t2.asm.obj (.text)
                  0021ac4c    00000004     --HOLE-- [fill = 0]
                  0021ac50    00000048     lwiplib.obj (.text:tcp_send_fin)
                  0021ac98    00000046     lwiplib.obj (.text:tcp_pcb_purge)
                  0021acde    00000002     --HOLE-- [fill = 0]
                  0021ace0    00000044     bsp.obj (.text:GloabParam_Init)
                  0021ad24    00000044     rtsv7M4_T_le_eabi.lib : hostclose.c.obj (.text:HOSTclose)
                  0021ad68    00000044                           : hostunlink.c.obj (.text:HOSTunlink)
                  0021adac    00000044     driverlib_cm.lib : ipc.obj (.text:IPC_readCommand)
                  0021adf0    00000044     bsp.obj (.text:Output_RunTimeCnt)
                  0021ae34    00000044     rtsv7M4_T_le_eabi.lib : autoinit.c.obj (.text:__TI_auto_init_nobinit_nopinit:__TI_auto_init_nobinit_nopinit)
                  0021ae78    00000044     Drv_Timer.obj (.text:configCPUTimer)
                  0021aebc    00000044     rtsv7M4_T_le_eabi.lib : getdevice.c.obj (.text:getdevice)
                  0021af00    00000044     Drv_I2CA.obj (.text:i2cA_ReadByte)
                  0021af44    00000004     --HOLE-- [fill = 0]
                  0021af48    00000044     w5500_conf.obj (.text:set_w5500_mac)
                  0021af8c    00000004     --HOLE-- [fill = 0]
                  0021af90    00000044     lwiplib.obj (.text:tcp_kill_state)
                  0021afd4    00000004     --HOLE-- [fill = 0]
                  0021afd8    00000044     ModbusTcp.obj (.text:tcp_server_accept_cb)
                  0021b01c    00000004     --HOLE-- [fill = 0]
                  0021b020    00000044     w5500_conf.obj (.text:wiz_write_buf)
                  0021b064    00000004     --HOLE-- [fill = 0]
                  0021b068    00000042     lwiplib.obj (.text:tcp_rst)
                  0021b0aa    00000002     --HOLE-- [fill = 0]
                  0021b0ac    00000040     driverlib_cm.lib : ethernet.obj (.text:Ethernet_getPacketBuffer)
                  0021b0ec    00000004     --HOLE-- [fill = 0]
                  0021b0f0    00000040     Eth_mii.obj (.text:Ethernet_receivePacketCallbackCustom)
                  0021b130    00000040     ModbusTcp.obj (.text:LwipTcp_send)
                  0021b170    00000040     w5500_conf.obj (.text:W5500_SPI_Transfer)
                  0021b1b0    00000040     lwiplib.obj (.text:do_memp_malloc_pool)
                  0021b1f0    00000040     ptp_master_sync.obj (.text:msgPackHeader)
                  0021b230    00000040     ptp_slave_sync.obj (.text:msgPackHeader)
                  0021b270    00000040     lwiplib.obj (.text:tcp_get_next_optbyte)
                  0021b2b0    00000040     lwiplib.obj (.text:tcp_input_delayed_close)
                  0021b2f0    00000040     lwiplib.obj (.text:tcp_send_empty_ack)
                  0021b330    00000040     lwiplib.obj (.text:udp_sendto_if)
                  0021b370    0000003e     rtsv7M4_T_le_eabi.lib : _printfi.c.obj (.text:_fcpy)
                  0021b3ae    00000002     --HOLE-- [fill = 0]
                  0021b3b0    0000003e     w5500_conf.obj (.text:wiz_read_buf)
                  0021b3ee    00000002     --HOLE-- [fill = 0]
                  0021b3f0    0000003c     ModbusTcp.obj (.text:Lwip_TcpServerInit)
                  0021b42c    00000004     --HOLE-- [fill = 0]
                  0021b430    0000003c     ModbusRtu.obj (.text:MODS_SendAckOk)
                  0021b46c    00000004     --HOLE-- [fill = 0]
                  0021b470    0000003c     ModbusRtu.obj (.text:ModbusRtu1_Poll)
                  0021b4ac    00000004     --HOLE-- [fill = 0]
                  0021b4b0    0000003c     ModbusRtu.obj (.text:ModbusRtu2_Poll)
                  0021b4ec    00000004     --HOLE-- [fill = 0]
                  0021b4f0    0000003c     f2838xif.obj (.text:f2838xif_init)
                  0021b52c    00000004     --HOLE-- [fill = 0]
                  0021b530    0000003c     ptp_slave_sync.obj (.text:normalizeTime)
                  0021b56c    00000004     --HOLE-- [fill = 0]
                  0021b570    0000003c     lwiplib.obj (.text:tcpip_tcp_timer)
                  0021b5ac    00000004     --HOLE-- [fill = 0]
                  0021b5b0    0000003a     ModbusRtu.obj (.text:MODS_SendWithCRC)
                  0021b5ea    00000006     --HOLE-- [fill = 0]
                  0021b5f0    00000038     ModbusRtu.obj (.text:CRC16_Modbus)
                  0021b628    00000038     rtsv7M4_T_le_eabi.lib : trgmsg.c.obj (.text:__TI_writemsg)
                  0021b660    00000038     f2838xif.obj (.text:f2838xif_process_transmit)
                  0021b698    00000038     ipc_cm.obj (.text:ipc_init)
                  0021b6d0    00000038     lwiplib.obj (.text:lwip_cyclic_timer)
                  0021b708    00000038     ptp_slave_sync.obj (.text:msgPackDelayReq)
                  0021b740    00000038     rtsv7M4_T_le_eabi.lib : fs_toi_t2.asm.obj (.text)
                  0021b778    00000038     lwiplib.obj (.text:tcp_recved)
                  0021b7b0    00000036     f2838xif.obj (.text:f2838xif_interrupt)
                  0021b7e6    00000002     --HOLE-- [fill = 0]
                  0021b7e8    00000036     socket.obj (.text:listen)
                  0021b81e    00000002     --HOLE-- [fill = 0]
                  0021b820    00000036     lwiplib.obj (.text:pbuf_remove_header)
                  0021b856    00000036     rtsv7M4_T_le_eabi.lib : strncpy.c.obj (.text:strncpy)
                  0021b88c    00000034     driverlib_cm.lib : ipc.obj (.text:IPC_sendCommand)
                  0021b8c0    00000034                      : interrupt.obj (.text:Interrupt_registerHandler)
                  0021b8f4    00000034                      : sysctl.obj (.text:SysCtl_resetPeripheral)
                  0021b928    00000034     rtsv7M4_T_le_eabi.lib : fopen.c.obj (.text:__TI_cleanup)
                  0021b95c    00000034                           : trgmsg.c.obj (.text:__TI_readmsg)
                  0021b990    00000034     ptp_slave_sync.obj (.text:div2Time)
                  0021b9c4    00000004     --HOLE-- [fill = 0]
                  0021b9c8    00000034     Drv_Timer.obj (.text:initCPUTimer1)
                  0021b9fc    00000004     --HOLE-- [fill = 0]
                  0021ba00    00000034     lwiplib.obj (.text:pbuf_free_ooseq)
                  0021ba34    00000034     rtsv7M4_T_le_eabi.lib : rand.c.obj (.text:rand)
                  0021ba68    00000034                           : fs_tou_t2.asm.obj (.text)
                  0021ba9c    00000004     --HOLE-- [fill = 0]
                  0021baa0    00000034     lwiplib.obj (.text:tcp_kill_timewait)
                  0021bad4    00000004     --HOLE-- [fill = 0]
                  0021bad8    00000034     lwiplib.obj (.text:tcp_timer_needed)
                  0021bb0c    00000004     --HOLE-- [fill = 0]
                  0021bb10    00000032     w5500_conf.obj (.text:IINCHIP_WRITE)
                  0021bb42    00000006     --HOLE-- [fill = 0]
                  0021bb48    00000032     lwiplib.obj (.text:ip4_addr_isbroadcast_u32)
                  0021bb7a    00000006     --HOLE-- [fill = 0]
                  0021bb80    00000032     ptp_master_sync.obj (.text:msgPackSync)
                  0021bbb2    00000006     --HOLE-- [fill = 0]
                  0021bbb8    00000030     w5500_conf.obj (.text:IINCHIP_READ)
                  0021bbe8    00000030     ModbusRtu.obj (.text:MODS_SendAckErr)
                  0021bc18    00000030     ModbusTcp.obj (.text:ModbusTcp1_Poll)
                  0021bc48    00000030     ModbusTcp.obj (.text:ModbusTcp2_Poll)
                  0021bc78    00000030     rtsv7M4_T_le_eabi.lib : getdevice.c.obj (.text:finddevice)
                  0021bca8    00000030     Drv_I2CA.obj (.text:i2cA_Stop)
                  0021bcd8    00000030     Drv_I2CA.obj (.text:i2cA_WaitAck)
                  0021bd08    00000030     lwiplib.obj (.text:inet_chksum_pseudo)
                  0021bd38    00000030     lwiplib.obj (.text:lwIPInit)
                  0021bd68    00000030     lwiplib.obj (.text:netif_do_set_ipaddr)
                  0021bd98    00000030     lwiplib.obj (.text:tcp_recv_null)
                  0021bdc8    00000030     lwiplib.obj (.text:tcp_update_rcv_ann_wnd)
                  0021bdf8    00000030     lwiplib.obj (.text:udp_netif_ip_addr_changed)
                  0021be28    0000002e     driverlib_cm.lib : ethernet.obj (.text:Ethernet_updateSysTimePTP)
                  0021be56    00000002     --HOLE-- [fill = 0]
                  0021be58    0000002e     socket.obj (.text:recv)
                  0021be86    0000002e     rtsv7M4_T_le_eabi.lib : i_tofd_t2.asm.obj (.text)
                  0021beb4    00000004     --HOLE-- [fill = 0]
                  0021beb8    0000002e     lwiplib.obj (.text:tcp_keepalive)
                  0021bee6    00000002     --HOLE-- [fill = 0]
                  0021bee8    0000002c     bsp.obj (.text:Cm_Fault_Reset)
                  0021bf14    0000002c     driverlib_cm.lib : sysctl.obj (.text:SysCtl_enablePeripheral)
                  0021bf40    0000002c     Drv_I2CA.obj (.text:i2cA_Start)
                  0021bf6c    00000004     --HOLE-- [fill = 0]
                  0021bf70    0000002c     lwiplib.obj (.text:ip4_input_accept)
                  0021bf9c    00000004     --HOLE-- [fill = 0]
                  0021bfa0    0000002c     lwiplib.obj (.text:memp_init_pool)
                  0021bfcc    00000004     --HOLE-- [fill = 0]
                  0021bfd0    0000002c     lwiplib.obj (.text:pbuf_cat)
                  0021bffc    00000004     --HOLE-- [fill = 0]
                  0021c000    0000002c     lwiplib.obj (.text:tcp_handle_closepend)
                  0021c02c    00000004     --HOLE-- [fill = 0]
                  0021c030    0000002c     obj_debug.obj (.text:udpDebug_Init)
                  0021c05c    0000002c     rtsv7M4_T_le_eabi.lib : unlink.c.obj (.text:unlink)
                  0021c088    00000028     Eth_mii.obj (.text:Ethernet_isPtpRxPacket)
                  0021c0b0    00000028     rtsv7M4_T_le_eabi.lib : memory.c.obj (.text:free_list_insert)
                  0021c0d8    00000028                           : lseek.c.obj (.text:lseek)
                  0021c100    00000028     lwiplib.obj (.text:memp_init)
                  0021c128    00000028     lwiplib.obj (.text:netif_get_by_index)
                  0021c150    00000028     lwiplib.obj (.text:netif_loopif_init)
                  0021c178    00000028     lwiplib.obj (.text:tcp_output_alloc_header)
                  0021c1a0    00000028     ModbusTcp.obj (.text:tcp_server_poll_cb)
                  0021c1c8    00000028     rtsv7M4_T_le_eabi.lib : write.c.obj (.text:write)
                  0021c1f0    00000026     driverlib_cm.lib : ethernet.obj (.text:Ethernet_selectTargetInterruptOrPulsePPS)
                  0021c216    00000002     --HOLE-- [fill = 0]
                  0021c218    00000026     socket.obj (.text:close)
                  0021c23e    00000002     --HOLE-- [fill = 0]
                  0021c240    00000026     lwiplib.obj (.text:pbuf_alloc_reference)
                  0021c266    00000024     driverlib_cm.lib : ethernet.obj (.text:Ethernet_setFixedModePPS)
                  0021c28a    00000002     --HOLE-- [fill = 0]
                  0021c28c    00000024                      : ipc.obj (.text:IPC_registerInterrupt)
                  0021c2b0    00000024     ModbusRtu.obj (.text:ModbusRtu_AnalyzeApp)
                  0021c2d4    00000004     --HOLE-- [fill = 0]
                  0021c2d8    00000024     ModbusTcp.obj (.text:ModbusTcp_AnalyzeApp)
                  0021c2fc    00000024     rtsv7M4_T_le_eabi.lib : boot_cortex_m.c.obj (.text:_c_int00_noargs:_c_int00_noargs)
                  0021c320    00000024     lwiplib.obj (.text:do_memp_free_pool)
                  0021c344    00000004     --HOLE-- [fill = 0]
                  0021c348    00000024     lwiplib.obj (.text:etharp_free_entry)
                  0021c36c    00000004     --HOLE-- [fill = 0]
                  0021c370    00000024     lwiplib.obj (.text:etharp_request_dst)
                  0021c394    00000004     --HOLE-- [fill = 0]
                  0021c398    00000024     Drv_I2CA.obj (.text:i2cA_Ack)
                  0021c3bc    00000004     --HOLE-- [fill = 0]
                  0021c3c0    00000024     Drv_I2CA.obj (.text:i2cA_NAck)
                  0021c3e4    00000004     --HOLE-- [fill = 0]
                  0021c3e8    00000024     lwiplib.obj (.text:lwIPEthernetIntHandler)
                  0021c40c    00000024     rtsv7M4_T_le_eabi.lib : memcmp.c.obj (.text:memcmp)
                  0021c430    00000024     lwiplib.obj (.text:netif_issue_reports)
                  0021c454    00000024     rtsv7M4_T_le_eabi.lib : u_tofs_t2.asm.obj (.text)
                  0021c478    00000024     lwiplib.obj (.text:tcp_seg_copy)
                  0021c49c    00000004     --HOLE-- [fill = 0]
                  0021c4a0    00000024     w5500_conf.obj (.text:w5500_init)
                  0021c4c4    00000022     driverlib_cm.lib : ethernet.obj (.text:Ethernet_enableSysTimePTP)
                  0021c4e6    00000002     --HOLE-- [fill = 0]
                  0021c4e8    00000022     lwiplib.obj (.text:tcp_eff_send_mss_netif)
                  0021c50a    00000006     --HOLE-- [fill = 0]
                  0021c510    00000022     lwiplib.obj (.text:tcp_netif_ip_addr_changed_pcblist)
                  0021c532    00000006     --HOLE-- [fill = 0]
                  0021c538    00000020     lwiplib.obj (.text:free_etharp_q)
                  0021c558    00000020     lwiplib.obj (.text:ip4_output_if)
                  0021c578    00000020     rtsv7M4_T_le_eabi.lib : memchr.c.obj (.text:memchr)
                  0021c598    00000020     lwiplib.obj (.text:pbuf_clone)
                  0021c5b8    00000020     w5500_conf.obj (.text:reset_w5500)
                  0021c5d8    00000020     lwiplib.obj (.text:tcp_close)
                  0021c5f8    00000020     lwiplib.obj (.text:tcp_tmr)
                  0021c618    0000001e     driverlib_cm.lib : ethernet.obj (.text:Ethernet_enableMACRxQ)
                  0021c636    00000002     --HOLE-- [fill = 0]
                  0021c638    0000001e     Eth_mii.obj (.text:Ethernet_releaseTxPacketBufferCustom)
                  0021c656    0000001e     driverlib_cm.lib : ethernet.obj (.text:Ethernet_setSysTimePTP)
                  0021c674    00000004     --HOLE-- [fill = 0]
                  0021c678    0000001e     lwiplib.obj (.text:pbuf_init_alloced_pbuf)
                  0021c696    0000001c     driverlib_cm.lib : ethernet.obj (.text:Ethernet_performPushPacketQueueChain)
                  0021c6b2    0000001c                      : ethernet.obj (.text:Ethernet_setMACAddr)
                  0021c6ce    0000001c                      : ethernet.obj (.text:Ethernet_setMTLTxQueueOpMode)
                  0021c6ea    00000006     --HOLE-- [fill = 0]
                  0021c6f0    0000001c     bsp.obj (.text:bsp_init)
                  0021c70c    00000004     --HOLE-- [fill = 0]
                  0021c710    0000001c     socket.obj (.text:disconnect)
                  0021c72c    0000001c     rtsv7M4_T_le_eabi.lib : memory.c.obj (.text:free_list_remove)
                  0021c748    0000001c     w5500_conf.obj (.text:gpio_for_w5500_config)
                  0021c764    00000004     --HOLE-- [fill = 0]
                  0021c768    0000001c     lwiplib.obj (.text:lwip_init)
                  0021c784    0000001c     rtsv7M4_T_le_eabi.lib : memccpy.c.obj (.text:memccpy)
                  0021c7a0    0000001c     lwiplib.obj (.text:tcp_listen_closed)
                  0021c7bc    00000004     --HOLE-- [fill = 0]
                  0021c7c0    0000001c     lwiplib.obj (.text:udp_new)
                  0021c7dc    0000001a     driverlib_cm.lib : ethernet.obj (.text:Ethernet_configureEEEClockGatingControl)
                  0021c7f6    0000001a                      : ethernet.obj (.text:Ethernet_getOneStepTransmitTimestampPTP)
                  0021c810    0000001a                      : ethernet.obj (.text:Ethernet_performPushOnPacketQueue)
                  0021c82a    00000006     --HOLE-- [fill = 0]
                  0021c830    0000001a     lwiplib.obj (.text:lwip_htonl)
                  0021c84a    00000006     --HOLE-- [fill = 0]
                  0021c850    0000001a     lwiplib.obj (.text:netif_set_link_up)
                  0021c86a    00000006     --HOLE-- [fill = 0]
                  0021c870    0000001a     lwiplib.obj (.text:netif_set_up)
                  0021c88a    00000006     --HOLE-- [fill = 0]
                  0021c890    0000001a     modbus_Param.obj (.text:upDataHoldingCBReg)
                  0021c8aa    00000018     driverlib_cm.lib : ethernet.obj (.text:Ethernet_getSysTimePTP)
                  0021c8c2    00000002     --HOLE-- [fill = 0]
                  0021c8c4    00000018                      : ethernet.obj (.text:Ethernet_isTimestampIntActive)
                  0021c8dc    00000018                      : ethernet.obj (.text:Ethernet_isTransmitTimestampStatusSet)
                  0021c8f4    00000004     --HOLE-- [fill = 0]
                  0021c8f8    00000018     ptp_slave_sync.obj (.text:addTime)
                  0021c910    00000018     lwiplib.obj (.text:memp_free)
                  0021c928    00000018     lwiplib.obj (.text:memp_malloc)
                  0021c940    00000018     lwiplib.obj (.text:pbuf_pool_is_empty)
                  0021c958    00000018     Drv_I2C_RTC.obj (.text:rtc_write_byte)
                  0021c970    00000018     rtsv7M4_T_le_eabi.lib : strcmp.c.obj (.text:strcmp)
                  0021c988    00000018     ptp_slave_sync.obj (.text:subTime)
                  0021c9a0    00000018     lwiplib.obj (.text:sys_timeouts_init)
                  0021c9b8    00000018     lwiplib.obj (.text:tcp_init)
                  0021c9d0    00000018     lwiplib.obj (.text:tcp_next_iss)
                  0021c9e8    00000018     lwiplib.obj (.text:tcp_remove_listener)
                  0021ca00    00000018     lwiplib.obj (.text:tcp_seg_free)
                  0021ca18    00000018     lwiplib.obj (.text:udp_init)
                  0021ca30    00000016     driverlib_cm.lib : ethernet.obj (.text:Ethernet_getMACAddr)
                  0021ca46    00000016                      : ethernet.obj (.text:Ethernet_setMTLRxQueueOpMode)
                  0021ca5c    00000004     --HOLE-- [fill = 0]
                  0021ca60    00000016     Drv_I2C_RTC.obj (.text:dec_to_bcd)
                  0021ca76    00000002     --HOLE-- [fill = 0]
                  0021ca78    00000016     utility.obj (.text:delay_ms)
                  0021ca8e    00000002     --HOLE-- [fill = 0]
                  0021ca90    00000016     lwiplib.obj (.text:pbuf_ref)
                  0021caa6    00000016     rtsv7M4_T_le_eabi.lib : strchr.c.obj (.text:strchr)
                  0021cabc    00000004     --HOLE-- [fill = 0]
                  0021cac0    00000014     Drv_Timer.obj (.text:Drv_Timer_usDelay)
                  0021cad4    00000014     driverlib_cm.lib : ethernet.obj (.text:Ethernet_disableRxDMAReception)
                  0021cae8    00000014                      : ethernet.obj (.text:Ethernet_enableRxDMAReception)
                  0021cafc    00000014                      : ethernet.obj (.text:Ethernet_setRxDescRingLength)
                  0021cb10    00000014                      : ethernet.obj (.text:Ethernet_setTxDescRingLength)
                  0021cb24    00000004     --HOLE-- [fill = 0]
                  0021cb28    00000014     lwiplib.obj (.text:netif_do_ip_addr_changed)
                  0021cb3c    00000004     --HOLE-- [fill = 0]
                  0021cb40    00000014     lwiplib.obj (.text:netif_do_set_gw)
                  0021cb54    00000004     --HOLE-- [fill = 0]
                  0021cb58    00000014     lwiplib.obj (.text:netif_do_set_netmask)
                  0021cb6c    00000004     --HOLE-- [fill = 0]
                  0021cb70    00000014     lwiplib.obj (.text:pbuf_clen)
                  0021cb84    00000014     rtsv7M4_T_le_eabi.lib : strcpy.c.obj (.text:strcpy)
                  0021cb98    00000014                           : strlen.c.obj (.text:strlen)
                  0021cbac    00000004     --HOLE-- [fill = 0]
                  0021cbb0    00000014     lwiplib.obj (.text:tcp_segs_free)
                  0021cbc4    00000004     --HOLE-- [fill = 0]
                  0021cbc8    00000014     lwiplib.obj (.text:udp_disconnect)
                  0021cbdc    00000012     driverlib_cm.lib : ethernet.obj (.text:Ethernet_disableDmaInterrupt)
                  0021cbee    00000012                      : ethernet.obj (.text:Ethernet_enableDmaInterrupt)
                  0021cc00    00000012                      : ethernet.obj (.text:Ethernet_performPopOnPacketQueue)
                  0021cc12    00000006     --HOLE-- [fill = 0]
                  0021cc18    00000012     lwiplib.obj (.text:tcp_free_ooseq)
                  0021cc2a    00000006     --HOLE-- [fill = 0]
                  0021cc30    00000012     lwiplib.obj (.text:tcp_rexmit_rto)
                  0021cc42    00000006     --HOLE-- [fill = 0]
                  0021cc48    00000012     lwiplib.obj (.text:tcp_rexmit_rto_commit)
                  0021cc5a    00000006     --HOLE-- [fill = 0]
                  0021cc60    00000012     lwiplib.obj (.text:tcp_route)
                  0021cc72    00000006     --HOLE-- [fill = 0]
                  0021cc78    00000012     ptp_slave_sync.obj (.text:toInternalTime)
                  0021cc8a    00000012     rtsv7M4_T_le_eabi.lib : wcslen.c.obj (.text:wcslen)
                  0021cc9c    00000004     --HOLE-- [fill = 0]
                  0021cca0    00000010     Drv_I2CA.obj (.text:Drv_I2CA_Init)
                  0021ccb0    00000010     Drv_LED.obj (.text:Drv_Led_Off)
                  0021ccc0    00000010     driverlib_cm.lib : ethernet.obj (.text:Ethernet_configureMDIO)
                  0021ccd0    00000010                      : ethernet.obj (.text:Ethernet_enableMTLInterrupt)
                  0021cce0    00000010                      : ethernet.obj (.text:Ethernet_getRxERICount)
                  0021ccf0    00000010                      : ethernet.obj (.text:Ethernet_resetModule)
                  0021cd00    00000010     lwiplib.obj (.text:Interrupt_disableInProcessor)
                  0021cd10    00000010     Drv_I2C_RTC.obj (.text:bcd_to_dec)
                  0021cd20    00000010     Drv_Timer.obj (.text:cpuTimer1ISR)
                  0021cd30    00000010     ptp_slave_sync.obj (.text:getTime)
                  0021cd40    00000010     Eth_mii.obj (.text:lwIPHostTimerHandler)
                  0021cd50    00000010     lwiplib.obj (.text:lwIPTimer)
                  0021cd60    00000010     lwiplib.obj (.text:mem_to_ptr)
                  0021cd70    00000010     lwiplib.obj (.text:pbuf_chain)
                  0021cd80    00000010     lwiplib.obj (.text:ptr_to_mem)
                  0021cd90    00000010     Drv_I2C_RTC.obj (.text:rtc_read_bytes)
                  0021cda0    00000010     ptp_slave_sync.obj (.text:setTime)
                  0021cdb0    00000010     lwiplib.obj (.text:sys_timeout)
                  0021cdc0    00000010     lwiplib.obj (.text:tcp_output_segment_busy)
                  0021cdd0    00000010     lwiplib.obj (.text:tcp_trigger_input_pcb_close)
                  0021cde0    00000010     w5500_conf.obj (.text:w5500_nss_0)
                  0021cdf0    00000010     w5500_conf.obj (.text:w5500_nss_1)
                  0021ce00    0000000e     driverlib_cm.lib : cputimer.obj (.text:CPUTimer_setEmulationMode)
                  0021ce0e    0000000e                      : ethernet.obj (.text:Ethernet_disableTxEEEMode)
                  0021ce1c    0000000e                      : ethernet.obj (.text:Ethernet_setPeriodPPS)
                  0021ce2a    0000000e     rtsv7M4_T_le_eabi.lib : copy_decompress_none.c.obj (.text:decompress:none:__TI_decompress_none)
                  0021ce38    0000000e     lwiplib.obj (.text:pbuf_header_impl)
                  0021ce46    00000002     --HOLE-- [fill = 0]
                  0021ce48    0000000e     lwiplib.obj (.text:tcp_accept_null)
                  0021ce56    00000002     --HOLE-- [fill = 0]
                  0021ce58    0000000c     Drv_LED.obj (.text:Drv_Led_toggle)
                  0021ce64    0000000c     driverlib_cm.lib : ethernet.obj (.text:Ethernet_clearDMAChannelInterrupt)
                  0021ce70    0000000c                      : ethernet.obj (.text:Ethernet_configureRevMIIAddress)
                  0021ce7c    0000000c                      : ethernet.obj (.text:Ethernet_setMTLOpmode)
                  0021ce88    0000000c                      : ethernet.obj (.text:Ethernet_writeRxDescListAddress)
                  0021ce94    0000000c                      : ethernet.obj (.text:Ethernet_writeRxDescTailPointer)
                  0021cea0    0000000c                      : ethernet.obj (.text:Ethernet_writeTxDescListAddress)
                  0021ceac    0000000c                      : ethernet.obj (.text:Ethernet_writeTxDescTailPointer)
                  0021ceb8    0000000c     rtsv7M4_T_le_eabi.lib : s_copysign.c.obj (.text:copysign)
                  0021cec4    0000000c                           : copy_zero_init.c.obj (.text:decompress:ZI:__TI_zero_init)
                  0021ced0    0000000c     lwiplib.obj (.text:etharp_request)
                  0021cedc    00000004     --HOLE-- [fill = 0]
                  0021cee0    0000000c     w5500.obj (.text:getGAR)
                  0021ceec    00000004     --HOLE-- [fill = 0]
                  0021cef0    0000000c     w5500.obj (.text:getIINCHIP_TxMAX)
                  0021cefc    00000004     --HOLE-- [fill = 0]
                  0021cf00    0000000c     w5500.obj (.text:getSIPR)
                  0021cf0c    00000004     --HOLE-- [fill = 0]
                  0021cf10    0000000c     w5500.obj (.text:getSUBR)
                  0021cf1c    00000004     --HOLE-- [fill = 0]
                  0021cf20    0000000c     lwiplib.obj (.text:inet_chksum)
                  0021cf2c    00000004     --HOLE-- [fill = 0]
                  0021cf30    0000000c     lwiplib.obj (.text:lwip_htons)
                  0021cf3c    00000004     --HOLE-- [fill = 0]
                  0021cf40    0000000c     lwiplib.obj (.text:netif_set_default)
                  0021cf4c    00000004     --HOLE-- [fill = 0]
                  0021cf50    0000000c     w5500.obj (.text:setGAR)
                  0021cf5c    00000004     --HOLE-- [fill = 0]
                  0021cf60    0000000c     w5500.obj (.text:setSHAR)
                  0021cf6c    00000004     --HOLE-- [fill = 0]
                  0021cf70    0000000c     w5500.obj (.text:setSIPR)
                  0021cf7c    00000004     --HOLE-- [fill = 0]
                  0021cf80    0000000c     w5500.obj (.text:setSUBR)
                  0021cf8c    00000004     --HOLE-- [fill = 0]
                  0021cf90    0000000c     lwiplib.obj (.text:sys_now)
                  0021cf9c    00000004     --HOLE-- [fill = 0]
                  0021cfa0    0000000c     lwiplib.obj (.text:tcp_accept)
                  0021cfac    00000004     --HOLE-- [fill = 0]
                  0021cfb0    0000000a     Eth_mii.obj (.text:Ethernet_clearMACConfigurationCustom)
                  0021cfba    0000000a     driverlib_cm.lib : ethernet.obj (.text:Ethernet_getPHYMode)
                  0021cfc4    00000004     --HOLE-- [fill = 0]
                  0021cfc8    0000000a     f2838xif.obj (.text:f2838xif_output)
                  0021cfd2    00000006     --HOLE-- [fill = 0]
                  0021cfd8    0000000a     w5500.obj (.text:getSn_IR)
                  0021cfe2    00000006     --HOLE-- [fill = 0]
                  0021cfe8    0000000a     w5500.obj (.text:getSn_SR)
                  0021cff2    00000006     --HOLE-- [fill = 0]
                  0021cff8    0000000a     w5500.obj (.text:setSn_IR)
                  0021d002    00000006     --HOLE-- [fill = 0]
                  0021d008    0000000a     lwiplib.obj (.text:tcp_poll)
                  0021d012    00000006     --HOLE-- [fill = 0]
                  0021d018    00000008     bsp.obj (.text:BEBufToUint16)
                  0021d020    00000008     driverlib_cm.lib : ethernet.obj (.text:Ethernet_configurePHYAddress)
                  0021d028    00000008                      : ethernet.obj (.text:Ethernet_setDMAMode)
                  0021d030    00000008                      : ethernet.obj (.text:Ethernet_setMACConfiguration)
                  0021d038    00000008     Eth_mii.obj (.text:Ethernet_setMACConfigurationCustom)
                  0021d040    00000008     driverlib_cm.lib : ethernet.obj (.text:Ethernet_setMACPacketFilter)
                  0021d048    00000008     rtsv7M4_T_le_eabi.lib : errno.c.obj (.text:__aeabi_errno_addr)
                  0021d050    00000008     lwiplib.obj (.text:icmp_dest_unreach)
                  0021d058    00000008     rtsv7M4_T_le_eabi.lib : memory.c.obj (.text:malloc)
                  0021d060    00000008     Drv_I2C_RTC.obj (.text:rtc_init)
                  0021d068    00000008     lwiplib.obj (.text:sys_arch_unprotect)
                  0021d070    00000008     lwiplib.obj (.text:tcp_err)
                  0021d078    00000008     lwiplib.obj (.text:tcp_free)
                  0021d080    00000008     lwiplib.obj (.text:tcp_free_listen)
                  0021d088    00000008     lwiplib.obj (.text:tcp_recv)
                  0021d090    00000008     lwiplib.obj (.text:udp_recv)
                  0021d098    00000006     main.obj (.text:SysTickIntHandler)
                  0021d09e    00000002     --HOLE-- [fill = 0]
                  0021d0a0    00000006     Drv_I2CA.obj (.text:i2c_Delay)
                  0021d0a6    00000002     --HOLE-- [fill = 0]
                  0021d0a8    00000006     lwiplib.obj (.text:netif_null_output_ip4)
                  0021d0ae    00000002     --HOLE-- [fill = 0]
                  0021d0b0    00000006     lwiplib.obj (.text:pbuf_add_header)
                  0021d0b6    00000002     --HOLE-- [fill = 0]
                  0021d0b8    00000006     lwiplib.obj (.text:pbuf_header_force)
                  0021d0be    00000002     --HOLE-- [fill = 0]
                  0021d0c0    00000006     lwiplib.obj (.text:tcp_abort)
                  0021d0c6    00000002     --HOLE-- [fill = 0]
                  0021d0c8    00000006     lwiplib.obj (.text:tcp_listen_with_backlog)
                  0021d0ce    00000002     --HOLE-- [fill = 0]
                  0021d0d0    00000006     lwiplib.obj (.text:tcp_new)
                  0021d0d6    00000002     --HOLE-- [fill = 0]
                  0021d0d8    00000004     lwiplib.obj (.text:netif_loop_output_ipv4)
                  0021d0dc    00000004     --HOLE-- [fill = 0]
                  0021d0e0    00000002     startup_ccs.obj (.text:FaultISR)
                  0021d0e2    00000006     --HOLE-- [fill = 0]
                  0021d0e8    00000002     startup_ccs.obj (.text:IntDefaultHandler)
                  0021d0ea    00000006     --HOLE-- [fill = 0]
                  0021d0f0    00000002     startup_ccs.obj (.text:NmiSR)
                  0021d0f2    00000006     --HOLE-- [fill = 0]
                  0021d0f8    00000002     ptp_slave_sync.obj (.text:ptp_slave_run)
                  0021d0fa    00000006     --HOLE-- [fill = 0]
                  0021d100    00000002     ModbusTcp.obj (.text:tcp_error_cb)
                  0021d102    00000002     --HOLE-- [fill = 0]
                  0021d104    00000008     driverlib_cm.lib : flash.obj (.tramp.Flash_initModule.1)
                  0021d10c    00000008                      : sysctl.obj (.tramp.SysCtl_delay.1)

MODULE SUMMARY

       Module                       code    ro data   rw data
       ------                       ----    -------   -------
    .\Driver\
       Eth_mii.obj                  1056    0         3120   
       f2838xif.obj                 684     0         116    
       Drv_I2C_RTC.obj              634     0         14     
       Drv_Timer.obj                500     0         34     
       Drv_I2CA.obj                 382     0         1      
       Drv_I2C_EE.obj               340     0         0      
       Drv_LED.obj                  28      0         0      
    +--+----------------------------+-------+---------+---------+
       Total:                       3624    0         3285   
                                                             
    .\Driver\W5500\
       w5500_conf.obj               668     0         46     
       w5500.obj                    658     0         48     
       socket.obj                   506     0         0      
       utility.obj                  22      0         0      
    +--+----------------------------+-------+---------+---------+
       Total:                       1854    0         94     
                                                             
    .\Driver\device\
       cm.obj                       218     0         0      
    +--+----------------------------+-------+---------+---------+
       Total:                       218     0         0      
                                                             
    .\lib\utils\
       lwiplib.obj                  21374   456       46298  
    +--+----------------------------+-------+---------+---------+
       Total:                       21374   456       46298  
                                                             
    .\src\
       ModbusRtu.obj                616     2048      844    
       modbus_Param.obj             2618    0         420    
       bsp.obj                      932     0         1298   
       ModbusTcp.obj                1098    0         1037   
       ptp_slave_sync.obj           1674    0         460    
       ptp_master_sync.obj          878     0         364    
       ipc_cm.obj                   348     0         597    
       main.obj                     342     0         4      
       startup_ccs.obj              12      320       0      
       obj_debug.obj                284     0         4      
    +--+----------------------------+-------+---------+---------+
       Total:                       8802    2368      5028   
                                                             
    ../Driver/device/driverlib_cm.lib
       ethernet.obj                 4960    0         1280   
       ipc.obj                      156     272       1088   
       interrupt.obj                408     0         320    
       flash.obj                    244     0         0      
       sysctl.obj                   116     0         0      
       cputimer.obj                 14      0         0      
       platform_port.obj            12      0         0      
    +--+----------------------------+-------+---------+---------+
       Total:                       5910    272       2688   
                                                             
    C:\ti\ccs1280\ccs\tools\compiler\ti-cgt-arm_20.2.7.LTS\lib\rtsv7M4_T_le_eabi.lib
       _printfi.c.obj               4835    0         0      
       memory.c.obj                 672     0         8      
       ctype.c.obj                  0       514       0      
       fd_add_t2.asm.obj            438     0         0      
       defs.c.obj                   0       0         416    
       trgmsg.c.obj                 108     0         288    
       fd_div_t2.asm.obj            310     0         0      
       fputs.c.obj                  276     0         0      
       fd_cmp_t2.asm.obj            268     0         0      
       fd_mul_t2.asm.obj            252     0         0      
       fs_add_t2.asm.obj            250     0         0      
       setvbuf.c.obj                220     0         0      
       s_scalbn.c.obj               208     0         0      
       host_device.c.obj            0       0         200    
       memcpy_t2.asm.obj            156     0         0      
       ull_div_t2.asm.obj           150     0         0      
       fs_div_t2.asm.obj            146     0         0      
       fputc.c.obj                  140     0         0      
       fs_mul_t2.asm.obj            122     0         0      
       memset_t2.asm.obj            122     0         0      
       fclose.c.obj                 116     0         0      
       getdevice.c.obj              116     0         0      
       printf.c.obj                 112     0         0      
       hostrename.c.obj             108     0         0      
       copy_decompress_lzss.c.obj   104     0         0      
       hostlseek.c.obj              104     0         0      
       hostopen.c.obj               96      0         8      
       fseek.c.obj                  100     0         0      
       _io_perm.c.obj               98      0         0      
       s_frexp.c.obj                92      0         0      
       exit.c.obj                   76      0         12     
       hostread.c.obj               88      0         0      
       hostwrite.c.obj              88      0         0      
       _ltoa.c.obj                  84      0         0      
       atoi.c.obj                   76      0         0      
       fflush.c.obj                 76      0         0      
       fd_toi_t2.asm.obj            72      0         0      
       autoinit.c.obj               68      0         0      
       hostclose.c.obj              68      0         0      
       hostunlink.c.obj             68      0         0      
       fs_toi_t2.asm.obj            56      0         0      
       rand.c.obj                   52      0         4      
       strncpy.c.obj                54      0         0      
       fopen.c.obj                  52      0         0      
       fs_tou_t2.asm.obj            52      0         0      
       i_tofd_t2.asm.obj            46      0         0      
       unlink.c.obj                 44      0         0      
       lseek.c.obj                  40      0         0      
       write.c.obj                  40      0         0      
       boot_cortex_m.c.obj          36      0         0      
       memcmp.c.obj                 36      0         0      
       u_tofs_t2.asm.obj            36      0         0      
       memchr.c.obj                 32      0         0      
       memccpy.c.obj                28      0         0      
       strcmp.c.obj                 24      0         0      
       strchr.c.obj                 22      0         0      
       strcpy.c.obj                 20      0         0      
       strlen.c.obj                 20      0         0      
       wcslen.c.obj                 18      0         0      
       copy_decompress_none.c.obj   14      0         0      
       copy_zero_init.c.obj         12      0         0      
       errno.c.obj                  8       0         4      
       s_copysign.c.obj             12      0         0      
       _lock.c.obj                  2       0         8      
       pre_init.c.obj               4       0         0      
[...]
0021b171  IINCHIP_SpiSendData                       
0021b2f1  tcp_send_empty_ack                        
0021b331  udp_sendto_if                             
0021b3b1  wiz_read_buf                              
0021b3f1  Lwip_TcpServerInit                        
0021b3f1  MbTcp1_Init                               
0021b471  ModbusRtu1_Poll                           
0021b4b1  ModbusRtu2_Poll                           
0021b4f1  f2838xif_init                             
0021b629  __TI_writemsg                             
0021b657  C$$IO$$                                   
0021b699  ipc_init                                  
0021b741  __aeabi_f2iz                              
0021b779  tcp_recved                                
0021b7b1  f2838xif_interrupt                        
0021b7e9  listen                                    
0021b821  pbuf_remove_header                        
0021b857  strncpy                                   
0021b88d  IPC_sendCommand                           
0021b8c1  Interrupt_registerHandler                 
0021b8f5  SysCtl_resetPeripheral                    
0021b929  __TI_cleanup                              
0021b95d  __TI_readmsg                              
0021ba01  pbuf_free_ooseq                           
0021ba35  rand                                      
0021ba69  __aeabi_f2uiz                             
0021bad9  tcp_timer_needed                          
0021bb11  IINCHIP_WRITE                             
0021bb49  ip4_addr_isbroadcast_u32                  
0021bbb9  IINCHIP_READ                              
0021bc19  ModbusTcp1_Poll                           
0021bc49  ModbusTcp2_Poll                           
0021bc79  finddevice                                
0021bca9  i2cA_Stop                                 
0021bcd9  i2cA_WaitAck                              
0021bd09  inet_chksum_pseudo                        
0021bd09  ip_chksum_pseudo                          
0021bd39  lwIPInit                                  
0021bd99  tcp_recv_null                             
0021bdc9  tcp_update_rcv_ann_wnd                    
0021bdf9  udp_netif_ip_addr_changed                 
0021be29  Ethernet_updateSysTimePTP                 
0021be59  recv                                      
0021be87  __aeabi_i2d                               
0021beb9  tcp_keepalive                             
0021bee9  Cm_Fault_Reset                            
0021bf15  SysCtl_enablePeripheral                   
0021bf41  i2cA_Start                                
0021bfa1  memp_init_pool                            
0021bfd1  pbuf_cat                                  
0021c031  udpDebug_Init                             
0021c05d  remove                                    
0021c05d  unlink                                    
0021c0d9  lseek                                     
0021c101  memp_init                                 
0021c129  netif_get_by_index                        
0021c1c9  write                                     
0021c1f1  Ethernet_selectTargetInterruptOrPulsePPS  
0021c219  close                                     
0021c241  pbuf_alloc_reference                      
0021c267  Ethernet_setFixedModePPS                  
0021c28d  IPC_registerInterrupt                     
0021c2fd  _c_int00_noargs                           
0021c399  i2cA_Ack                                  
0021c3c1  i2cA_NAck                                 
0021c3e9  lwIPEthernetIntHandler                    
0021c40d  memcmp                                    
0021c455  __aeabi_ui2f                              
0021c479  tcp_seg_copy                              
0021c4a1  w5500_init                                
0021c4c5  Ethernet_enableSysTimePTP                 
0021c4e9  tcp_eff_send_mss_netif                    
0021c559  ip4_output_if                             
0021c579  memchr                                    
0021c599  pbuf_clone                                
0021c5b9  reset_w5500                               
0021c5d9  tcp_close                                 
0021c5f9  tcp_tmr                                   
0021c619  Ethernet_enableMACRxQ                     
0021c639  Ethernet_releaseTxPacketBufferCustom      
0021c657  Ethernet_setSysTimePTP                    
0021c6b3  Ethernet_setMACAddr                       
0021c6cf  Ethernet_setMTLTxQueueOpMode              
0021c6f1  bsp_init                                  
0021c711  disconnect                                
0021c749  gpio_for_w5500_config                     
0021c769  lwip_init                                 
0021c785  memccpy                                   
0021c7c1  udp_new                                   
0021c7dd  Ethernet_configureEEEClockGatingControl   
0021c7f7  Ethernet_getOneStepTransmitTimestampPTP   
0021c831  lwip_htonl                                
0021c851  netif_set_link_up                         
0021c871  netif_set_up                              
0021c891  upDataHoldingCBReg                        
0021c8ab  Ethernet_getSysTimePTP                    
0021c8c5  Ethernet_isTimestampIntActive             
0021c8dd  Ethernet_isTransmitTimestampStatusSet     
0021c911  memp_free                                 
0021c929  memp_malloc                               
0021c971  strcmp                                    
0021c9a1  sys_timeouts_init                         
0021c9b9  tcp_init                                  
0021c9d1  tcp_next_iss                              
0021ca01  tcp_seg_free                              
0021ca19  udp_init                                  
0021ca31  Ethernet_getMACAddr                       
0021ca47  Ethernet_setMTLRxQueueOpMode              
0021ca79  delay_ms                                  
0021ca91  pbuf_ref                                  
0021caa7  strchr                                    
0021cac1  Drv_Timer_usDelay                         
0021cad5  Ethernet_disableRxDMAReception            
0021cae9  Ethernet_enableRxDMAReception             
0021cafd  Ethernet_setRxDescRingLength              
0021cb11  Ethernet_setTxDescRingLength              
0021cb71  pbuf_clen                                 
0021cb85  strcpy                                    
0021cb99  strlen                                    
0021cbb1  tcp_segs_free                             
0021cbc9  udp_disconnect                            
0021cbdd  Ethernet_disableDmaInterrupt              
0021cbef  Ethernet_enableDmaInterrupt               
0021cc19  tcp_free_ooseq                            
0021cc31  tcp_rexmit_rto                            
0021cc49  tcp_rexmit_rto_commit                     
0021cc8b  wcslen                                    
0021cca1  Drv_I2CA_Init                             
0021ccb1  Drv_Led_Init                              
0021ccb1  Drv_Led_Off                               
0021ccc1  Ethernet_configureMDIO                    
0021ccd1  Ethernet_enableMTLInterrupt               
0021cce1  Ethernet_getRxERICount                    
0021ccf1  Ethernet_resetModule                      
0021cd01  sys_arch_protect                          
0021cd21  cpuTimer1ISR                              
0021cd41  lwIPHostTimerHandler                      
0021cd51  lwIPTimer                                 
0021cd71  pbuf_chain                                
0021cdb1  sys_timeout                               
0021cdd1  tcp_trigger_input_pcb_close               
0021cde1  iinchip_cs_low                            
0021cdf1  iinchip_cs_high                           
0021ce01  CPUTimer_setEmulationMode                 
0021ce0f  Ethernet_disableTxEEEMode                 
0021ce1d  Ethernet_setPeriodPPS                     
0021ce2b  __TI_decompress_none                      
0021ce59  Drv_Led_toggle                            
0021ce65  Ethernet_clearDMAChannelInterrupt         
0021ce71  Ethernet_configureRevMIIAddress           
0021ce7d  Ethernet_setMTLOpmode                     
0021ce89  Ethernet_writeRxDescListAddress           
0021ce95  Ethernet_writeRxDescTailPointer           
0021cea1  Ethernet_writeTxDescListAddress           
0021cead  Ethernet_writeTxDescTailPointer           
0021ceb9  copysign                                  
0021ceb9  copysignl                                 
0021cec5  __TI_zero_init                            
0021ced1  etharp_request                            
0021cee1  getGAR                                    
0021cef1  getIINCHIP_TxMAX                          
0021cf01  getSIPR                                   
0021cf11  getSUBR                                   
0021cf21  inet_chksum                               
0021cf31  lwip_htons                                
0021cf41  netif_set_default                         
0021cf51  setGAR                                    
0021cf61  setSHAR                                   
0021cf71  setSIPR                                   
0021cf81  setSUBR                                   
0021cf91  sys_now                                   
0021cfa1  tcp_accept                                
0021cfb1  Ethernet_clearMACConfigurationCustom      
0021cfbb  Ethernet_getPHYMode                       
0021cfd9  getSn_IR                                  
0021cfe9  getSn_SR                                  
0021cff9  setSn_IR                                  
0021d009  tcp_poll                                  
0021d019  BEBufToUint16                             
0021d021  Ethernet_configurePHYAddress              
0021d029  Ethernet_setDMAMode                       
0021d031  Ethernet_setMACConfiguration              
0021d039  Ethernet_setMACConfigurationCustom        
0021d041  Ethernet_setMACPacketFilter               
0021d049  __aeabi_errno_addr                        
0021d051  icmp_dest_unreach                         
0021d059  malloc                                    
0021d061  rtc_init                                  
0021d069  sys_arch_unprotect                        
0021d071  tcp_err                                   
0021d079  tcp_free                                  
0021d089  tcp_recv                                  
0021d091  udp_recv                                  
0021d099  SysTickIntHandler                         
0021d0b1  pbuf_add_header                           
0021d0b9  pbuf_header_force                         
0021d0c1  tcp_abort                                 
0021d0c9  tcp_listen_with_backlog                   
0021d0d1  tcp_new                                   
0021d0f9  ptp_slave_run                             
1fffc000  __stack                                   
1fffc800  __STACK_END                               
20000800  __start___llvm_prf_cnts                   
20000800  __stop___llvm_prf_cnts                    
20000800  memp_memory_PBUF_POOL_base                
20009f84  ram_heap                                  
2000af98  Ethernet_rxBuffer                         
2000bb9c  memp_memory_TCP_PCB_base                  
2000c080  Ethernet_device_struct                    
2000c2dc  Ethernet_descArray                        
2000c4dc  Mod1_RxBuf                                
2000c680  Mod2_RxBuf                                
2000c824  __CIOBUF_                                 
2000c944  memp_memory_PBUF_base                     
2000ca48  memp_memory_TCP_SEG_base                  
2000cb4c  memp_memory_UDP_PCB_base                  
2000cc50  memp_memory_ARP_QUEUE_base                
2000ce34  memp_memory_TCP_PCB_LISTEN_base           
2000cf18  CmIpc_cm2cpu                              
2000cfd6  MbTcp1_RxCnt                              
2000cfd8  lwip_stats                                
2000d094  __TI_tmpnams                              
2000d134  CmIpc_cpu2cm                              
2000d1ca  status_RegHoldingBuf_w                    
2000d242  Mod1_RxCnt                                
2000d318  debug_RegHoldingBuf_w                     
2000d37c  param_RegHoldingBuf_w                     
2000d3e0  ipcRx_DebugData                           
2000d4c0  Ethernet_pktDescriptorRX                  
2000d580  control_RegHoldingBuf_w                   
2000d5bc  fault_RegHoldingBuf_w                     
2000d5e4  memp_memory_SYS_TIMEOUT_base              
2000d628  ConfigMsg                                 
2000d644  ip_data                                   
2000d65c  CmLocalParam                              
2000d680  Str_RtcTime                               
2000d6de  Mod2_RxCnt                                
2000d6e0  debug_delayMS                             
2000d6e8  debug_delaySM                             
2000d6f0  debug_meanPathDelay                       
2000d6f8  debug_t1                                  
2000d700  debug_t2                                  
2000d708  debug_t3                                  
2000d710  debug_t4                                  
2000d718  parmbuf                                   
2000d720  emac_handle                               
2000d724  g_upcb                                    
2000d728  lwipMb_pcb                                
2000d72c  netif_default                             
2000d730  netif_list                                
2000d734  pInitCfg                                  
2000d738  pktCounter                                
2000d73c  tcp_active_pcbs                           
2000d740  tcp_bound_pcbs                            
2000d744  tcp_input_pcb                             
2000d748  tcp_listen_pcbs                           
2000d74c  tcp_ticks                                 
2000d750  tcp_tw_pcbs                               
2000d754  udp_pcbs                                  
2000d758  m_st_TimerFlag                            
2000d75a  mb2_TimeOut                               
2000d75c  mb2_ConStatus                             
2000d75d  pbuf_free_ooseq_pending                   
2000d75e  tcp_active_pcbs_changed                   
2000d760  store_param                               
2000db00  MbTcp1_RxBuf                              
2000dd00  MbTcp2_RxBuf                              
2000df00  _ftable                                   
2000e180  _device                                   
2000e268  Ethernet_numTxPktFreeCallback             
2000e26c  Ethernet_numRxCallback                    
2000e270  Ethernet_numGetPacketBufferCallback       
2000e274  Ethernet_txInterruptCount                 
2000e278  Ethernet_rxInterruptCount                 
2000e27c  Ethernet_rxContextTimeStamp               
2000e280  Ethernet_genericInterruptCount            
2000e284  Ethernet_earlyRxInterruptCount            
2000e288  Ethernet_earlyTxInterruptCount            
2000e28c  Ethernet_genericRxCompletionInterruptCount
2000e290  Ethernet_phyLinkStatusChangeInterruptCount
2000e294  Ethernet_rxReplacementFailedCount         
2000e298  Ethernet_eeeTxLPIEntryCount               
2000e29c  Ethernet_eeeTxLPIExitCount                
2000e2a0  Ethernet_eeeRxLPIEntryCount               
2000e2a4  Ethernet_eeeRxLPIExitCount                
2000e2a8  Ethernet_pmtInterruptCount                
2000e2ac  Ethernet_magicPktReceivedCount            
2000e2b0  Ethernet_rwakeupPktReceivedCount          
2000e2b4  Ethernet_txChan0BufUnavail                
2000e2b8  Ethernet_rxChan0BufUnavail                
2000e2bc  Ethernet_txChan1BufUnavail                
2000e2c0  Ethernet_rxChan1BufUnavail                
2000e318  _stream                                   
2000e368  Ethernet_numRxCallbackCustom              
2000e36c  releaseTxCount                            
2000e370  genericISRCustomcount                     
2000e374  genericISRCustomRBUcount                  
2000e378  genericISRCustomROVcount                  
2000e37c  genericISRCustomRIcount                   
2000e380  sendPacketFailedCount                     
2000e384  cnt_ms_lwip_Htimer                        
2000e388  cnt_ms_TX_Htimer                          
2000e390  g_ui32LocalTimer                          
2000e3b0  debug_tx_callback_cnt                     
2000e3b4  debug_delayreq_tx_cnt                     
2000e3b8  debug_delayresp_rx_cnt                    
2000e3bc  debug_last_msg_type                       
2000e3be  debug_delayreq_seqid                      
2000e3c0  RSIZE                                     
2000e3d0  SSIZE                                     
2000e3e0  mem_alloc_count                           
2000e3e4  mem_free_count                            
2000e3e8  process_transmit_count                    
2000e3ec  descriptorFreeErr                         
2000e3f0  __TI_ft_end                               
2000e3f4  __aeabi_stdin                             
2000e3f8  __aeabi_stdout                            
2000e3fc  __aeabi_stderr                            
2000e400  __TI_cleanup_ptr                          
2000e404  __TI_dtors_ptr                            
2000e408  __TI_enable_exit_profile_output           
2000e40c  i8_IntCnt                                 
2000e416  local_port                                
2000e418  _lock                                     
2000e41c  _unlock                                   
2000e430  rxsize                                    
2000e438  txsize                                    
2000e440  cpuIpc_flag                               
2000e442  IpcCpu2Cm_ErrCnt                          
2000e444  flag_ipcRx                                
2000e445  I2CA_Busy                                 
2000e446  mb1_TimeOut                               
2000e448  MbTcp2_RxCnt                              
2000e44a  dns_server                                
2000e44e  gateway                                   
2000e452  local_ip                                  
2000e458  systickPeriodValue                        
2000e45c  errno                                     
2000e464  subnet                                    
2000e468  constRunStart                             
2000e668  s_CRCLo                                   
2000e868  _ctypes_                                  
2000e96c  IPC_Instance                              
2000e9f4  memp_pools                                
2000ea14  lwip_cyclic_timers                        
2000ea24  memp_ARP_QUEUE                            
2000ea34  memp_PBUF                                 
2000ea44  memp_PBUF_POOL                            
2000ea54  memp_SYS_TIMEOUT                          
2000ea64  memp_TCP_PCB                              
2000ea74  memp_TCP_PCB_LISTEN                       
2000ea84  memp_TCP_SEG                              
2000ea94  memp_UDP_PCB                              
2000eaa4  tcp_pcb_lists                             
2000eac8  ethbroadcast                              
2000eace  ethzero                                   
2000ead4  ip_addr_any                               
2000ead8  RamfuncsRunStart                          
2000ead8  constRunEnd                               
2000ead9  Flash_initModule                          
2000eb4f  SysCtl_delay                              
2000eb54  RamfuncsRunEnd                            
2000eb58  _sys_memory                               
2000ec00  vectorTableRAM                            
20080000  IPC_CM_To_CPU1_GetBuffer                  
20082000  pDatCmtoCpu1                              
20082200  IPC_CM_To_CPU1_PutBuffer                  
20084000  IPC_CM_To_CPU2_GetBuffer                  
20086000  IPC_CM_To_CPU2_PutBuffer                  
ffffffff  __TI_pprof_out_hndl                       
ffffffff  __TI_prof_data_size                       
ffffffff  __TI_prof_data_start                      
ffffffff  __binit__                                 
ffffffff  __c_args__                                
ffffffff  binit                                     
UNDEFED   __mpu_init                                
UNDEFED   _system_post_cinit                        

[579 symbols]
