******************************************************************************
                  TI ARM Linker PC v20.2.7                     
******************************************************************************
>> Linked Mon Apr 27 15:56:57 2026

OUTPUT FILE NAME:   <PCS150KW_c28x_cm_V4.0.out>
ENTRY POINT SYMBOL: "_c_int00_noargs"  address: 0021c2e5


MEMORY CONFIGURATION

         name            origin    length      used     unused   attr    fill
----------------------  --------  ---------  --------  --------  ----  --------
  CMBANK0_RESETISR      00200000   00000008  00000006  00000002  RWIX
  CMBANK0_SECTOR0       00200008   00003ff7  00000b8c  0000346b  RWIX
  CMBANK0_SECTOR1       00204000   00004000  00000000  00004000  RWIX
  CMBANK0_SECTOR2       00208000   00004000  00000000  00004000  RWIX
  CMBANK0_SECTOR3       0020c000   00004000  00000000  00004000  RWIX
  CMBANK0_SECTOR4       00210000   00010000  0000d0fc  00002f04  RWIX
  CMBANK0_SECTOR5       00220000   00010000  00000000  00010000  RWIX
  CMBANK0_SECTOR6       00230000   00010000  00000000  00010000  RWIX
  CMBANK0_SECTOR7       00240000   00010000  00000000  00010000  RWIX
  CMBANK0_SECTOR8       00250000   00010000  00000000  00010000  RWIX
  CMBANK0_SECTOR9       00260000   00010000  00000000  00010000  RWIX
  CMBANK0_SECTOR10      00270000   00004000  00000000  00004000  RWIX
  CMBANK0_SECTOR11      00274000   00004000  00000000  00004000  RWIX
  CMBANK0_SECTOR12      00278000   00004000  00000000  00004000  RWIX
  CMBANK0_SECTOR13      0027c000   00004000  00000000  00004000  RWIX
  C1RAM                 1fffc000   00001fff  00000800  000017ff  RWIX
  C0RAM                 1fffe000   00001fff  00000000  00001fff  RWIX
  BOOT_RSVD             20000000   00000800  00000000  00000800  RWIX
  SRAM                  20000800   0000f7ff  0000ec3b  00000bc4  RWIX
  E0RAM                 20010000   00003fff  00000000  00003fff  RWIX
  CPU1TOCMMSGRAM0       20080000   00000800  00000110  000006f0  RWIX
  CPU1TOCMMSGRAM1       20080800   00000800  00000000  00000800  RWIX
  CMTOCPU1MSGRAM0       20082000   00000800  00000310  000004f0  RWIX
  CMTOCPU1MSGRAM1       20082800   00000800  00000000  00000800  RWIX
  CPU2TOCMMSGRAM0       20084000   00000800  00000110  000006f0  RWIX
  CPU2TOCMMSGRAM1       20084800   00000800  00000000  00000800  RWIX
  CMTOCPU2MSGRAM0       20086000   00000800  00000110  000006f0  RWIX
  CMTOCPU2MSGRAM1       20086800   00000800  00000000  00000800  RWIX


SEGMENT ALLOCATION MAP

run origin  load origin   length   init length attrs members
----------  ----------- ---------- ----------- ----- -------
00200000    00200000    00000006   00000006    r-x
  00200000    00200000    00000006   00000006    r-x .resetisr
00200800    00200800    000004a0   000004a0    r--
  00200800    00200800    00000140   00000140    r-- .vftable
  00200940    00200940    00000360   00000360    r-- .cinit
00210000    00210000    0000d0fc   0000d0fc    r-x
  00210000    00210000    0000d0fc   0000d0fc    r-x .text
1fffc000    1fffc000    00000800   00000000    rw-
  1fffc000    1fffc000    00000800   00000000    rw- .stack
20000800    20000800    0000e400   00000000    rw-
  20000800    20000800    0000d61f   00000000    rw- .bss
  2000de20    2000de20    00000de0   00000000    rw- .data
2000ec00    00200008    000006ec   000006ec    r-x
  2000ec00    00200008    00000670   00000670    r-- .const
  2000f270    00200678    0000007c   0000007c    r-x .TI.ramfunc
2000f2f0    2000f2f0    00000010   00000000    rw-
  2000f2f0    2000f2f0    00000010   00000000    rw- .sysmem
2000f400    2000f400    00000140   00000000    rw-
  2000f400    2000f400    00000140   00000000    rw- .vtable
20080000    20080000    00000110   00000000    rw-
  20080000    20080000    00000110   00000000    rw- MSGRAM_CPU1_TO_CM
20082000    20082000    00000310   00000000    rw-
  20082000    20082000    00000310   00000000    rw- MSGRAM_CM_TO_CPU1
20084000    20084000    00000110   00000000    rw-
  20084000    20084000    00000110   00000000    rw- MSGRAM_CPU2_TO_CM
20086000    20086000    00000110   00000000    rw-
  20086000    20086000    00000110   00000000    rw- MSGRAM_CM_TO_CPU2


SECTION ALLOCATION MAP

 output                                  attributes/
section   page    origin      length       input sections
--------  ----  ----------  ----------   ----------------
.resetisr 
*          0    00200000    00000006     
                  00200000    00000006     startup_ccs.obj (.resetisr:ResetISR)

.const     0    00200008    00000670     RUN ADDR = 2000ec00
                  00200008    00000200     ModbusRtu.obj (.const:s_CRCHi)
                  00200208    00000200     ModbusRtu.obj (.const:s_CRCLo)
                  00200408    00000101     rtsv7M4_T_le_eabi.lib : ctype.c.obj (.const:.string:_ctypes_)
                  00200509    00000003     --HOLE-- [fill = 0]
                  0020050c    00000088     driverlib_cm.lib : ipc.obj (.const:IPC_Instance)
                  00200594    00000020     lwiplib.obj (.const:memp_pools)
                  002005b4    00000010     lwiplib.obj (.const:lwip_cyclic_timers)
                  002005c4    00000010     lwiplib.obj (.const:memp_ARP_QUEUE)
                  002005d4    00000010     lwiplib.obj (.const:memp_PBUF)
                  002005e4    00000010     lwiplib.obj (.const:memp_PBUF_POOL)
                  002005f4    00000010     lwiplib.obj (.const:memp_SYS_TIMEOUT)
                  00200604    00000010     lwiplib.obj (.const:memp_TCP_PCB)
                  00200614    00000010     lwiplib.obj (.const:memp_TCP_PCB_LISTEN)
                  00200624    00000010     lwiplib.obj (.const:memp_TCP_SEG)
                  00200634    00000010     lwiplib.obj (.const:memp_UDP_PCB)
                  00200644    00000010     lwiplib.obj (.const:tcp_pcb_lists)
                  00200654    0000000d     lwiplib.obj (.const:.string:tcp_backoff)
                  00200661    00000007     lwiplib.obj (.const:.string:tcp_persist_backoff)
                  00200668    00000006     lwiplib.obj (.const:ethbroadcast)
                  0020066e    00000006     lwiplib.obj (.const:ethzero)
                  00200674    00000004     lwiplib.obj (.const:ip_addr_any)

.TI.ramfunc 
*          0    00200678    0000007c     RUN ADDR = 2000f270
                  00200678    00000076     driverlib_cm.lib : flash.obj (.TI.ramfunc:Flash_initModule)
                  002006ee    00000006                      : sysctl.obj (.TI.ramfunc)

.vftable   0    00200800    00000140     
                  00200800    00000140     startup_ccs.obj (.vftable)

.cinit     0    00200940    00000360     
                  00200940    00000329     (.cinit..data.load) [load image, compression = lzss]
                  00200c69    00000003     --HOLE-- [fill = 0]
                  00200c6c    0000000c     (__TI_handler_table)
                  00200c78    00000008     (.cinit..bss.load) [load image, compression = zero_init]
                  00200c80    00000008     (.cinit..vtable.load) [load image, compression = zero_init]
                  00200c88    00000018     (__TI_cinit_table)

.stack     0    1fffc000    00000800     UNINITIALIZED
                  1fffc000    00000004     rtsv7M4_T_le_eabi.lib : boot_cortex_m.c.obj (.stack)
                  1fffc004    000007fc     --HOLE--

.bss       0    20000800    0000d61f     UNINITIALIZED
                  20000800    00009784     (.common:memp_memory_PBUF_POOL_base)
                  20009f84    00001014     (.common:ram_heap)
                  2000af98    00000c04     (.common:Ethernet_rxBuffer)
                  2000bb9c    000006c0     (.common:pktDescriptorRXCustom)
                  2000c25c    000004e4     (.common:memp_memory_TCP_PCB_base)
                  2000c740    0000025c     (.common:Ethernet_device_struct)
                  2000c99c    00000200     (.common:Ethernet_descArray)
                  2000cb9c    000001a4     (.common:Mod1_RxBuf)
                  2000cd40    000001a4     (.common:Mod2_RxBuf)
                  2000cee4    00000120     rtsv7M4_T_le_eabi.lib : trgmsg.c.obj (.bss:_CIOBUF_)
                  2000d004    00000104     (.common:memp_memory_PBUF_base)
                  2000d108    00000104     (.common:memp_memory_TCP_SEG_base)
                  2000d20c    00000104     (.common:memp_memory_UDP_PCB_base)
                  2000d310    000000f4     (.common:memp_memory_ARP_QUEUE_base)
                  2000d404    000000f0     lwiplib.obj (.bss:arp_table)
                  2000d4f4    000000e4     (.common:memp_memory_TCP_PCB_LISTEN_base)
                  2000d5d8    000000be     (.common:CmIpc_cm2cpu)
                  2000d696    00000002     (.common:MbTcp1_RxCnt)
                  2000d698    000000bc     (.common:lwip_stats)
                  2000d754    000000a0     (.common:__TI_tmpnams)
                  2000d7f4    00000096     (.common:CmIpc_cpu2cm)
                  2000d88a    00000078     (.common:status_RegHoldingBuf_w)
                  2000d902    00000002     (.common:Mod1_RxCnt)
                  2000d904    00000070     lwiplib.obj (.bss)
                  2000d974    00000064     f2838xif.obj (.bss:f2838xif_data)
                  2000d9d8    00000064     (.common:debug_RegHoldingBuf_w)
                  2000da3c    00000064     (.common:param_RegHoldingBuf_w)
                  2000daa0    00000050     (.common:ipcRx_DebugData)
                  2000daf0    00000048     ptp_slave_sync.obj (.bss:gPktDesc)
                  2000db38    00000048     ptp_master_sync.obj (.bss:gRespPktDesc)
                  2000db80    00000048     ptp_master_sync.obj (.bss:gSyncPktDesc)
                  2000dbc8    0000003c     lwiplib.obj (.bss:g_sNetIF)
                  2000dc04    0000003c     lwiplib.obj (.bss:loop_netif)
                  2000dc40    0000003c     (.common:control_RegHoldingBuf_w)
                  2000dc7c    00000028     (.common:fault_RegHoldingBuf_w)
                  2000dca4    00000024     (.common:memp_memory_SYS_TIMEOUT_base)
                  2000dcc8    00000020     Drv_Timer.obj (.bss)
                  2000dce8    0000001c     (.common:ConfigMsg)
                  2000dd04    00000018     (.common:ip_data)
                  2000dd1c    00000014     (.common:CmLocalParam)
                  2000dd30    00000010     lwiplib.obj (.bss:inseg)
                  2000dd40    0000000e     (.common:Str_RtcTime)
                  2000dd4e    0000000a     lwiplib.obj (.bss:memp_stats_ARP_QUEUE)
                  2000dd58    0000000a     lwiplib.obj (.bss:memp_stats_PBUF)
                  2000dd62    0000000a     lwiplib.obj (.bss:memp_stats_PBUF_POOL)
                  2000dd6c    0000000a     lwiplib.obj (.bss:memp_stats_SYS_TIMEOUT)
                  2000dd76    0000000a     lwiplib.obj (.bss:memp_stats_TCP_PCB)
                  2000dd80    0000000a     lwiplib.obj (.bss:memp_stats_TCP_PCB_LISTEN)
                  2000dd8a    0000000a     lwiplib.obj (.bss:memp_stats_TCP_SEG)
                  2000dd94    0000000a     lwiplib.obj (.bss:memp_stats_UDP_PCB)
                  2000dd9e    00000002     (.common:Mod2_RxCnt)
                  2000dda0    00000008     (.common:debug_delayMS)
                  2000dda8    00000008     (.common:debug_delaySM)
                  2000ddb0    00000008     (.common:debug_meanPathDelay)
                  2000ddb8    00000008     (.common:debug_t1)
                  2000ddc0    00000008     (.common:debug_t2)
                  2000ddc8    00000008     (.common:debug_t3)
                  2000ddd0    00000008     (.common:debug_t4)
                  2000ddd8    00000008     (.common:parmbuf)
                  2000dde0    00000004     (.common:emac_handle)
                  2000dde4    00000004     (.common:g_upcb)
                  2000dde8    00000004     (.common:lwipMb_pcb)
                  2000ddec    00000004     (.common:netif_default)
                  2000ddf0    00000004     (.common:netif_list)
                  2000ddf4    00000004     (.common:pInitCfg)
                  2000ddf8    00000004     (.common:pktCounter)
                  2000ddfc    00000004     (.common:tcp_active_pcbs)
                  2000de00    00000004     (.common:tcp_bound_pcbs)
                  2000de04    00000004     (.common:tcp_input_pcb)
                  2000de08    00000004     (.common:tcp_listen_pcbs)
                  2000de0c    00000004     (.common:tcp_ticks)
                  2000de10    00000004     (.common:tcp_tw_pcbs)
                  2000de14    00000004     (.common:udp_pcbs)
                  2000de18    00000002     (.common:m_st_TimerFlag)
                  2000de1a    00000002     (.common:mb2_TimeOut)
                  2000de1c    00000001     (.common:mb2_ConStatus)
                  2000de1d    00000001     (.common:pbuf_free_ooseq_pending)
                  2000de1e    00000001     (.common:tcp_active_pcbs_changed)

.vtable    0    2000f400    00000140     UNINITIALIZED
                  2000f400    00000140     driverlib_cm.lib : interrupt.obj (.vtable)

.sysmem    0    2000f2f0    00000010     UNINITIALIZED
                  2000f2f0    00000010     rtsv7M4_T_le_eabi.lib : memory.c.obj (.sysmem)

.data      0    2000de20    00000de0     UNINITIALIZED
                  2000de20    000003a0     bsp.obj (.data:store_param)
                  2000e1c0    00000200     ModbusTcp.obj (.data:MbTcp1_RxBuf)
                  2000e3c0    00000200     ModbusTcp.obj (.data:MbTcp2_RxBuf)
                  2000e5c0    000000f0     rtsv7M4_T_le_eabi.lib : defs.c.obj (.data:_ftable)
                  2000e6b0    000000c8     ptp_slave_sync.obj (.data:delayReqMsg)
                  2000e778    000000c8     ptp_master_sync.obj (.data:gRespMsgBuf)
                  2000e840    000000c8     ptp_master_sync.obj (.data:gSyncMsgBuf)
                  2000e908    00000078     rtsv7M4_T_le_eabi.lib : host_device.c.obj (.data:_device)
                  2000e980    00000070     ptp_slave_sync.obj (.data:gPtpSlaveState)
                  2000e9f0    0000005c     driverlib_cm.lib : ethernet.obj (.data)
                  2000ea4c    00000050     rtsv7M4_T_le_eabi.lib : host_device.c.obj (.data:_stream)
                  2000ea9c    00000048     ptp_master_sync.obj (.data:gPtpMasterState)
                  2000eae4    00000024     Eth_mii.obj (.data)
                  2000eb08    00000024     ptp_master_sync.obj (.data)
                  2000eb2c    00000020     lwiplib.obj (.data)
                  2000eb4c    00000014     ptp_slave_sync.obj (.data)
                  2000eb60    00000010     w5500.obj (.data:RSIZE)
                  2000eb70    00000010     w5500.obj (.data:SSIZE)
                  2000eb80    00000010     f2838xif.obj (.data)
                  2000eb90    00000010     rtsv7M4_T_le_eabi.lib : defs.c.obj (.data)
                  2000eba0    0000000c                           : exit.c.obj (.data:$O1$$)
                  2000ebac    0000000a     bsp.obj (.data)
                  2000ebb6    00000002     w5500_conf.obj (.data)
                  2000ebb8    00000008     rtsv7M4_T_le_eabi.lib : _lock.c.obj (.data:$O1$$)
                  2000ebc0    00000008                           : memory.c.obj (.data:$O1$$)
                  2000ebc8    00000008     w5500.obj (.data:rxsize)
                  2000ebd0    00000008     w5500.obj (.data:txsize)
                  2000ebd8    00000005     ipc_cm.obj (.data)
                  2000ebdd    00000001     Drv_I2CA.obj (.data)
                  2000ebde    00000004     ModbusTcp.obj (.data)
                  2000ebe2    00000004     w5500_conf.obj (.data:dns_server)
                  2000ebe6    00000004     w5500_conf.obj (.data:gateway)
                  2000ebea    00000004     w5500_conf.obj (.data:local_ip)
                  2000ebee    00000002     --HOLE--
                  2000ebf0    00000004     main.obj (.data)
                  2000ebf4    00000004     rtsv7M4_T_le_eabi.lib : errno.c.obj (.data)
                  2000ebf8    00000004                           : rand.c.obj (.data)
                  2000ebfc    00000004     w5500_conf.obj (.data:subnet)

MSGRAM_CPU1_TO_CM 
*          0    20080000    00000110     UNINITIALIZED
                  20080000    00000110     driverlib_cm.lib : ipc.obj (MSGRAM_CPU1_TO_CM)

MSGRAM_CM_TO_CPU1 
*          0    20082000    00000310     UNINITIALIZED
                  20082000    00000200     ipc_cm.obj (MSGRAM_CM_TO_CPU1)
                  20082200    00000110     driverlib_cm.lib : ipc.obj (MSGRAM_CM_TO_CPU1)

MSGRAM_CPU2_TO_CM 
*          0    20084000    00000110     UNINITIALIZED
                  20084000    00000110     driverlib_cm.lib : ipc.obj (MSGRAM_CPU2_TO_CM)

MSGRAM_CM_TO_CPU2 
*          0    20086000    00000110     UNINITIALIZED
                  20086000    00000110     driverlib_cm.lib : ipc.obj (MSGRAM_CM_TO_CPU2)

__llvm_prf_cnts 
*          0    20000800    00000000     UNINITIALIZED

.text      0    00210000    0000d0fc     
                  00210000    00000a4e     rtsv7M4_T_le_eabi.lib : _printfi.c.obj (.text:__TI_printfi)
                  00210a4e    00000002                           : _lock.c.obj (.text:_nop)
                  00210a50    00000720     lwiplib.obj (.text:tcp_receive)
                  00211170    0000059c     modbus_Param.obj (.text:Param_WriteDataHoldingReg)
                  0021170c    00000004     driverlib_cm.lib : ethernet.obj (.text:Ethernet_returnTopOfPacketQueue)
                  00211710    000004d4     lwiplib.obj (.text:tcp_input)
                  00211be4    00000004     rtsv7M4_T_le_eabi.lib : printf.c.obj (.text:_outc)
                  00211be8    00000448     lwiplib.obj (.text:tcp_process)
                  00212030    000003ac     driverlib_cm.lib : ethernet.obj (.text:Ethernet_genericISR)
                  002123dc    00000004     rtsv7M4_T_le_eabi.lib : printf.c.obj (.text:_outs)
                  002123e0    0000034c     lwiplib.obj (.text:tcp_write)
                  0021272c    00000004     rtsv7M4_T_le_eabi.lib : pre_init.c.obj (.text:_system_pre_init)
                  00212730    00000338     lwiplib.obj (.text:tcp_slowtmr)
                  00212a68    00000268     rtsv7M4_T_le_eabi.lib : _printfi.c.obj (.text:_pconv_a)
                  00212cd0    0000022c     driverlib_cm.lib : ethernet.obj (.text:Ethernet_addPacketsIntoTxQueue)
                  00212efc    00000004     rtsv7M4_T_le_eabi.lib : exit.c.obj (.text:abort:abort)
                  00212f00    0000020c     lwiplib.obj (.text:tcp_output)
                  0021310c    00000002     rtsv7M4_T_le_eabi.lib : div0.asm.obj (.text)
                  0021310e    00000002     --HOLE-- [fill = 0]
                  00213110    00000208     ptp_slave_sync.obj (.text:ptp_slave_receive_packet)
                  00213318    000001fc     lwiplib.obj (.text:ip4_input)
                  00213514    000001cc     rtsv7M4_T_le_eabi.lib : _printfi.c.obj (.text:_pconv_g)
                  002136e0    000001c8     lwiplib.obj (.text:icmp_input)
                  002138a8    000001b6     rtsv7M4_T_le_eabi.lib : fd_add_t2.asm.obj (.text)
                  00213a5e    00000002     --HOLE-- [fill = 0]
                  00213a60    000001a8     driverlib_cm.lib : ethernet.obj (.text:Ethernet_removePacketsFromRxQueue)
                  00213c08    0000019c     lwiplib.obj (.text:udp_input)
                  00213da4    00000004     --HOLE-- [fill = 0]
                  00213da8    00000198     bsp.obj (.text:EEParam_Init)
                  00213f40    0000017c     Eth_mii.obj (.text:Ethernet_init)
                  002140bc    00000004     --HOLE-- [fill = 0]
                  002140c0    00000170     lwiplib.obj (.text:etharp_query)
                  00214230    0000016c     Eth_mii.obj (.text:Ethernet_genericISRCustom)
                  0021439c    00000004     --HOLE-- [fill = 0]
                  002143a0    00000150     main.obj (.text:main)
                  002144f0    0000014c     driverlib_cm.lib : ethernet.obj (.text:Ethernet_getHandle)
                  0021463c    00000004     --HOLE-- [fill = 0]
                  00214640    0000014c     f2838xif.obj (.text:f2838xif_transmit)
                  0021478c    00000004     --HOLE-- [fill = 0]
                  00214790    00000144     lwiplib.obj (.text:tcp_listen_input)
                  002148d4    00000004     --HOLE-- [fill = 0]
                  002148d8    00000140     modbus_Param.obj (.text:status_upDataHoldingCBReg)
                  00214a18    0000013c     rtsv7M4_T_le_eabi.lib : _printfi.c.obj (.text:_pconv_e)
                  00214b54    00000004     --HOLE-- [fill = 0]
                  00214b58    0000013c     lwiplib.obj (.text:tcp_split_unsent_seg)
                  00214c94    00000136     rtsv7M4_T_le_eabi.lib : fd_div_t2.asm.obj (.text)
                  00214dca    00000006     driverlib_cm.lib : platform_port.obj (.text:Platform_enablePeripheral)
                  00214dd0    00000128     lwiplib.obj (.text:mem_malloc)
                  00214ef8    00000120     rtsv7M4_T_le_eabi.lib : _printfi.c.obj (.text:fcvt)
                  00215018    00000114                           : fputs.c.obj (.text:fputs)
                  0021512c    00000004     --HOLE-- [fill = 0]
                  00215130    00000114     lwiplib.obj (.text:ip4_output_if_src)
                  00215244    00000004     --HOLE-- [fill = 0]
                  00215248    00000110     lwiplib.obj (.text:mem_trim)
                  00215358    00000110     lwiplib.obj (.text:tcp_close_shutdown)
                  00215468    0000010c     lwiplib.obj (.text:etharp_output)
                  00215574    00000004     --HOLE-- [fill = 0]
                  00215578    00000108     Drv_Timer.obj (.text:Drv_Timer_ClockMaintain)
                  00215680    00000104     lwiplib.obj (.text:udp_sendto_if_src)
                  00215784    00000100     rtsv7M4_T_le_eabi.lib : memory.c.obj (.text:aligned_alloc)
                  00215884    00000004     --HOLE-- [fill = 0]
                  00215888    00000100     lwiplib.obj (.text:etharp_find_entry)
                  00215988    00000100     lwiplib.obj (.text:pbuf_alloc)
                  00215a88    000000fc     rtsv7M4_T_le_eabi.lib : fd_mul_t2.asm.obj (.text)
                  00215b84    000000fa                           : fs_add_t2.asm.obj (.text)
                  00215c7e    00000002     --HOLE-- [fill = 0]
                  00215c80    000000e4                           : memory.c.obj (.text:free)
                  00215d64    00000004     --HOLE-- [fill = 0]
                  00215d68    000000e4     lwiplib.obj (.text:tcp_alloc)
                  00215e4c    00000004     --HOLE-- [fill = 0]
                  00215e50    000000e0     bsp.obj (.text:Output_KWHDeal)
                  00215f30    000000e0     lwiplib.obj (.text:etharp_input)
                  00216010    000000dc     rtsv7M4_T_le_eabi.lib : setvbuf.c.obj (.text:setvbuf)
                  002160ec    00000004     --HOLE-- [fill = 0]
                  002160f0    000000d8     lwiplib.obj (.text:tcp_output_segment)
                  002161c8    000000d4     ModbusTcp.obj (.text:MbTcp_03H)
                  0021629c    00000004     --HOLE-- [fill = 0]
                  002162a0    000000d4     modbus_Param.obj (.text:debug_upDataHoldingCBReg)
                  00216374    00000004     --HOLE-- [fill = 0]
                  00216378    000000d4     ptp_master_sync.obj (.text:sendMessage)
                  0021644c    00000004     --HOLE-- [fill = 0]
                  00216450    000000d4     lwiplib.obj (.text:tcp_abandon)
                  00216524    00000004     --HOLE-- [fill = 0]
                  00216528    000000d0     modbus_Param.obj (.text:Param_upDataHoldingCBReg)
                  002165f8    000000d0     rtsv7M4_T_le_eabi.lib : s_scalbn.c.obj (.text:scalbn)
                  002166c8    000000cc     lwiplib.obj (.text:ethernet_input)
                  00216794    00000004     --HOLE-- [fill = 0]
                  00216798    000000c8     ipc_cm.obj (.text:IPC_ISR0)
                  00216860    000000c8     ModbusTcp.obj (.text:w5500_TcpMainServer)
                  00216928    000000c4     socket.obj (.text:send)
                  002169ec    000000c0     driverlib_cm.lib : ethernet.obj (.text:Ethernet_removePacketsFromTxQueue)
                  00216aac    000000bc                      : ethernet.obj (.text:Ethernet_getInitConfig)
                  00216b68    000000bc                      : ethernet.obj (.text:Ethernet_initRxChannel)
                  00216c24    00000004     --HOLE-- [fill = 0]
                  00216c28    000000bc     Drv_I2C_RTC.obj (.text:RTC_WriteBuf)
                  00216ce4    00000004     --HOLE-- [fill = 0]
                  00216ce8    000000b8     lwiplib.obj (.text:netif_add)
                  00216da0    000000b6     ptp_master_sync.obj (.text:msgUnpackHeader)
                  00216e56    00000002     --HOLE-- [fill = 0]
                  00216e58    000000b6     ptp_slave_sync.obj (.text:msgUnpackHeader)
                  00216f0e    00000002     --HOLE-- [fill = 0]
                  00216f10    000000b4     Drv_I2C_EE.obj (.text:EE_ReadBuf)
                  00216fc4    00000004     --HOLE-- [fill = 0]
                  00216fc8    000000b4     w5500_conf.obj (.text:set_w5500_ip)
                  0021707c    000000b1     rtsv7M4_T_le_eabi.lib : _printfi.c.obj (.text:_ltostr)
                  0021712d    00000003     --HOLE-- [fill = 0]
                  00217130    000000b0     lwiplib.obj (.text:tcp_create_segment)
                  002171e0    000000b0     lwiplib.obj (.text:tcp_listen_with_backlog_and_err)
                  00217290    000000ac     Drv_I2C_RTC.obj (.text:RTC_ReadBuf)
                  0021733c    00000004     --HOLE-- [fill = 0]
                  00217340    000000ac     lwiplib.obj (.text:etharp_raw)
                  002173ec    000000a8     driverlib_cm.lib : ethernet.obj (.text:Ethernet_initInterface)
                  00217494    00000004     --HOLE-- [fill = 0]
                  00217498    000000a4     modbus_Param.obj (.text:Mb03_RegAddrLookUp)
                  0021753c    00000004     --HOLE-- [fill = 0]
                  00217540    000000a4     lwiplib.obj (.text:netif_loop_output)
                  002175e4    00000004     --HOLE-- [fill = 0]
                  002175e8    000000a0     Drv_I2C_EE.obj (.text:EE_WriteBuf)
                  00217688    000000a0     driverlib_cm.lib : ethernet.obj (.text:Ethernet_initTxChannel)
                  00217728    000000a0     ptp_slave_sync.obj (.text:ptp_slave_init)
                  002177c8    000000a0     lwiplib.obj (.text:udp_bind)
                  00217868    0000009c     ptp_master_sync.obj (.text:msgPackDelayResp)
                  00217904    0000009c     rtsv7M4_T_le_eabi.lib : memcpy_t2.asm.obj (.text)
                  002179a0    0000009a     lwiplib.obj (.text:tcp_zero_window_probe)
                  00217a3a    00000006     driverlib_cm.lib : platform_port.obj (.text:Platform_resetPeripheral)
                  00217a40    00000098     lwiplib.obj (.text:tcp_bind)
                  00217ad8    00000098     lwiplib.obj (.text:tcp_enqueue_flags)
                  00217b70    00000098     obj_debug.obj (.text:udp_rx_callback)
                  00217c08    00000096     rtsv7M4_T_le_eabi.lib : ull_div_t2.asm.obj (.text)
                  00217c9e    00000002     --HOLE-- [fill = 0]
                  00217ca0    00000094     driverlib_cm.lib : interrupt.obj (.text:Interrupt_setPriority)
                  00217d34    00000004     --HOLE-- [fill = 0]
                  00217d38    00000094     lwiplib.obj (.text:mem_free)
                  00217dcc    00000092     rtsv7M4_T_le_eabi.lib : fs_div_t2.asm.obj (.text)
                  00217e5e    00000002     --HOLE-- [fill = 0]
                  00217e60    00000090     Eth_mii.obj (.text:Lwip_ParamInit)
                  00217ef0    00000090     lwiplib.obj (.text:etharp_update_arp_entry)
                  00217f80    00000090     socket.obj (.text:socket)
                  00218010    00000090     lwiplib.obj (.text:tcp_fasttmr)
                  002180a0    0000008c     rtsv7M4_T_le_eabi.lib : fputc.c.obj (.text:fputc)
                  0021812c    00000004     --HOLE-- [fill = 0]
                  00218130    0000008a     ModbusRtu.obj (.text:MODS_03H)
                  002181ba    00000006     --HOLE-- [fill = 0]
                  002181c0    0000008a     lwiplib.obj (.text:pbuf_copy)
                  0021824a    00000002     --HOLE-- [fill = 0]
                  0021824c    00000088     driverlib_cm.lib : ethernet.obj (.text:Ethernet_sendPacket)
                  002182d4    00000086     rtsv7M4_T_le_eabi.lib : fd_cmp_t2.asm.obj (.text:__aeabi_cdcmple)
                  0021835a    00000086                           : fd_cmp_t2.asm.obj (.text:__aeabi_cdrcmple)
                  002183e0    00000084     modbus_Param.obj (.text:Fault_upDataHoldingCBReg)
                  00218464    00000004     --HOLE-- [fill = 0]
                  00218468    00000084     lwiplib.obj (.text:inet_cksum_pseudo_base)
                  002184ec    00000004     --HOLE-- [fill = 0]
                  002184f0    00000084     lwiplib.obj (.text:lwIPPrivateInit)
                  00218574    00000004     --HOLE-- [fill = 0]
                  00218578    00000084     lwiplib.obj (.text:tcp_oos_insert_segment)
                  002185fc    00000004     --HOLE-- [fill = 0]
                  00218600    00000084     lwiplib.obj (.text:tcp_parseopt)
                  00218684    00000004     --HOLE-- [fill = 0]
                  00218688    00000082     w5500.obj (.text:recv_data_processing)
                  0021870a    00000006     --HOLE-- [fill = 0]
                  00218710    00000082     w5500.obj (.text:send_data_processing)
                  00218792    00000080     driverlib_cm.lib : ethernet.obj (.text:Ethernet_writeTxDMAControl)
                  00218812    00000006     --HOLE-- [fill = 0]
                  00218818    00000080     ModbusTcp.obj (.text:MbTcp_06H)
                  00218898    00000080     lwiplib.obj (.text:icmp_send_response)
                  00218918    00000080     lwiplib.obj (.text:lwIPServiceTimers)
                  00218998    00000080     ptp_slave_sync.obj (.text:ptp_slave_release_tx_packet)
                  00218a18    00000080     lwiplib.obj (.text:tcp_free_acked_segments)
                  00218a98    00000080     lwiplib.obj (.text:tcp_timewait_input)
                  00218b18    0000007c     lwiplib.obj (.text:plug_holes)
                  00218b94    00000004     --HOLE-- [fill = 0]
                  00218b98    0000007c     ptp_slave_sync.obj (.text:sendDelayReq)
                  00218c14    00000004     --HOLE-- [fill = 0]
                  00218c18    0000007c     w5500.obj (.text:socket_buf_init)
                  00218c94    00000004     --HOLE-- [fill = 0]
                  00218c98    0000007c     lwiplib.obj (.text:tcp_process_refused_data)
                  00218d14    0000007a     rtsv7M4_T_le_eabi.lib : fs_mul_t2.asm.obj (.text)
                  00218d8e    0000007a                           : memset_t2.asm.obj (.text)
                  00218e08    00000078     modbus_Param.obj (.text:Ctrl_upDataHoldingCBReg)
                  00218e80    00000076     cm.obj (.text:CM_enableAllPeripherals)
                  00218ef6    00000002     --HOLE-- [fill = 0]
                  00218ef8    00000074     driverlib_cm.lib : ethernet.obj (.text:Ethernet_writePHYRegister)
                  00218f6c    00000074     rtsv7M4_T_le_eabi.lib : fclose.c.obj (.text:__TI_closefile)
                  00218fe0    00000074     lwiplib.obj (.text:ip4_route)
                  00219054    00000004     --HOLE-- [fill = 0]
                  00219058    00000072     lwiplib.obj (.text:tcp_rexmit)
                  002190ca    00000006     --HOLE-- [fill = 0]
                  002190d0    00000070     lwiplib.obj (.text:etharp_tmr)
                  00219140    00000070     rtsv7M4_T_le_eabi.lib : memory.c.obj (.text:split)
                  002191b0    0000006e                           : _printfi.c.obj (.text:_mcpy)
                  0021921e    00000002     --HOLE-- [fill = 0]
                  00219220    0000006c                           : hostrename.c.obj (.text:HOSTrename)
                  0021928c    0000006c     driverlib_cm.lib : interrupt.obj (.text:Interrupt_disable)
                  002192f8    0000006c     ptp_master_sync.obj (.text:ptp_master_release_tx_packet)
                  00219364    00000004     --HOLE-- [fill = 0]
                  00219368    0000006c     lwiplib.obj (.text:tcp_output_control_segment)
                  002193d4    00000004     --HOLE-- [fill = 0]
                  002193d8    0000006a     lwiplib.obj (.text:lwip_standard_chksum)
                  00219442    00000006     --HOLE-- [fill = 0]
                  00219448    0000006a     lwiplib.obj (.text:pbuf_copy_partial)
                  002194b2    00000006     --HOLE-- [fill = 0]
                  002194b8    0000006a     lwiplib.obj (.text:tcp_output_alloc_header_common)
                  00219522    00000002     --HOLE-- [fill = 0]
                  00219524    00000068     rtsv7M4_T_le_eabi.lib : hostlseek.c.obj (.text:HOSTlseek)
                  0021958c    00000004     --HOLE-- [fill = 0]
                  00219590    00000068     ptp_slave_sync.obj (.text:InitConstants)
                  002195f8    00000068     rtsv7M4_T_le_eabi.lib : copy_decompress_lzss.c.obj (.text:decompress:lzss:__TI_decompress_lzss)
                  00219660    00000068     lwiplib.obj (.text:etharp_output_to_arp_index)
                  002196c8    00000068     rtsv7M4_T_le_eabi.lib : printf.c.obj (.text:printf)
                  00219730    00000068     lwiplib.obj (.text:tcp_rexmit_rto_prepare)
                  00219798    00000068     ptp_slave_sync.obj (.text:updateClock)
                  00219800    00000064     cm.obj (.text:CM_init)
                  00219864    00000064     driverlib_cm.lib : interrupt.obj (.text:Interrupt_enable)
                  002198c8    00000064     ModbusRtu.obj (.text:MODS_06H)
                  0021992c    00000064     rtsv7M4_T_le_eabi.lib : fseek.c.obj (.text:fseek)
                  00219990    00000064     ptp_master_sync.obj (.text:ptp_master_receive_packet)
                  002199f4    00000004     --HOLE-- [fill = 0]
                  002199f8    00000064     Drv_I2C_RTC.obj (.text:rtc_read_time)
                  00219a5c    00000004     --HOLE-- [fill = 0]
                  00219a60    00000064     ModbusTcp.obj (.text:tcp_server_recv_cb)
                  00219ac4    00000004     --HOLE-- [fill = 0]
                  00219ac8    00000064     lwiplib.obj (.text:udp_input_local_match)
                  00219b2c    00000062     rtsv7M4_T_le_eabi.lib : _io_perm.c.obj (.text:__TI_wrt_ok)
                  00219b8e    00000002     --HOLE-- [fill = 0]
                  00219b90    00000060                           : hostopen.c.obj (.text:HOSTopen)
                  00219bf0    00000060     lwiplib.obj (.text:ethernet_output)
                  00219c50    00000060     lwiplib.obj (.text:sys_check_timeouts)
                  00219cb0    0000005c     ModbusTcp.obj (.text:MbTcp_SendAckErr)
                  00219d0c    0000005c     rtsv7M4_T_le_eabi.lib : s_frexp.c.obj (.text:frexp)
                  00219d68    0000005c     ipc_cm.obj (.text:ipc_TxData_CmToCpu2)
                  00219dc4    00000004     --HOLE-- [fill = 0]
                  00219dc8    0000005c     lwiplib.obj (.text:sys_timeout_abs)
                  00219e24    0000005a     driverlib_cm.lib : ethernet.obj (.text:Ethernet_writeRxDMAControl)
                  00219e7e    00000002     --HOLE-- [fill = 0]
                  00219e80    00000058                      : ethernet.obj (.text:Ethernet_addPacketsIntoRxQueue)
                  00219ed8    00000058                      : ethernet.obj (.text:Ethernet_receiveISR)
                  00219f30    00000058                      : ethernet.obj (.text:Ethernet_transmitISR)
                  00219f88    00000058     rtsv7M4_T_le_eabi.lib : hostread.c.obj (.text:HOSTread)
                  00219fe0    00000058                           : hostwrite.c.obj (.text:HOSTwrite)
                  0021a038    00000058     f2838xif.obj (.text:f2838xif_hwinit)
                  0021a090    00000058     lwiplib.obj (.text:pbuf_free)
                  0021a0e8    00000058     lwiplib.obj (.text:pbuf_realloc)
                  0021a140    00000058     Drv_I2C_RTC.obj (.text:rtc_write_time)
                  0021a198    00000058     lwiplib.obj (.text:tcp_new_port)
                  0021a1f0    00000058     obj_debug.obj (.text:udpDebug_TxData)
                  0021a248    00000056     rtsv7M4_T_le_eabi.lib : _printfi.c.obj (.text:_pconv_f)
                  0021a29e    00000002     --HOLE-- [fill = 0]
                  0021a2a0    00000056     lwiplib.obj (.text:inet_chksum_pbuf)
                  0021a2f6    00000002     --HOLE-- [fill = 0]
                  0021a2f8    00000056     lwiplib.obj (.text:tcp_pcb_remove)
                  0021a34e    00000002     --HOLE-- [fill = 0]
                  0021a350    00000054     Eth_mii.obj (.text:Ethernet_getPacketBufferCustom)
                  0021a3a4    00000054     driverlib_cm.lib : ethernet.obj (.text:Ethernet_setConfigTimestampPTP)
                  0021a3f8    00000054     bsp.obj (.text:Pcs_CmRunISR)
                  0021a44c    00000054     rtsv7M4_T_le_eabi.lib : _ltoa.c.obj (.text:__TI_ltoa)
                  0021a4a0    00000054     f2838xif.obj (.text:f2838xif_receive)
                  0021a4f4    00000004     --HOLE-- [fill = 0]
                  0021a4f8    00000054     lwiplib.obj (.text:tcp_kill_prio)
                  0021a54c    00000004     --HOLE-- [fill = 0]
                  0021a550    00000054     lwiplib.obj (.text:tcp_pbuf_prealloc)
                  0021a5a4    00000004     --HOLE-- [fill = 0]
                  0021a5a8    00000054     lwiplib.obj (.text:udp_new_port)
                  0021a5fc    00000004     --HOLE-- [fill = 0]
                  0021a600    00000054     lwiplib.obj (.text:udp_sendto)
                  0021a654    00000052     driverlib_cm.lib : ethernet.obj (.text:Ethernet_readPHYRegister)
                  0021a6a6    00000052     rtsv7M4_T_le_eabi.lib : _printfi.c.obj (.text:_ecpy)
                  0021a6f8    00000052     lwiplib.obj (.text:pbuf_add_header_impl)
                  0021a74a    00000006     --HOLE-- [fill = 0]
                  0021a750    00000050     Drv_Timer.obj (.text:Drv_TimerInt_Init)
                  0021a7a0    00000050     Drv_I2CA.obj (.text:i2cA_SendByte)
                  0021a7f0    00000050     lwiplib.obj (.text:netif_set_addr)
                  0021a840    00000050     lwiplib.obj (.text:tcp_netif_ip_addr_changed)
                  0021a890    00000050     lwiplib.obj (.text:tcp_write_checks)
                  0021a8e0    00000050     lwiplib.obj (.text:udp_connect)
                  0021a930    0000004e     lwiplib.obj (.text:tcp_rexmit_fast)
                  0021a97e    0000004c     rtsv7M4_T_le_eabi.lib : fflush.c.obj (.text:__TI_doflush)
                  0021a9ca    00000002     --HOLE-- [fill = 0]
                  0021a9cc    0000004c                           : atoi.c.obj (.text:atoi)
                  0021aa18    0000004c     lwiplib.obj (.text:mem_init)
                  0021aa64    00000004     --HOLE-- [fill = 0]
                  0021aa68    0000004c     lwiplib.obj (.text:mem_link_valid)
                  0021aab4    00000004     --HOLE-- [fill = 0]
                  0021aab8    0000004c     lwiplib.obj (.text:netif_init)
                  0021ab04    00000004     --HOLE-- [fill = 0]
                  0021ab08    0000004a     w5500.obj (.text:getSn_RX_RSR)
                  0021ab52    00000006     --HOLE-- [fill = 0]
                  0021ab58    0000004a     w5500.obj (.text:getSn_TX_FSR)
                  0021aba2    00000006     --HOLE-- [fill = 0]
                  0021aba8    0000004a     lwiplib.obj (.text:tcp_close_shutdown_fin)
                  0021abf2    00000002     --HOLE-- [fill = 0]
                  0021abf4    00000048     rtsv7M4_T_le_eabi.lib : exit.c.obj (.text:exit)
                  0021ac3c    00000048                           : fd_toi_t2.asm.obj (.text)
                  0021ac84    00000004     --HOLE-- [fill = 0]
                  0021ac88    00000048     lwiplib.obj (.text:tcp_send_fin)
                  0021acd0    00000046     lwiplib.obj (.text:tcp_pcb_purge)
                  0021ad16    00000002     --HOLE-- [fill = 0]
                  0021ad18    00000044     bsp.obj (.text:GloabParam_Init)
                  0021ad5c    00000044     rtsv7M4_T_le_eabi.lib : hostclose.c.obj (.text:HOSTclose)
                  0021ada0    00000044                           : hostunlink.c.obj (.text:HOSTunlink)
                  0021ade4    00000044     driverlib_cm.lib : ipc.obj (.text:IPC_readCommand)
                  0021ae28    00000044     bsp.obj (.text:Output_RunTimeCnt)
                  0021ae6c    00000044     rtsv7M4_T_le_eabi.lib : autoinit.c.obj (.text:__TI_auto_init_nobinit_nopinit:__TI_auto_init_nobinit_nopinit)
                  0021aeb0    00000044     Drv_Timer.obj (.text:configCPUTimer)
                  0021aef4    00000044     rtsv7M4_T_le_eabi.lib : getdevice.c.obj (.text:getdevice)
                  0021af38    00000044     Drv_I2CA.obj (.text:i2cA_ReadByte)
                  0021af7c    00000004     --HOLE-- [fill = 0]
                  0021af80    00000044     w5500_conf.obj (.text:set_w5500_mac)
                  0021afc4    00000004     --HOLE-- [fill = 0]
                  0021afc8    00000044     lwiplib.obj (.text:tcp_kill_state)
                  0021b00c    00000004     --HOLE-- [fill = 0]
                  0021b010    00000044     ModbusTcp.obj (.text:tcp_server_accept_cb)
                  0021b054    00000004     --HOLE-- [fill = 0]
                  0021b058    00000044     w5500_conf.obj (.text:wiz_write_buf)
                  0021b09c    00000004     --HOLE-- [fill = 0]
                  0021b0a0    00000042     lwiplib.obj (.text:tcp_rst)
                  0021b0e2    00000006     --HOLE-- [fill = 0]
                  0021b0e8    00000040     ModbusTcp.obj (.text:LwipTcp_send)
                  0021b128    00000040     w5500_conf.obj (.text:W5500_SPI_Transfer)
                  0021b168    00000040     lwiplib.obj (.text:do_memp_malloc_pool)
                  0021b1a8    00000040     ptp_master_sync.obj (.text:msgPackHeader)
                  0021b1e8    00000040     ptp_slave_sync.obj (.text:msgPackHeader)
                  0021b228    00000040     lwiplib.obj (.text:tcp_get_next_optbyte)
                  0021b268    00000040     lwiplib.obj (.text:tcp_input_delayed_close)
                  0021b2a8    00000040     lwiplib.obj (.text:tcp_send_empty_ack)
                  0021b2e8    00000040     lwiplib.obj (.text:udp_sendto_if)
                  0021b328    0000003e     rtsv7M4_T_le_eabi.lib : _printfi.c.obj (.text:_fcpy)
                  0021b366    00000002     --HOLE-- [fill = 0]
                  0021b368    0000003e     w5500_conf.obj (.text:wiz_read_buf)
                  0021b3a6    00000002     --HOLE-- [fill = 0]
                  0021b3a8    0000003c     ModbusTcp.obj (.text:Lwip_TcpServerInit)
                  0021b3e4    00000004     --HOLE-- [fill = 0]
                  0021b3e8    0000003c     ModbusRtu.obj (.text:MODS_SendAckOk)
                  0021b424    00000004     --HOLE-- [fill = 0]
                  0021b428    0000003c     ModbusRtu.obj (.text:ModbusRtu1_Poll)
                  0021b464    00000004     --HOLE-- [fill = 0]
                  0021b468    0000003c     ModbusRtu.obj (.text:ModbusRtu2_Poll)
                  0021b4a4    00000004     --HOLE-- [fill = 0]
                  0021b4a8    0000003c     f2838xif.obj (.text:f2838xif_init)
                  0021b4e4    00000004     --HOLE-- [fill = 0]
                  0021b4e8    0000003c     ptp_slave_sync.obj (.text:normalizeTime)
                  0021b524    00000004     --HOLE-- [fill = 0]
                  0021b528    0000003c     lwiplib.obj (.text:tcpip_tcp_timer)
                  0021b564    00000004     --HOLE-- [fill = 0]
                  0021b568    0000003a     ModbusRtu.obj (.text:MODS_SendWithCRC)
                  0021b5a2    00000006     --HOLE-- [fill = 0]
                  0021b5a8    00000038     ModbusRtu.obj (.text:CRC16_Modbus)
                  0021b5e0    00000038     rtsv7M4_T_le_eabi.lib : trgmsg.c.obj (.text:__TI_writemsg)
                  0021b618    00000038     f2838xif.obj (.text:f2838xif_process_transmit)
                  0021b650    00000038     ipc_cm.obj (.text:ipc_init)
                  0021b688    00000038     lwiplib.obj (.text:lwip_cyclic_timer)
                  0021b6c0    00000038     ptp_slave_sync.obj (.text:msgPackDelayReq)
                  0021b6f8    00000038     ptp_master_sync.obj (.text:msgPackSync)
                  0021b730    00000038     rtsv7M4_T_le_eabi.lib : fs_toi_t2.asm.obj (.text)
                  0021b768    00000038     lwiplib.obj (.text:tcp_recved)
                  0021b7a0    00000036     f2838xif.obj (.text:f2838xif_interrupt)
                  0021b7d6    00000002     --HOLE-- [fill = 0]
                  0021b7d8    00000036     socket.obj (.text:listen)
                  0021b80e    00000002     --HOLE-- [fill = 0]
                  0021b810    00000036     lwiplib.obj (.text:pbuf_remove_header)
                  0021b846    00000036     rtsv7M4_T_le_eabi.lib : strncpy.c.obj (.text:strncpy)
                  0021b87c    00000034     driverlib_cm.lib : ipc.obj (.text:IPC_sendCommand)
                  0021b8b0    00000034                      : interrupt.obj (.text:Interrupt_registerHandler)
                  0021b8e4    00000034                      : sysctl.obj (.text:SysCtl_resetPeripheral)
                  0021b918    00000034     rtsv7M4_T_le_eabi.lib : fopen.c.obj (.text:__TI_cleanup)
                  0021b94c    00000034                           : trgmsg.c.obj (.text:__TI_readmsg)
                  0021b980    00000034     ptp_slave_sync.obj (.text:div2Time)
                  0021b9b4    00000004     --HOLE-- [fill = 0]
                  0021b9b8    00000034     Drv_Timer.obj (.text:initCPUTimer1)
                  0021b9ec    00000004     --HOLE-- [fill = 0]
                  0021b9f0    00000034     lwiplib.obj (.text:pbuf_free_ooseq)
                  0021ba24    00000034     rtsv7M4_T_le_eabi.lib : rand.c.obj (.text:rand)
                  0021ba58    00000034                           : fs_tou_t2.asm.obj (.text)
                  0021ba8c    00000004     --HOLE-- [fill = 0]
                  0021ba90    00000034     lwiplib.obj (.text:tcp_kill_timewait)
                  0021bac4    00000004     --HOLE-- [fill = 0]
                  0021bac8    00000034     lwiplib.obj (.text:tcp_timer_needed)
                  0021bafc    00000004     --HOLE-- [fill = 0]
                  0021bb00    00000032     w5500_conf.obj (.text:IINCHIP_WRITE)
                  0021bb32    00000006     --HOLE-- [fill = 0]
                  0021bb38    00000032     lwiplib.obj (.text:ip4_addr_isbroadcast_u32)
                  0021bb6a    00000006     --HOLE-- [fill = 0]
                  0021bb70    00000030     w5500_conf.obj (.text:IINCHIP_READ)
                  0021bba0    00000030     ModbusRtu.obj (.text:MODS_SendAckErr)
                  0021bbd0    00000030     ModbusTcp.obj (.text:ModbusTcp1_Poll)
                  0021bc00    00000030     ModbusTcp.obj (.text:ModbusTcp2_Poll)
                  0021bc30    00000030     rtsv7M4_T_le_eabi.lib : getdevice.c.obj (.text:finddevice)
                  0021bc60    00000030     Drv_I2CA.obj (.text:i2cA_Stop)
                  0021bc90    00000030     Drv_I2CA.obj (.text:i2cA_WaitAck)
                  0021bcc0    00000030     lwiplib.obj (.text:inet_chksum_pseudo)
                  0021bcf0    00000030     lwiplib.obj (.text:lwIPInit)
                  0021bd20    00000030     lwiplib.obj (.text:netif_do_set_ipaddr)
                  0021bd50    00000030     lwiplib.obj (.text:tcp_recv_null)
                  0021bd80    00000030     lwiplib.obj (.text:tcp_update_rcv_ann_wnd)
                  0021bdb0    00000030     lwiplib.obj (.text:udp_netif_ip_addr_changed)
                  0021bde0    0000002e     driverlib_cm.lib : ethernet.obj (.text:Ethernet_updateSysTimePTP)
                  0021be0e    00000002     --HOLE-- [fill = 0]
                  0021be10    0000002e     socket.obj (.text:recv)
                  0021be3e    0000002e     rtsv7M4_T_le_eabi.lib : i_tofd_t2.asm.obj (.text)
                  0021be6c    00000004     --HOLE-- [fill = 0]
                  0021be70    0000002e     lwiplib.obj (.text:tcp_keepalive)
                  0021be9e    00000002     --HOLE-- [fill = 0]
                  0021bea0    0000002c     bsp.obj (.text:Cm_Fault_Reset)
                  0021becc    00000004     --HOLE-- [fill = 0]
                  0021bed0    0000002c     Eth_mii.obj (.text:Ethernet_receivePacketCallbackCustom)
                  0021befc    0000002c     driverlib_cm.lib : sysctl.obj (.text:SysCtl_enablePeripheral)
                  0021bf28    0000002c     Drv_I2CA.obj (.text:i2cA_Start)
                  0021bf54    00000004     --HOLE-- [fill = 0]
                  0021bf58    0000002c     lwiplib.obj (.text:ip4_input_accept)
                  0021bf84    00000004     --HOLE-- [fill = 0]
                  0021bf88    0000002c     lwiplib.obj (.text:memp_init_pool)
                  0021bfb4    00000004     --HOLE-- [fill = 0]
                  0021bfb8    0000002c     lwiplib.obj (.text:pbuf_cat)
                  0021bfe4    00000004     --HOLE-- [fill = 0]
                  0021bfe8    0000002c     lwiplib.obj (.text:tcp_handle_closepend)
                  0021c014    00000004     --HOLE-- [fill = 0]
                  0021c018    0000002c     obj_debug.obj (.text:udpDebug_Init)
                  0021c044    0000002c     rtsv7M4_T_le_eabi.lib : unlink.c.obj (.text:unlink)
                  0021c070    00000028     Eth_mii.obj (.text:Ethernet_isPtpRxPacket)
                  0021c098    00000028     rtsv7M4_T_le_eabi.lib : memory.c.obj (.text:free_list_insert)
                  0021c0c0    00000028                           : lseek.c.obj (.text:lseek)
                  0021c0e8    00000028     lwiplib.obj (.text:memp_init)
                  0021c110    00000028     lwiplib.obj (.text:netif_get_by_index)
                  0021c138    00000028     lwiplib.obj (.text:netif_loopif_init)
                  0021c160    00000028     lwiplib.obj (.text:tcp_output_alloc_header)
                  0021c188    00000028     ModbusTcp.obj (.text:tcp_server_poll_cb)
                  0021c1b0    00000028     rtsv7M4_T_le_eabi.lib : write.c.obj (.text:write)
                  0021c1d8    00000026     driverlib_cm.lib : ethernet.obj (.text:Ethernet_selectTargetInterruptOrPulsePPS)
                  0021c1fe    00000002     --HOLE-- [fill = 0]
                  0021c200    00000026     socket.obj (.text:close)
                  0021c226    00000002     --HOLE-- [fill = 0]
                  0021c228    00000026     lwiplib.obj (.text:pbuf_alloc_reference)
                  0021c24e    00000024     driverlib_cm.lib : ethernet.obj (.text:Ethernet_setFixedModePPS)
                  0021c272    00000002     --HOLE-- [fill = 0]
                  0021c274    00000024                      : ipc.obj (.text:IPC_registerInterrupt)
                  0021c298    00000024     ModbusRtu.obj (.text:ModbusRtu_AnalyzeApp)
                  0021c2bc    00000004     --HOLE-- [fill = 0]
                  0021c2c0    00000024     ModbusTcp.obj (.text:ModbusTcp_AnalyzeApp)
                  0021c2e4    00000024     rtsv7M4_T_le_eabi.lib : boot_cortex_m.c.obj (.text:_c_int00_noargs:_c_int00_noargs)
                  0021c308    00000024     lwiplib.obj (.text:do_memp_free_pool)
                  0021c32c    00000004     --HOLE-- [fill = 0]
                  0021c330    00000024     lwiplib.obj (.text:etharp_free_entry)
                  0021c354    00000004     --HOLE-- [fill = 0]
                  0021c358    00000024     lwiplib.obj (.text:etharp_request_dst)
                  0021c37c    00000004     --HOLE-- [fill = 0]
                  0021c380    00000024     Drv_I2CA.obj (.text:i2cA_Ack)
                  0021c3a4    00000004     --HOLE-- [fill = 0]
                  0021c3a8    00000024     Drv_I2CA.obj (.text:i2cA_NAck)
                  0021c3cc    00000004     --HOLE-- [fill = 0]
                  0021c3d0    00000024     lwiplib.obj (.text:lwIPEthernetIntHandler)
                  0021c3f4    00000024     rtsv7M4_T_le_eabi.lib : memcmp.c.obj (.text:memcmp)
                  0021c418    00000024     lwiplib.obj (.text:netif_issue_reports)
                  0021c43c    00000024     rtsv7M4_T_le_eabi.lib : u_tofs_t2.asm.obj (.text)
                  0021c460    00000024     lwiplib.obj (.text:tcp_seg_copy)
                  0021c484    00000004     --HOLE-- [fill = 0]
                  0021c488    00000024     w5500_conf.obj (.text:w5500_init)
                  0021c4ac    00000022     driverlib_cm.lib : ethernet.obj (.text:Ethernet_enableSysTimePTP)
                  0021c4ce    00000002     --HOLE-- [fill = 0]
                  0021c4d0    00000022     lwiplib.obj (.text:tcp_eff_send_mss_netif)
                  0021c4f2    00000006     --HOLE-- [fill = 0]
                  0021c4f8    00000022     lwiplib.obj (.text:tcp_netif_ip_addr_changed_pcblist)
                  0021c51a    00000006     --HOLE-- [fill = 0]
                  0021c520    00000020     lwiplib.obj (.text:free_etharp_q)
                  0021c540    00000020     lwiplib.obj (.text:ip4_output_if)
                  0021c560    00000020     rtsv7M4_T_le_eabi.lib : memchr.c.obj (.text:memchr)
                  0021c580    00000020     lwiplib.obj (.text:pbuf_clone)
                  0021c5a0    00000020     w5500_conf.obj (.text:reset_w5500)
                  0021c5c0    00000020     lwiplib.obj (.text:tcp_close)
                  0021c5e0    00000020     lwiplib.obj (.text:tcp_tmr)
                  0021c600    0000001e     driverlib_cm.lib : ethernet.obj (.text:Ethernet_enableMACRxQ)
                  0021c61e    00000002     --HOLE-- [fill = 0]
                  0021c620    0000001e     Eth_mii.obj (.text:Ethernet_releaseTxPacketBufferCustom)
                  0021c63e    0000001e     driverlib_cm.lib : ethernet.obj (.text:Ethernet_setSysTimePTP)
                  0021c65c    00000004     --HOLE-- [fill = 0]
                  0021c660    0000001e     lwiplib.obj (.text:pbuf_init_alloced_pbuf)
                  0021c67e    0000001c     driverlib_cm.lib : ethernet.obj (.text:Ethernet_performPushPacketQueueChain)
                  0021c69a    0000001c                      : ethernet.obj (.text:Ethernet_setMACAddr)
                  0021c6b6    0000001c                      : ethernet.obj (.text:Ethernet_setMTLTxQueueOpMode)
                  0021c6d2    00000006     --HOLE-- [fill = 0]
                  0021c6d8    0000001c     bsp.obj (.text:bsp_init)
                  0021c6f4    00000004     --HOLE-- [fill = 0]
                  0021c6f8    0000001c     socket.obj (.text:disconnect)
                  0021c714    0000001c     rtsv7M4_T_le_eabi.lib : memory.c.obj (.text:free_list_remove)
                  0021c730    0000001c     w5500_conf.obj (.text:gpio_for_w5500_config)
                  0021c74c    00000004     --HOLE-- [fill = 0]
                  0021c750    0000001c     lwiplib.obj (.text:lwip_init)
                  0021c76c    0000001c     rtsv7M4_T_le_eabi.lib : memccpy.c.obj (.text:memccpy)
                  0021c788    0000001c     lwiplib.obj (.text:tcp_listen_closed)
                  0021c7a4    00000004     --HOLE-- [fill = 0]
                  0021c7a8    0000001c     lwiplib.obj (.text:udp_new)
                  0021c7c4    0000001a     driverlib_cm.lib : ethernet.obj (.text:Ethernet_configureEEEClockGatingControl)
                  0021c7de    0000001a                      : ethernet.obj (.text:Ethernet_getOneStepTransmitTimestampPTP)
                  0021c7f8    0000001a                      : ethernet.obj (.text:Ethernet_performPushOnPacketQueue)
                  0021c812    00000006     --HOLE-- [fill = 0]
                  0021c818    0000001a     lwiplib.obj (.text:lwip_htonl)
                  0021c832    00000006     --HOLE-- [fill = 0]
                  0021c838    0000001a     lwiplib.obj (.text:netif_set_link_up)
                  0021c852    00000006     --HOLE-- [fill = 0]
                  0021c858    0000001a     lwiplib.obj (.text:netif_set_up)
                  0021c872    00000006     --HOLE-- [fill = 0]
                  0021c878    0000001a     modbus_Param.obj (.text:upDataHoldingCBReg)
                  0021c892    00000018     driverlib_cm.lib : ethernet.obj (.text:Ethernet_getSysTimePTP)
                  0021c8aa    00000002     --HOLE-- [fill = 0]
                  0021c8ac    00000018                      : ethernet.obj (.text:Ethernet_isTimestampIntActive)
                  0021c8c4    00000018                      : ethernet.obj (.text:Ethernet_isTransmitTimestampStatusSet)
                  0021c8dc    00000004     --HOLE-- [fill = 0]
                  0021c8e0    00000018     ptp_slave_sync.obj (.text:addTime)
                  0021c8f8    00000018     lwiplib.obj (.text:memp_free)
                  0021c910    00000018     lwiplib.obj (.text:memp_malloc)
                  0021c928    00000018     lwiplib.obj (.text:pbuf_pool_is_empty)
                  0021c940    00000018     Drv_I2C_RTC.obj (.text:rtc_write_byte)
                  0021c958    00000018     rtsv7M4_T_le_eabi.lib : strcmp.c.obj (.text:strcmp)
                  0021c970    00000018     ptp_slave_sync.obj (.text:subTime)
                  0021c988    00000018     lwiplib.obj (.text:sys_timeouts_init)
                  0021c9a0    00000018     lwiplib.obj (.text:tcp_init)
                  0021c9b8    00000018     lwiplib.obj (.text:tcp_next_iss)
                  0021c9d0    00000018     lwiplib.obj (.text:tcp_remove_listener)
                  0021c9e8    00000018     lwiplib.obj (.text:tcp_seg_free)
                  0021ca00    00000018     lwiplib.obj (.text:udp_init)
                  0021ca18    00000016     driverlib_cm.lib : ethernet.obj (.text:Ethernet_getMACAddr)
                  0021ca2e    00000016                      : ethernet.obj (.text:Ethernet_setMTLRxQueueOpMode)
                  0021ca44    00000004     --HOLE-- [fill = 0]
                  0021ca48    00000016     Drv_I2C_RTC.obj (.text:dec_to_bcd)
                  0021ca5e    00000002     --HOLE-- [fill = 0]
                  0021ca60    00000016     utility.obj (.text:delay_ms)
                  0021ca76    00000002     --HOLE-- [fill = 0]
                  0021ca78    00000016     lwiplib.obj (.text:pbuf_ref)
                  0021ca8e    00000016     rtsv7M4_T_le_eabi.lib : strchr.c.obj (.text:strchr)
                  0021caa4    00000004     --HOLE-- [fill = 0]
                  0021caa8    00000014     Drv_Timer.obj (.text:Drv_Timer_usDelay)
                  0021cabc    00000014     driverlib_cm.lib : ethernet.obj (.text:Ethernet_disableRxDMAReception)
                  0021cad0    00000014                      : ethernet.obj (.text:Ethernet_enableRxDMAReception)
                  0021cae4    00000014                      : ethernet.obj (.text:Ethernet_setRxDescRingLength)
                  0021caf8    00000014                      : ethernet.obj (.text:Ethernet_setTxDescRingLength)
                  0021cb0c    00000004     --HOLE-- [fill = 0]
                  0021cb10    00000014     lwiplib.obj (.text:netif_do_ip_addr_changed)
                  0021cb24    00000004     --HOLE-- [fill = 0]
                  0021cb28    00000014     lwiplib.obj (.text:netif_do_set_gw)
                  0021cb3c    00000004     --HOLE-- [fill = 0]
                  0021cb40    00000014     lwiplib.obj (.text:netif_do_set_netmask)
                  0021cb54    00000004     --HOLE-- [fill = 0]
                  0021cb58    00000014     lwiplib.obj (.text:pbuf_clen)
                  0021cb6c    00000014     rtsv7M4_T_le_eabi.lib : strcpy.c.obj (.text:strcpy)
                  0021cb80    00000014                           : strlen.c.obj (.text:strlen)
                  0021cb94    00000004     --HOLE-- [fill = 0]
                  0021cb98    00000014     lwiplib.obj (.text:tcp_segs_free)
                  0021cbac    00000004     --HOLE-- [fill = 0]
                  0021cbb0    00000014     lwiplib.obj (.text:udp_disconnect)
                  0021cbc4    00000012     driverlib_cm.lib : ethernet.obj (.text:Ethernet_disableDmaInterrupt)
                  0021cbd6    00000012                      : ethernet.obj (.text:Ethernet_enableDmaInterrupt)
                  0021cbe8    00000012                      : ethernet.obj (.text:Ethernet_performPopOnPacketQueue)
                  0021cbfa    00000006     --HOLE-- [fill = 0]
                  0021cc00    00000012     lwiplib.obj (.text:tcp_free_ooseq)
                  0021cc12    00000006     --HOLE-- [fill = 0]
                  0021cc18    00000012     lwiplib.obj (.text:tcp_rexmit_rto)
                  0021cc2a    00000006     --HOLE-- [fill = 0]
                  0021cc30    00000012     lwiplib.obj (.text:tcp_rexmit_rto_commit)
                  0021cc42    00000006     --HOLE-- [fill = 0]
                  0021cc48    00000012     lwiplib.obj (.text:tcp_route)
                  0021cc5a    00000006     --HOLE-- [fill = 0]
                  0021cc60    00000012     ptp_slave_sync.obj (.text:toInternalTime)
                  0021cc72    00000012     rtsv7M4_T_le_eabi.lib : wcslen.c.obj (.text:wcslen)
                  0021cc84    00000004     --HOLE-- [fill = 0]
                  0021cc88    00000010     Drv_I2CA.obj (.text:Drv_I2CA_Init)
                  0021cc98    00000010     Drv_LED.obj (.text:Drv_Led_Off)
                  0021cca8    00000010     driverlib_cm.lib : ethernet.obj (.text:Ethernet_configureMDIO)
                  0021ccb8    00000010                      : ethernet.obj (.text:Ethernet_enableMTLInterrupt)
                  0021ccc8    00000010                      : ethernet.obj (.text:Ethernet_getRxERICount)
                  0021ccd8    00000010                      : ethernet.obj (.text:Ethernet_resetModule)
                  0021cce8    00000010     lwiplib.obj (.text:Interrupt_disableInProcessor)
                  0021ccf8    00000010     Drv_I2C_RTC.obj (.text:bcd_to_dec)
                  0021cd08    00000010     Drv_Timer.obj (.text:cpuTimer1ISR)
                  0021cd18    00000010     ptp_slave_sync.obj (.text:getTime)
                  0021cd28    00000010     Eth_mii.obj (.text:lwIPHostTimerHandler)
                  0021cd38    00000010     lwiplib.obj (.text:lwIPTimer)
                  0021cd48    00000010     lwiplib.obj (.text:mem_to_ptr)
                  0021cd58    00000010     lwiplib.obj (.text:pbuf_chain)
                  0021cd68    00000010     lwiplib.obj (.text:ptr_to_mem)
                  0021cd78    00000010     Drv_I2C_RTC.obj (.text:rtc_read_bytes)
                  0021cd88    00000010     ptp_slave_sync.obj (.text:setTime)
                  0021cd98    00000010     lwiplib.obj (.text:sys_timeout)
                  0021cda8    00000010     lwiplib.obj (.text:tcp_output_segment_busy)
                  0021cdb8    00000010     lwiplib.obj (.text:tcp_trigger_input_pcb_close)
                  0021cdc8    00000010     w5500_conf.obj (.text:w5500_nss_0)
                  0021cdd8    00000010     w5500_conf.obj (.text:w5500_nss_1)
                  0021cde8    0000000e     driverlib_cm.lib : cputimer.obj (.text:CPUTimer_setEmulationMode)
                  0021cdf6    0000000e                      : ethernet.obj (.text:Ethernet_disableTxEEEMode)
                  0021ce04    0000000e                      : ethernet.obj (.text:Ethernet_setPeriodPPS)
                  0021ce12    0000000e     rtsv7M4_T_le_eabi.lib : copy_decompress_none.c.obj (.text:decompress:none:__TI_decompress_none)
                  0021ce20    0000000e     lwiplib.obj (.text:pbuf_header_impl)
                  0021ce2e    00000002     --HOLE-- [fill = 0]
                  0021ce30    0000000e     lwiplib.obj (.text:tcp_accept_null)
                  0021ce3e    00000002     --HOLE-- [fill = 0]
                  0021ce40    0000000c     Drv_LED.obj (.text:Drv_Led_toggle)
                  0021ce4c    0000000c     driverlib_cm.lib : ethernet.obj (.text:Ethernet_clearDMAChannelInterrupt)
                  0021ce58    0000000c                      : ethernet.obj (.text:Ethernet_configureRevMIIAddress)
                  0021ce64    0000000c                      : ethernet.obj (.text:Ethernet_setMTLOpmode)
                  0021ce70    0000000c                      : ethernet.obj (.text:Ethernet_writeRxDescListAddress)
                  0021ce7c    0000000c                      : ethernet.obj (.text:Ethernet_writeRxDescTailPointer)
                  0021ce88    0000000c                      : ethernet.obj (.text:Ethernet_writeTxDescListAddress)
                  0021ce94    0000000c                      : ethernet.obj (.text:Ethernet_writeTxDescTailPointer)
                  0021cea0    0000000c     rtsv7M4_T_le_eabi.lib : s_copysign.c.obj (.text:copysign)
                  0021ceac    0000000c                           : copy_zero_init.c.obj (.text:decompress:ZI:__TI_zero_init)
                  0021ceb8    0000000c     lwiplib.obj (.text:etharp_request)
                  0021cec4    00000004     --HOLE-- [fill = 0]
                  0021cec8    0000000c     w5500.obj (.text:getGAR)
                  0021ced4    00000004     --HOLE-- [fill = 0]
                  0021ced8    0000000c     w5500.obj (.text:getIINCHIP_TxMAX)
                  0021cee4    00000004     --HOLE-- [fill = 0]
                  0021cee8    0000000c     w5500.obj (.text:getSIPR)
                  0021cef4    00000004     --HOLE-- [fill = 0]
                  0021cef8    0000000c     w5500.obj (.text:getSUBR)
                  0021cf04    00000004     --HOLE-- [fill = 0]
                  0021cf08    0000000c     lwiplib.obj (.text:inet_chksum)
                  0021cf14    00000004     --HOLE-- [fill = 0]
                  0021cf18    0000000c     lwiplib.obj (.text:lwip_htons)
                  0021cf24    00000004     --HOLE-- [fill = 0]
                  0021cf28    0000000c     lwiplib.obj (.text:netif_set_default)
                  0021cf34    00000004     --HOLE-- [fill = 0]
                  0021cf38    0000000c     w5500.obj (.text:setGAR)
                  0021cf44    00000004     --HOLE-- [fill = 0]
                  0021cf48    0000000c     w5500.obj (.text:setSHAR)
                  0021cf54    00000004     --HOLE-- [fill = 0]
                  0021cf58    0000000c     w5500.obj (.text:setSIPR)
                  0021cf64    00000004     --HOLE-- [fill = 0]
                  0021cf68    0000000c     w5500.obj (.text:setSUBR)
                  0021cf74    00000004     --HOLE-- [fill = 0]
                  0021cf78    0000000c     lwiplib.obj (.text:sys_now)
                  0021cf84    00000004     --HOLE-- [fill = 0]
                  0021cf88    0000000c     lwiplib.obj (.text:tcp_accept)
                  0021cf94    00000004     --HOLE-- [fill = 0]
                  0021cf98    0000000a     Eth_mii.obj (.text:Ethernet_clearMACConfigurationCustom)
                  0021cfa2    0000000a     driverlib_cm.lib : ethernet.obj (.text:Ethernet_getPHYMode)
                  0021cfac    00000004     --HOLE-- [fill = 0]
                  0021cfb0    0000000a     f2838xif.obj (.text:f2838xif_output)
                  0021cfba    00000006     --HOLE-- [fill = 0]
                  0021cfc0    0000000a     w5500.obj (.text:getSn_IR)
                  0021cfca    00000006     --HOLE-- [fill = 0]
                  0021cfd0    0000000a     w5500.obj (.text:getSn_SR)
                  0021cfda    00000006     --HOLE-- [fill = 0]
                  0021cfe0    0000000a     w5500.obj (.text:setSn_IR)
                  0021cfea    00000006     --HOLE-- [fill = 0]
                  0021cff0    0000000a     lwiplib.obj (.text:tcp_poll)
                  0021cffa    00000006     --HOLE-- [fill = 0]
                  0021d000    00000008     bsp.obj (.text:BEBufToUint16)
                  0021d008    00000008     driverlib_cm.lib : ethernet.obj (.text:Ethernet_configurePHYAddress)
                  0021d010    00000008                      : ethernet.obj (.text:Ethernet_setDMAMode)
                  0021d018    00000008                      : ethernet.obj (.text:Ethernet_setMACConfiguration)
                  0021d020    00000008     Eth_mii.obj (.text:Ethernet_setMACConfigurationCustom)
                  0021d028    00000008     driverlib_cm.lib : ethernet.obj (.text:Ethernet_setMACPacketFilter)
                  0021d030    00000008     rtsv7M4_T_le_eabi.lib : errno.c.obj (.text:__aeabi_errno_addr)
                  0021d038    00000008     lwiplib.obj (.text:icmp_dest_unreach)
                  0021d040    00000008     rtsv7M4_T_le_eabi.lib : memory.c.obj (.text:malloc)
                  0021d048    00000008     Drv_I2C_RTC.obj (.text:rtc_init)
                  0021d050    00000008     lwiplib.obj (.text:sys_arch_unprotect)
                  0021d058    00000008     lwiplib.obj (.text:tcp_err)
                  0021d060    00000008     lwiplib.obj (.text:tcp_free)
                  0021d068    00000008     lwiplib.obj (.text:tcp_free_listen)
                  0021d070    00000008     lwiplib.obj (.text:tcp_recv)
                  0021d078    00000008     lwiplib.obj (.text:udp_recv)
                  0021d080    00000006     main.obj (.text:SysTickIntHandler)
                  0021d086    00000002     --HOLE-- [fill = 0]
                  0021d088    00000006     Drv_I2CA.obj (.text:i2c_Delay)
                  0021d08e    00000002     --HOLE-- [fill = 0]
                  0021d090    00000006     lwiplib.obj (.text:netif_null_output_ip4)
                  0021d096    00000002     --HOLE-- [fill = 0]
                  0021d098    00000006     lwiplib.obj (.text:pbuf_add_header)
                  0021d09e    00000002     --HOLE-- [fill = 0]
                  0021d0a0    00000006     lwiplib.obj (.text:pbuf_header_force)
                  0021d0a6    00000002     --HOLE-- [fill = 0]
                  0021d0a8    00000006     lwiplib.obj (.text:tcp_abort)
                  0021d0ae    00000002     --HOLE-- [fill = 0]
                  0021d0b0    00000006     lwiplib.obj (.text:tcp_listen_with_backlog)
                  0021d0b6    00000002     --HOLE-- [fill = 0]
                  0021d0b8    00000006     lwiplib.obj (.text:tcp_new)
                  0021d0be    00000002     --HOLE-- [fill = 0]
                  0021d0c0    00000004     lwiplib.obj (.text:netif_loop_output_ipv4)
                  0021d0c4    00000004     --HOLE-- [fill = 0]
                  0021d0c8    00000002     startup_ccs.obj (.text:FaultISR)
                  0021d0ca    00000006     --HOLE-- [fill = 0]
                  0021d0d0    00000002     startup_ccs.obj (.text:IntDefaultHandler)
                  0021d0d2    00000006     --HOLE-- [fill = 0]
                  0021d0d8    00000002     startup_ccs.obj (.text:NmiSR)
                  0021d0da    00000006     --HOLE-- [fill = 0]
                  0021d0e0    00000002     ptp_slave_sync.obj (.text:ptp_slave_run)
                  0021d0e2    00000006     --HOLE-- [fill = 0]
                  0021d0e8    00000002     ModbusTcp.obj (.text:tcp_error_cb)
                  0021d0ea    00000002     --HOLE-- [fill = 0]
                  0021d0ec    00000008     driverlib_cm.lib : flash.obj (.tramp.Flash_initModule.1)
                  0021d0f4    00000008                      : sysctl.obj (.tramp.SysCtl_delay.1)

MODULE SUMMARY

       Module                       code    ro data   rw data
       ------                       ----    -------   -------
    .\Driver\
       Eth_mii.obj                  1120    0         4848   
       f2838xif.obj                 684     0         116    
       Drv_I2C_RTC.obj              634     0         14     
       Drv_Timer.obj                500     0         34     
       Drv_I2CA.obj                 382     0         1      
       Drv_I2C_EE.obj               340     0         0      
       Drv_LED.obj                  28      0         0      
    +--+----------------------------+-------+---------+---------+
       Total:                       3688    0         5013   
                                                             
    .\Driver\W5500\
       w5500_conf.obj               668     0         46     
       w5500.obj                    658     0         48     
       socket.obj                   506     0         0      
       utility.obj                  22      0         0      
    +--+----------------------------+-------+---------+---------+
       Total:                       1854    0         94     
                                                             
    .\Driver\device\
       cm.obj                       218     0         0      
    +--+----------------------------+-------+---------+---------+
       Total:                       218     0         0      
                                                             
    .\lib\utils\
       lwiplib.obj                  21374   456       46298  
    +--+----------------------------+-------+---------+---------+
       Total:                       21374   456       46298  
                                                             
    .\src\
       ModbusRtu.obj                616     2048      844    
       modbus_Param.obj             2618    0         420    
       bsp.obj                      932     0         1298   
       ModbusTcp.obj                1098    0         1037   
       ptp_slave_sync.obj           1654    0         460    
       ptp_master_sync.obj          878     0         652    
       ipc_cm.obj                   348     0         597    
       main.obj                     342     0         4      
       startup_ccs.obj              12      320       0      
       obj_debug.obj                284     0         4      
    +--+----------------------------+-------+---------+---------+
       Total:                       8782    2368      5316   
                                                             
    ../Driver/device/driverlib_cm.lib
       ethernet.obj                 4896    0         1208   
       ipc.obj                      156     272       1088   
       interrupt.obj                408     0         320    
       flash.obj                    244     0         0      
       sysctl.obj                   116     0         0      
       cputimer.obj                 14      0         0      
       platform_port.obj            12      0         0      
    +--+----------------------------+-------+---------+---------+
       Total:                       5846    272       2616   
                                                             
    C:\ti\ccs1280\ccs\tools\compiler\ti-cgt-arm_20.2.7.LTS\lib\rtsv7M4_T_le_eabi.lib
       _printfi.c.obj               4835    0         0      
       memory.c.obj                 672     0         8      
       ctype.c.obj                  0       514       0      
       fd_add_t2.asm.obj            438     0         0      
       defs.c.obj                   0       0         416    
       trgmsg.c.obj                 108     0         288    
       fd_div_t2.asm.obj            310     0         0      
       fputs.c.obj                  276     0         0      
       fd_cmp_t2.asm.obj            268     0         0      
       fd_mul_t2.asm.obj            252     0         0      
       fs_add_t2.asm.obj            250     0         0      
       setvbuf.c.obj                220     0         0      
       s_scalbn.c.obj               208     0         0      
       host_device.c.obj            0       0         200    
       memcpy_t2.asm.obj            156     0         0      
       ull_div_t2.asm.obj           150     0         0      
       fs_div_t2.asm.obj            146     0         0      
       fputc.c.obj                  140     0         0      
       fs_mul_t2.asm.obj            122     0         0      
       memset_t2.asm.obj            122     0         0      
       fclose.c.obj                 116     0         0      
       getdevice.c.obj              116     0         0      
       printf.c.obj                 112     0         0      
       hostrename.c.obj             108     0         0      
       copy_decompress_lzss.c.obj   104     0         0      
       hostlseek.c.obj              104     0         0      
       hostopen.c.obj               96      0         8      
       fseek.c.obj                  100     0         0      
       _io_perm.c.obj               98      0         0      
       s_frexp.c.obj                92      0         0      
       exit.c.obj                   76      0         12     
       hostread.c.obj               88      0         0      
       hostwrite.c.obj              88      0         0      
       _ltoa.c.obj                  84      0         0      
       atoi.c.obj                   76      0         0      
       fflush.c.obj                 76      0         0      
       fd_toi_t2.asm.obj            72      0         0      
       autoinit.c.obj               68      0         0      
       hostclose.c.obj              68      0         0      
       hostunlink.c.obj             68      0         0      
       fs_toi_t2.asm.obj            56      0         0      
       rand.c.obj                   52      0         4      
       strncpy.c.obj                54      0         0      
       fopen.c.obj                  52      0         0      
       fs_tou_t2.asm.obj            52      0         0      
       i_tofd_t2.asm.obj            46      0         0      
       unlink.c.obj                 44      0         0      
       lseek.c.obj                  40      0         0      
       write.c.obj                  40      0         0      
       boot_cortex_m.c.obj          36      0         0      
       memcmp.c.obj                 36      0         0      
       u_tofs_t2.asm.obj            36      0         0      
       memchr.c.obj                 32      0         0      
       memccpy.c.obj                28      0         0      
       strcmp.c.obj                 24      0         0      
       strchr.c.obj                 22      0         0      
       strcpy.c.obj                 20      0         0      
       strlen.c.obj                 20      0         0      
       wcslen.c.obj                 18      0         0      
       copy_decompress_none.c.obj   14      0         0      
       copy_zero_init.c.obj         12      0         0      
       errno.c.obj                  8       0         4      
       s_copysign.c.obj             12      0         0      
       _lock.c.obj                  2       0         8      
       pre_init.c.obj               4       0         0      
       div0.asm.obj                 2       0         0      
[...]
0021b469  ModbusRtu2_Poll                           
0021b4a9  f2838xif_init                             
0021b5e1  __TI_writemsg                             
0021b60f  C$$IO$$                                   
0021b651  ipc_init                                  
0021b731  __aeabi_f2iz                              
0021b769  tcp_recved                                
0021b7a1  f2838xif_interrupt                        
0021b7d9  listen                                    
0021b811  pbuf_remove_header                        
0021b847  strncpy                                   
0021b87d  IPC_sendCommand                           
0021b8b1  Interrupt_registerHandler                 
0021b8e5  SysCtl_resetPeripheral                    
0021b919  __TI_cleanup                              
0021b94d  __TI_readmsg                              
0021b9f1  pbuf_free_ooseq                           
0021ba25  rand                                      
0021ba59  __aeabi_f2uiz                             
0021bac9  tcp_timer_needed                          
0021bb01  IINCHIP_WRITE                             
0021bb39  ip4_addr_isbroadcast_u32                  
0021bb71  IINCHIP_READ                              
0021bbd1  ModbusTcp1_Poll                           
0021bc01  ModbusTcp2_Poll                           
0021bc31  finddevice                                
0021bc61  i2cA_Stop                                 
0021bc91  i2cA_WaitAck                              
0021bcc1  inet_chksum_pseudo                        
0021bcc1  ip_chksum_pseudo                          
0021bcf1  lwIPInit                                  
0021bd51  tcp_recv_null                             
0021bd81  tcp_update_rcv_ann_wnd                    
0021bdb1  udp_netif_ip_addr_changed                 
0021bde1  Ethernet_updateSysTimePTP                 
0021be11  recv                                      
0021be3f  __aeabi_i2d                               
0021be71  tcp_keepalive                             
0021bea1  Cm_Fault_Reset                            
0021bed1  Ethernet_receivePacketCallbackCustom      
0021befd  SysCtl_enablePeripheral                   
0021bf29  i2cA_Start                                
0021bf89  memp_init_pool                            
0021bfb9  pbuf_cat                                  
0021c019  udpDebug_Init                             
0021c045  remove                                    
0021c045  unlink                                    
0021c0c1  lseek                                     
0021c0e9  memp_init                                 
0021c111  netif_get_by_index                        
0021c1b1  write                                     
0021c1d9  Ethernet_selectTargetInterruptOrPulsePPS  
0021c201  close                                     
0021c229  pbuf_alloc_reference                      
0021c24f  Ethernet_setFixedModePPS                  
0021c275  IPC_registerInterrupt                     
0021c2e5  _c_int00_noargs                           
0021c381  i2cA_Ack                                  
0021c3a9  i2cA_NAck                                 
0021c3d1  lwIPEthernetIntHandler                    
0021c3f5  memcmp                                    
0021c43d  __aeabi_ui2f                              
0021c461  tcp_seg_copy                              
0021c489  w5500_init                                
0021c4ad  Ethernet_enableSysTimePTP                 
0021c4d1  tcp_eff_send_mss_netif                    
0021c541  ip4_output_if                             
0021c561  memchr                                    
0021c581  pbuf_clone                                
0021c5a1  reset_w5500                               
0021c5c1  tcp_close                                 
0021c5e1  tcp_tmr                                   
0021c601  Ethernet_enableMACRxQ                     
0021c621  Ethernet_releaseTxPacketBufferCustom      
0021c63f  Ethernet_setSysTimePTP                    
0021c69b  Ethernet_setMACAddr                       
0021c6b7  Ethernet_setMTLTxQueueOpMode              
0021c6d9  bsp_init                                  
0021c6f9  disconnect                                
0021c731  gpio_for_w5500_config                     
0021c751  lwip_init                                 
0021c76d  memccpy                                   
0021c7a9  udp_new                                   
0021c7c5  Ethernet_configureEEEClockGatingControl   
0021c7df  Ethernet_getOneStepTransmitTimestampPTP   
0021c819  lwip_htonl                                
0021c839  netif_set_link_up                         
0021c859  netif_set_up                              
0021c879  upDataHoldingCBReg                        
0021c893  Ethernet_getSysTimePTP                    
0021c8ad  Ethernet_isTimestampIntActive             
0021c8c5  Ethernet_isTransmitTimestampStatusSet     
0021c8f9  memp_free                                 
0021c911  memp_malloc                               
0021c959  strcmp                                    
0021c989  sys_timeouts_init                         
0021c9a1  tcp_init                                  
0021c9b9  tcp_next_iss                              
0021c9e9  tcp_seg_free                              
0021ca01  udp_init                                  
0021ca19  Ethernet_getMACAddr                       
0021ca2f  Ethernet_setMTLRxQueueOpMode              
0021ca61  delay_ms                                  
0021ca79  pbuf_ref                                  
0021ca8f  strchr                                    
0021caa9  Drv_Timer_usDelay                         
0021cabd  Ethernet_disableRxDMAReception            
0021cad1  Ethernet_enableRxDMAReception             
0021cae5  Ethernet_setRxDescRingLength              
0021caf9  Ethernet_setTxDescRingLength              
0021cb59  pbuf_clen                                 
0021cb6d  strcpy                                    
0021cb81  strlen                                    
0021cb99  tcp_segs_free                             
0021cbb1  udp_disconnect                            
0021cbc5  Ethernet_disableDmaInterrupt              
0021cbd7  Ethernet_enableDmaInterrupt               
0021cc01  tcp_free_ooseq                            
0021cc19  tcp_rexmit_rto                            
0021cc31  tcp_rexmit_rto_commit                     
0021cc73  wcslen                                    
0021cc89  Drv_I2CA_Init                             
0021cc99  Drv_Led_Init                              
0021cc99  Drv_Led_Off                               
0021cca9  Ethernet_configureMDIO                    
0021ccb9  Ethernet_enableMTLInterrupt               
0021ccc9  Ethernet_getRxERICount                    
0021ccd9  Ethernet_resetModule                      
0021cce9  sys_arch_protect                          
0021cd09  cpuTimer1ISR                              
0021cd29  lwIPHostTimerHandler                      
0021cd39  lwIPTimer                                 
0021cd59  pbuf_chain                                
0021cd99  sys_timeout                               
0021cdb9  tcp_trigger_input_pcb_close               
0021cdc9  iinchip_cs_low                            
0021cdd9  iinchip_cs_high                           
0021cde9  CPUTimer_setEmulationMode                 
0021cdf7  Ethernet_disableTxEEEMode                 
0021ce05  Ethernet_setPeriodPPS                     
0021ce13  __TI_decompress_none                      
0021ce41  Drv_Led_toggle                            
0021ce4d  Ethernet_clearDMAChannelInterrupt         
0021ce59  Ethernet_configureRevMIIAddress           
0021ce65  Ethernet_setMTLOpmode                     
0021ce71  Ethernet_writeRxDescListAddress           
0021ce7d  Ethernet_writeRxDescTailPointer           
0021ce89  Ethernet_writeTxDescListAddress           
0021ce95  Ethernet_writeTxDescTailPointer           
0021cea1  copysign                                  
0021cea1  copysignl                                 
0021cead  __TI_zero_init                            
0021ceb9  etharp_request                            
0021cec9  getGAR                                    
0021ced9  getIINCHIP_TxMAX                          
0021cee9  getSIPR                                   
0021cef9  getSUBR                                   
0021cf09  inet_chksum                               
0021cf19  lwip_htons                                
0021cf29  netif_set_default                         
0021cf39  setGAR                                    
0021cf49  setSHAR                                   
0021cf59  setSIPR                                   
0021cf69  setSUBR                                   
0021cf79  sys_now                                   
0021cf89  tcp_accept                                
0021cf99  Ethernet_clearMACConfigurationCustom      
0021cfa3  Ethernet_getPHYMode                       
0021cfc1  getSn_IR                                  
0021cfd1  getSn_SR                                  
0021cfe1  setSn_IR                                  
0021cff1  tcp_poll                                  
0021d001  BEBufToUint16                             
0021d009  Ethernet_configurePHYAddress              
0021d011  Ethernet_setDMAMode                       
0021d019  Ethernet_setMACConfiguration              
0021d021  Ethernet_setMACConfigurationCustom        
0021d029  Ethernet_setMACPacketFilter               
0021d031  __aeabi_errno_addr                        
0021d039  icmp_dest_unreach                         
0021d041  malloc                                    
0021d049  rtc_init                                  
0021d051  sys_arch_unprotect                        
0021d059  tcp_err                                   
0021d061  tcp_free                                  
0021d071  tcp_recv                                  
0021d079  udp_recv                                  
0021d081  SysTickIntHandler                         
0021d099  pbuf_add_header                           
0021d0a1  pbuf_header_force                         
0021d0a9  tcp_abort                                 
0021d0b1  tcp_listen_with_backlog                   
0021d0b9  tcp_new                                   
0021d0e1  ptp_slave_run                             
1fffc000  __stack                                   
1fffc800  __STACK_END                               
20000800  __start___llvm_prf_cnts                   
20000800  __stop___llvm_prf_cnts                    
20000800  memp_memory_PBUF_POOL_base                
20009f84  ram_heap                                  
2000af98  Ethernet_rxBuffer                         
2000bb9c  pktDescriptorRXCustom                     
2000c25c  memp_memory_TCP_PCB_base                  
2000c740  Ethernet_device_struct                    
2000c99c  Ethernet_descArray                        
2000cb9c  Mod1_RxBuf                                
2000cd40  Mod2_RxBuf                                
2000cee4  __CIOBUF_                                 
2000d004  memp_memory_PBUF_base                     
2000d108  memp_memory_TCP_SEG_base                  
2000d20c  memp_memory_UDP_PCB_base                  
2000d310  memp_memory_ARP_QUEUE_base                
2000d4f4  memp_memory_TCP_PCB_LISTEN_base           
2000d5d8  CmIpc_cm2cpu                              
2000d696  MbTcp1_RxCnt                              
2000d698  lwip_stats                                
2000d754  __TI_tmpnams                              
2000d7f4  CmIpc_cpu2cm                              
2000d88a  status_RegHoldingBuf_w                    
2000d902  Mod1_RxCnt                                
2000d9d8  debug_RegHoldingBuf_w                     
2000da3c  param_RegHoldingBuf_w                     
2000daa0  ipcRx_DebugData                           
2000dc40  control_RegHoldingBuf_w                   
2000dc7c  fault_RegHoldingBuf_w                     
2000dca4  memp_memory_SYS_TIMEOUT_base              
2000dce8  ConfigMsg                                 
2000dd04  ip_data                                   
2000dd1c  CmLocalParam                              
2000dd40  Str_RtcTime                               
2000dd9e  Mod2_RxCnt                                
2000dda0  debug_delayMS                             
2000dda8  debug_delaySM                             
2000ddb0  debug_meanPathDelay                       
2000ddb8  debug_t1                                  
2000ddc0  debug_t2                                  
2000ddc8  debug_t3                                  
2000ddd0  debug_t4                                  
2000ddd8  parmbuf                                   
2000dde0  emac_handle                               
2000dde4  g_upcb                                    
2000dde8  lwipMb_pcb                                
2000ddec  netif_default                             
2000ddf0  netif_list                                
2000ddf4  pInitCfg                                  
2000ddf8  pktCounter                                
2000ddfc  tcp_active_pcbs                           
2000de00  tcp_bound_pcbs                            
2000de04  tcp_input_pcb                             
2000de08  tcp_listen_pcbs                           
2000de0c  tcp_ticks                                 
2000de10  tcp_tw_pcbs                               
2000de14  udp_pcbs                                  
2000de18  m_st_TimerFlag                            
2000de1a  mb2_TimeOut                               
2000de1c  mb2_ConStatus                             
2000de1d  pbuf_free_ooseq_pending                   
2000de1e  tcp_active_pcbs_changed                   
2000de20  store_param                               
2000e1c0  MbTcp1_RxBuf                              
2000e3c0  MbTcp2_RxBuf                              
2000e5c0  _ftable                                   
2000e908  _device                                   
2000e9f0  Ethernet_numTxPktFreeCallback             
2000e9f4  Ethernet_numRxCallback                    
2000e9f8  Ethernet_numGetPacketBufferCallback       
2000e9fc  Ethernet_txInterruptCount                 
2000ea00  Ethernet_rxInterruptCount                 
2000ea04  Ethernet_rxContextTimeStamp               
2000ea08  Ethernet_genericInterruptCount            
2000ea0c  Ethernet_earlyRxInterruptCount            
2000ea10  Ethernet_earlyTxInterruptCount            
2000ea14  Ethernet_genericRxCompletionInterruptCount
2000ea18  Ethernet_phyLinkStatusChangeInterruptCount
2000ea1c  Ethernet_rxReplacementFailedCount         
2000ea20  Ethernet_eeeTxLPIEntryCount               
2000ea24  Ethernet_eeeTxLPIExitCount                
2000ea28  Ethernet_eeeRxLPIEntryCount               
2000ea2c  Ethernet_eeeRxLPIExitCount                
2000ea30  Ethernet_pmtInterruptCount                
2000ea34  Ethernet_magicPktReceivedCount            
2000ea38  Ethernet_rwakeupPktReceivedCount          
2000ea3c  Ethernet_txChan0BufUnavail                
2000ea40  Ethernet_rxChan0BufUnavail                
2000ea44  Ethernet_txChan1BufUnavail                
2000ea48  Ethernet_rxChan1BufUnavail                
2000ea4c  _stream                                   
2000eae4  Ethernet_numRxCallbackCustom              
2000eae8  releaseTxCount                            
2000eaec  genericISRCustomcount                     
2000eaf0  genericISRCustomRBUcount                  
2000eaf4  genericISRCustomROVcount                  
2000eaf8  genericISRCustomRIcount                   
2000eafc  sendPacketFailedCount                     
2000eb00  cnt_ms_lwip_Htimer                        
2000eb04  cnt_ms_TX_Htimer                          
2000eb14  debug_master_target_hit_cnt               
2000eb18  debug_master_sync_send_cnt                
2000eb1c  debug_master_sync_release_cnt             
2000eb20  debug_master_delayreq_rx_cnt              
2000eb24  debug_master_delayresp_send_cnt           
2000eb28  debug_master_delayresp_release_cnt        
2000eb30  g_ui32LocalTimer                          
2000eb50  debug_tx_callback_cnt                     
2000eb54  debug_delayreq_tx_cnt                     
2000eb58  debug_delayresp_rx_cnt                    
2000eb5c  debug_last_msg_type                       
2000eb5e  debug_delayreq_seqid                      
2000eb60  RSIZE                                     
2000eb70  SSIZE                                     
2000eb80  mem_alloc_count                           
2000eb84  mem_free_count                            
2000eb88  process_transmit_count                    
2000eb8c  descriptorFreeErr                         
2000eb90  __TI_ft_end                               
2000eb94  __aeabi_stdin                             
2000eb98  __aeabi_stdout                            
2000eb9c  __aeabi_stderr                            
2000eba0  __TI_cleanup_ptr                          
2000eba4  __TI_dtors_ptr                            
2000eba8  __TI_enable_exit_profile_output           
2000ebac  i8_IntCnt                                 
2000ebb6  local_port                                
2000ebb8  _lock                                     
2000ebbc  _unlock                                   
2000ebc8  rxsize                                    
2000ebd0  txsize                                    
2000ebd8  cpuIpc_flag                               
2000ebda  IpcCpu2Cm_ErrCnt                          
2000ebdc  flag_ipcRx                                
2000ebdd  I2CA_Busy                                 
2000ebde  mb1_TimeOut                               
2000ebe0  MbTcp2_RxCnt                              
2000ebe2  dns_server                                
2000ebe6  gateway                                   
2000ebea  local_ip                                  
2000ebf0  systickPeriodValue                        
2000ebf4  errno                                     
2000ebfc  subnet                                    
2000ec00  constRunStart                             
2000ee00  s_CRCLo                                   
2000f000  _ctypes_                                  
2000f104  IPC_Instance                              
2000f18c  memp_pools                                
2000f1ac  lwip_cyclic_timers                        
2000f1bc  memp_ARP_QUEUE                            
2000f1cc  memp_PBUF                                 
2000f1dc  memp_PBUF_POOL                            
2000f1ec  memp_SYS_TIMEOUT                          
2000f1fc  memp_TCP_PCB                              
2000f20c  memp_TCP_PCB_LISTEN                       
2000f21c  memp_TCP_SEG                              
2000f22c  memp_UDP_PCB                              
2000f23c  tcp_pcb_lists                             
2000f260  ethbroadcast                              
2000f266  ethzero                                   
2000f26c  ip_addr_any                               
2000f270  RamfuncsRunStart                          
2000f270  constRunEnd                               
2000f271  Flash_initModule                          
2000f2e7  SysCtl_delay                              
2000f2ec  RamfuncsRunEnd                            
2000f2f0  _sys_memory                               
2000f400  vectorTableRAM                            
20080000  IPC_CM_To_CPU1_GetBuffer                  
20082000  pDatCmtoCpu1                              
20082200  IPC_CM_To_CPU1_PutBuffer                  
20084000  IPC_CM_To_CPU2_GetBuffer                  
20086000  IPC_CM_To_CPU2_PutBuffer                  
ffffffff  __TI_pprof_out_hndl                       
ffffffff  __TI_prof_data_size                       
ffffffff  __TI_prof_data_start                      
ffffffff  __binit__                                 
ffffffff  __c_args__                                
ffffffff  binit                                     
UNDEFED   __mpu_init                                
UNDEFED   _system_post_cinit                        

[585 symbols]
