<?xml version="1.0" encoding="ISO-8859-1" ?>
<link_info>
   <banner>TMS320C2000 Linker PC v22.6.1.LTS</banner>
   <copyright>Copyright (c) 1996-2018 Texas Instruments Incorporated</copyright>
   <link_time>0x6a02b9f9</link_time>
   <link_errors>0x0</link_errors>
   <output_file>PCS150KW_c28x_cpu1_V4.0.out</output_file>
   <entry_point>
      <name>code_start</name>
      <address>0x80000</address>
   </entry_point>
   <input_file_list>
      <input_file id="fl-2">
         <path>.\syscfg\</path>
         <kind>object</kind>
         <file>board.obj</file>
         <name>board.obj</name>
      </input_file>
      <input_file id="fl-3">
         <path>.\syscfg\</path>
         <kind>object</kind>
         <file>clb_config.obj</file>
         <name>clb_config.obj</name>
      </input_file>
      <input_file id="fl-4">
         <path>.\syscfg\</path>
         <kind>object</kind>
         <file>clb_sim.obj</file>
         <name>clb_sim.obj</name>
      </input_file>
      <input_file id="fl-5">
         <path>.\syscfg\</path>
         <kind>object</kind>
         <file>c2000ware_libraries.obj</file>
         <name>c2000ware_libraries.obj</name>
      </input_file>
      <input_file id="fl-6">
         <path>.\</path>
         <kind>object</kind>
         <file>main.obj</file>
         <name>main.obj</name>
      </input_file>
      <input_file id="fl-7">
         <path>.\App\</path>
         <kind>object</kind>
         <file>bsp.obj</file>
         <name>bsp.obj</name>
      </input_file>
      <input_file id="fl-8">
         <path>.\App\</path>
         <kind>object</kind>
         <file>obj_Control.obj</file>
         <name>obj_Control.obj</name>
      </input_file>
      <input_file id="fl-9">
         <path>.\App\</path>
         <kind>object</kind>
         <file>obj_OutMeter.obj</file>
         <name>obj_OutMeter.obj</name>
      </input_file>
      <input_file id="fl-a">
         <path>.\App\</path>
         <kind>object</kind>
         <file>obj_Protect.obj</file>
         <name>obj_Protect.obj</name>
      </input_file>
      <input_file id="fl-b">
         <path>.\App\</path>
         <kind>object</kind>
         <file>obj_ipc.obj</file>
         <name>obj_ipc.obj</name>
      </input_file>
      <input_file id="fl-c">
         <path>.\App\</path>
         <kind>object</kind>
         <file>pwm_master_sync.obj</file>
         <name>pwm_master_sync.obj</name>
      </input_file>
      <input_file id="fl-d">
         <path>.\App\</path>
         <kind>object</kind>
         <file>pwm_slave_sync.obj</file>
         <name>pwm_slave_sync.obj</name>
      </input_file>
      <input_file id="fl-e">
         <path>.\CLA\</path>
         <kind>object</kind>
         <file>claAlg.obj</file>
         <name>claAlg.obj</name>
      </input_file>
      <input_file id="fl-f">
         <path>.\CLA\</path>
         <kind>object</kind>
         <file>initial_CLA.obj</file>
         <name>initial_CLA.obj</name>
      </input_file>
      <input_file id="fl-10">
         <path>.\Driver\</path>
         <kind>object</kind>
         <file>Drv_ADC.obj</file>
         <name>Drv_ADC.obj</name>
      </input_file>
      <input_file id="fl-11">
         <path>.\Driver\</path>
         <kind>object</kind>
         <file>Drv_CAN.obj</file>
         <name>Drv_CAN.obj</name>
      </input_file>
      <input_file id="fl-12">
         <path>.\Driver\</path>
         <kind>object</kind>
         <file>Drv_DIN.obj</file>
         <name>Drv_DIN.obj</name>
      </input_file>
      <input_file id="fl-13">
         <path>.\Driver\</path>
         <kind>object</kind>
         <file>Drv_DO.obj</file>
         <name>Drv_DO.obj</name>
      </input_file>
      <input_file id="fl-14">
         <path>.\Driver\</path>
         <kind>object</kind>
         <file>Drv_EtherNet.obj</file>
         <name>Drv_EtherNet.obj</name>
      </input_file>
      <input_file id="fl-15">
         <path>.\Driver\</path>
         <kind>object</kind>
         <file>Drv_I2CA.obj</file>
         <name>Drv_I2CA.obj</name>
      </input_file>
      <input_file id="fl-16">
         <path>.\Driver\</path>
         <kind>object</kind>
         <file>Drv_LED.obj</file>
         <name>Drv_LED.obj</name>
      </input_file>
      <input_file id="fl-17">
         <path>.\Driver\</path>
         <kind>object</kind>
         <file>Drv_PWM.obj</file>
         <name>Drv_PWM.obj</name>
      </input_file>
      <input_file id="fl-18">
         <path>.\Driver\</path>
         <kind>object</kind>
         <file>Drv_SCIB.obj</file>
         <name>Drv_SCIB.obj</name>
      </input_file>
      <input_file id="fl-19">
         <path>.\Driver\</path>
         <kind>object</kind>
         <file>Drv_SCIC.obj</file>
         <name>Drv_SCIC.obj</name>
      </input_file>
      <input_file id="fl-1a">
         <path>.\Driver\</path>
         <kind>object</kind>
         <file>Drv_SCID.obj</file>
         <name>Drv_SCID.obj</name>
      </input_file>
      <input_file id="fl-1b">
         <path>.\Driver\</path>
         <kind>object</kind>
         <file>Drv_SSI.obj</file>
         <name>Drv_SSI.obj</name>
      </input_file>
      <input_file id="fl-1c">
         <path>.\Driver\</path>
         <kind>object</kind>
         <file>Drv_Timer.obj</file>
         <name>Drv_Timer.obj</name>
      </input_file>
      <input_file id="fl-1d">
         <path>.\Driver\</path>
         <kind>object</kind>
         <file>Drv_UartA.obj</file>
         <name>Drv_UartA.obj</name>
      </input_file>
      <input_file id="fl-1e">
         <path>.\Driver\</path>
         <kind>object</kind>
         <file>Drv_W5500.obj</file>
         <name>Drv_W5500.obj</name>
      </input_file>
      <input_file id="fl-1f">
         <path>.\Driver\</path>
         <kind>object</kind>
         <file>Drv_tca9535_IO1.obj</file>
         <name>Drv_tca9535_IO1.obj</name>
      </input_file>
      <input_file id="fl-20">
         <path>.\Driver\</path>
         <kind>object</kind>
         <file>Drv_tca9535_IO2.obj</file>
         <name>Drv_tca9535_IO2.obj</name>
      </input_file>
      <input_file id="fl-21">
         <path>.\Driver\device\</path>
         <kind>object</kind>
         <file>device.obj</file>
         <name>device.obj</name>
      </input_file>
      <input_file id="fl-22">
         <path>.\Driver\device\</path>
         <kind>object</kind>
         <file>f2838x_codestartbranch.obj</file>
         <name>f2838x_codestartbranch.obj</name>
      </input_file>
      <input_file id="fl-23">
         <path>.\Driver\device\driverlib\</path>
         <kind>object</kind>
         <file>adc.obj</file>
         <name>adc.obj</name>
      </input_file>
      <input_file id="fl-24">
         <path>.\Driver\device\driverlib\</path>
         <kind>object</kind>
         <file>asysctl.obj</file>
         <name>asysctl.obj</name>
      </input_file>
      <input_file id="fl-25">
         <path>.\Driver\device\driverlib\</path>
         <kind>object</kind>
         <file>bgcrc.obj</file>
         <name>bgcrc.obj</name>
      </input_file>
      <input_file id="fl-26">
         <path>.\Driver\device\driverlib\</path>
         <kind>object</kind>
         <file>can.obj</file>
         <name>can.obj</name>
      </input_file>
      <input_file id="fl-27">
         <path>.\Driver\device\driverlib\</path>
         <kind>object</kind>
         <file>cla.obj</file>
         <name>cla.obj</name>
      </input_file>
      <input_file id="fl-28">
         <path>.\Driver\device\driverlib\</path>
         <kind>object</kind>
         <file>clb.obj</file>
         <name>clb.obj</name>
      </input_file>
      <input_file id="fl-29">
         <path>.\Driver\device\driverlib\</path>
         <kind>object</kind>
         <file>cmpss.obj</file>
         <name>cmpss.obj</name>
      </input_file>
      <input_file id="fl-2a">
         <path>.\Driver\device\driverlib\</path>
         <kind>object</kind>
         <file>cputimer.obj</file>
         <name>cputimer.obj</name>
      </input_file>
      <input_file id="fl-2b">
         <path>.\Driver\device\driverlib\</path>
         <kind>object</kind>
         <file>dac.obj</file>
         <name>dac.obj</name>
      </input_file>
      <input_file id="fl-2c">
         <path>.\Driver\device\driverlib\</path>
         <kind>object</kind>
         <file>dcc.obj</file>
         <name>dcc.obj</name>
      </input_file>
      <input_file id="fl-2d">
         <path>.\Driver\device\driverlib\</path>
         <kind>object</kind>
         <file>dcsm.obj</file>
         <name>dcsm.obj</name>
      </input_file>
      <input_file id="fl-2e">
         <path>.\Driver\device\driverlib\</path>
         <kind>object</kind>
         <file>dma.obj</file>
         <name>dma.obj</name>
      </input_file>
      <input_file id="fl-2f">
         <path>.\Driver\device\driverlib\</path>
         <kind>object</kind>
         <file>ecap.obj</file>
         <name>ecap.obj</name>
      </input_file>
      <input_file id="fl-30">
         <path>.\Driver\device\driverlib\</path>
         <kind>object</kind>
         <file>emif.obj</file>
         <name>emif.obj</name>
      </input_file>
      <input_file id="fl-31">
         <path>.\Driver\device\driverlib\</path>
         <kind>object</kind>
         <file>epwm.obj</file>
         <name>epwm.obj</name>
      </input_file>
      <input_file id="fl-32">
         <path>.\Driver\device\driverlib\</path>
         <kind>object</kind>
         <file>eqep.obj</file>
         <name>eqep.obj</name>
      </input_file>
      <input_file id="fl-33">
         <path>.\Driver\device\driverlib\</path>
         <kind>object</kind>
         <file>erad.obj</file>
         <name>erad.obj</name>
      </input_file>
      <input_file id="fl-34">
         <path>.\Driver\device\driverlib\</path>
         <kind>object</kind>
         <file>escss.obj</file>
         <name>escss.obj</name>
      </input_file>
      <input_file id="fl-35">
         <path>.\Driver\device\driverlib\</path>
         <kind>object</kind>
         <file>flash.obj</file>
         <name>flash.obj</name>
      </input_file>
      <input_file id="fl-36">
         <path>.\Driver\device\driverlib\</path>
         <kind>object</kind>
         <file>fsi.obj</file>
         <name>fsi.obj</name>
      </input_file>
      <input_file id="fl-37">
         <path>.\Driver\device\driverlib\</path>
         <kind>object</kind>
         <file>gpio.obj</file>
         <name>gpio.obj</name>
      </input_file>
      <input_file id="fl-38">
         <path>.\Driver\device\driverlib\</path>
         <kind>object</kind>
         <file>hrcap.obj</file>
         <name>hrcap.obj</name>
      </input_file>
      <input_file id="fl-39">
         <path>.\Driver\device\driverlib\</path>
         <kind>object</kind>
         <file>hrpwm.obj</file>
         <name>hrpwm.obj</name>
      </input_file>
      <input_file id="fl-3a">
         <path>.\Driver\device\driverlib\</path>
         <kind>object</kind>
         <file>i2c.obj</file>
         <name>i2c.obj</name>
      </input_file>
      <input_file id="fl-3b">
         <path>.\Driver\device\driverlib\</path>
         <kind>object</kind>
         <file>interrupt.obj</file>
         <name>interrupt.obj</name>
      </input_file>
      <input_file id="fl-3c">
         <path>.\Driver\device\driverlib\</path>
         <kind>object</kind>
         <file>ipc.obj</file>
         <name>ipc.obj</name>
      </input_file>
      <input_file id="fl-3d">
         <path>.\Driver\device\driverlib\</path>
         <kind>object</kind>
         <file>mcan.obj</file>
         <name>mcan.obj</name>
      </input_file>
      <input_file id="fl-3e">
         <path>.\Driver\device\driverlib\</path>
         <kind>object</kind>
         <file>mcbsp.obj</file>
         <name>mcbsp.obj</name>
      </input_file>
      <input_file id="fl-3f">
         <path>.\Driver\device\driverlib\</path>
         <kind>object</kind>
         <file>memcfg.obj</file>
         <name>memcfg.obj</name>
      </input_file>
      <input_file id="fl-40">
         <path>.\Driver\device\driverlib\</path>
         <kind>object</kind>
         <file>pmbus.obj</file>
         <name>pmbus.obj</name>
      </input_file>
      <input_file id="fl-41">
         <path>.\Driver\device\driverlib\</path>
         <kind>object</kind>
         <file>sci.obj</file>
         <name>sci.obj</name>
      </input_file>
      <input_file id="fl-42">
         <path>.\Driver\device\driverlib\</path>
         <kind>object</kind>
         <file>sdfm.obj</file>
         <name>sdfm.obj</name>
      </input_file>
      <input_file id="fl-43">
         <path>.\Driver\device\driverlib\</path>
         <kind>object</kind>
         <file>spi.obj</file>
         <name>spi.obj</name>
      </input_file>
      <input_file id="fl-44">
         <path>.\Driver\device\driverlib\</path>
         <kind>object</kind>
         <file>sysctl.obj</file>
         <name>sysctl.obj</name>
      </input_file>
      <input_file id="fl-45">
         <path>.\Driver\device\driverlib\</path>
         <kind>object</kind>
         <file>usb.obj</file>
         <name>usb.obj</name>
      </input_file>
      <input_file id="fl-46">
         <path>.\Driver\device\driverlib\</path>
         <kind>object</kind>
         <file>version.obj</file>
         <name>version.obj</name>
      </input_file>
      <input_file id="fl-47">
         <path>.\Driver\device\driverlib\</path>
         <kind>object</kind>
         <file>xbar.obj</file>
         <name>xbar.obj</name>
      </input_file>
      <input_file id="fl-48">
         <path>.\libraries\DCL\</path>
         <kind>object</kind>
         <file>DCL_PI_C4.obj</file>
         <name>DCL_PI_C4.obj</name>
      </input_file>
      <input_file id="fl-49">
         <path>.\libraries\DCL\</path>
         <kind>object</kind>
         <file>DCL_PI_L1.obj</file>
         <name>DCL_PI_L1.obj</name>
      </input_file>
      <input_file id="fl-4a">
         <path>.\libraries\DCL\</path>
         <kind>object</kind>
         <file>DCL_PI_L2.obj</file>
         <name>DCL_PI_L2.obj</name>
      </input_file>
      <input_file id="fl-4b">
         <path>.\libraries\sfra\</path>
         <kind>object</kind>
         <file>sfra_gui_scicomms_driverlib.obj</file>
         <name>sfra_gui_scicomms_driverlib.obj</name>
      </input_file>
      <input_file id="fl-59">
         <kind>object</kind>
         <file>&lt;internal&gt;</file>
         <name>&lt;internal&gt;</name>
      </input_file>
      <input_file id="fl-5a">
         <path>D:\workspace\CCS\PCS150KW_c28x_cpu1_V4.0\libraries\FPUfastRTS\</path>
         <kind>archive</kind>
         <file>rts2800_fpu32_fast_supplement_eabi.lib</file>
         <name>log_f32.obj</name>
      </input_file>
      <input_file id="fl-5b">
         <path>D:\workspace\CCS\PCS150KW_c28x_cpu1_V4.0\libraries\FPUfastRTS\</path>
         <kind>archive</kind>
         <file>rts2800_fpu32_fast_supplement_eabi.lib</file>
         <name>logtable_f32.obj</name>
      </input_file>
      <input_file id="fl-67">
         <path>C:\ti\ccs1280\ccs\tools\compiler\ti-cgt-c2000_22.6.1.LTS\lib\</path>
         <kind>archive</kind>
         <file>rts2800_fpu32_eabi.lib</file>
         <name>boot28.asm.obj</name>
      </input_file>
      <input_file id="fl-68">
         <path>C:\ti\ccs1280\ccs\tools\compiler\ti-cgt-c2000_22.6.1.LTS\lib\</path>
         <kind>archive</kind>
         <file>rts2800_fpu32_eabi.lib</file>
         <name>ll_cmp28.asm.obj</name>
      </input_file>
      <input_file id="fl-69">
         <path>C:\ti\ccs1280\ccs\tools\compiler\ti-cgt-c2000_22.6.1.LTS\lib\</path>
         <kind>archive</kind>
         <file>rts2800_fpu32_eabi.lib</file>
         <name>memcpy.c.obj</name>
      </input_file>
      <input_file id="fl-6a">
         <path>C:\ti\ccs1280\ccs\tools\compiler\ti-cgt-c2000_22.6.1.LTS\lib\</path>
         <kind>archive</kind>
         <file>rts2800_fpu32_eabi.lib</file>
         <name>pre_init.c.obj</name>
      </input_file>
      <input_file id="fl-6b">
         <path>C:\ti\ccs1280\ccs\tools\compiler\ti-cgt-c2000_22.6.1.LTS\lib\</path>
         <kind>archive</kind>
         <file>rts2800_fpu32_eabi.lib</file>
         <name>autoinit.c.obj</name>
      </input_file>
      <input_file id="fl-6c">
         <path>C:\ti\ccs1280\ccs\tools\compiler\ti-cgt-c2000_22.6.1.LTS\lib\</path>
         <kind>archive</kind>
         <file>rts2800_fpu32_eabi.lib</file>
         <name>copy_zero_init.c.obj</name>
      </input_file>
      <input_file id="fl-6d">
         <path>C:\ti\ccs1280\ccs\tools\compiler\ti-cgt-c2000_22.6.1.LTS\lib\</path>
         <kind>archive</kind>
         <file>rts2800_fpu32_eabi.lib</file>
         <name>copy_decompress_none.c.obj</name>
      </input_file>
      <input_file id="fl-6e">
         <path>C:\ti\ccs1280\ccs\tools\compiler\ti-cgt-c2000_22.6.1.LTS\lib\</path>
         <kind>archive</kind>
         <file>rts2800_fpu32_eabi.lib</file>
         <name>copy_decompress_lzss.c.obj</name>
      </input_file>
      <input_file id="fl-6f">
         <path>C:\ti\ccs1280\ccs\tools\compiler\ti-cgt-c2000_22.6.1.LTS\lib\</path>
         <kind>archive</kind>
         <file>rts2800_fpu32_eabi.lib</file>
         <name>exit.c.obj</name>
      </input_file>
      <input_file id="fl-70">
         <path>C:\ti\ccs1280\ccs\tools\compiler\ti-cgt-c2000_22.6.1.LTS\lib\</path>
         <kind>archive</kind>
         <file>rts2800_fpu32_eabi.lib</file>
         <name>_lock.c.obj</name>
      </input_file>
      <input_file id="fl-71">
         <path>C:\ti\ccs1280\ccs\tools\compiler\ti-cgt-c2000_22.6.1.LTS\lib\</path>
         <kind>archive</kind>
         <file>rts2800_fpu32_eabi.lib</file>
         <name>args_main.c.obj</name>
      </input_file>
      <input_file id="fl-72">
         <path>C:\ti\ccs1280\ccs\tools\compiler\ti-cgt-c2000_22.6.1.LTS\lib\</path>
         <kind>archive</kind>
         <file>rts2800_fpu32_eabi.lib</file>
         <name>memset.c.obj</name>
      </input_file>
      <input_file id="fl-73">
         <path>C:\ti\ccs1280\ccs\tools\compiler\ti-cgt-c2000_22.6.1.LTS\lib\</path>
         <kind>archive</kind>
         <file>rts2800_fpu32_eabi.lib</file>
         <name>cpy_tbl.c.obj</name>
      </input_file>
      <input_file id="fl-74">
         <path>C:\ti\ccs1280\ccs\tools\compiler\ti-cgt-c2000_22.6.1.LTS\lib\</path>
         <kind>archive</kind>
         <file>rts2800_fpu32_eabi.lib</file>
         <name>startup.c.obj</name>
      </input_file>
   </input_file_list>
   <object_component_list>
      <object_component id="oc-33">
         <name>codestart</name>
         <load_address>0x80000</load_address>
         <run_address>0x80000</run_address>
         <size>0x2</size>
         <input_file_ref idref="fl-22"/>
      </object_component>
      <object_component id="oc-2b2">
         <name>.text:obj_PcsOutput_PowerMeasAC</name>
         <load_address>0x88000</load_address>
         <run_address>0x88000</run_address>
         <size>0x5cb</size>
         <input_file_ref idref="fl-9"/>
      </object_component>
      <object_component id="oc-6d5">
         <name>.text:Drv_EPWMx_Init</name>
         <load_address>0x885cb</load_address>
         <run_address>0x885cb</run_address>
         <size>0x51c</size>
         <input_file_ref idref="fl-17"/>
      </object_component>
      <object_component id="oc-587">
         <name>.text:initCLBTILE5</name>
         <load_address>0x88ae7</load_address>
         <run_address>0x88ae7</run_address>
         <size>0x3d9</size>
         <input_file_ref idref="fl-3"/>
      </object_component>
      <object_component id="oc-58d">
         <name>.text:initCLBTILE6</name>
         <load_address>0x88ec0</load_address>
         <run_address>0x88ec0</run_address>
         <size>0x3d9</size>
         <input_file_ref idref="fl-3"/>
      </object_component>
      <object_component id="oc-593">
         <name>.text:initCLBTILE7</name>
         <load_address>0x89299</load_address>
         <run_address>0x89299</run_address>
         <size>0x3d9</size>
         <input_file_ref idref="fl-3"/>
      </object_component>
      <object_component id="oc-599">
         <name>.text:initCLBTILE8</name>
         <load_address>0x89672</load_address>
         <run_address>0x89672</run_address>
         <size>0x3d9</size>
         <input_file_ref idref="fl-3"/>
      </object_component>
      <object_component id="oc-2b8">
         <name>.text:obj_PcsOutput_RmsCalc</name>
         <load_address>0x89a4b</load_address>
         <run_address>0x89a4b</run_address>
         <size>0x2bc</size>
         <input_file_ref idref="fl-9"/>
      </object_component>
      <object_component id="oc-78b">
         <name>.text:DCC_verifyClockFrequency</name>
         <load_address>0x89d07</load_address>
         <run_address>0x89d07</run_address>
         <size>0x290</size>
         <input_file_ref idref="fl-2c"/>
      </object_component>
      <object_component id="oc-723">
         <name>.text:CLB_configCounterLoadMatch</name>
         <load_address>0x89f97</load_address>
         <run_address>0x89f97</run_address>
         <size>0x21e</size>
         <input_file_ref idref="fl-28"/>
      </object_component>
      <object_component id="oc-3ce">
         <name>.text:ScopeDebug_ForceEPwmConfig</name>
         <load_address>0x8a1b5</load_address>
         <run_address>0x8a1b5</run_address>
         <size>0x214</size>
         <input_file_ref idref="fl-c"/>
      </object_component>
      <object_component id="oc-2c4">
         <name>.text:Pcs_GridRef_Pll</name>
         <load_address>0x8a3c9</load_address>
         <run_address>0x8a3c9</run_address>
         <size>0x1fb</size>
         <input_file_ref idref="fl-8"/>
      </object_component>
      <object_component id="oc-49d">
         <name>.text:cpu2claParam_Upgrade</name>
         <load_address>0x8a5c4</load_address>
         <run_address>0x8a5c4</run_address>
         <size>0x1f6</size>
         <input_file_ref idref="fl-7"/>
      </object_component>
      <object_component id="oc-799">
         <name>.text:SysCtl_isPLLValid</name>
         <load_address>0x8a7ba</load_address>
         <run_address>0x8a7ba</run_address>
         <size>0x16c</size>
         <input_file_ref idref="fl-44"/>
      </object_component>
      <object_component id="oc-679">
         <name>.text:Device_enableAllPeripherals</name>
         <load_address>0x8a926</load_address>
         <run_address>0x8a926</run_address>
         <size>0x167</size>
         <input_file_ref idref="fl-21"/>
      </object_component>
      <object_component id="oc-5a5">
         <name>.text:obj_PcsOutput_Init</name>
         <load_address>0x8aa8d</load_address>
         <run_address>0x8aa8d</run_address>
         <size>0x15c</size>
         <input_file_ref idref="fl-9"/>
      </object_component>
      <object_component id="oc-135">
         <name>.text:Master_ServicePpsCapture</name>
         <load_address>0x8abe9</load_address>
         <run_address>0x8abe9</run_address>
         <size>0x141</size>
         <input_file_ref idref="fl-c"/>
      </object_component>
      <object_component id="oc-65b">
         <name>.text:SysCtl_setClock</name>
         <load_address>0x8ad2a</load_address>
         <run_address>0x8ad2a</run_address>
         <size>0x12a</size>
         <input_file_ref idref="fl-44"/>
      </object_component>
      <object_component id="oc-4b9">
         <name>.text:objControl_StateCtrl</name>
         <load_address>0x8ae54</load_address>
         <run_address>0x8ae54</run_address>
         <size>0x128</size>
         <input_file_ref idref="fl-8"/>
      </object_component>
      <object_component id="oc-14d">
         <name>.text:Slave_ServicePpsCapture</name>
         <load_address>0x8af7c</load_address>
         <run_address>0x8af7c</run_address>
         <size>0x11f</size>
         <input_file_ref idref="fl-d"/>
      </object_component>
      <object_component id="oc-2be">
         <name>.text:Pcs_InterRef_Gen</name>
         <load_address>0x8b09b</load_address>
         <run_address>0x8b09b</run_address>
         <size>0xf9</size>
         <input_file_ref idref="fl-8"/>
      </object_component>
      <object_component id="oc-661">
         <name>.text:SysCtl_setAuxClock</name>
         <load_address>0x8b194</load_address>
         <run_address>0x8b194</run_address>
         <size>0xf3</size>
         <input_file_ref idref="fl-44"/>
      </object_component>
      <object_component id="oc-50f">
         <name>.text:Drv_PwmPin_Init</name>
         <load_address>0x8b287</load_address>
         <run_address>0x8b287</run_address>
         <size>0xf2</size>
         <input_file_ref idref="fl-17"/>
      </object_component>
      <object_component id="oc-48b">
         <name>.text:bsp_init</name>
         <load_address>0x8b379</load_address>
         <run_address>0x8b379</run_address>
         <size>0xc4</size>
         <input_file_ref idref="fl-7"/>
      </object_component>
      <object_component id="oc-551">
         <name>.text:Drv_DO_Init</name>
         <load_address>0x8b43d</load_address>
         <run_address>0x8b43d</run_address>
         <size>0xa9</size>
         <input_file_ref idref="fl-13"/>
      </object_component>
      <object_component id="oc-190">
         <name>.text:Pcs_runISR1</name>
         <load_address>0x8b4e6</load_address>
         <run_address>0x8b4e6</run_address>
         <size>0xa6</size>
         <input_file_ref idref="fl-8"/>
      </object_component>
      <object_component id="oc-497">
         <name>.text:Drv_Timer_ClockMaintain</name>
         <load_address>0x8b58c</load_address>
         <run_address>0x8b58c</run_address>
         <size>0xa2</size>
         <input_file_ref idref="fl-1c"/>
      </object_component>
      <object_component id="oc-708">
         <name>.text:myCLB7_init</name>
         <load_address>0x8b62e</load_address>
         <run_address>0x8b62e</run_address>
         <size>0xa1</size>
         <input_file_ref idref="fl-2"/>
      </object_component>
      <object_component id="oc-70e">
         <name>.text:myCLB8_init</name>
         <load_address>0x8b6cf</load_address>
         <run_address>0x8b6cf</run_address>
         <size>0xa1</size>
         <input_file_ref idref="fl-2"/>
      </object_component>
      <object_component id="oc-6bf">
         <name>.text:PCS_Spll_Init</name>
         <load_address>0x8b770</load_address>
         <run_address>0x8b770</run_address>
         <size>0xa0</size>
         <input_file_ref idref="fl-8"/>
      </object_component>
      <object_component id="oc-6fc">
         <name>.text:myCLB5_init</name>
         <load_address>0x8b810</load_address>
         <run_address>0x8b810</run_address>
         <size>0xa0</size>
         <input_file_ref idref="fl-2"/>
      </object_component>
      <object_component id="oc-702">
         <name>.text:myCLB6_init</name>
         <load_address>0x8b8b0</load_address>
         <run_address>0x8b8b0</run_address>
         <size>0x9f</size>
         <input_file_ref idref="fl-2"/>
      </object_component>
      <object_component id="oc-ad">
         <name>.text:Drv_SCIB_Init</name>
         <load_address>0x8b94f</load_address>
         <run_address>0x8b94f</run_address>
         <size>0x97</size>
         <input_file_ref idref="fl-18"/>
      </object_component>
      <object_component id="oc-b9">
         <name>.text:Drv_SCIC_Init</name>
         <load_address>0x8b9e6</load_address>
         <run_address>0x8b9e6</run_address>
         <size>0x96</size>
         <input_file_ref idref="fl-19"/>
      </object_component>
      <object_component id="oc-c5">
         <name>.text:Drv_SCID_Init</name>
         <load_address>0x8ba7c</load_address>
         <run_address>0x8ba7c</run_address>
         <size>0x96</size>
         <input_file_ref idref="fl-1a"/>
      </object_component>
      <object_component id="oc-2d9">
         <name>.text:PWM_SyncScopeDebug_Service</name>
         <load_address>0x8bb12</load_address>
         <run_address>0x8bb12</run_address>
         <size>0x94</size>
         <input_file_ref idref="fl-c"/>
      </object_component>
      <object_component id="oc-4b3">
         <name>.text:obj_PcsOutput_TempCalc</name>
         <load_address>0x8bba6</load_address>
         <run_address>0x8bba6</run_address>
         <size>0x91</size>
         <input_file_ref idref="fl-9"/>
      </object_component>
      <object_component id="oc-22d">
         <name>.text:set_epwm_up_down_phase</name>
         <load_address>0x8bc37</load_address>
         <run_address>0x8bc37</run_address>
         <size>0x91</size>
         <input_file_ref idref="fl-c"/>
      </object_component>
      <object_component id="oc-1b6">
         <name>.text:SCI_setConfig</name>
         <load_address>0x8bcc8</load_address>
         <run_address>0x8bcc8</run_address>
         <size>0x8d</size>
         <input_file_ref idref="fl-41"/>
      </object_component>
      <object_component id="oc-777">
         <name>.text:SCI_writeCharArray</name>
         <load_address>0x8bd55</load_address>
         <run_address>0x8bd55</run_address>
         <size>0x89</size>
         <input_file_ref idref="fl-41"/>
      </object_component>
      <object_component id="oc-6e2">
         <name>.text:Drv_ADCA_init</name>
         <load_address>0x8bdde</load_address>
         <run_address>0x8bdde</run_address>
         <size>0x86</size>
         <input_file_ref idref="fl-10"/>
      </object_component>
      <object_component id="oc-673">
         <name>.text:SysCtl_getAuxClock</name>
         <load_address>0x8be64</load_address>
         <run_address>0x8be64</run_address>
         <size>0x81</size>
         <input_file_ref idref="fl-44"/>
      </object_component>
      <object_component id="oc-6c">
         <name>.text:initCpu2Cla1</name>
         <load_address>0x8bee5</load_address>
         <run_address>0x8bee5</run_address>
         <size>0x7f</size>
         <input_file_ref idref="fl-f"/>
      </object_component>
      <object_component id="oc-769">
         <name>.text:tca9535_io1_p0Set</name>
         <load_address>0x8bf64</load_address>
         <run_address>0x8bf64</run_address>
         <size>0x7e</size>
         <input_file_ref idref="fl-1f"/>
      </object_component>
      <object_component id="oc-76f">
         <name>.text:tca9535_io2_p0Set</name>
         <load_address>0x8bfe2</load_address>
         <run_address>0x8bfe2</run_address>
         <size>0x7e</size>
         <input_file_ref idref="fl-20"/>
      </object_component>
      <object_component id="oc-533">
         <name>.text:Drv_EtherNetPinInit</name>
         <load_address>0x8c060</load_address>
         <run_address>0x8c060</run_address>
         <size>0x7c</size>
         <input_file_ref idref="fl-14"/>
      </object_component>
      <object_component id="oc-46">
         <name>.text:IPC_ISR0</name>
         <load_address>0x8c0dc</load_address>
         <run_address>0x8c0dc</run_address>
         <size>0x7b</size>
         <input_file_ref idref="fl-b"/>
      </object_component>
      <object_component id="oc-30f">
         <name>.text:Interrupt_clearIFR</name>
         <load_address>0x8c157</load_address>
         <run_address>0x8c157</run_address>
         <size>0x79</size>
         <input_file_ref idref="fl-3b"/>
      </object_component>
      <object_component id="oc-4fd">
         <name>.text:Device_init</name>
         <load_address>0x8c1d0</load_address>
         <run_address>0x8c1d0</run_address>
         <size>0x78</size>
         <input_file_ref idref="fl-21"/>
      </object_component>
      <object_component id="oc-825">
         <name>.text:MemCfg_getInitStatus</name>
         <load_address>0x8c248</load_address>
         <run_address>0x8c248</run_address>
         <size>0x74</size>
         <input_file_ref idref="fl-3f"/>
      </object_component>
      <object_component id="oc-667">
         <name>.text:SysCtl_getClock</name>
         <load_address>0x8c2bc</load_address>
         <run_address>0x8c2bc</run_address>
         <size>0x72</size>
         <input_file_ref idref="fl-44"/>
      </object_component>
      <object_component id="oc-6e8">
         <name>.text:Drv_ADCB_init</name>
         <load_address>0x8c32e</load_address>
         <run_address>0x8c32e</run_address>
         <size>0x70</size>
         <input_file_ref idref="fl-10"/>
      </object_component>
      <object_component id="oc-6ee">
         <name>.text:Drv_ADCC_init</name>
         <load_address>0x8c39e</load_address>
         <run_address>0x8c39e</run_address>
         <size>0x70</size>
         <input_file_ref idref="fl-10"/>
      </object_component>
      <object_component id="oc-6f4">
         <name>.text:Drv_ADCD_init</name>
         <load_address>0x8c40e</load_address>
         <run_address>0x8c40e</run_address>
         <size>0x70</size>
         <input_file_ref idref="fl-10"/>
      </object_component>
      <object_component id="oc-515">
         <name>.text:Drv_DinPin_Init</name>
         <load_address>0x8c47e</load_address>
         <run_address>0x8c47e</run_address>
         <size>0x6f</size>
         <input_file_ref idref="fl-12"/>
      </object_component>
      <object_component id="oc-b8">
         <name>.text:SCICRxISR</name>
         <load_address>0x8c4ed</load_address>
         <run_address>0x8c4ed</run_address>
         <size>0x6d</size>
         <input_file_ref idref="fl-19"/>
      </object_component>
      <object_component id="oc-c4">
         <name>.text:SCIDRxISR</name>
         <load_address>0x8c55a</load_address>
         <run_address>0x8c55a</run_address>
         <size>0x6d</size>
         <input_file_ref idref="fl-1a"/>
      </object_component>
      <object_component id="oc-52d">
         <name>.text:Drv_W5500Pin_Init</name>
         <load_address>0x8c5c7</load_address>
         <run_address>0x8c5c7</run_address>
         <size>0x6b</size>
         <input_file_ref idref="fl-1e"/>
      </object_component>
      <object_component id="oc-82b">
         <name>.text:MemCfg_setLSRAMControllerSel</name>
         <load_address>0x8c632</load_address>
         <run_address>0x8c632</run_address>
         <size>0x6b</size>
         <input_file_ref idref="fl-3f"/>
      </object_component>
      <object_component id="oc-2ac">
         <name>.text:ipc_TxData_Cpu1ToCM</name>
         <load_address>0x8c69d</load_address>
         <run_address>0x8c69d</run_address>
         <size>0x6b</size>
         <input_file_ref idref="fl-b"/>
      </object_component>
      <object_component id="oc-61a">
         <name>.text:Drv_RelaySet</name>
         <load_address>0x8c708</load_address>
         <run_address>0x8c708</run_address>
         <size>0x6a</size>
         <input_file_ref idref="fl-13"/>
      </object_component>
      <object_component id="oc-73a">
         <name>.text:configClaMemory</name>
         <load_address>0x8c772</load_address>
         <run_address>0x8c772</run_address>
         <size>0x69</size>
         <input_file_ref idref="fl-f"/>
      </object_component>
      <object_component id="oc-85b">
         <name>.text:SysCtl_pollX1Counter</name>
         <load_address>0x8c7db</load_address>
         <run_address>0x8c7db</run_address>
         <size>0x66</size>
         <input_file_ref idref="fl-44"/>
      </object_component>
      <object_component id="oc-81f">
         <name>.text:MemCfg_initSections</name>
         <load_address>0x8c841</load_address>
         <run_address>0x8c841</run_address>
         <size>0x64</size>
         <input_file_ref idref="fl-3f"/>
      </object_component>
      <object_component id="oc-5dc">
         <name>.text:FaultMonitor_ACVoltageUnbanlance</name>
         <load_address>0x8c8a5</load_address>
         <run_address>0x8c8a5</run_address>
         <size>0x63</size>
         <input_file_ref idref="fl-a"/>
      </object_component>
      <object_component id="oc-86a">
         <name>.text:ADC_setINLTrim</name>
         <load_address>0x8c908</load_address>
         <run_address>0x8c908</run_address>
         <size>0x5f</size>
         <input_file_ref idref="fl-23"/>
      </object_component>
      <object_component id="oc-6ce">
         <name>.text:Drv_PWM_ParamInit</name>
         <load_address>0x8c967</load_address>
         <run_address>0x8c967</run_address>
         <size>0x5f</size>
         <input_file_ref idref="fl-17"/>
      </object_component>
      <object_component id="oc-57">
         <name>.text:Master_InitPpsEcap</name>
         <load_address>0x8c9c6</load_address>
         <run_address>0x8c9c6</run_address>
         <size>0x5e</size>
         <input_file_ref idref="fl-c"/>
      </object_component>
      <object_component id="oc-ac">
         <name>.text:SCIBRxISR</name>
         <load_address>0x8ca24</load_address>
         <run_address>0x8ca24</run_address>
         <size>0x5e</size>
         <input_file_ref idref="fl-18"/>
      </object_component>
      <object_component id="oc-63">
         <name>.text:Slave_InitPpsEcap</name>
         <load_address>0x8ca82</load_address>
         <run_address>0x8ca82</run_address>
         <size>0x5e</size>
         <input_file_ref idref="fl-d"/>
      </object_component>
      <object_component id="oc-23c">
         <name>.text:set_epwm_up_down_phase</name>
         <load_address>0x8cae0</load_address>
         <run_address>0x8cae0</run_address>
         <size>0x5d</size>
         <input_file_ref idref="fl-d"/>
      </object_component>
      <object_component id="oc-5b7">
         <name>.text:App_AllFault_Reset</name>
         <load_address>0x8cb3d</load_address>
         <run_address>0x8cb3d</run_address>
         <size>0x56</size>
         <input_file_ref idref="fl-7"/>
      </object_component>
      <object_component id="oc-5d0">
         <name>.text:FaultMonitor_ACUnderVoltage</name>
         <load_address>0x8cb93</load_address>
         <run_address>0x8cb93</run_address>
         <size>0x54</size>
         <input_file_ref idref="fl-a"/>
      </object_component>
      <object_component id="oc-870">
         <name>.text:ADC_setOffsetTrim</name>
         <load_address>0x8cbe7</load_address>
         <run_address>0x8cbe7</run_address>
         <size>0x53</size>
         <input_file_ref idref="fl-23"/>
      </object_component>
      <object_component id="oc-2a6">
         <name>.text:obj_PcsOutput_PowerMeas</name>
         <load_address>0x8cc3a</load_address>
         <run_address>0x8cc3a</run_address>
         <size>0x53</size>
         <input_file_ref idref="fl-9"/>
      </object_component>
      <object_component id="oc-1aa">
         <name>.text:SCI_clearInterruptStatus</name>
         <load_address>0x8cc8d</load_address>
         <run_address>0x8cc8d</run_address>
         <size>0x52</size>
         <input_file_ref idref="fl-41"/>
      </object_component>
      <object_component id="oc-197">
         <name>.text:Drv_AD_Switch_Read</name>
         <load_address>0x8ccdf</load_address>
         <run_address>0x8ccdf</run_address>
         <size>0x4f</size>
         <input_file_ref idref="fl-10"/>
      </object_component>
      <object_component id="oc-5ca">
         <name>.text:FaultMonitor_ACOverVoltage</name>
         <load_address>0x8cd2e</load_address>
         <run_address>0x8cd2e</run_address>
         <size>0x4f</size>
         <input_file_ref idref="fl-a"/>
      </object_component>
      <object_component id="oc-1e3">
         <name>.text:Interrupt_disable</name>
         <load_address>0x8cd7d</load_address>
         <run_address>0x8cd7d</run_address>
         <size>0x4e</size>
         <input_file_ref idref="fl-3b"/>
      </object_component>
      <object_component id="oc-460">
         <name>.text:GPIO_setPadConfig</name>
         <load_address>0x8cdcb</load_address>
         <run_address>0x8cdcb</run_address>
         <size>0x4d</size>
         <input_file_ref idref="fl-37"/>
      </object_component>
      <object_component id="oc-3d4">
         <name>.text:ScopeDebug_ForceGpioOutput</name>
         <load_address>0x8ce18</load_address>
         <run_address>0x8ce18</run_address>
         <size>0x4c</size>
         <input_file_ref idref="fl-c"/>
      </object_component>
      <object_component id="oc-1b0">
         <name>.text:SCI_getInterruptStatus</name>
         <load_address>0x8ce64</load_address>
         <run_address>0x8ce64</run_address>
         <size>0x4b</size>
         <input_file_ref idref="fl-41"/>
      </object_component>
      <object_component id="oc-5be">
         <name>.text:FaultMonitor_PhaseSequence</name>
         <load_address>0x8ceaf</load_address>
         <run_address>0x8ceaf</run_address>
         <size>0x49</size>
         <input_file_ref idref="fl-a"/>
      </object_component>
      <object_component id="oc-60a">
         <name>.text:calc_NtcTemp</name>
         <load_address>0x8cef8</load_address>
         <run_address>0x8cef8</run_address>
         <size>0x49</size>
         <input_file_ref idref="fl-9"/>
      </object_component>
      <object_component id="oc-604">
         <name>.text:calc_NtcTemp_1</name>
         <load_address>0x8cf41</load_address>
         <run_address>0x8cf41</run_address>
         <size>0x49</size>
         <input_file_ref idref="fl-9"/>
      </object_component>
      <object_component id="oc-7a1">
         <name>.text:SysCtl_selectOscSourceAuxPLL</name>
         <load_address>0x8cf8a</load_address>
         <run_address>0x8cf8a</run_address>
         <size>0x46</size>
         <input_file_ref idref="fl-44"/>
      </object_component>
      <object_component id="oc-424">
         <name>.text:main</name>
         <load_address>0x8cfd0</load_address>
         <run_address>0x8cfd0</run_address>
         <size>0x46</size>
         <input_file_ref idref="fl-6"/>
      </object_component>
      <object_component id="oc-4af">
         <name>.text:Pcs_DcConstVolCtrl_SoftStar</name>
         <load_address>0x8d016</load_address>
         <run_address>0x8d016</run_address>
         <size>0x45</size>
         <input_file_ref idref="fl-8"/>
      </object_component>
      <object_component id="oc-545">
         <name>.text:tca9535_io1_init</name>
         <load_address>0x8d05b</load_address>
         <run_address>0x8d05b</run_address>
         <size>0x45</size>
         <input_file_ref idref="fl-1f"/>
      </object_component>
      <object_component id="oc-54b">
         <name>.text:tca9535_io2_init</name>
         <load_address>0x8d0a0</load_address>
         <run_address>0x8d0a0</run_address>
         <size>0x45</size>
         <input_file_ref idref="fl-20"/>
      </object_component>
      <object_component id="oc-51b">
         <name>.text:Drv_LedPin_Init</name>
         <load_address>0x8d0e5</load_address>
         <run_address>0x8d0e5</run_address>
         <size>0x43</size>
         <input_file_ref idref="fl-16"/>
      </object_component>
      <object_component id="oc-4bf">
         <name>.text:objControl_FanControl</name>
         <load_address>0x8d128</load_address>
         <run_address>0x8d128</run_address>
         <size>0x43</size>
         <input_file_ref idref="fl-8"/>
      </object_component>
      <object_component id="oc-a0">
         <name>.text:Drv_adcA1ISR</name>
         <load_address>0x8d16b</load_address>
         <run_address>0x8d16b</run_address>
         <size>0x42</size>
         <input_file_ref idref="fl-10"/>
      </object_component>
      <object_component id="oc-5ee">
         <name>.text:FaultMonitor_DCVoltageUnbanlance</name>
         <load_address>0x8d1ad</load_address>
         <run_address>0x8d1ad</run_address>
         <size>0x41</size>
         <input_file_ref idref="fl-a"/>
      </object_component>
      <object_component id="oc-53f">
         <name>.text:Interrupt_initModule</name>
         <load_address>0x8d1ee</load_address>
         <run_address>0x8d1ee</run_address>
         <size>0x41</size>
         <input_file_ref idref="fl-3b"/>
      </object_component>
      <object_component id="oc-521">
         <name>.text:Drv_SCICPin_Init</name>
         <load_address>0x8d22f</load_address>
         <run_address>0x8d22f</run_address>
         <size>0x40</size>
         <input_file_ref idref="fl-19"/>
      </object_component>
      <object_component id="oc-52">
         <name>.text:PPS_Master_ECAP_ISR</name>
         <load_address>0x8d26f</load_address>
         <run_address>0x8d26f</run_address>
         <size>0x40</size>
         <input_file_ref idref="fl-c"/>
      </object_component>
      <object_component id="oc-5e">
         <name>.text:PPS_Slave_ECAP_ISR</name>
         <load_address>0x8d2af</load_address>
         <run_address>0x8d2af</run_address>
         <size>0x40</size>
         <input_file_ref idref="fl-d"/>
      </object_component>
      <object_component id="oc-557">
         <name>.text:objControl_globalVarInit</name>
         <load_address>0x8d2ef</load_address>
         <run_address>0x8d2ef</run_address>
         <size>0x40</size>
         <input_file_ref idref="fl-8"/>
      </object_component>
      <object_component id="oc-126">
         <name>.text:IPC_registerInterrupt</name>
         <load_address>0x8d32f</load_address>
         <run_address>0x8d32f</run_address>
         <size>0x3f</size>
         <input_file_ref idref="fl-3c"/>
      </object_component>
      <object_component id="oc-5d6">
         <name>.text:FaultMonitor_ACCurrentOver</name>
         <load_address>0x8d36e</load_address>
         <run_address>0x8d36e</run_address>
         <size>0x3e</size>
         <input_file_ref idref="fl-a"/>
      </object_component>
      <object_component id="oc-5e8">
         <name>.text:FaultMonitor_DCCurrentOver</name>
         <load_address>0x8d3ac</load_address>
         <run_address>0x8d3ac</run_address>
         <size>0x3e</size>
         <input_file_ref idref="fl-a"/>
      </object_component>
      <object_component id="oc-e8">
         <name>.text:IPC_unregisterInterrupt</name>
         <load_address>0x8d3ea</load_address>
         <run_address>0x8d3ea</run_address>
         <size>0x3e</size>
         <input_file_ref idref="fl-3c"/>
      </object_component>
      <object_component id="oc-4a9">
         <name>.text:Pcs_PQConstCtrl_SoftStar</name>
         <load_address>0x8d428</load_address>
         <run_address>0x8d428</run_address>
         <size>0x3e</size>
         <input_file_ref idref="fl-8"/>
      </object_component>
      <object_component id="oc-793">
         <name>.text:SysCtl_selectOscSource</name>
         <load_address>0x8d466</load_address>
         <run_address>0x8d466</run_address>
         <size>0x3c</size>
         <input_file_ref idref="fl-44"/>
      </object_component>
      <object_component id="oc-717">
         <name>.text:CLB_configOutputLUT</name>
         <load_address>0x8d4a2</load_address>
         <run_address>0x8d4a2</run_address>
         <size>0x3b</size>
         <input_file_ref idref="fl-3"/>
      </object_component>
      <object_component id="oc-5e2">
         <name>.text:FaultMonitor_DCVoltageOver</name>
         <load_address>0x8d4dd</load_address>
         <run_address>0x8d4dd</run_address>
         <size>0x3b</size>
         <input_file_ref idref="fl-a"/>
      </object_component>
      <object_component id="oc-850">
         <name>.text:SysCtl_selectXTAL</name>
         <load_address>0x8d518</load_address>
         <run_address>0x8d518</run_address>
         <size>0x3a</size>
         <input_file_ref idref="fl-44"/>
      </object_component>
      <object_component id="oc-7f8">
         <name>.text:ADC_setMode</name>
         <load_address>0x8d552</load_address>
         <run_address>0x8d552</run_address>
         <size>0x39</size>
         <input_file_ref idref="fl-23"/>
      </object_component>
      <object_component id="oc-71d">
         <name>.text:CLB_configAOC</name>
         <load_address>0x8d58b</load_address>
         <run_address>0x8d58b</run_address>
         <size>0x39</size>
         <input_file_ref idref="fl-3"/>
      </object_component>
      <object_component id="oc-761">
         <name>.text</name>
         <load_address>0x8d5c4</load_address>
         <run_address>0x8d5c4</run_address>
         <size>0x38</size>
         <input_file_ref idref="fl-5a"/>
      </object_component>
      <object_component id="oc-1c2">
         <name>.text:SCI_disableInterrupt</name>
         <load_address>0x8d5fc</load_address>
         <run_address>0x8d5fc</run_address>
         <size>0x37</size>
         <input_file_ref idref="fl-41"/>
      </object_component>
      <object_component id="oc-143">
         <name>.text:Interrupt_enable</name>
         <load_address>0x8d633</load_address>
         <run_address>0x8d633</run_address>
         <size>0x36</size>
         <input_file_ref idref="fl-3b"/>
      </object_component>
      <object_component id="oc-1bc">
         <name>.text:SCI_enableInterrupt</name>
         <load_address>0x8d669</load_address>
         <run_address>0x8d669</run_address>
         <size>0x36</size>
         <input_file_ref idref="fl-41"/>
      </object_component>
      <object_component id="oc-4ad">
         <name>.text:Pcs_AcConstCurrCtrl_SoftStar</name>
         <load_address>0x8d69f</load_address>
         <run_address>0x8d69f</run_address>
         <size>0x34</size>
         <input_file_ref idref="fl-8"/>
      </object_component>
      <object_component id="oc-4ab">
         <name>.text:Pcs_DcConstCurrCtrl_SoftStar</name>
         <load_address>0x8d6d3</load_address>
         <run_address>0x8d6d3</run_address>
         <size>0x34</size>
         <input_file_ref idref="fl-8"/>
      </object_component>
      <object_component id="oc-4b1">
         <name>.text:Pcs_InvCtrl_SoftStar</name>
         <load_address>0x8d707</load_address>
         <run_address>0x8d707</run_address>
         <size>0x34</size>
         <input_file_ref idref="fl-8"/>
      </object_component>
      <object_component id="oc-7ee">
         <name>.text:Drv_EPWM1_Init</name>
         <load_address>0x8d73b</load_address>
         <run_address>0x8d73b</run_address>
         <size>0x32</size>
         <input_file_ref idref="fl-17"/>
      </object_component>
      <object_component id="oc-7c2">
         <name>.text:i2c_SendByte</name>
         <load_address>0x8d76d</load_address>
         <run_address>0x8d76d</run_address>
         <size>0x31</size>
         <input_file_ref idref="fl-1f"/>
      </object_component>
      <object_component id="oc-7d9">
         <name>.text:i2c_SendByte</name>
         <load_address>0x8d79e</load_address>
         <run_address>0x8d79e</run_address>
         <size>0x31</size>
         <input_file_ref idref="fl-20"/>
      </object_component>
      <object_component id="oc-691">
         <name>.text:GPIO_setControllerCore</name>
         <load_address>0x8d7cf</load_address>
         <run_address>0x8d7cf</run_address>
         <size>0x30</size>
         <input_file_ref idref="fl-37"/>
      </object_component>
      <object_component id="oc-45a">
         <name>.text:GPIO_setPinConfig</name>
         <load_address>0x8d7ff</load_address>
         <run_address>0x8d7ff</run_address>
         <size>0x30</size>
         <input_file_ref idref="fl-37"/>
      </object_component>
      <object_component id="oc-46c">
         <name>.text:GPIO_setQualificationMode</name>
         <load_address>0x8d82f</load_address>
         <run_address>0x8d82f</run_address>
         <size>0x30</size>
         <input_file_ref idref="fl-37"/>
      </object_component>
      <object_component id="oc-26">
         <name>.text:decompress:lzss</name>
         <load_address>0x8d85f</load_address>
         <run_address>0x8d85f</run_address>
         <size>0x30</size>
         <input_file_ref idref="fl-6e"/>
      </object_component>
      <object_component id="oc-3a9">
         <name>.text:IPC_sendCommand</name>
         <load_address>0x8d88f</load_address>
         <run_address>0x8d88f</run_address>
         <size>0x2e</size>
         <input_file_ref idref="fl-3c"/>
      </object_component>
      <object_component id="oc-5c4">
         <name>.text:FaultMonitor_DCRPFault</name>
         <load_address>0x8d8bd</load_address>
         <run_address>0x8d8bd</run_address>
         <size>0x2d</size>
         <input_file_ref idref="fl-a"/>
      </object_component>
      <object_component id="oc-628">
         <name>.text:Drv_SCIC_WriteDataBuf</name>
         <load_address>0x8d8ea</load_address>
         <run_address>0x8d8ea</run_address>
         <size>0x2c</size>
         <input_file_ref idref="fl-19"/>
      </object_component>
      <object_component id="oc-635">
         <name>.text:Drv_SCID_WriteDataBuf</name>
         <load_address>0x8d916</load_address>
         <run_address>0x8d916</run_address>
         <size>0x2c</size>
         <input_file_ref idref="fl-1a"/>
      </object_component>
      <object_component id="oc-466">
         <name>.text:GPIO_setDirectionMode</name>
         <load_address>0x8d942</load_address>
         <run_address>0x8d942</run_address>
         <size>0x2c</size>
         <input_file_ref idref="fl-37"/>
      </object_component>
      <object_component id="oc-59f">
         <name>.text:initial_CLA</name>
         <load_address>0x8d96e</load_address>
         <run_address>0x8d96e</run_address>
         <size>0x2c</size>
         <input_file_ref idref="fl-f"/>
      </object_component>
      <object_component id="oc-4a3">
         <name>.text:App_AllFault_Deal</name>
         <load_address>0x8d99a</load_address>
         <run_address>0x8d99a</run_address>
         <size>0x2b</size>
         <input_file_ref idref="fl-a"/>
      </object_component>
      <object_component id="oc-5fa">
         <name>.text:FaultMonitor_AmbOverTemp</name>
         <load_address>0x8d9c5</load_address>
         <run_address>0x8d9c5</run_address>
         <size>0x2b</size>
         <input_file_ref idref="fl-a"/>
      </object_component>
      <object_component id="oc-5f4">
         <name>.text:FaultMonitor_IgbtOverTemp</name>
         <load_address>0x8d9f0</load_address>
         <run_address>0x8d9f0</run_address>
         <size>0x2b</size>
         <input_file_ref idref="fl-a"/>
      </object_component>
      <object_component id="oc-3f4">
         <name>.text:__TI_auto_init_nobinit_nopinit</name>
         <load_address>0x8da1b</load_address>
         <run_address>0x8da1b</run_address>
         <size>0x2b</size>
         <input_file_ref idref="fl-6b"/>
      </object_component>
      <object_component id="oc-4c5">
         <name>.text:objControl_DOControl</name>
         <load_address>0x8da46</load_address>
         <run_address>0x8da46</run_address>
         <size>0x2b</size>
         <input_file_ref idref="fl-8"/>
      </object_component>
      <object_component id="oc-5ac">
         <name>.text:Slave_InitEPwmSync</name>
         <load_address>0x8da71</load_address>
         <run_address>0x8da71</run_address>
         <size>0x2a</size>
         <input_file_ref idref="fl-d"/>
      </object_component>
      <object_component id="oc-117">
         <name>.text:IPC_readCommand</name>
         <load_address>0x8da9b</load_address>
         <run_address>0x8da9b</run_address>
         <size>0x29</size>
         <input_file_ref idref="fl-3c"/>
      </object_component>
      <object_component id="oc-32e">
         <name>.text</name>
         <load_address>0x8dac4</load_address>
         <run_address>0x8dac4</run_address>
         <size>0x29</size>
         <input_file_ref idref="fl-6f"/>
      </object_component>
      <object_component id="oc-7c8">
         <name>.text:i2c_WaitAck</name>
         <load_address>0x8daed</load_address>
         <run_address>0x8daed</run_address>
         <size>0x28</size>
         <input_file_ref idref="fl-1f"/>
      </object_component>
      <object_component id="oc-7df">
         <name>.text:i2c_WaitAck</name>
         <load_address>0x8db15</load_address>
         <run_address>0x8db15</run_address>
         <size>0x28</size>
         <input_file_ref idref="fl-20"/>
      </object_component>
      <object_component id="oc-47">
         <name>.text:ipc_init</name>
         <load_address>0x8db3d</load_address>
         <run_address>0x8db3d</run_address>
         <size>0x28</size>
         <input_file_ref idref="fl-b"/>
      </object_component>
      <object_component id="oc-527">
         <name>.text:Drv_I2CAPin_Init</name>
         <load_address>0x8db65</load_address>
         <run_address>0x8db65</run_address>
         <size>0x26</size>
         <input_file_ref idref="fl-15"/>
      </object_component>
      <object_component id="oc-19d">
         <name>.text:Drv_Timer_IntMaintain</name>
         <load_address>0x8db8b</load_address>
         <run_address>0x8db8b</run_address>
         <size>0x26</size>
         <input_file_ref idref="fl-1c"/>
      </object_component>
      <object_component id="oc-66d">
         <name>.text:SysCtl_getLowSpeedClock</name>
         <load_address>0x8dbb1</load_address>
         <run_address>0x8dbb1</run_address>
         <size>0x24</size>
         <input_file_ref idref="fl-44"/>
      </object_component>
      <object_component id="oc-6a7">
         <name>.text:tca9535_WriteReg</name>
         <load_address>0x8dbd5</load_address>
         <run_address>0x8dbd5</run_address>
         <size>0x21</size>
         <input_file_ref idref="fl-1f"/>
      </object_component>
      <object_component id="oc-6b5">
         <name>.text:tca9535_WriteReg</name>
         <load_address>0x8dbf6</load_address>
         <run_address>0x8dbf6</run_address>
         <size>0x21</size>
         <input_file_ref idref="fl-20"/>
      </object_component>
      <object_component id="oc-84a">
         <name>.text:SysCtl_selectXTALSingleEnded</name>
         <load_address>0x8dc17</load_address>
         <run_address>0x8dc17</run_address>
         <size>0x1f</size>
         <input_file_ref idref="fl-44"/>
      </object_component>
      <object_component id="oc-509">
         <name>.text:Device_initGPIO</name>
         <load_address>0x8dc36</load_address>
         <run_address>0x8dc36</run_address>
         <size>0x1e</size>
         <input_file_ref idref="fl-21"/>
      </object_component>
      <object_component id="oc-d6">
         <name>.text:Interrupt_initVectorTable</name>
         <load_address>0x8dc54</load_address>
         <run_address>0x8dc54</run_address>
         <size>0x1d</size>
         <input_file_ref idref="fl-3b"/>
      </object_component>
      <object_component id="oc-f1">
         <name>.text</name>
         <load_address>0x8dc71</load_address>
         <run_address>0x8dc71</run_address>
         <size>0x1d</size>
         <input_file_ref idref="fl-69"/>
      </object_component>
      <object_component id="oc-740">
         <name>.text:CLA_setTriggerSource</name>
         <load_address>0x8dc8e</load_address>
         <run_address>0x8dc8e</run_address>
         <size>0x1c</size>
         <input_file_ref idref="fl-27"/>
      </object_component>
      <object_component id="oc-802">
         <name>.text:CLB_configLocalInputMux</name>
         <load_address>0x8dcaa</load_address>
         <run_address>0x8dcaa</run_address>
         <size>0x1c</size>
         <input_file_ref idref="fl-2"/>
      </object_component>
      <object_component id="oc-655">
         <name>.text:Device_verifyXTAL</name>
         <load_address>0x8dcc6</load_address>
         <run_address>0x8dcc6</run_address>
         <size>0x1c</size>
         <input_file_ref idref="fl-21"/>
      </object_component>
      <object_component id="oc-687">
         <name>.text:Device_enableUnbondedGPIOPullups</name>
         <load_address>0x8dce2</load_address>
         <run_address>0x8dce2</run_address>
         <size>0x1b</size>
         <input_file_ref idref="fl-21"/>
      </object_component>
      <object_component id="oc-539">
         <name>.text:Drv_ClockCntInit</name>
         <load_address>0x8dcfd</load_address>
         <run_address>0x8dcfd</run_address>
         <size>0x1b</size>
         <input_file_ref idref="fl-1c"/>
      </object_component>
      <object_component id="oc-57b">
         <name>.text:GloabParam_Init</name>
         <load_address>0x8dd18</load_address>
         <run_address>0x8dd18</run_address>
         <size>0x1b</size>
         <input_file_ref idref="fl-7"/>
      </object_component>
      <object_component id="oc-7bc">
         <name>.text:i2c_Start</name>
         <load_address>0x8dd33</load_address>
         <run_address>0x8dd33</run_address>
         <size>0x1a</size>
         <input_file_ref idref="fl-1f"/>
      </object_component>
      <object_component id="oc-7d3">
         <name>.text:i2c_Start</name>
         <load_address>0x8dd4d</load_address>
         <run_address>0x8dd4d</run_address>
         <size>0x1a</size>
         <input_file_ref idref="fl-20"/>
      </object_component>
      <object_component id="oc-6a1">
         <name>.text:i2c_Stop</name>
         <load_address>0x8dd67</load_address>
         <run_address>0x8dd67</run_address>
         <size>0x1a</size>
         <input_file_ref idref="fl-1f"/>
      </object_component>
      <object_component id="oc-6af">
         <name>.text:i2c_Stop</name>
         <load_address>0x8dd81</load_address>
         <run_address>0x8dd81</run_address>
         <size>0x1a</size>
         <input_file_ref idref="fl-20"/>
      </object_component>
      <object_component id="oc-622">
         <name>.text:SCICRx_Poll</name>
         <load_address>0x8dd9b</load_address>
         <run_address>0x8dd9b</run_address>
         <size>0x19</size>
         <input_file_ref idref="fl-19"/>
      </object_component>
      <object_component id="oc-62f">
         <name>.text:SCIDRx_Poll</name>
         <load_address>0x8ddb4</load_address>
         <run_address>0x8ddb4</run_address>
         <size>0x19</size>
         <input_file_ref idref="fl-1a"/>
      </object_component>
      <object_component id="oc-785">
         <name>.text:SysCtl_enablePeripheral</name>
         <load_address>0x8ddcd</load_address>
         <run_address>0x8ddcd</run_address>
         <size>0x19</size>
         <input_file_ref idref="fl-21"/>
      </object_component>
      <object_component id="oc-575">
         <name>.text:Drv_ADC_Init</name>
         <load_address>0x8dde6</load_address>
         <run_address>0x8dde6</run_address>
         <size>0x18</size>
         <input_file_ref idref="fl-10"/>
      </object_component>
      <object_component id="oc-56f">
         <name>.text:FanPwm_Init</name>
         <load_address>0x8ddfe</load_address>
         <run_address>0x8ddfe</run_address>
         <size>0x17</size>
         <input_file_ref idref="fl-17"/>
      </object_component>
      <object_component id="oc-680">
         <name>.text:SysCtl_controlCMReset</name>
         <load_address>0x8de15</load_address>
         <run_address>0x8de15</run_address>
         <size>0x17</size>
         <input_file_ref idref="fl-44"/>
      </object_component>
      <object_component id="oc-4cb">
         <name>.text:objControl_LedControl</name>
         <load_address>0x8de2c</load_address>
         <run_address>0x8de2c</run_address>
         <size>0x17</size>
         <input_file_ref idref="fl-8"/>
      </object_component>
      <object_component id="oc-1fc">
         <name>.text</name>
         <load_address>0x8de43</load_address>
         <run_address>0x8de43</run_address>
         <size>0x17</size>
         <input_file_ref idref="fl-67"/>
      </object_component>
      <object_component id="oc-3b9">
         <name>.text:bsp_clb_pwmEnCtrl</name>
         <load_address>0x8de5a</load_address>
         <run_address>0x8de5a</run_address>
         <size>0x16</size>
         <input_file_ref idref="fl-7"/>
      </object_component>
      <object_component id="oc-503">
         <name>.text:Device_bootCM</name>
         <load_address>0x8de70</load_address>
         <run_address>0x8de70</run_address>
         <size>0x15</size>
         <input_file_ref idref="fl-21"/>
      </object_component>
      <object_component id="oc-569">
         <name>.text:Drv_Pwm_Init</name>
         <load_address>0x8de85</load_address>
         <run_address>0x8de85</run_address>
         <size>0x14</size>
         <input_file_ref idref="fl-17"/>
      </object_component>
      <object_component id="oc-6c8">
         <name>.text:Drv_PWM_SYNC_Init</name>
         <load_address>0x8de99</load_address>
         <run_address>0x8de99</run_address>
         <size>0x12</size>
         <input_file_ref idref="fl-17"/>
      </object_component>
      <object_component id="oc-9a">
         <name>.text:cla1Isr1</name>
         <load_address>0x8deab</load_address>
         <run_address>0x8deab</run_address>
         <size>0x11</size>
         <input_file_ref idref="fl-f"/>
      </object_component>
      <object_component id="oc-6a">
         <name>.text:cla1Isr8</name>
         <load_address>0x8debc</load_address>
         <run_address>0x8debc</run_address>
         <size>0x11</size>
         <input_file_ref idref="fl-f"/>
      </object_component>
      <object_component id="oc-3a0">
         <name>.text:Drv_Timer_usDelay</name>
         <load_address>0x8decd</load_address>
         <run_address>0x8decd</run_address>
         <size>0xf</size>
         <input_file_ref idref="fl-1c"/>
      </object_component>
      <object_component id="oc-4d1">
         <name>.text:SciC_Poll</name>
         <load_address>0x8dedc</load_address>
         <run_address>0x8dedc</run_address>
         <size>0xf</size>
         <input_file_ref idref="fl-19"/>
      </object_component>
      <object_component id="oc-4d7">
         <name>.text:SciD_Poll</name>
         <load_address>0x8deeb</load_address>
         <run_address>0x8deeb</run_address>
         <size>0xf</size>
         <input_file_ref idref="fl-1a"/>
      </object_component>
      <object_component id="oc-94">
         <name>.text:cla1Isr2</name>
         <load_address>0x8defa</load_address>
         <run_address>0x8defa</run_address>
         <size>0xf</size>
         <input_file_ref idref="fl-f"/>
      </object_component>
      <object_component id="oc-8e">
         <name>.text:cla1Isr3</name>
         <load_address>0x8df09</load_address>
         <run_address>0x8df09</run_address>
         <size>0xf</size>
         <input_file_ref idref="fl-f"/>
      </object_component>
      <object_component id="oc-88">
         <name>.text:cla1Isr4</name>
         <load_address>0x8df18</load_address>
         <run_address>0x8df18</run_address>
         <size>0xf</size>
         <input_file_ref idref="fl-f"/>
      </object_component>
      <object_component id="oc-82">
         <name>.text:cla1Isr5</name>
         <load_address>0x8df27</load_address>
         <run_address>0x8df27</run_address>
         <size>0xf</size>
         <input_file_ref idref="fl-f"/>
      </object_component>
      <object_component id="oc-7c">
         <name>.text:cla1Isr6</name>
         <load_address>0x8df36</load_address>
         <run_address>0x8df36</run_address>
         <size>0xf</size>
         <input_file_ref idref="fl-f"/>
      </object_component>
      <object_component id="oc-76">
         <name>.text:cla1Isr7</name>
         <load_address>0x8df45</load_address>
         <run_address>0x8df45</run_address>
         <size>0xf</size>
         <input_file_ref idref="fl-f"/>
      </object_component>
      <object_component id="oc-2d3">
         <name>.text:Drv_PwmOnset</name>
         <load_address>0x8df54</load_address>
         <run_address>0x8df54</run_address>
         <size>0xd</size>
         <input_file_ref idref="fl-17"/>
      </object_component>
      <object_component id="oc-a4">
         <name>.text:Drv_ADCInterrupt_init</name>
         <load_address>0x8df61</load_address>
         <run_address>0x8df61</run_address>
         <size>0xc</size>
         <input_file_ref idref="fl-10"/>
      </object_component>
      <object_component id="oc-2cd">
         <name>.text:Drv_PwmOffset</name>
         <load_address>0x8df6d</load_address>
         <run_address>0x8df6d</run_address>
         <size>0xc</size>
         <input_file_ref idref="fl-17"/>
      </object_component>
      <object_component id="oc-55d">
         <name>.text:Drv_SCICInit</name>
         <load_address>0x8df79</load_address>
         <run_address>0x8df79</run_address>
         <size>0xc</size>
         <input_file_ref idref="fl-19"/>
      </object_component>
      <object_component id="oc-563">
         <name>.text:Drv_SCIDInit</name>
         <load_address>0x8df85</load_address>
         <run_address>0x8df85</run_address>
         <size>0xc</size>
         <input_file_ref idref="fl-1a"/>
      </object_component>
      <object_component id="oc-6db">
         <name>.text:FanPwm_ON</name>
         <load_address>0x8df91</load_address>
         <run_address>0x8df91</run_address>
         <size>0xc</size>
         <input_file_ref idref="fl-17"/>
      </object_component>
      <object_component id="oc-e2">
         <name>.text:Interrupt_defaultHandler</name>
         <load_address>0x8df9d</load_address>
         <run_address>0x8df9d</run_address>
         <size>0xc</size>
         <input_file_ref idref="fl-3b"/>
      </object_component>
      <object_component id="oc-328">
         <name>.text</name>
         <load_address>0x8dfa9</load_address>
         <run_address>0x8dfa9</run_address>
         <size>0xc</size>
         <input_file_ref idref="fl-71"/>
      </object_component>
      <object_component id="oc-581">
         <name>.text:Board_init</name>
         <load_address>0x8dfb5</load_address>
         <run_address>0x8dfb5</run_address>
         <size>0xb</size>
         <input_file_ref idref="fl-2"/>
      </object_component>
      <object_component id="oc-13b">
         <name>.text:Drv_Led_toggle</name>
         <load_address>0x8dfc0</load_address>
         <run_address>0x8dfc0</run_address>
         <size>0xa</size>
         <input_file_ref idref="fl-16"/>
      </object_component>
      <object_component id="oc-dc">
         <name>.text:Interrupt_illegalOperationHandler</name>
         <load_address>0x8dfca</load_address>
         <run_address>0x8dfca</run_address>
         <size>0xa</size>
         <input_file_ref idref="fl-3b"/>
      </object_component>
      <object_component id="oc-d0">
         <name>.text:Interrupt_nmiHandler</name>
         <load_address>0x8dfd4</load_address>
         <run_address>0x8dfd4</run_address>
         <size>0xa</size>
         <input_file_ref idref="fl-3b"/>
      </object_component>
      <object_component id="oc-4e4">
         <name>.text</name>
         <load_address>0x8dfde</load_address>
         <run_address>0x8dfde</run_address>
         <size>0x9</size>
         <input_file_ref idref="fl-70"/>
      </object_component>
      <object_component id="oc-2c">
         <name>.text:decompress:none</name>
         <load_address>0x8dfe7</load_address>
         <run_address>0x8dfe7</run_address>
         <size>0x8</size>
         <input_file_ref idref="fl-6d"/>
      </object_component>
      <object_component id="oc-105">
         <name>.text</name>
         <load_address>0x8dfef</load_address>
         <run_address>0x8dfef</run_address>
         <size>0x8</size>
         <input_file_ref idref="fl-22"/>
      </object_component>
      <object_component id="oc-613">
         <name>.text:FanPwm_SpeedCtrl</name>
         <load_address>0x8dff7</load_address>
         <run_address>0x8dff7</run_address>
         <size>0x7</size>
         <input_file_ref idref="fl-17"/>
      </object_component>
      <object_component id="oc-1f5">
         <name>.text</name>
         <load_address>0x8dffe</load_address>
         <run_address>0x8dffe</run_address>
         <size>0x7</size>
         <input_file_ref idref="fl-72"/>
      </object_component>
      <object_component id="oc-ff">
         <name>.text:decompress:ZI</name>
         <load_address>0x8e005</load_address>
         <run_address>0x8e005</run_address>
         <size>0x6</size>
         <input_file_ref idref="fl-6c"/>
      </object_component>
      <object_component id="oc-491">
         <name>.text:PWM_SlaveSync_Init</name>
         <load_address>0x8e00b</load_address>
         <run_address>0x8e00b</run_address>
         <size>0x5</size>
         <input_file_ref idref="fl-d"/>
      </object_component>
      <object_component id="oc-3bf">
         <name>.text:PWMEN_Close</name>
         <load_address>0x8e010</load_address>
         <run_address>0x8e010</run_address>
         <size>0x4</size>
         <input_file_ref idref="fl-17"/>
      </object_component>
      <object_component id="oc-3c7">
         <name>.text:PWMEN_Open</name>
         <load_address>0x8e014</load_address>
         <run_address>0x8e014</run_address>
         <size>0x4</size>
         <input_file_ref idref="fl-17"/>
      </object_component>
      <object_component id="oc-1dd">
         <name>.text:__error__</name>
         <load_address>0x8e018</load_address>
         <run_address>0x8e018</run_address>
         <size>0x3</size>
         <input_file_ref idref="fl-21"/>
      </object_component>
      <object_component id="oc-226">
         <name>.text:EPWM_isBaseValid</name>
         <load_address>0x8e01b</load_address>
         <run_address>0x8e01b</run_address>
         <size>0x2</size>
         <input_file_ref idref="fl-c"/>
      </object_component>
      <object_component id="oc-321">
         <name>.text</name>
         <load_address>0x8e01d</load_address>
         <run_address>0x8e01d</run_address>
         <size>0x2</size>
         <input_file_ref idref="fl-6a"/>
      </object_component>
      <object_component id="oc-476">
         <name>.text</name>
         <load_address>0x8e01f</load_address>
         <run_address>0x8e01f</run_address>
         <size>0x1</size>
         <input_file_ref idref="fl-74"/>
      </object_component>
      <object_component id="oc-8cd">
         <name>.cinit..data.load</name>
         <load_address>0xa1190</load_address>
         <run_address>0xa1190</run_address>
         <size>0x1e</size>
      </object_component>
      <object_component id="oc-8ca">
         <name>__TI_handler_table</name>
         <load_address>0xa11ae</load_address>
         <run_address>0xa11ae</run_address>
         <size>0x6</size>
      </object_component>
      <object_component id="oc-8d6">
         <name>.cinit..bss.1.load</name>
         <load_address>0xa11b4</load_address>
         <run_address>0xa11b4</run_address>
         <size>0x4</size>
      </object_component>
      <object_component id="oc-8d7">
         <name>.cinit..bss.2.load</name>
         <load_address>0xa11b8</load_address>
         <run_address>0xa11b8</run_address>
         <size>0x4</size>
      </object_component>
      <object_component id="oc-8d8">
         <name>.cinit..bss.3.load</name>
         <load_address>0xa11bc</load_address>
         <run_address>0xa11bc</run_address>
         <size>0x4</size>
      </object_component>
      <object_component id="oc-8d0">
         <name>.cinit..bss_cla.load</name>
         <load_address>0xa11c0</load_address>
         <run_address>0xa11c0</run_address>
         <size>0x4</size>
      </object_component>
      <object_component id="oc-8cf">
         <name>.cinit..scratchpad.load</name>
         <load_address>0xa11c4</load_address>
         <run_address>0xa11c4</run_address>
         <size>0x4</size>
      </object_component>
      <object_component id="oc-8ce">
         <name>.cinit.CLADataLS1.load</name>
         <load_address>0xa11c8</load_address>
         <run_address>0xa11c8</run_address>
         <size>0x4</size>
      </object_component>
      <object_component id="oc-8cb">
         <name>__TI_cinit_table</name>
         <load_address>0xa11cc</load_address>
         <run_address>0xa11cc</run_address>
         <size>0x1c</size>
      </object_component>
      <object_component id="oc-ee">
         <name>.stack</name>
         <uninitialized>true</uninitialized>
         <run_address>0x400</run_address>
         <size>0x0</size>
         <input_file_ref idref="fl-67"/>
      </object_component>
      <object_component id="oc-8d1">
         <name>.stack</name>
         <uninitialized>true</uninitialized>
         <run_address>0x400</run_address>
         <size>0x0</size>
      </object_component>
      <object_component id="oc-39b">
         <name>.bss</name>
         <uninitialized>true</uninitialized>
         <run_address>0x9000</run_address>
         <size>0x14e</size>
         <input_file_ref idref="fl-9"/>
      </object_component>
      <object_component id="oc-2ca">
         <name>.bss:debugpData</name>
         <uninitialized>true</uninitialized>
         <run_address>0x914e</run_address>
         <size>0x28</size>
         <input_file_ref idref="fl-b"/>
      </object_component>
      <object_component id="oc-2e3">
         <name>.bss:ad_ntc1</name>
         <uninitialized>true</uninitialized>
         <run_address>0x9176</run_address>
         <size>0x4</size>
         <input_file_ref idref="fl-10"/>
      </object_component>
      <object_component id="oc-2e6">
         <name>.bss:ad_ntc2</name>
         <uninitialized>true</uninitialized>
         <run_address>0x917a</run_address>
         <size>0x4</size>
         <input_file_ref idref="fl-10"/>
      </object_component>
      <object_component id="oc-11d">
         <name>.bss</name>
         <uninitialized>true</uninitialized>
         <run_address>0x9180</run_address>
         <size>0xe0</size>
         <input_file_ref idref="fl-7"/>
      </object_component>
      <object_component id="oc-5b3">
         <name>.bss</name>
         <uninitialized>true</uninitialized>
         <run_address>0x9260</run_address>
         <size>0x10</size>
         <input_file_ref idref="fl-1c"/>
      </object_component>
      <object_component id="oc-2e9">
         <name>.bss:ad_vol</name>
         <uninitialized>true</uninitialized>
         <run_address>0x9270</run_address>
         <size>0x4</size>
         <input_file_ref idref="fl-10"/>
      </object_component>
      <object_component id="oc-74c">
         <name>.bss</name>
         <uninitialized>true</uninitialized>
         <run_address>0x9274</run_address>
         <size>0x4</size>
         <input_file_ref idref="fl-a"/>
      </object_component>
      <object_component id="oc-2a3">
         <name>.bss</name>
         <uninitialized>true</uninitialized>
         <run_address>0x9280</run_address>
         <size>0xbe</size>
         <input_file_ref idref="fl-8"/>
      </object_component>
      <object_component id="oc-729">
         <name>.data:CLBTILE5HLCInstr</name>
         <load_address>0xa400</load_address>
         <run_address>0xa400</run_address>
         <size>0x20</size>
         <input_file_ref idref="fl-3"/>
      </object_component>
      <object_component id="oc-72e">
         <name>.data:CLBTILE6HLCInstr</name>
         <load_address>0xa420</load_address>
         <run_address>0xa420</run_address>
         <size>0x20</size>
         <input_file_ref idref="fl-3"/>
      </object_component>
      <object_component id="oc-736">
         <name>.data:CLBTILE8HLCInstr</name>
         <load_address>0xa460</load_address>
         <run_address>0xa460</run_address>
         <size>0x20</size>
         <input_file_ref idref="fl-3"/>
      </object_component>
      <object_component id="oc-732">
         <name>.data:CLBTILE7HLCInstr</name>
         <load_address>0xa440</load_address>
         <run_address>0xa440</run_address>
         <size>0x20</size>
         <input_file_ref idref="fl-3"/>
      </object_component>
      <object_component id="oc-291">
         <name>.data</name>
         <load_address>0xa4cc</load_address>
         <run_address>0xa4cc</run_address>
         <size>0x8</size>
         <input_file_ref idref="fl-8"/>
      </object_component>
      <object_component id="oc-602">
         <name>.data</name>
         <load_address>0xa504</load_address>
         <run_address>0xa504</run_address>
         <size>0x1</size>
         <input_file_ref idref="fl-9"/>
      </object_component>
[...]
         <object_component_ref idref="oc-1a7"/>
      </symbol>
      <symbol id="sm-8a1">
         <name>check_Sum</name>
         <value>0xa4bd</value>
         <object_component_ref idref="oc-1a7"/>
      </symbol>
      <symbol id="sm-8f6">
         <name>SCICRxISR</name>
         <value>0x8c4ed</value>
         <object_component_ref idref="oc-b8"/>
      </symbol>
      <symbol id="sm-8f7">
         <name>Drv_SCICPin_Init</name>
         <value>0x8d22f</value>
         <object_component_ref idref="oc-521"/>
      </symbol>
      <symbol id="sm-8f8">
         <name>SCICRx_Poll</name>
         <value>0x8dd9b</value>
         <object_component_ref idref="oc-622"/>
      </symbol>
      <symbol id="sm-8f9">
         <name>SCIC_TxCnt</name>
         <value>0xa4db</value>
         <object_component_ref idref="oc-111"/>
      </symbol>
      <symbol id="sm-8fa">
         <name>SCIC_RxTimeOut</name>
         <value>0xa4de</value>
         <object_component_ref idref="oc-111"/>
      </symbol>
      <symbol id="sm-8fb">
         <name>SCIC_RxBuf</name>
         <value>0xa000</value>
         <object_component_ref idref="oc-1cb"/>
      </symbol>
      <symbol id="sm-8fc">
         <name>SciC_Poll</name>
         <value>0x8dedc</value>
         <object_component_ref idref="oc-4d1"/>
      </symbol>
      <symbol id="sm-8fd">
         <name>SCIC_TxFlag</name>
         <value>0xa4dc</value>
         <object_component_ref idref="oc-111"/>
      </symbol>
      <symbol id="sm-8fe">
         <name>Drv_SCICInit</name>
         <value>0x8df79</value>
         <object_component_ref idref="oc-55d"/>
      </symbol>
      <symbol id="sm-8ff">
         <name>SCIC_TxBuf</name>
         <value>0xa100</value>
         <object_component_ref idref="oc-123"/>
      </symbol>
      <symbol id="sm-900">
         <name>Drv_SCIC_WriteDataBuf</name>
         <value>0x8d8ea</value>
         <object_component_ref idref="oc-628"/>
      </symbol>
      <symbol id="sm-901">
         <name>SCIC_RxCnt</name>
         <value>0xa4da</value>
         <object_component_ref idref="oc-111"/>
      </symbol>
      <symbol id="sm-94f">
         <name>SCID_RxBuf</name>
         <value>0xa200</value>
         <object_component_ref idref="oc-1d1"/>
      </symbol>
      <symbol id="sm-950">
         <name>SCIDRxISR</name>
         <value>0x8c55a</value>
         <object_component_ref idref="oc-c4"/>
      </symbol>
      <symbol id="sm-951">
         <name>SCIDRx_Poll</name>
         <value>0x8ddb4</value>
         <object_component_ref idref="oc-62f"/>
      </symbol>
      <symbol id="sm-952">
         <name>Drv_SCIDInit</name>
         <value>0x8df85</value>
         <object_component_ref idref="oc-563"/>
      </symbol>
      <symbol id="sm-953">
         <name>SCID_TxCnt</name>
         <value>0xa4e1</value>
         <object_component_ref idref="oc-10e"/>
      </symbol>
      <symbol id="sm-954">
         <name>SCID_TxBuf</name>
         <value>0xa300</value>
         <object_component_ref idref="oc-120"/>
      </symbol>
      <symbol id="sm-955">
         <name>SCID_RxTimeOut</name>
         <value>0xa4e4</value>
         <object_component_ref idref="oc-10e"/>
      </symbol>
      <symbol id="sm-956">
         <name>SciD_Poll</name>
         <value>0x8deeb</value>
         <object_component_ref idref="oc-4d7"/>
      </symbol>
      <symbol id="sm-957">
         <name>SCID_TxFlag</name>
         <value>0xa4e2</value>
         <object_component_ref idref="oc-10e"/>
      </symbol>
      <symbol id="sm-958">
         <name>Drv_SCID_WriteDataBuf</name>
         <value>0x8d916</value>
         <object_component_ref idref="oc-635"/>
      </symbol>
      <symbol id="sm-959">
         <name>SCID_RxCnt</name>
         <value>0xa4e0</value>
         <object_component_ref idref="oc-10e"/>
      </symbol>
      <symbol id="sm-9a3">
         <name>Drv_Timer_usDelay</name>
         <value>0x8decd</value>
         <object_component_ref idref="oc-3a0"/>
      </symbol>
      <symbol id="sm-9a4">
         <name>Drv_ClockCntInit</name>
         <value>0x8dcfd</value>
         <object_component_ref idref="oc-539"/>
      </symbol>
      <symbol id="sm-9a5">
         <name>Drv_Timer_IntMaintain</name>
         <value>0x8db8b</value>
         <object_component_ref idref="oc-19d"/>
      </symbol>
      <symbol id="sm-9a6">
         <name>m_st_TimerFlag</name>
         <value>0x9260</value>
         <object_component_ref idref="oc-5b3"/>
      </symbol>
      <symbol id="sm-9a7">
         <name>cpu1_u32_TimerCnt</name>
         <value>0xa4fc</value>
         <object_component_ref idref="oc-2ed"/>
      </symbol>
      <symbol id="sm-9a8">
         <name>Drv_Timer_ClockMaintain</name>
         <value>0x8b58c</value>
         <object_component_ref idref="oc-497"/>
      </symbol>
      <symbol id="sm-9b6">
         <name>Drv_W5500Pin_Init</name>
         <value>0x8c5c7</value>
         <object_component_ref idref="oc-52d"/>
      </symbol>
      <symbol id="sm-a12">
         <name>tca9535_io1_init</name>
         <value>0x8d05b</value>
         <object_component_ref idref="oc-545"/>
      </symbol>
      <symbol id="sm-a13">
         <name>tca9535_io1_p0Set</name>
         <value>0x8bf64</value>
         <object_component_ref idref="oc-769"/>
      </symbol>
      <symbol id="sm-a6f">
         <name>tca9535_io2_init</name>
         <value>0x8d0a0</value>
         <object_component_ref idref="oc-54b"/>
      </symbol>
      <symbol id="sm-a70">
         <name>tca9535_io2_p0Set</name>
         <value>0x8bfe2</value>
         <object_component_ref idref="oc-76f"/>
      </symbol>
      <symbol id="sm-ab6">
         <name>Device_enableAllPeripherals</name>
         <value>0x8a926</value>
         <object_component_ref idref="oc-679"/>
      </symbol>
      <symbol id="sm-ab7">
         <name>Device_verifyXTAL</name>
         <value>0x8dcc6</value>
         <object_component_ref idref="oc-655"/>
      </symbol>
      <symbol id="sm-ab8">
         <name>Device_initGPIO</name>
         <value>0x8dc36</value>
         <object_component_ref idref="oc-509"/>
      </symbol>
      <symbol id="sm-ab9">
         <name>Device_init</name>
         <value>0x8c1d0</value>
         <object_component_ref idref="oc-4fd"/>
      </symbol>
      <symbol id="sm-aba">
         <name>Device_bootCM</name>
         <value>0x8de70</value>
         <object_component_ref idref="oc-503"/>
      </symbol>
      <symbol id="sm-abb">
         <name>Device_enableUnbondedGPIOPullups</name>
         <value>0x8dce2</value>
         <object_component_ref idref="oc-687"/>
      </symbol>
      <symbol id="sm-abc">
         <name>__error__</name>
         <value>0x8e018</value>
         <object_component_ref idref="oc-1dd"/>
      </symbol>
      <symbol id="sm-acb">
         <name>code_start</name>
         <value>0x80000</value>
         <object_component_ref idref="oc-33"/>
      </symbol>
      <symbol id="sm-b00">
         <name>ADC_setOffsetTrim</name>
         <value>0x8cbe7</value>
         <object_component_ref idref="oc-870"/>
      </symbol>
      <symbol id="sm-b01">
         <name>ADC_setMode</name>
         <value>0x8d552</value>
         <object_component_ref idref="oc-7f8"/>
      </symbol>
      <symbol id="sm-b02">
         <name>ADC_setINLTrim</name>
         <value>0x8c908</value>
         <object_component_ref idref="oc-86a"/>
      </symbol>
      <symbol id="sm-b14">
         <name>CLA_setTriggerSource</name>
         <value>0x8dc8e</value>
         <object_component_ref idref="oc-740"/>
      </symbol>
      <symbol id="sm-b46">
         <name>CLB_configCounterLoadMatch</name>
         <value>0x89f97</value>
         <object_component_ref idref="oc-723"/>
      </symbol>
      <symbol id="sm-b93">
         <name>DCC_verifyClockFrequency</name>
         <value>0x89d07</value>
         <object_component_ref idref="oc-78b"/>
      </symbol>
      <symbol id="sm-bb7">
         <name>Flash_initModule</name>
         <value>0xc000</value>
         <object_component_ref idref="oc-64f"/>
      </symbol>
      <symbol id="sm-bf0">
         <name>GPIO_setQualificationMode</name>
         <value>0x8d82f</value>
         <object_component_ref idref="oc-46c"/>
      </symbol>
      <symbol id="sm-bf1">
         <name>GPIO_setPadConfig</name>
         <value>0x8cdcb</value>
         <object_component_ref idref="oc-460"/>
      </symbol>
      <symbol id="sm-bf2">
         <name>GPIO_setDirectionMode</name>
         <value>0x8d942</value>
         <object_component_ref idref="oc-466"/>
      </symbol>
      <symbol id="sm-bf3">
         <name>GPIO_setPinConfig</name>
         <value>0x8d7ff</value>
         <object_component_ref idref="oc-45a"/>
      </symbol>
      <symbol id="sm-bf4">
         <name>GPIO_setControllerCore</name>
         <value>0x8d7cf</value>
         <object_component_ref idref="oc-691"/>
      </symbol>
      <symbol id="sm-c58">
         <name>Interrupt_defaultHandler</name>
         <value>0x8df9d</value>
         <object_component_ref idref="oc-e2"/>
      </symbol>
      <symbol id="sm-c59">
         <name>Interrupt_disable</name>
         <value>0x8cd7d</value>
         <object_component_ref idref="oc-1e3"/>
      </symbol>
      <symbol id="sm-c5a">
         <name>Interrupt_initModule</name>
         <value>0x8d1ee</value>
         <object_component_ref idref="oc-53f"/>
      </symbol>
      <symbol id="sm-c5b">
         <name>Interrupt_nmiHandler</name>
         <value>0x8dfd4</value>
         <object_component_ref idref="oc-d0"/>
      </symbol>
      <symbol id="sm-c5c">
         <name>Interrupt_enable</name>
         <value>0x8d633</value>
         <object_component_ref idref="oc-143"/>
      </symbol>
      <symbol id="sm-c5d">
         <name>Interrupt_initVectorTable</name>
         <value>0x8dc54</value>
         <object_component_ref idref="oc-d6"/>
      </symbol>
      <symbol id="sm-c5e">
         <name>Interrupt_illegalOperationHandler</name>
         <value>0x8dfca</value>
         <object_component_ref idref="oc-dc"/>
      </symbol>
      <symbol id="sm-cac">
         <name>IPC_unregisterInterrupt</name>
         <value>0x8d3ea</value>
         <object_component_ref idref="oc-e8"/>
      </symbol>
      <symbol id="sm-cad">
         <name>IPC_sendCommand</name>
         <value>0x8d88f</value>
         <object_component_ref idref="oc-3a9"/>
      </symbol>
      <symbol id="sm-cae">
         <name>IPC_registerInterrupt</name>
         <value>0x8d32f</value>
         <object_component_ref idref="oc-126"/>
      </symbol>
      <symbol id="sm-caf">
         <name>IPC_CPU_To_CM_GetBuffer</name>
         <value>0x38000</value>
         <object_component_ref idref="oc-211"/>
      </symbol>
      <symbol id="sm-cb0">
         <name>IPC_CPU1_To_CPU2_GetBuffer</name>
         <value>0x3b000</value>
         <object_component_ref idref="oc-20b"/>
      </symbol>
      <symbol id="sm-cb1">
         <name>IPC_CPU1_To_CPU2_PutBuffer</name>
         <value>0x3a000</value>
         <object_component_ref idref="oc-208"/>
      </symbol>
      <symbol id="sm-cb2">
         <name>IPC_CPU_To_CM_PutBuffer</name>
         <value>0x39100</value>
         <object_component_ref idref="oc-20e"/>
      </symbol>
      <symbol id="sm-cb3">
         <name>IPC_Instance</name>
         <value>0xa8000</value>
         <object_component_ref idref="oc-114"/>
      </symbol>
      <symbol id="sm-cb4">
         <name>IPC_readCommand</name>
         <value>0x8da9b</value>
         <object_component_ref idref="oc-117"/>
      </symbol>
      <symbol id="sm-ce9">
         <name>MemCfg_initSections</name>
         <value>0x8c841</value>
         <object_component_ref idref="oc-81f"/>
      </symbol>
      <symbol id="sm-cea">
         <name>MemCfg_setLSRAMControllerSel</name>
         <value>0x8c632</value>
         <object_component_ref idref="oc-82b"/>
      </symbol>
      <symbol id="sm-ceb">
         <name>MemCfg_getInitStatus</name>
         <value>0x8c248</value>
         <object_component_ref idref="oc-825"/>
      </symbol>
      <symbol id="sm-d59">
         <name>SCI_getInterruptStatus</name>
         <value>0x8ce64</value>
         <object_component_ref idref="oc-1b0"/>
      </symbol>
      <symbol id="sm-d5a">
         <name>SCI_clearInterruptStatus</name>
         <value>0x8cc8d</value>
         <object_component_ref idref="oc-1aa"/>
      </symbol>
      <symbol id="sm-d5b">
         <name>SCI_writeCharArray</name>
         <value>0x8bd55</value>
         <object_component_ref idref="oc-777"/>
      </symbol>
      <symbol id="sm-d5c">
         <name>SCI_disableInterrupt</name>
         <value>0x8d5fc</value>
         <object_component_ref idref="oc-1c2"/>
      </symbol>
      <symbol id="sm-d5d">
         <name>SCI_setConfig</name>
         <value>0x8bcc8</value>
         <object_component_ref idref="oc-1b6"/>
      </symbol>
      <symbol id="sm-d5e">
         <name>SCI_enableInterrupt</name>
         <value>0x8d669</value>
         <object_component_ref idref="oc-1bc"/>
      </symbol>
      <symbol id="sm-e12">
         <name>SysCtl_isPLLValid</name>
         <value>0x8a7ba</value>
         <object_component_ref idref="oc-799"/>
      </symbol>
      <symbol id="sm-e13">
         <name>SysCtl_delay</name>
         <value>0xc0d1</value>
         <object_component_ref idref="oc-44d"/>
      </symbol>
      <symbol id="sm-e14">
         <name>SysCtl_getAuxClock</name>
         <value>0x8be64</value>
         <object_component_ref idref="oc-673"/>
      </symbol>
      <symbol id="sm-e15">
         <name>SysCtl_selectXTALSingleEnded</name>
         <value>0x8dc17</value>
         <object_component_ref idref="oc-84a"/>
      </symbol>
      <symbol id="sm-e16">
         <name>SysCtl_selectXTAL</name>
         <value>0x8d518</value>
         <object_component_ref idref="oc-850"/>
      </symbol>
      <symbol id="sm-e17">
         <name>SysCtl_selectOscSource</name>
         <value>0x8d466</value>
         <object_component_ref idref="oc-793"/>
      </symbol>
      <symbol id="sm-e18">
         <name>SysCtl_getLowSpeedClock</name>
         <value>0x8dbb1</value>
         <object_component_ref idref="oc-66d"/>
      </symbol>
      <symbol id="sm-e19">
         <name>SysCtl_controlCMReset</name>
         <value>0x8de15</value>
         <object_component_ref idref="oc-680"/>
      </symbol>
      <symbol id="sm-e1a">
         <name>SysCtl_setClock</name>
         <value>0x8ad2a</value>
         <object_component_ref idref="oc-65b"/>
      </symbol>
      <symbol id="sm-e1b">
         <name>SysCtl_getClock</name>
         <value>0x8c2bc</value>
         <object_component_ref idref="oc-667"/>
      </symbol>
      <symbol id="sm-e1c">
         <name>SysCtl_selectOscSourceAuxPLL</name>
         <value>0x8cf8a</value>
         <object_component_ref idref="oc-7a1"/>
      </symbol>
      <symbol id="sm-e1d">
         <name>SysCtl_setAuxClock</name>
         <value>0x8b194</value>
         <object_component_ref idref="oc-661"/>
      </symbol>
      <symbol id="sm-e2c">
         <name>logf</name>
         <value>0x8d5c4</value>
         <object_component_ref idref="oc-761"/>
      </symbol>
      <symbol id="sm-e2f">
         <name>FPU32LOG_TABLE_MASK1</name>
         <value>0xa8386</value>
         <object_component_ref idref="oc-838"/>
      </symbol>
      <symbol id="sm-e30">
         <name>FPU32LOG_TABLE_MASK2</name>
         <value>0xa8388</value>
         <object_component_ref idref="oc-838"/>
      </symbol>
      <symbol id="sm-e31">
         <name>FPU32INVLOG10</name>
         <value>0xa8382</value>
         <object_component_ref idref="oc-838"/>
      </symbol>
      <symbol id="sm-e32">
         <name>FPU32EXPBIAS</name>
         <value>0xa8384</value>
         <object_component_ref idref="oc-838"/>
      </symbol>
      <symbol id="sm-e33">
         <name>FPU32LOG2</name>
         <value>0xa8380</value>
         <object_component_ref idref="oc-838"/>
      </symbol>
      <symbol id="sm-e34">
         <name>FPU32logTable</name>
         <value>0xa838a</value>
         <object_component_ref idref="oc-838"/>
      </symbol>
      <symbol id="sm-e35">
         <name>FPU32logTableEnd</name>
         <value>0xa8450</value>
         <object_component_ref idref="oc-838"/>
      </symbol>
      <symbol id="sm-e3f">
         <name>_c_int00</name>
         <value>0x8de43</value>
         <object_component_ref idref="oc-1fc"/>
      </symbol>
      <symbol id="sm-e40">
         <name>__stack</name>
         <value>0x400</value>
         <object_component_ref idref="oc-ee"/>
      </symbol>
      <symbol id="sm-e53">
         <name>memcpy</name>
         <value>0x8dc71</value>
         <object_component_ref idref="oc-f1"/>
      </symbol>
      <symbol id="sm-e60">
         <name>_system_pre_init</name>
         <value>0x8e01d</value>
         <object_component_ref idref="oc-321"/>
      </symbol>
      <symbol id="sm-e6f">
         <name>__TI_auto_init_nobinit_nopinit</name>
         <value>0x8da1b</value>
         <object_component_ref idref="oc-3f4"/>
      </symbol>
      <symbol id="sm-e7c">
         <name>__TI_zero_init</name>
         <value>0x8e005</value>
         <object_component_ref idref="oc-ff"/>
      </symbol>
      <symbol id="sm-e89">
         <name>__TI_decompress_none</name>
         <value>0x8dfe7</value>
         <object_component_ref idref="oc-2c"/>
      </symbol>
      <symbol id="sm-e9d">
         <name>__TI_decompress_lzss</name>
         <value>0x8d85f</value>
         <object_component_ref idref="oc-26"/>
      </symbol>
      <symbol id="sm-eb3">
         <name>C$$EXIT</name>
         <value>0x8dac4</value>
         <object_component_ref idref="oc-32e"/>
      </symbol>
      <symbol id="sm-eb4">
         <name>abort</name>
         <value>0x8dac4</value>
         <object_component_ref idref="oc-32e"/>
      </symbol>
      <symbol id="sm-eb5">
         <name>exit</name>
         <value>0x8dac6</value>
         <object_component_ref idref="oc-32e"/>
      </symbol>
      <symbol id="sm-eb6">
         <name>__TI_dtors_ptr</name>
         <value>0xa4f0</value>
         <object_component_ref idref="oc-42c"/>
      </symbol>
      <symbol id="sm-eb7">
         <name>__TI_cleanup_ptr</name>
         <value>0xa4ee</value>
         <object_component_ref idref="oc-42c"/>
      </symbol>
      <symbol id="sm-eb8">
         <name>__TI_enable_exit_profile_output</name>
         <value>0xa4ec</value>
         <object_component_ref idref="oc-42c"/>
      </symbol>
      <symbol id="sm-ecf">
         <name>_nop</name>
         <value>0x8dfe6</value>
         <object_component_ref idref="oc-4e4"/>
      </symbol>
      <symbol id="sm-ed0">
         <name>_lock</name>
         <value>0xa4fe</value>
         <object_component_ref idref="oc-42f"/>
      </symbol>
      <symbol id="sm-ed1">
         <name>_unlock</name>
         <value>0xa500</value>
         <object_component_ref idref="oc-63f"/>
      </symbol>
      <symbol id="sm-ed2">
         <name>_register_lock</name>
         <value>0x8dfe2</value>
         <object_component_ref idref="oc-4e4"/>
      </symbol>
      <symbol id="sm-ed3">
         <name>_register_unlock</name>
         <value>0x8dfde</value>
         <object_component_ref idref="oc-4e4"/>
      </symbol>
      <symbol id="sm-ee2">
         <name>_args_main</name>
         <value>0x8dfa9</value>
         <object_component_ref idref="oc-328"/>
      </symbol>
      <symbol id="sm-ef1">
         <name>memset</name>
         <value>0x8dffe</value>
         <object_component_ref idref="oc-1f5"/>
      </symbol>
      <symbol id="sm-eff">
         <name>_system_post_cinit</name>
         <value>0x8e01f</value>
         <object_component_ref idref="oc-476"/>
      </symbol>
      <symbol id="sm-f01">
         <name>__c_args__</name>
         <value>0x0</value>
      </symbol>
   </symbol_table>
   <title>Link successful</title>
</link_info>
