<?xml version="1.0" encoding="ISO-8859-1" ?>
<link_info>
   <banner>TMS320C2000 Linker PC v22.6.1.LTS</banner>
   <copyright>Copyright (c) 1996-2018 Texas Instruments Incorporated</copyright>
   <link_time>0x69fb0acd</link_time>
   <link_errors>0x0</link_errors>
   <output_file>PCS150KW_c28x_cpu1_V4.0.out</output_file>
   <entry_point>
      <name>code_start</name>
      <address>0x80000</address>
   </entry_point>
   <input_file_list>
      <input_file id="fl-2">
         <path>.\syscfg\</path>
         <kind>object</kind>
         <file>board.obj</file>
         <name>board.obj</name>
      </input_file>
      <input_file id="fl-3">
         <path>.\syscfg\</path>
         <kind>object</kind>
         <file>clb_config.obj</file>
         <name>clb_config.obj</name>
      </input_file>
      <input_file id="fl-4">
         <path>.\syscfg\</path>
         <kind>object</kind>
         <file>clb_sim.obj</file>
         <name>clb_sim.obj</name>
      </input_file>
      <input_file id="fl-5">
         <path>.\syscfg\</path>
         <kind>object</kind>
         <file>c2000ware_libraries.obj</file>
         <name>c2000ware_libraries.obj</name>
      </input_file>
      <input_file id="fl-6">
         <path>.\</path>
         <kind>object</kind>
         <file>main.obj</file>
         <name>main.obj</name>
      </input_file>
      <input_file id="fl-7">
         <path>.\App\</path>
         <kind>object</kind>
         <file>bsp.obj</file>
         <name>bsp.obj</name>
      </input_file>
      <input_file id="fl-8">
         <path>.\App\</path>
         <kind>object</kind>
         <file>obj_Control.obj</file>
         <name>obj_Control.obj</name>
      </input_file>
      <input_file id="fl-9">
         <path>.\App\</path>
         <kind>object</kind>
         <file>obj_OutMeter.obj</file>
         <name>obj_OutMeter.obj</name>
      </input_file>
      <input_file id="fl-a">
         <path>.\App\</path>
         <kind>object</kind>
         <file>obj_Protect.obj</file>
         <name>obj_Protect.obj</name>
      </input_file>
      <input_file id="fl-b">
         <path>.\App\</path>
         <kind>object</kind>
         <file>obj_ipc.obj</file>
         <name>obj_ipc.obj</name>
      </input_file>
      <input_file id="fl-c">
         <path>.\App\</path>
         <kind>object</kind>
         <file>pwm_master_sync.obj</file>
         <name>pwm_master_sync.obj</name>
      </input_file>
      <input_file id="fl-d">
         <path>.\App\</path>
         <kind>object</kind>
         <file>pwm_slave_sync.obj</file>
         <name>pwm_slave_sync.obj</name>
      </input_file>
      <input_file id="fl-e">
         <path>.\CLA\</path>
         <kind>object</kind>
         <file>claAlg.obj</file>
         <name>claAlg.obj</name>
      </input_file>
      <input_file id="fl-f">
         <path>.\CLA\</path>
         <kind>object</kind>
         <file>initial_CLA.obj</file>
         <name>initial_CLA.obj</name>
      </input_file>
      <input_file id="fl-10">
         <path>.\Driver\</path>
         <kind>object</kind>
         <file>Drv_ADC.obj</file>
         <name>Drv_ADC.obj</name>
      </input_file>
      <input_file id="fl-11">
         <path>.\Driver\</path>
         <kind>object</kind>
         <file>Drv_CAN.obj</file>
         <name>Drv_CAN.obj</name>
      </input_file>
      <input_file id="fl-12">
         <path>.\Driver\</path>
         <kind>object</kind>
         <file>Drv_DIN.obj</file>
         <name>Drv_DIN.obj</name>
      </input_file>
      <input_file id="fl-13">
         <path>.\Driver\</path>
         <kind>object</kind>
         <file>Drv_DO.obj</file>
         <name>Drv_DO.obj</name>
      </input_file>
      <input_file id="fl-14">
         <path>.\Driver\</path>
         <kind>object</kind>
         <file>Drv_EtherNet.obj</file>
         <name>Drv_EtherNet.obj</name>
      </input_file>
      <input_file id="fl-15">
         <path>.\Driver\</path>
         <kind>object</kind>
         <file>Drv_I2CA.obj</file>
         <name>Drv_I2CA.obj</name>
      </input_file>
      <input_file id="fl-16">
         <path>.\Driver\</path>
         <kind>object</kind>
         <file>Drv_LED.obj</file>
         <name>Drv_LED.obj</name>
      </input_file>
      <input_file id="fl-17">
         <path>.\Driver\</path>
         <kind>object</kind>
         <file>Drv_PWM.obj</file>
         <name>Drv_PWM.obj</name>
      </input_file>
      <input_file id="fl-18">
         <path>.\Driver\</path>
         <kind>object</kind>
         <file>Drv_SCIB.obj</file>
         <name>Drv_SCIB.obj</name>
      </input_file>
      <input_file id="fl-19">
         <path>.\Driver\</path>
         <kind>object</kind>
         <file>Drv_SCIC.obj</file>
         <name>Drv_SCIC.obj</name>
      </input_file>
      <input_file id="fl-1a">
         <path>.\Driver\</path>
         <kind>object</kind>
         <file>Drv_SCID.obj</file>
         <name>Drv_SCID.obj</name>
      </input_file>
      <input_file id="fl-1b">
         <path>.\Driver\</path>
         <kind>object</kind>
         <file>Drv_SSI.obj</file>
         <name>Drv_SSI.obj</name>
      </input_file>
      <input_file id="fl-1c">
         <path>.\Driver\</path>
         <kind>object</kind>
         <file>Drv_Timer.obj</file>
         <name>Drv_Timer.obj</name>
      </input_file>
      <input_file id="fl-1d">
         <path>.\Driver\</path>
         <kind>object</kind>
         <file>Drv_UartA.obj</file>
         <name>Drv_UartA.obj</name>
      </input_file>
      <input_file id="fl-1e">
         <path>.\Driver\</path>
         <kind>object</kind>
         <file>Drv_W5500.obj</file>
         <name>Drv_W5500.obj</name>
      </input_file>
      <input_file id="fl-1f">
         <path>.\Driver\</path>
         <kind>object</kind>
         <file>Drv_tca9535_IO1.obj</file>
         <name>Drv_tca9535_IO1.obj</name>
      </input_file>
      <input_file id="fl-20">
         <path>.\Driver\</path>
         <kind>object</kind>
         <file>Drv_tca9535_IO2.obj</file>
         <name>Drv_tca9535_IO2.obj</name>
      </input_file>
      <input_file id="fl-21">
         <path>.\Driver\device\</path>
         <kind>object</kind>
         <file>device.obj</file>
         <name>device.obj</name>
      </input_file>
      <input_file id="fl-22">
         <path>.\Driver\device\</path>
         <kind>object</kind>
         <file>f2838x_codestartbranch.obj</file>
         <name>f2838x_codestartbranch.obj</name>
      </input_file>
      <input_file id="fl-23">
         <path>.\Driver\device\driverlib\</path>
         <kind>object</kind>
         <file>adc.obj</file>
         <name>adc.obj</name>
      </input_file>
      <input_file id="fl-24">
         <path>.\Driver\device\driverlib\</path>
         <kind>object</kind>
         <file>asysctl.obj</file>
         <name>asysctl.obj</name>
      </input_file>
      <input_file id="fl-25">
         <path>.\Driver\device\driverlib\</path>
         <kind>object</kind>
         <file>bgcrc.obj</file>
         <name>bgcrc.obj</name>
      </input_file>
      <input_file id="fl-26">
         <path>.\Driver\device\driverlib\</path>
         <kind>object</kind>
         <file>can.obj</file>
         <name>can.obj</name>
      </input_file>
      <input_file id="fl-27">
         <path>.\Driver\device\driverlib\</path>
         <kind>object</kind>
         <file>cla.obj</file>
         <name>cla.obj</name>
      </input_file>
      <input_file id="fl-28">
         <path>.\Driver\device\driverlib\</path>
         <kind>object</kind>
         <file>clb.obj</file>
         <name>clb.obj</name>
      </input_file>
      <input_file id="fl-29">
         <path>.\Driver\device\driverlib\</path>
         <kind>object</kind>
         <file>cmpss.obj</file>
         <name>cmpss.obj</name>
      </input_file>
      <input_file id="fl-2a">
         <path>.\Driver\device\driverlib\</path>
         <kind>object</kind>
         <file>cputimer.obj</file>
         <name>cputimer.obj</name>
      </input_file>
      <input_file id="fl-2b">
         <path>.\Driver\device\driverlib\</path>
         <kind>object</kind>
         <file>dac.obj</file>
         <name>dac.obj</name>
      </input_file>
      <input_file id="fl-2c">
         <path>.\Driver\device\driverlib\</path>
         <kind>object</kind>
         <file>dcc.obj</file>
         <name>dcc.obj</name>
      </input_file>
      <input_file id="fl-2d">
         <path>.\Driver\device\driverlib\</path>
         <kind>object</kind>
         <file>dcsm.obj</file>
         <name>dcsm.obj</name>
      </input_file>
      <input_file id="fl-2e">
         <path>.\Driver\device\driverlib\</path>
         <kind>object</kind>
         <file>dma.obj</file>
         <name>dma.obj</name>
      </input_file>
      <input_file id="fl-2f">
         <path>.\Driver\device\driverlib\</path>
         <kind>object</kind>
         <file>ecap.obj</file>
         <name>ecap.obj</name>
      </input_file>
      <input_file id="fl-30">
         <path>.\Driver\device\driverlib\</path>
         <kind>object</kind>
         <file>emif.obj</file>
         <name>emif.obj</name>
      </input_file>
      <input_file id="fl-31">
         <path>.\Driver\device\driverlib\</path>
         <kind>object</kind>
         <file>epwm.obj</file>
         <name>epwm.obj</name>
      </input_file>
      <input_file id="fl-32">
         <path>.\Driver\device\driverlib\</path>
         <kind>object</kind>
         <file>eqep.obj</file>
         <name>eqep.obj</name>
      </input_file>
      <input_file id="fl-33">
         <path>.\Driver\device\driverlib\</path>
         <kind>object</kind>
         <file>erad.obj</file>
         <name>erad.obj</name>
      </input_file>
      <input_file id="fl-34">
         <path>.\Driver\device\driverlib\</path>
         <kind>object</kind>
         <file>escss.obj</file>
         <name>escss.obj</name>
      </input_file>
      <input_file id="fl-35">
         <path>.\Driver\device\driverlib\</path>
         <kind>object</kind>
         <file>flash.obj</file>
         <name>flash.obj</name>
      </input_file>
      <input_file id="fl-36">
         <path>.\Driver\device\driverlib\</path>
         <kind>object</kind>
         <file>fsi.obj</file>
         <name>fsi.obj</name>
      </input_file>
      <input_file id="fl-37">
         <path>.\Driver\device\driverlib\</path>
         <kind>object</kind>
         <file>gpio.obj</file>
         <name>gpio.obj</name>
      </input_file>
      <input_file id="fl-38">
         <path>.\Driver\device\driverlib\</path>
         <kind>object</kind>
         <file>hrcap.obj</file>
         <name>hrcap.obj</name>
      </input_file>
      <input_file id="fl-39">
         <path>.\Driver\device\driverlib\</path>
         <kind>object</kind>
         <file>hrpwm.obj</file>
         <name>hrpwm.obj</name>
      </input_file>
      <input_file id="fl-3a">
         <path>.\Driver\device\driverlib\</path>
         <kind>object</kind>
         <file>i2c.obj</file>
         <name>i2c.obj</name>
      </input_file>
      <input_file id="fl-3b">
         <path>.\Driver\device\driverlib\</path>
         <kind>object</kind>
         <file>interrupt.obj</file>
         <name>interrupt.obj</name>
      </input_file>
      <input_file id="fl-3c">
         <path>.\Driver\device\driverlib\</path>
         <kind>object</kind>
         <file>ipc.obj</file>
         <name>ipc.obj</name>
      </input_file>
      <input_file id="fl-3d">
         <path>.\Driver\device\driverlib\</path>
         <kind>object</kind>
         <file>mcan.obj</file>
         <name>mcan.obj</name>
      </input_file>
      <input_file id="fl-3e">
         <path>.\Driver\device\driverlib\</path>
         <kind>object</kind>
         <file>mcbsp.obj</file>
         <name>mcbsp.obj</name>
      </input_file>
      <input_file id="fl-3f">
         <path>.\Driver\device\driverlib\</path>
         <kind>object</kind>
         <file>memcfg.obj</file>
         <name>memcfg.obj</name>
      </input_file>
      <input_file id="fl-40">
         <path>.\Driver\device\driverlib\</path>
         <kind>object</kind>
         <file>pmbus.obj</file>
         <name>pmbus.obj</name>
      </input_file>
      <input_file id="fl-41">
         <path>.\Driver\device\driverlib\</path>
         <kind>object</kind>
         <file>sci.obj</file>
         <name>sci.obj</name>
      </input_file>
      <input_file id="fl-42">
         <path>.\Driver\device\driverlib\</path>
         <kind>object</kind>
         <file>sdfm.obj</file>
         <name>sdfm.obj</name>
      </input_file>
      <input_file id="fl-43">
         <path>.\Driver\device\driverlib\</path>
         <kind>object</kind>
         <file>spi.obj</file>
         <name>spi.obj</name>
      </input_file>
      <input_file id="fl-44">
         <path>.\Driver\device\driverlib\</path>
         <kind>object</kind>
         <file>sysctl.obj</file>
         <name>sysctl.obj</name>
      </input_file>
      <input_file id="fl-45">
         <path>.\Driver\device\driverlib\</path>
         <kind>object</kind>
         <file>usb.obj</file>
         <name>usb.obj</name>
      </input_file>
      <input_file id="fl-46">
         <path>.\Driver\device\driverlib\</path>
         <kind>object</kind>
         <file>version.obj</file>
         <name>version.obj</name>
      </input_file>
      <input_file id="fl-47">
         <path>.\Driver\device\driverlib\</path>
         <kind>object</kind>
         <file>xbar.obj</file>
         <name>xbar.obj</name>
      </input_file>
      <input_file id="fl-48">
         <path>.\libraries\DCL\</path>
         <kind>object</kind>
         <file>DCL_PI_C4.obj</file>
         <name>DCL_PI_C4.obj</name>
      </input_file>
      <input_file id="fl-49">
         <path>.\libraries\DCL\</path>
         <kind>object</kind>
         <file>DCL_PI_L1.obj</file>
         <name>DCL_PI_L1.obj</name>
      </input_file>
      <input_file id="fl-4a">
         <path>.\libraries\DCL\</path>
         <kind>object</kind>
         <file>DCL_PI_L2.obj</file>
         <name>DCL_PI_L2.obj</name>
      </input_file>
      <input_file id="fl-4b">
         <path>.\libraries\sfra\</path>
         <kind>object</kind>
         <file>sfra_gui_scicomms_driverlib.obj</file>
         <name>sfra_gui_scicomms_driverlib.obj</name>
      </input_file>
      <input_file id="fl-59">
         <kind>object</kind>
         <file>&lt;internal&gt;</file>
         <name>&lt;internal&gt;</name>
      </input_file>
      <input_file id="fl-5a">
         <path>D:\workspace\CCS\PCS150KW_c28x_cpu1_V4.0\libraries\FPUfastRTS\</path>
         <kind>archive</kind>
         <file>rts2800_fpu32_fast_supplement_eabi.lib</file>
         <name>log_f32.obj</name>
      </input_file>
      <input_file id="fl-5b">
         <path>D:\workspace\CCS\PCS150KW_c28x_cpu1_V4.0\libraries\FPUfastRTS\</path>
         <kind>archive</kind>
         <file>rts2800_fpu32_fast_supplement_eabi.lib</file>
         <name>logtable_f32.obj</name>
      </input_file>
      <input_file id="fl-67">
         <path>C:\ti\ccs1280\ccs\tools\compiler\ti-cgt-c2000_22.6.1.LTS\lib\</path>
         <kind>archive</kind>
         <file>rts2800_fpu32_eabi.lib</file>
         <name>boot28.asm.obj</name>
      </input_file>
      <input_file id="fl-68">
         <path>C:\ti\ccs1280\ccs\tools\compiler\ti-cgt-c2000_22.6.1.LTS\lib\</path>
         <kind>archive</kind>
         <file>rts2800_fpu32_eabi.lib</file>
         <name>ll_cmp28.asm.obj</name>
      </input_file>
      <input_file id="fl-69">
         <path>C:\ti\ccs1280\ccs\tools\compiler\ti-cgt-c2000_22.6.1.LTS\lib\</path>
         <kind>archive</kind>
         <file>rts2800_fpu32_eabi.lib</file>
         <name>memcpy.c.obj</name>
      </input_file>
      <input_file id="fl-6a">
         <path>C:\ti\ccs1280\ccs\tools\compiler\ti-cgt-c2000_22.6.1.LTS\lib\</path>
         <kind>archive</kind>
         <file>rts2800_fpu32_eabi.lib</file>
         <name>pre_init.c.obj</name>
      </input_file>
      <input_file id="fl-6b">
         <path>C:\ti\ccs1280\ccs\tools\compiler\ti-cgt-c2000_22.6.1.LTS\lib\</path>
         <kind>archive</kind>
         <file>rts2800_fpu32_eabi.lib</file>
         <name>autoinit.c.obj</name>
      </input_file>
      <input_file id="fl-6c">
         <path>C:\ti\ccs1280\ccs\tools\compiler\ti-cgt-c2000_22.6.1.LTS\lib\</path>
         <kind>archive</kind>
         <file>rts2800_fpu32_eabi.lib</file>
         <name>copy_zero_init.c.obj</name>
      </input_file>
      <input_file id="fl-6d">
         <path>C:\ti\ccs1280\ccs\tools\compiler\ti-cgt-c2000_22.6.1.LTS\lib\</path>
         <kind>archive</kind>
         <file>rts2800_fpu32_eabi.lib</file>
         <name>copy_decompress_none.c.obj</name>
      </input_file>
      <input_file id="fl-6e">
         <path>C:\ti\ccs1280\ccs\tools\compiler\ti-cgt-c2000_22.6.1.LTS\lib\</path>
         <kind>archive</kind>
         <file>rts2800_fpu32_eabi.lib</file>
         <name>copy_decompress_lzss.c.obj</name>
      </input_file>
      <input_file id="fl-6f">
         <path>C:\ti\ccs1280\ccs\tools\compiler\ti-cgt-c2000_22.6.1.LTS\lib\</path>
         <kind>archive</kind>
         <file>rts2800_fpu32_eabi.lib</file>
         <name>exit.c.obj</name>
      </input_file>
      <input_file id="fl-70">
         <path>C:\ti\ccs1280\ccs\tools\compiler\ti-cgt-c2000_22.6.1.LTS\lib\</path>
         <kind>archive</kind>
         <file>rts2800_fpu32_eabi.lib</file>
         <name>_lock.c.obj</name>
      </input_file>
      <input_file id="fl-71">
         <path>C:\ti\ccs1280\ccs\tools\compiler\ti-cgt-c2000_22.6.1.LTS\lib\</path>
         <kind>archive</kind>
         <file>rts2800_fpu32_eabi.lib</file>
         <name>args_main.c.obj</name>
      </input_file>
      <input_file id="fl-72">
         <path>C:\ti\ccs1280\ccs\tools\compiler\ti-cgt-c2000_22.6.1.LTS\lib\</path>
         <kind>archive</kind>
         <file>rts2800_fpu32_eabi.lib</file>
         <name>memset.c.obj</name>
      </input_file>
      <input_file id="fl-73">
         <path>C:\ti\ccs1280\ccs\tools\compiler\ti-cgt-c2000_22.6.1.LTS\lib\</path>
         <kind>archive</kind>
         <file>rts2800_fpu32_eabi.lib</file>
         <name>cpy_tbl.c.obj</name>
      </input_file>
      <input_file id="fl-74">
         <path>C:\ti\ccs1280\ccs\tools\compiler\ti-cgt-c2000_22.6.1.LTS\lib\</path>
         <kind>archive</kind>
         <file>rts2800_fpu32_eabi.lib</file>
         <name>startup.c.obj</name>
      </input_file>
   </input_file_list>
   <object_component_list>
      <object_component id="oc-33">
         <name>codestart</name>
         <load_address>0x80000</load_address>
         <run_address>0x80000</run_address>
         <size>0x2</size>
         <input_file_ref idref="fl-22"/>
      </object_component>
      <object_component id="oc-2a2">
         <name>.text:obj_PcsOutput_PowerMeasAC</name>
         <load_address>0x88000</load_address>
         <run_address>0x88000</run_address>
         <size>0x5cb</size>
         <input_file_ref idref="fl-9"/>
      </object_component>
      <object_component id="oc-6b0">
         <name>.text:Drv_EPWMx_Init</name>
         <load_address>0x885cb</load_address>
         <run_address>0x885cb</run_address>
         <size>0x51c</size>
         <input_file_ref idref="fl-17"/>
      </object_component>
      <object_component id="oc-55f">
         <name>.text:initCLBTILE5</name>
         <load_address>0x88ae7</load_address>
         <run_address>0x88ae7</run_address>
         <size>0x3d9</size>
         <input_file_ref idref="fl-3"/>
      </object_component>
      <object_component id="oc-565">
         <name>.text:initCLBTILE6</name>
         <load_address>0x88ec0</load_address>
         <run_address>0x88ec0</run_address>
         <size>0x3d9</size>
         <input_file_ref idref="fl-3"/>
      </object_component>
      <object_component id="oc-56b">
         <name>.text:initCLBTILE7</name>
         <load_address>0x89299</load_address>
         <run_address>0x89299</run_address>
         <size>0x3d9</size>
         <input_file_ref idref="fl-3"/>
      </object_component>
      <object_component id="oc-571">
         <name>.text:initCLBTILE8</name>
         <load_address>0x89672</load_address>
         <run_address>0x89672</run_address>
         <size>0x3d9</size>
         <input_file_ref idref="fl-3"/>
      </object_component>
      <object_component id="oc-2a8">
         <name>.text:obj_PcsOutput_RmsCalc</name>
         <load_address>0x89a4b</load_address>
         <run_address>0x89a4b</run_address>
         <size>0x2bc</size>
         <input_file_ref idref="fl-9"/>
      </object_component>
      <object_component id="oc-766">
         <name>.text:DCC_verifyClockFrequency</name>
         <load_address>0x89d07</load_address>
         <run_address>0x89d07</run_address>
         <size>0x290</size>
         <input_file_ref idref="fl-2c"/>
      </object_component>
      <object_component id="oc-6fe">
         <name>.text:CLB_configCounterLoadMatch</name>
         <load_address>0x89f97</load_address>
         <run_address>0x89f97</run_address>
         <size>0x21e</size>
         <input_file_ref idref="fl-28"/>
      </object_component>
      <object_component id="oc-2b4">
         <name>.text:Pcs_GridRef_Pll</name>
         <load_address>0x8a1b5</load_address>
         <run_address>0x8a1b5</run_address>
         <size>0x1fb</size>
         <input_file_ref idref="fl-8"/>
      </object_component>
      <object_component id="oc-463">
         <name>.text:cpu2claParam_Upgrade</name>
         <load_address>0x8a3b0</load_address>
         <run_address>0x8a3b0</run_address>
         <size>0x1f6</size>
         <input_file_ref idref="fl-7"/>
      </object_component>
      <object_component id="oc-774">
         <name>.text:SysCtl_isPLLValid</name>
         <load_address>0x8a5a6</load_address>
         <run_address>0x8a5a6</run_address>
         <size>0x16c</size>
         <input_file_ref idref="fl-44"/>
      </object_component>
      <object_component id="oc-64e">
         <name>.text:Device_enableAllPeripherals</name>
         <load_address>0x8a712</load_address>
         <run_address>0x8a712</run_address>
         <size>0x167</size>
         <input_file_ref idref="fl-21"/>
      </object_component>
      <object_component id="oc-57d">
         <name>.text:obj_PcsOutput_Init</name>
         <load_address>0x8a879</load_address>
         <run_address>0x8a879</run_address>
         <size>0x15c</size>
         <input_file_ref idref="fl-9"/>
      </object_component>
      <object_component id="oc-630">
         <name>.text:SysCtl_setClock</name>
         <load_address>0x8a9d5</load_address>
         <run_address>0x8a9d5</run_address>
         <size>0x12a</size>
         <input_file_ref idref="fl-44"/>
      </object_component>
      <object_component id="oc-47f">
         <name>.text:objControl_StateCtrl</name>
         <load_address>0x8aaff</load_address>
         <run_address>0x8aaff</run_address>
         <size>0x128</size>
         <input_file_ref idref="fl-8"/>
      </object_component>
      <object_component id="oc-144">
         <name>.text:Slave_ServicePpsCapture</name>
         <load_address>0x8ac27</load_address>
         <run_address>0x8ac27</run_address>
         <size>0x120</size>
         <input_file_ref idref="fl-d"/>
      </object_component>
      <object_component id="oc-12f">
         <name>.text:Master_ServicePpsCapture</name>
         <load_address>0x8ad47</load_address>
         <run_address>0x8ad47</run_address>
         <size>0x113</size>
         <input_file_ref idref="fl-c"/>
      </object_component>
      <object_component id="oc-2ae">
         <name>.text:Pcs_InterRef_Gen</name>
         <load_address>0x8ae5a</load_address>
         <run_address>0x8ae5a</run_address>
         <size>0xf9</size>
         <input_file_ref idref="fl-8"/>
      </object_component>
      <object_component id="oc-636">
         <name>.text:SysCtl_setAuxClock</name>
         <load_address>0x8af53</load_address>
         <run_address>0x8af53</run_address>
         <size>0xf3</size>
         <input_file_ref idref="fl-44"/>
      </object_component>
      <object_component id="oc-4cf">
         <name>.text:Drv_PwmPin_Init</name>
         <load_address>0x8b046</load_address>
         <run_address>0x8b046</run_address>
         <size>0xd6</size>
         <input_file_ref idref="fl-17"/>
      </object_component>
      <object_component id="oc-451">
         <name>.text:bsp_init</name>
         <load_address>0x8b11c</load_address>
         <run_address>0x8b11c</run_address>
         <size>0xb9</size>
         <input_file_ref idref="fl-7"/>
      </object_component>
      <object_component id="oc-529">
         <name>.text:Drv_DO_Init</name>
         <load_address>0x8b1d5</load_address>
         <run_address>0x8b1d5</run_address>
         <size>0xa9</size>
         <input_file_ref idref="fl-13"/>
      </object_component>
      <object_component id="oc-45d">
         <name>.text:Drv_Timer_ClockMaintain</name>
         <load_address>0x8b27e</load_address>
         <run_address>0x8b27e</run_address>
         <size>0xa2</size>
         <input_file_ref idref="fl-1c"/>
      </object_component>
      <object_component id="oc-6e3">
         <name>.text:myCLB7_init</name>
         <load_address>0x8b320</load_address>
         <run_address>0x8b320</run_address>
         <size>0xa1</size>
         <input_file_ref idref="fl-2"/>
      </object_component>
      <object_component id="oc-6e9">
         <name>.text:myCLB8_init</name>
         <load_address>0x8b3c1</load_address>
         <run_address>0x8b3c1</run_address>
         <size>0xa1</size>
         <input_file_ref idref="fl-2"/>
      </object_component>
      <object_component id="oc-69a">
         <name>.text:PCS_Spll_Init</name>
         <load_address>0x8b462</load_address>
         <run_address>0x8b462</run_address>
         <size>0xa0</size>
         <input_file_ref idref="fl-8"/>
      </object_component>
      <object_component id="oc-187">
         <name>.text:Pcs_runISR1</name>
         <load_address>0x8b502</load_address>
         <run_address>0x8b502</run_address>
         <size>0xa0</size>
         <input_file_ref idref="fl-8"/>
      </object_component>
      <object_component id="oc-6d7">
         <name>.text:myCLB5_init</name>
         <load_address>0x8b5a2</load_address>
         <run_address>0x8b5a2</run_address>
         <size>0xa0</size>
         <input_file_ref idref="fl-2"/>
      </object_component>
      <object_component id="oc-6dd">
         <name>.text:myCLB6_init</name>
         <load_address>0x8b642</load_address>
         <run_address>0x8b642</run_address>
         <size>0x9f</size>
         <input_file_ref idref="fl-2"/>
      </object_component>
      <object_component id="oc-ad">
         <name>.text:Drv_SCIB_Init</name>
         <load_address>0x8b6e1</load_address>
         <run_address>0x8b6e1</run_address>
         <size>0x97</size>
         <input_file_ref idref="fl-18"/>
      </object_component>
      <object_component id="oc-b9">
         <name>.text:Drv_SCIC_Init</name>
         <load_address>0x8b778</load_address>
         <run_address>0x8b778</run_address>
         <size>0x96</size>
         <input_file_ref idref="fl-19"/>
      </object_component>
      <object_component id="oc-c5">
         <name>.text:Drv_SCID_Init</name>
         <load_address>0x8b80e</load_address>
         <run_address>0x8b80e</run_address>
         <size>0x96</size>
         <input_file_ref idref="fl-1a"/>
      </object_component>
      <object_component id="oc-479">
         <name>.text:obj_PcsOutput_TempCalc</name>
         <load_address>0x8b8a4</load_address>
         <run_address>0x8b8a4</run_address>
         <size>0x91</size>
         <input_file_ref idref="fl-9"/>
      </object_component>
      <object_component id="oc-1ad">
         <name>.text:SCI_setConfig</name>
         <load_address>0x8b935</load_address>
         <run_address>0x8b935</run_address>
         <size>0x8d</size>
         <input_file_ref idref="fl-41"/>
      </object_component>
      <object_component id="oc-752">
         <name>.text:SCI_writeCharArray</name>
         <load_address>0x8b9c2</load_address>
         <run_address>0x8b9c2</run_address>
         <size>0x89</size>
         <input_file_ref idref="fl-41"/>
      </object_component>
      <object_component id="oc-6bd">
         <name>.text:Drv_ADCA_init</name>
         <load_address>0x8ba4b</load_address>
         <run_address>0x8ba4b</run_address>
         <size>0x86</size>
         <input_file_ref idref="fl-10"/>
      </object_component>
      <object_component id="oc-648">
         <name>.text:SysCtl_getAuxClock</name>
         <load_address>0x8bad1</load_address>
         <run_address>0x8bad1</run_address>
         <size>0x81</size>
         <input_file_ref idref="fl-44"/>
      </object_component>
      <object_component id="oc-6b">
         <name>.text:initCpu2Cla1</name>
         <load_address>0x8bb52</load_address>
         <run_address>0x8bb52</run_address>
         <size>0x7f</size>
         <input_file_ref idref="fl-f"/>
      </object_component>
      <object_component id="oc-744">
         <name>.text:tca9535_io1_p0Set</name>
         <load_address>0x8bbd1</load_address>
         <run_address>0x8bbd1</run_address>
         <size>0x7e</size>
         <input_file_ref idref="fl-1f"/>
      </object_component>
      <object_component id="oc-74a">
         <name>.text:tca9535_io2_p0Set</name>
         <load_address>0x8bc4f</load_address>
         <run_address>0x8bc4f</run_address>
         <size>0x7e</size>
         <input_file_ref idref="fl-20"/>
      </object_component>
      <object_component id="oc-50b">
         <name>.text:Drv_EtherNetPinInit</name>
         <load_address>0x8bccd</load_address>
         <run_address>0x8bccd</run_address>
         <size>0x7c</size>
         <input_file_ref idref="fl-14"/>
      </object_component>
      <object_component id="oc-46">
         <name>.text:IPC_ISR0</name>
         <load_address>0x8bd49</load_address>
         <run_address>0x8bd49</run_address>
         <size>0x7b</size>
         <input_file_ref idref="fl-b"/>
      </object_component>
      <object_component id="oc-2f9">
         <name>.text:Interrupt_clearIFR</name>
         <load_address>0x8bdc4</load_address>
         <run_address>0x8bdc4</run_address>
         <size>0x79</size>
         <input_file_ref idref="fl-3b"/>
      </object_component>
      <object_component id="oc-4bd">
         <name>.text:Device_init</name>
         <load_address>0x8be3d</load_address>
         <run_address>0x8be3d</run_address>
         <size>0x78</size>
         <input_file_ref idref="fl-21"/>
      </object_component>
      <object_component id="oc-803">
         <name>.text:MemCfg_getInitStatus</name>
         <load_address>0x8beb5</load_address>
         <run_address>0x8beb5</run_address>
         <size>0x74</size>
         <input_file_ref idref="fl-3f"/>
      </object_component>
      <object_component id="oc-63c">
         <name>.text:SysCtl_getClock</name>
         <load_address>0x8bf29</load_address>
         <run_address>0x8bf29</run_address>
         <size>0x72</size>
         <input_file_ref idref="fl-44"/>
      </object_component>
      <object_component id="oc-6c3">
         <name>.text:Drv_ADCB_init</name>
         <load_address>0x8bf9b</load_address>
         <run_address>0x8bf9b</run_address>
         <size>0x70</size>
         <input_file_ref idref="fl-10"/>
      </object_component>
      <object_component id="oc-6c9">
         <name>.text:Drv_ADCC_init</name>
         <load_address>0x8c00b</load_address>
         <run_address>0x8c00b</run_address>
         <size>0x70</size>
         <input_file_ref idref="fl-10"/>
      </object_component>
      <object_component id="oc-6cf">
         <name>.text:Drv_ADCD_init</name>
         <load_address>0x8c07b</load_address>
         <run_address>0x8c07b</run_address>
         <size>0x70</size>
         <input_file_ref idref="fl-10"/>
      </object_component>
      <object_component id="oc-4d5">
         <name>.text:Drv_DinPin_Init</name>
         <load_address>0x8c0eb</load_address>
         <run_address>0x8c0eb</run_address>
         <size>0x6f</size>
         <input_file_ref idref="fl-12"/>
      </object_component>
      <object_component id="oc-b8">
         <name>.text:SCICRxISR</name>
         <load_address>0x8c15a</load_address>
         <run_address>0x8c15a</run_address>
         <size>0x6d</size>
         <input_file_ref idref="fl-19"/>
      </object_component>
      <object_component id="oc-c4">
         <name>.text:SCIDRxISR</name>
         <load_address>0x8c1c7</load_address>
         <run_address>0x8c1c7</run_address>
         <size>0x6d</size>
         <input_file_ref idref="fl-1a"/>
      </object_component>
      <object_component id="oc-4ed">
         <name>.text:Drv_W5500Pin_Init</name>
         <load_address>0x8c234</load_address>
         <run_address>0x8c234</run_address>
         <size>0x6b</size>
         <input_file_ref idref="fl-1e"/>
      </object_component>
      <object_component id="oc-809">
         <name>.text:MemCfg_setLSRAMControllerSel</name>
         <load_address>0x8c29f</load_address>
         <run_address>0x8c29f</run_address>
         <size>0x6b</size>
         <input_file_ref idref="fl-3f"/>
      </object_component>
      <object_component id="oc-29c">
         <name>.text:ipc_TxData_Cpu1ToCM</name>
         <load_address>0x8c30a</load_address>
         <run_address>0x8c30a</run_address>
         <size>0x6b</size>
         <input_file_ref idref="fl-b"/>
      </object_component>
      <object_component id="oc-5f2">
         <name>.text:Drv_RelaySet</name>
         <load_address>0x8c375</load_address>
         <run_address>0x8c375</run_address>
         <size>0x6a</size>
         <input_file_ref idref="fl-13"/>
      </object_component>
      <object_component id="oc-715">
         <name>.text:configClaMemory</name>
         <load_address>0x8c3df</load_address>
         <run_address>0x8c3df</run_address>
         <size>0x69</size>
         <input_file_ref idref="fl-f"/>
      </object_component>
      <object_component id="oc-839">
         <name>.text:SysCtl_pollX1Counter</name>
         <load_address>0x8c448</load_address>
         <run_address>0x8c448</run_address>
         <size>0x66</size>
         <input_file_ref idref="fl-44"/>
      </object_component>
      <object_component id="oc-7fd">
         <name>.text:MemCfg_initSections</name>
         <load_address>0x8c4ae</load_address>
         <run_address>0x8c4ae</run_address>
         <size>0x64</size>
         <input_file_ref idref="fl-3f"/>
      </object_component>
      <object_component id="oc-5b4">
         <name>.text:FaultMonitor_ACVoltageUnbanlance</name>
         <load_address>0x8c512</load_address>
         <run_address>0x8c512</run_address>
         <size>0x63</size>
         <input_file_ref idref="fl-a"/>
      </object_component>
      <object_component id="oc-43c">
         <name>.text</name>
         <load_address>0x8c575</load_address>
         <run_address>0x8c575</run_address>
         <size>0x1</size>
         <input_file_ref idref="fl-74"/>
      </object_component>
      <object_component id="oc-848">
         <name>.text:ADC_setINLTrim</name>
         <load_address>0x8c576</load_address>
         <run_address>0x8c576</run_address>
         <size>0x5f</size>
         <input_file_ref idref="fl-23"/>
      </object_component>
      <object_component id="oc-6a9">
         <name>.text:Drv_PWM_ParamInit</name>
         <load_address>0x8c5d5</load_address>
         <run_address>0x8c5d5</run_address>
         <size>0x5f</size>
         <input_file_ref idref="fl-17"/>
      </object_component>
      <object_component id="oc-54">
         <name>.text:Master_InitPpsEcap</name>
         <load_address>0x8c634</load_address>
         <run_address>0x8c634</run_address>
         <size>0x5e</size>
         <input_file_ref idref="fl-c"/>
      </object_component>
      <object_component id="oc-ac">
         <name>.text:SCIBRxISR</name>
         <load_address>0x8c692</load_address>
         <run_address>0x8c692</run_address>
         <size>0x5e</size>
         <input_file_ref idref="fl-18"/>
      </object_component>
      <object_component id="oc-60">
         <name>.text:Slave_InitPpsEcap</name>
         <load_address>0x8c6f0</load_address>
         <run_address>0x8c6f0</run_address>
         <size>0x5e</size>
         <input_file_ref idref="fl-d"/>
      </object_component>
      <object_component id="oc-21c">
         <name>.text:set_epwm_up_down_phase</name>
         <load_address>0x8c74e</load_address>
         <run_address>0x8c74e</run_address>
         <size>0x58</size>
         <input_file_ref idref="fl-c"/>
      </object_component>
      <object_component id="oc-22c">
         <name>.text:set_epwm_up_down_phase</name>
         <load_address>0x8c7a6</load_address>
         <run_address>0x8c7a6</run_address>
         <size>0x58</size>
         <input_file_ref idref="fl-d"/>
      </object_component>
      <object_component id="oc-58f">
         <name>.text:App_AllFault_Reset</name>
         <load_address>0x8c7fe</load_address>
         <run_address>0x8c7fe</run_address>
         <size>0x56</size>
         <input_file_ref idref="fl-7"/>
      </object_component>
      <object_component id="oc-5a8">
         <name>.text:FaultMonitor_ACUnderVoltage</name>
         <load_address>0x8c854</load_address>
         <run_address>0x8c854</run_address>
         <size>0x54</size>
         <input_file_ref idref="fl-a"/>
      </object_component>
      <object_component id="oc-84e">
         <name>.text:ADC_setOffsetTrim</name>
         <load_address>0x8c8a8</load_address>
         <run_address>0x8c8a8</run_address>
         <size>0x53</size>
         <input_file_ref idref="fl-23"/>
      </object_component>
      <object_component id="oc-296">
         <name>.text:obj_PcsOutput_PowerMeas</name>
         <load_address>0x8c8fb</load_address>
         <run_address>0x8c8fb</run_address>
         <size>0x53</size>
         <input_file_ref idref="fl-9"/>
      </object_component>
      <object_component id="oc-1a1">
         <name>.text:SCI_clearInterruptStatus</name>
         <load_address>0x8c94e</load_address>
         <run_address>0x8c94e</run_address>
         <size>0x52</size>
         <input_file_ref idref="fl-41"/>
      </object_component>
      <object_component id="oc-18e">
         <name>.text:Drv_AD_Switch_Read</name>
         <load_address>0x8c9a0</load_address>
         <run_address>0x8c9a0</run_address>
         <size>0x4f</size>
         <input_file_ref idref="fl-10"/>
      </object_component>
      <object_component id="oc-5a2">
         <name>.text:FaultMonitor_ACOverVoltage</name>
         <load_address>0x8c9ef</load_address>
         <run_address>0x8c9ef</run_address>
         <size>0x4f</size>
         <input_file_ref idref="fl-a"/>
      </object_component>
      <object_component id="oc-1da">
         <name>.text:Interrupt_disable</name>
         <load_address>0x8ca3e</load_address>
         <run_address>0x8ca3e</run_address>
         <size>0x4e</size>
         <input_file_ref idref="fl-3b"/>
      </object_component>
      <object_component id="oc-4ff">
         <name>.text:GPIO_setPadConfig</name>
         <load_address>0x8ca8c</load_address>
         <run_address>0x8ca8c</run_address>
         <size>0x4d</size>
         <input_file_ref idref="fl-37"/>
      </object_component>
      <object_component id="oc-1a7">
         <name>.text:SCI_getInterruptStatus</name>
         <load_address>0x8cad9</load_address>
         <run_address>0x8cad9</run_address>
         <size>0x4b</size>
         <input_file_ref idref="fl-41"/>
      </object_component>
      <object_component id="oc-596">
         <name>.text:FaultMonitor_PhaseSequence</name>
         <load_address>0x8cb24</load_address>
         <run_address>0x8cb24</run_address>
         <size>0x49</size>
         <input_file_ref idref="fl-a"/>
      </object_component>
      <object_component id="oc-5e2">
         <name>.text:calc_NtcTemp</name>
         <load_address>0x8cb6d</load_address>
         <run_address>0x8cb6d</run_address>
         <size>0x49</size>
         <input_file_ref idref="fl-9"/>
      </object_component>
      <object_component id="oc-5dc">
         <name>.text:calc_NtcTemp_1</name>
         <load_address>0x8cbb6</load_address>
         <run_address>0x8cbb6</run_address>
         <size>0x49</size>
         <input_file_ref idref="fl-9"/>
      </object_component>
      <object_component id="oc-77c">
         <name>.text:SysCtl_selectOscSourceAuxPLL</name>
         <load_address>0x8cbff</load_address>
         <run_address>0x8cbff</run_address>
         <size>0x46</size>
         <input_file_ref idref="fl-44"/>
      </object_component>
      <object_component id="oc-405">
         <name>.text:main</name>
         <load_address>0x8cc45</load_address>
         <run_address>0x8cc45</run_address>
         <size>0x46</size>
         <input_file_ref idref="fl-6"/>
      </object_component>
      <object_component id="oc-475">
         <name>.text:Pcs_DcConstVolCtrl_SoftStar</name>
         <load_address>0x8cc8b</load_address>
         <run_address>0x8cc8b</run_address>
         <size>0x45</size>
         <input_file_ref idref="fl-8"/>
      </object_component>
      <object_component id="oc-51d">
         <name>.text:tca9535_io1_init</name>
         <load_address>0x8ccd0</load_address>
         <run_address>0x8ccd0</run_address>
         <size>0x45</size>
         <input_file_ref idref="fl-1f"/>
      </object_component>
      <object_component id="oc-523">
         <name>.text:tca9535_io2_init</name>
         <load_address>0x8cd15</load_address>
         <run_address>0x8cd15</run_address>
         <size>0x45</size>
         <input_file_ref idref="fl-20"/>
      </object_component>
      <object_component id="oc-4db">
         <name>.text:Drv_LedPin_Init</name>
         <load_address>0x8cd5a</load_address>
         <run_address>0x8cd5a</run_address>
         <size>0x43</size>
         <input_file_ref idref="fl-16"/>
      </object_component>
      <object_component id="oc-485">
         <name>.text:objControl_FanControl</name>
         <load_address>0x8cd9d</load_address>
         <run_address>0x8cd9d</run_address>
         <size>0x43</size>
         <input_file_ref idref="fl-8"/>
      </object_component>
      <object_component id="oc-a0">
         <name>.text:Drv_adcA1ISR</name>
         <load_address>0x8cde0</load_address>
         <run_address>0x8cde0</run_address>
         <size>0x42</size>
         <input_file_ref idref="fl-10"/>
      </object_component>
      <object_component id="oc-5c6">
         <name>.text:FaultMonitor_DCVoltageUnbanlance</name>
         <load_address>0x8ce22</load_address>
         <run_address>0x8ce22</run_address>
         <size>0x41</size>
         <input_file_ref idref="fl-a"/>
      </object_component>
      <object_component id="oc-517">
         <name>.text:Interrupt_initModule</name>
         <load_address>0x8ce63</load_address>
         <run_address>0x8ce63</run_address>
         <size>0x41</size>
         <input_file_ref idref="fl-3b"/>
      </object_component>
      <object_component id="oc-4e1">
         <name>.text:Drv_SCICPin_Init</name>
         <load_address>0x8cea4</load_address>
         <run_address>0x8cea4</run_address>
         <size>0x40</size>
         <input_file_ref idref="fl-19"/>
      </object_component>
      <object_component id="oc-52f">
         <name>.text:objControl_globalVarInit</name>
         <load_address>0x8cee4</load_address>
         <run_address>0x8cee4</run_address>
         <size>0x40</size>
         <input_file_ref idref="fl-8"/>
      </object_component>
      <object_component id="oc-128">
         <name>.text:IPC_registerInterrupt</name>
         <load_address>0x8cf24</load_address>
         <run_address>0x8cf24</run_address>
         <size>0x3f</size>
         <input_file_ref idref="fl-3c"/>
      </object_component>
      <object_component id="oc-5ae">
         <name>.text:FaultMonitor_ACCurrentOver</name>
         <load_address>0x8cf63</load_address>
         <run_address>0x8cf63</run_address>
         <size>0x3e</size>
         <input_file_ref idref="fl-a"/>
      </object_component>
      <object_component id="oc-5c0">
         <name>.text:FaultMonitor_DCCurrentOver</name>
         <load_address>0x8cfa1</load_address>
         <run_address>0x8cfa1</run_address>
         <size>0x3e</size>
         <input_file_ref idref="fl-a"/>
      </object_component>
      <object_component id="oc-e8">
         <name>.text:IPC_unregisterInterrupt</name>
         <load_address>0x8cfdf</load_address>
         <run_address>0x8cfdf</run_address>
         <size>0x3e</size>
         <input_file_ref idref="fl-3c"/>
      </object_component>
      <object_component id="oc-46f">
         <name>.text:Pcs_PQConstCtrl_SoftStar</name>
         <load_address>0x8d01d</load_address>
         <run_address>0x8d01d</run_address>
         <size>0x3e</size>
         <input_file_ref idref="fl-8"/>
      </object_component>
      <object_component id="oc-76e">
         <name>.text:SysCtl_selectOscSource</name>
         <load_address>0x8d05b</load_address>
         <run_address>0x8d05b</run_address>
         <size>0x3c</size>
         <input_file_ref idref="fl-44"/>
      </object_component>
      <object_component id="oc-6f2">
         <name>.text:CLB_configOutputLUT</name>
         <load_address>0x8d097</load_address>
         <run_address>0x8d097</run_address>
         <size>0x3b</size>
         <input_file_ref idref="fl-3"/>
      </object_component>
      <object_component id="oc-5ba">
         <name>.text:FaultMonitor_DCVoltageOver</name>
         <load_address>0x8d0d2</load_address>
         <run_address>0x8d0d2</run_address>
         <size>0x3b</size>
         <input_file_ref idref="fl-a"/>
      </object_component>
      <object_component id="oc-82e">
         <name>.text:SysCtl_selectXTAL</name>
         <load_address>0x8d10d</load_address>
         <run_address>0x8d10d</run_address>
         <size>0x3a</size>
         <input_file_ref idref="fl-44"/>
      </object_component>
      <object_component id="oc-7d6">
         <name>.text:ADC_setMode</name>
         <load_address>0x8d147</load_address>
         <run_address>0x8d147</run_address>
         <size>0x39</size>
         <input_file_ref idref="fl-23"/>
      </object_component>
      <object_component id="oc-6f8">
         <name>.text:CLB_configAOC</name>
         <load_address>0x8d180</load_address>
         <run_address>0x8d180</run_address>
         <size>0x39</size>
         <input_file_ref idref="fl-3"/>
      </object_component>
      <object_component id="oc-52">
         <name>.text:PPS_Master_ECAP_ISR</name>
         <load_address>0x8d1b9</load_address>
         <run_address>0x8d1b9</run_address>
         <size>0x39</size>
         <input_file_ref idref="fl-c"/>
      </object_component>
      <object_component id="oc-5e">
         <name>.text:PPS_Slave_ECAP_ISR</name>
         <load_address>0x8d1f2</load_address>
         <run_address>0x8d1f2</run_address>
         <size>0x39</size>
         <input_file_ref idref="fl-d"/>
      </object_component>
      <object_component id="oc-73c">
         <name>.text</name>
         <load_address>0x8d22b</load_address>
         <run_address>0x8d22b</run_address>
         <size>0x38</size>
         <input_file_ref idref="fl-5a"/>
      </object_component>
      <object_component id="oc-1b9">
         <name>.text:SCI_disableInterrupt</name>
         <load_address>0x8d263</load_address>
         <run_address>0x8d263</run_address>
         <size>0x37</size>
         <input_file_ref idref="fl-41"/>
      </object_component>
      <object_component id="oc-13b">
         <name>.text:Interrupt_enable</name>
         <load_address>0x8d29a</load_address>
         <run_address>0x8d29a</run_address>
         <size>0x36</size>
         <input_file_ref idref="fl-3b"/>
      </object_component>
      <object_component id="oc-1b3">
         <name>.text:SCI_enableInterrupt</name>
         <load_address>0x8d2d0</load_address>
         <run_address>0x8d2d0</run_address>
         <size>0x36</size>
         <input_file_ref idref="fl-41"/>
      </object_component>
      <object_component id="oc-473">
         <name>.text:Pcs_AcConstCurrCtrl_SoftStar</name>
         <load_address>0x8d306</load_address>
         <run_address>0x8d306</run_address>
         <size>0x34</size>
         <input_file_ref idref="fl-8"/>
      </object_component>
      <object_component id="oc-471">
         <name>.text:Pcs_DcConstCurrCtrl_SoftStar</name>
         <load_address>0x8d33a</load_address>
         <run_address>0x8d33a</run_address>
         <size>0x34</size>
         <input_file_ref idref="fl-8"/>
      </object_component>
      <object_component id="oc-477">
         <name>.text:Pcs_InvCtrl_SoftStar</name>
         <load_address>0x8d36e</load_address>
         <run_address>0x8d36e</run_address>
         <size>0x34</size>
         <input_file_ref idref="fl-8"/>
      </object_component>
      <object_component id="oc-7cc">
         <name>.text:Drv_EPWM1_Init</name>
         <load_address>0x8d3a2</load_address>
         <run_address>0x8d3a2</run_address>
         <size>0x32</size>
         <input_file_ref idref="fl-17"/>
      </object_component>
      <object_component id="oc-7a0">
         <name>.text:i2c_SendByte</name>
         <load_address>0x8d3d4</load_address>
         <run_address>0x8d3d4</run_address>
         <size>0x31</size>
         <input_file_ref idref="fl-1f"/>
      </object_component>
      <object_component id="oc-7b7">
         <name>.text:i2c_SendByte</name>
         <load_address>0x8d405</load_address>
         <run_address>0x8d405</run_address>
         <size>0x31</size>
         <input_file_ref idref="fl-20"/>
      </object_component>
      <object_component id="oc-666">
         <name>.text:GPIO_setControllerCore</name>
         <load_address>0x8d436</load_address>
         <run_address>0x8d436</run_address>
         <size>0x30</size>
         <input_file_ref idref="fl-37"/>
      </object_component>
      <object_component id="oc-4f3">
         <name>.text:GPIO_setPinConfig</name>
         <load_address>0x8d466</load_address>
         <run_address>0x8d466</run_address>
         <size>0x30</size>
         <input_file_ref idref="fl-37"/>
      </object_component>
      <object_component id="oc-505">
         <name>.text:GPIO_setQualificationMode</name>
         <load_address>0x8d496</load_address>
         <run_address>0x8d496</run_address>
         <size>0x30</size>
         <input_file_ref idref="fl-37"/>
      </object_component>
      <object_component id="oc-26">
         <name>.text:decompress:lzss</name>
         <load_address>0x8d4c6</load_address>
         <run_address>0x8d4c6</run_address>
         <size>0x30</size>
         <input_file_ref idref="fl-6e"/>
      </object_component>
      <object_component id="oc-396">
         <name>.text:IPC_sendCommand</name>
         <load_address>0x8d4f6</load_address>
         <run_address>0x8d4f6</run_address>
         <size>0x2e</size>
         <input_file_ref idref="fl-3c"/>
      </object_component>
      <object_component id="oc-59c">
         <name>.text:FaultMonitor_DCRPFault</name>
         <load_address>0x8d524</load_address>
         <run_address>0x8d524</run_address>
         <size>0x2d</size>
         <input_file_ref idref="fl-a"/>
      </object_component>
      <object_component id="oc-600">
         <name>.text:Drv_SCIC_WriteDataBuf</name>
         <load_address>0x8d551</load_address>
         <run_address>0x8d551</run_address>
         <size>0x2c</size>
         <input_file_ref idref="fl-19"/>
      </object_component>
      <object_component id="oc-60d">
         <name>.text:Drv_SCID_WriteDataBuf</name>
         <load_address>0x8d57d</load_address>
         <run_address>0x8d57d</run_address>
         <size>0x2c</size>
         <input_file_ref idref="fl-1a"/>
      </object_component>
      <object_component id="oc-4f9">
         <name>.text:GPIO_setDirectionMode</name>
         <load_address>0x8d5a9</load_address>
         <run_address>0x8d5a9</run_address>
         <size>0x2c</size>
         <input_file_ref idref="fl-37"/>
      </object_component>
      <object_component id="oc-577">
         <name>.text:initial_CLA</name>
         <load_address>0x8d5d5</load_address>
         <run_address>0x8d5d5</run_address>
         <size>0x2c</size>
         <input_file_ref idref="fl-f"/>
      </object_component>
      <object_component id="oc-469">
         <name>.text:App_AllFault_Deal</name>
         <load_address>0x8d601</load_address>
         <run_address>0x8d601</run_address>
         <size>0x2b</size>
         <input_file_ref idref="fl-a"/>
      </object_component>
      <object_component id="oc-5d2">
         <name>.text:FaultMonitor_AmbOverTemp</name>
         <load_address>0x8d62c</load_address>
         <run_address>0x8d62c</run_address>
         <size>0x2b</size>
         <input_file_ref idref="fl-a"/>
      </object_component>
      <object_component id="oc-5cc">
         <name>.text:FaultMonitor_IgbtOverTemp</name>
         <load_address>0x8d657</load_address>
         <run_address>0x8d657</run_address>
         <size>0x2b</size>
         <input_file_ref idref="fl-a"/>
      </object_component>
      <object_component id="oc-3d5">
         <name>.text:__TI_auto_init_nobinit_nopinit</name>
         <load_address>0x8d682</load_address>
         <run_address>0x8d682</run_address>
         <size>0x2b</size>
         <input_file_ref idref="fl-6b"/>
      </object_component>
      <object_component id="oc-48b">
         <name>.text:objControl_DOControl</name>
         <load_address>0x8d6ad</load_address>
         <run_address>0x8d6ad</run_address>
         <size>0x2b</size>
         <input_file_ref idref="fl-8"/>
      </object_component>
      <object_component id="oc-117">
         <name>.text:IPC_readCommand</name>
         <load_address>0x8d6d8</load_address>
         <run_address>0x8d6d8</run_address>
         <size>0x29</size>
         <input_file_ref idref="fl-3c"/>
      </object_component>
      <object_component id="oc-584">
         <name>.text:Slave_InitEPwmSync</name>
         <load_address>0x8d701</load_address>
         <run_address>0x8d701</run_address>
         <size>0x29</size>
         <input_file_ref idref="fl-d"/>
      </object_component>
      <object_component id="oc-318">
         <name>.text</name>
         <load_address>0x8d72a</load_address>
         <run_address>0x8d72a</run_address>
         <size>0x29</size>
         <input_file_ref idref="fl-6f"/>
      </object_component>
      <object_component id="oc-7a6">
         <name>.text:i2c_WaitAck</name>
         <load_address>0x8d753</load_address>
         <run_address>0x8d753</run_address>
         <size>0x28</size>
         <input_file_ref idref="fl-1f"/>
      </object_component>
      <object_component id="oc-7bd">
         <name>.text:i2c_WaitAck</name>
         <load_address>0x8d77b</load_address>
         <run_address>0x8d77b</run_address>
         <size>0x28</size>
         <input_file_ref idref="fl-20"/>
      </object_component>
      <object_component id="oc-4c">
         <name>.text:ipc_init</name>
         <load_address>0x8d7a3</load_address>
         <run_address>0x8d7a3</run_address>
         <size>0x28</size>
         <input_file_ref idref="fl-b"/>
      </object_component>
      <object_component id="oc-4e7">
         <name>.text:Drv_I2CAPin_Init</name>
         <load_address>0x8d7cb</load_address>
         <run_address>0x8d7cb</run_address>
         <size>0x26</size>
         <input_file_ref idref="fl-15"/>
      </object_component>
      <object_component id="oc-194">
         <name>.text:Drv_Timer_IntMaintain</name>
         <load_address>0x8d7f1</load_address>
         <run_address>0x8d7f1</run_address>
         <size>0x26</size>
         <input_file_ref idref="fl-1c"/>
      </object_component>
      <object_component id="oc-642">
         <name>.text:SysCtl_getLowSpeedClock</name>
         <load_address>0x8d817</load_address>
         <run_address>0x8d817</run_address>
         <size>0x24</size>
         <input_file_ref idref="fl-44"/>
      </object_component>
      <object_component id="oc-682">
         <name>.text:tca9535_WriteReg</name>
         <load_address>0x8d83b</load_address>
         <run_address>0x8d83b</run_address>
         <size>0x21</size>
         <input_file_ref idref="fl-1f"/>
      </object_component>
      <object_component id="oc-690">
         <name>.text:tca9535_WriteReg</name>
         <load_address>0x8d85c</load_address>
         <run_address>0x8d85c</run_address>
         <size>0x21</size>
         <input_file_ref idref="fl-20"/>
      </object_component>
      <object_component id="oc-828">
         <name>.text:SysCtl_selectXTALSingleEnded</name>
         <load_address>0x8d87d</load_address>
         <run_address>0x8d87d</run_address>
         <size>0x1f</size>
         <input_file_ref idref="fl-44"/>
      </object_component>
      <object_component id="oc-4c9">
         <name>.text:Device_initGPIO</name>
         <load_address>0x8d89c</load_address>
         <run_address>0x8d89c</run_address>
         <size>0x1e</size>
         <input_file_ref idref="fl-21"/>
      </object_component>
      <object_component id="oc-d5">
         <name>.text:Interrupt_initVectorTable</name>
         <load_address>0x8d8ba</load_address>
         <run_address>0x8d8ba</run_address>
         <size>0x1d</size>
         <input_file_ref idref="fl-3b"/>
      </object_component>
      <object_component id="oc-f1">
         <name>.text</name>
         <load_address>0x8d8d7</load_address>
         <run_address>0x8d8d7</run_address>
         <size>0x1d</size>
         <input_file_ref idref="fl-69"/>
      </object_component>
      <object_component id="oc-71b">
         <name>.text:CLA_setTriggerSource</name>
         <load_address>0x8d8f4</load_address>
         <run_address>0x8d8f4</run_address>
         <size>0x1c</size>
         <input_file_ref idref="fl-27"/>
      </object_component>
      <object_component id="oc-7e0">
         <name>.text:CLB_configLocalInputMux</name>
         <load_address>0x8d910</load_address>
         <run_address>0x8d910</run_address>
         <size>0x1c</size>
         <input_file_ref idref="fl-2"/>
      </object_component>
      <object_component id="oc-62a">
         <name>.text:Device_verifyXTAL</name>
         <load_address>0x8d92c</load_address>
         <run_address>0x8d92c</run_address>
         <size>0x1c</size>
         <input_file_ref idref="fl-21"/>
      </object_component>
      <object_component id="oc-65c">
         <name>.text:Device_enableUnbondedGPIOPullups</name>
         <load_address>0x8d948</load_address>
         <run_address>0x8d948</run_address>
         <size>0x1b</size>
         <input_file_ref idref="fl-21"/>
      </object_component>
      <object_component id="oc-511">
         <name>.text:Drv_ClockCntInit</name>
         <load_address>0x8d963</load_address>
         <run_address>0x8d963</run_address>
         <size>0x1b</size>
         <input_file_ref idref="fl-1c"/>
      </object_component>
      <object_component id="oc-553">
         <name>.text:GloabParam_Init</name>
         <load_address>0x8d97e</load_address>
         <run_address>0x8d97e</run_address>
         <size>0x1b</size>
         <input_file_ref idref="fl-7"/>
      </object_component>
      <object_component id="oc-79a">
         <name>.text:i2c_Start</name>
         <load_address>0x8d999</load_address>
         <run_address>0x8d999</run_address>
         <size>0x1a</size>
         <input_file_ref idref="fl-1f"/>
      </object_component>
      <object_component id="oc-7b1">
         <name>.text:i2c_Start</name>
         <load_address>0x8d9b3</load_address>
         <run_address>0x8d9b3</run_address>
         <size>0x1a</size>
         <input_file_ref idref="fl-20"/>
      </object_component>
      <object_component id="oc-67c">
         <name>.text:i2c_Stop</name>
         <load_address>0x8d9cd</load_address>
         <run_address>0x8d9cd</run_address>
         <size>0x1a</size>
         <input_file_ref idref="fl-1f"/>
      </object_component>
      <object_component id="oc-68a">
         <name>.text:i2c_Stop</name>
         <load_address>0x8d9e7</load_address>
         <run_address>0x8d9e7</run_address>
         <size>0x1a</size>
         <input_file_ref idref="fl-20"/>
      </object_component>
      <object_component id="oc-5fa">
         <name>.text:SCICRx_Poll</name>
         <load_address>0x8da01</load_address>
         <run_address>0x8da01</run_address>
         <size>0x19</size>
         <input_file_ref idref="fl-19"/>
      </object_component>
      <object_component id="oc-607">
         <name>.text:SCIDRx_Poll</name>
         <load_address>0x8da1a</load_address>
         <run_address>0x8da1a</run_address>
         <size>0x19</size>
         <input_file_ref idref="fl-1a"/>
      </object_component>
      <object_component id="oc-760">
         <name>.text:SysCtl_enablePeripheral</name>
         <load_address>0x8da33</load_address>
         <run_address>0x8da33</run_address>
         <size>0x19</size>
         <input_file_ref idref="fl-21"/>
      </object_component>
      <object_component id="oc-54d">
         <name>.text:Drv_ADC_Init</name>
         <load_address>0x8da4c</load_address>
         <run_address>0x8da4c</run_address>
         <size>0x18</size>
         <input_file_ref idref="fl-10"/>
      </object_component>
      <object_component id="oc-547">
         <name>.text:FanPwm_Init</name>
         <load_address>0x8da64</load_address>
         <run_address>0x8da64</run_address>
         <size>0x17</size>
         <input_file_ref idref="fl-17"/>
      </object_component>
      <object_component id="oc-655">
         <name>.text:SysCtl_controlCMReset</name>
         <load_address>0x8da7b</load_address>
         <run_address>0x8da7b</run_address>
         <size>0x17</size>
         <input_file_ref idref="fl-44"/>
      </object_component>
      <object_component id="oc-491">
         <name>.text:objControl_LedControl</name>
         <load_address>0x8da92</load_address>
         <run_address>0x8da92</run_address>
         <size>0x17</size>
         <input_file_ref idref="fl-8"/>
      </object_component>
      <object_component id="oc-1f3">
         <name>.text</name>
         <load_address>0x8daa9</load_address>
         <run_address>0x8daa9</run_address>
         <size>0x17</size>
         <input_file_ref idref="fl-67"/>
      </object_component>
      <object_component id="oc-3a3">
         <name>.text:bsp_clb_pwmEnCtrl</name>
         <load_address>0x8dac0</load_address>
         <run_address>0x8dac0</run_address>
         <size>0x16</size>
         <input_file_ref idref="fl-7"/>
      </object_component>
      <object_component id="oc-4c3">
         <name>.text:Device_bootCM</name>
         <load_address>0x8dad6</load_address>
         <run_address>0x8dad6</run_address>
         <size>0x15</size>
         <input_file_ref idref="fl-21"/>
      </object_component>
      <object_component id="oc-6a3">
         <name>.text:Drv_PWM_SYNC_Init</name>
         <load_address>0x8daeb</load_address>
         <run_address>0x8daeb</run_address>
         <size>0x12</size>
         <input_file_ref idref="fl-17"/>
      </object_component>
      <object_component id="oc-9a">
         <name>.text:cla1Isr1</name>
         <load_address>0x8dafd</load_address>
         <run_address>0x8dafd</run_address>
         <size>0x11</size>
         <input_file_ref idref="fl-f"/>
      </object_component>
      <object_component id="oc-6a">
         <name>.text:cla1Isr8</name>
         <load_address>0x8db0e</load_address>
         <run_address>0x8db0e</run_address>
         <size>0x11</size>
         <input_file_ref idref="fl-f"/>
      </object_component>
      <object_component id="oc-38d">
         <name>.text:Drv_Timer_usDelay</name>
         <load_address>0x8db1f</load_address>
         <run_address>0x8db1f</run_address>
         <size>0xf</size>
         <input_file_ref idref="fl-1c"/>
      </object_component>
      <object_component id="oc-497">
         <name>.text:SciC_Poll</name>
         <load_address>0x8db2e</load_address>
         <run_address>0x8db2e</run_address>
         <size>0xf</size>
         <input_file_ref idref="fl-19"/>
      </object_component>
      <object_component id="oc-49d">
         <name>.text:SciD_Poll</name>
         <load_address>0x8db3d</load_address>
         <run_address>0x8db3d</run_address>
         <size>0xf</size>
         <input_file_ref idref="fl-1a"/>
      </object_component>
      <object_component id="oc-94">
         <name>.text:cla1Isr2</name>
         <load_address>0x8db4c</load_address>
         <run_address>0x8db4c</run_address>
         <size>0xf</size>
         <input_file_ref idref="fl-f"/>
      </object_component>
      <object_component id="oc-8e">
         <name>.text:cla1Isr3</name>
         <load_address>0x8db5b</load_address>
         <run_address>0x8db5b</run_address>
         <size>0xf</size>
         <input_file_ref idref="fl-f"/>
      </object_component>
      <object_component id="oc-88">
         <name>.text:cla1Isr4</name>
         <load_address>0x8db6a</load_address>
         <run_address>0x8db6a</run_address>
         <size>0xf</size>
         <input_file_ref idref="fl-f"/>
      </object_component>
      <object_component id="oc-82">
         <name>.text:cla1Isr5</name>
         <load_address>0x8db79</load_address>
         <run_address>0x8db79</run_address>
         <size>0xf</size>
         <input_file_ref idref="fl-f"/>
      </object_component>
      <object_component id="oc-7c">
         <name>.text:cla1Isr6</name>
         <load_address>0x8db88</load_address>
         <run_address>0x8db88</run_address>
         <size>0xf</size>
         <input_file_ref idref="fl-f"/>
      </object_component>
      <object_component id="oc-76">
         <name>.text:cla1Isr7</name>
         <load_address>0x8db97</load_address>
         <run_address>0x8db97</run_address>
         <size>0xf</size>
         <input_file_ref idref="fl-f"/>
      </object_component>
      <object_component id="oc-541">
         <name>.text:Drv_Pwm_Init</name>
         <load_address>0x8dba6</load_address>
         <run_address>0x8dba6</run_address>
         <size>0xe</size>
         <input_file_ref idref="fl-17"/>
      </object_component>
      <object_component id="oc-a1">
         <name>.text:Drv_ADCInterrupt_init</name>
         <load_address>0x8dbb4</load_address>
         <run_address>0x8dbb4</run_address>
         <size>0xc</size>
         <input_file_ref idref="fl-10"/>
      </object_component>
      <object_component id="oc-535">
         <name>.text:Drv_SCICInit</name>
         <load_address>0x8dbc0</load_address>
         <run_address>0x8dbc0</run_address>
         <size>0xc</size>
         <input_file_ref idref="fl-19"/>
      </object_component>
      <object_component id="oc-53b">
         <name>.text:Drv_SCIDInit</name>
         <load_address>0x8dbcc</load_address>
         <run_address>0x8dbcc</run_address>
         <size>0xc</size>
         <input_file_ref idref="fl-1a"/>
      </object_component>
      <object_component id="oc-6b6">
         <name>.text:FanPwm_ON</name>
         <load_address>0x8dbd8</load_address>
         <run_address>0x8dbd8</run_address>
         <size>0xc</size>
         <input_file_ref idref="fl-17"/>
      </object_component>
      <object_component id="oc-e2">
         <name>.text:Interrupt_defaultHandler</name>
         <load_address>0x8dbe4</load_address>
         <run_address>0x8dbe4</run_address>
         <size>0xc</size>
         <input_file_ref idref="fl-3b"/>
      </object_component>
      <object_component id="oc-312">
         <name>.text</name>
         <load_address>0x8dbf0</load_address>
         <run_address>0x8dbf0</run_address>
         <size>0xc</size>
         <input_file_ref idref="fl-71"/>
      </object_component>
      <object_component id="oc-559">
         <name>.text:Board_init</name>
         <load_address>0x8dbfc</load_address>
         <run_address>0x8dbfc</run_address>
         <size>0xb</size>
         <input_file_ref idref="fl-2"/>
      </object_component>
      <object_component id="oc-135">
         <name>.text:Drv_Led_toggle</name>
         <load_address>0x8dc07</load_address>
         <run_address>0x8dc07</run_address>
         <size>0xa</size>
         <input_file_ref idref="fl-16"/>
      </object_component>
      <object_component id="oc-dc">
         <name>.text:Interrupt_illegalOperationHandler</name>
         <load_address>0x8dc11</load_address>
         <run_address>0x8dc11</run_address>
         <size>0xa</size>
         <input_file_ref idref="fl-3b"/>
      </object_component>
      <object_component id="oc-d0">
         <name>.text:Interrupt_nmiHandler</name>
         <load_address>0x8dc1b</load_address>
         <run_address>0x8dc1b</run_address>
         <size>0xa</size>
         <input_file_ref idref="fl-3b"/>
      </object_component>
      <object_component id="oc-4aa">
         <name>.text</name>
         <load_address>0x8dc25</load_address>
         <run_address>0x8dc25</run_address>
         <size>0x9</size>
         <input_file_ref idref="fl-70"/>
      </object_component>
      <object_component id="oc-2c">
         <name>.text:decompress:none</name>
         <load_address>0x8dc2e</load_address>
         <run_address>0x8dc2e</run_address>
         <size>0x8</size>
         <input_file_ref idref="fl-6d"/>
      </object_component>
      <object_component id="oc-105">
         <name>.text</name>
         <load_address>0x8dc36</load_address>
         <run_address>0x8dc36</run_address>
         <size>0x8</size>
         <input_file_ref idref="fl-22"/>
      </object_component>
      <object_component id="oc-5eb">
         <name>.text:FanPwm_SpeedCtrl</name>
         <load_address>0x8dc3e</load_address>
         <run_address>0x8dc3e</run_address>
         <size>0x7</size>
         <input_file_ref idref="fl-17"/>
      </object_component>
      <object_component id="oc-1ec">
         <name>.text</name>
         <load_address>0x8dc45</load_address>
         <run_address>0x8dc45</run_address>
         <size>0x7</size>
         <input_file_ref idref="fl-72"/>
      </object_component>
      <object_component id="oc-2c3">
         <name>.text:Drv_PwmOffset</name>
         <load_address>0x8dc4c</load_address>
         <run_address>0x8dc4c</run_address>
         <size>0x6</size>
         <input_file_ref idref="fl-17"/>
      </object_component>
      <object_component id="oc-2bd">
         <name>.text:Drv_PwmOnset</name>
         <load_address>0x8dc52</load_address>
         <run_address>0x8dc52</run_address>
         <size>0x6</size>
         <input_file_ref idref="fl-17"/>
      </object_component>
      <object_component id="oc-ff">
         <name>.text:decompress:ZI</name>
         <load_address>0x8dc58</load_address>
         <run_address>0x8dc58</run_address>
         <size>0x6</size>
         <input_file_ref idref="fl-6c"/>
      </object_component>
      <object_component id="oc-457">
         <name>.text:PWM_SlaveSync_Init</name>
         <load_address>0x8dc5e</load_address>
         <run_address>0x8dc5e</run_address>
         <size>0x5</size>
         <input_file_ref idref="fl-d"/>
      </object_component>
      <object_component id="oc-3b1">
         <name>.text:PWMEN_Close</name>
         <load_address>0x8dc63</load_address>
         <run_address>0x8dc63</run_address>
         <size>0x4</size>
         <input_file_ref idref="fl-17"/>
      </object_component>
      <object_component id="oc-3a9">
         <name>.text:PWMEN_Open</name>
         <load_address>0x8dc67</load_address>
         <run_address>0x8dc67</run_address>
         <size>0x4</size>
         <input_file_ref idref="fl-17"/>
      </object_component>
      <object_component id="oc-1d4">
         <name>.text:__error__</name>
         <load_address>0x8dc6b</load_address>
         <run_address>0x8dc6b</run_address>
         <size>0x3</size>
         <input_file_ref idref="fl-21"/>
      </object_component>
      <object_component id="oc-30b">
         <name>.text</name>
         <load_address>0x8dc6e</load_address>
         <run_address>0x8dc6e</run_address>
         <size>0x2</size>
         <input_file_ref idref="fl-6a"/>
      </object_component>
      <object_component id="oc-8ab">
         <name>.cinit..data.load</name>
         <load_address>0xa1190</load_address>
         <run_address>0xa1190</run_address>
         <size>0x14</size>
      </object_component>
      <object_component id="oc-8a8">
         <name>__TI_handler_table</name>
         <load_address>0xa11a4</load_address>
         <run_address>0xa11a4</run_address>
         <size>0x6</size>
      </object_component>
      <object_component id="oc-8b4">
         <name>.cinit..bss.1.load</name>
         <load_address>0xa11aa</load_address>
         <run_address>0xa11aa</run_address>
         <size>0x4</size>
      </object_component>
      <object_component id="oc-8b5">
         <name>.cinit..bss.2.load</name>
         <load_address>0xa11ae</load_address>
         <run_address>0xa11ae</run_address>
         <size>0x4</size>
      </object_component>
      <object_component id="oc-8b6">
         <name>.cinit..bss.3.load</name>
         <load_address>0xa11b2</load_address>
         <run_address>0xa11b2</run_address>
         <size>0x4</size>
      </object_component>
      <object_component id="oc-8ae">
         <name>.cinit..bss_cla.load</name>
         <load_address>0xa11b6</load_address>
         <run_address>0xa11b6</run_address>
         <size>0x4</size>
      </object_component>
      <object_component id="oc-8ad">
         <name>.cinit..scratchpad.load</name>
         <load_address>0xa11ba</load_address>
         <run_address>0xa11ba</run_address>
         <size>0x4</size>
      </object_component>
      <object_component id="oc-8ac">
         <name>.cinit.CLADataLS1.load</name>
         <load_address>0xa11be</load_address>
         <run_address>0xa11be</run_address>
         <size>0x4</size>
      </object_component>
      <object_component id="oc-8a9">
         <name>__TI_cinit_table</name>
         <load_address>0xa11c2</load_address>
         <run_address>0xa11c2</run_address>
         <size>0x1c</size>
      </object_component>
      <object_component id="oc-ee">
         <name>.stack</name>
         <uninitialized>true</uninitialized>
         <run_address>0x400</run_address>
         <size>0x0</size>
         <input_file_ref idref="fl-67"/>
      </object_component>
      <object_component id="oc-8af">
         <name>.stack</name>
         <uninitialized>true</uninitialized>
         <run_address>0x400</run_address>
         <size>0x0</size>
      </object_component>
      <object_component id="oc-388">
         <name>.bss</name>
         <uninitialized>true</uninitialized>
         <run_address>0x9000</run_address>
         <size>0x14e</size>
         <input_file_ref idref="fl-9"/>
      </object_component>
      <object_component id="oc-2ba">
         <name>.bss:debugpData</name>
         <uninitialized>true</uninitialized>
         <run_address>0x914e</run_address>
         <size>0x28</size>
         <input_file_ref idref="fl-b"/>
      </object_component>
      <object_component id="oc-2cd">
         <name>.bss:ad_ntc1</name>
         <uninitialized>true</uninitialized>
         <run_address>0x9176</run_address>
         <size>0x4</size>
         <input_file_ref idref="fl-10"/>
      </object_component>
      <object_component id="oc-2d0">
         <name>.bss:ad_ntc2</name>
         <uninitialized>true</uninitialized>
         <run_address>0x917a</run_address>
         <size>0x4</size>
         <input_file_ref idref="fl-10"/>
      </object_component>
      <object_component id="oc-11d">
         <name>.bss</name>
         <uninitialized>true</uninitialized>
         <run_address>0x9180</run_address>
         <size>0xe0</size>
         <input_file_ref idref="fl-7"/>
      </object_component>
      <object_component id="oc-58b">
         <name>.bss</name>
         <uninitialized>true</uninitialized>
         <run_address>0x9260</run_address>
         <size>0x10</size>
         <input_file_ref idref="fl-1c"/>
      </object_component>
      <object_component id="oc-2d3">
         <name>.bss:ad_vol</name>
         <uninitialized>true</uninitialized>
         <run_address>0x9270</run_address>
         <size>0x4</size>
         <input_file_ref idref="fl-10"/>
      </object_component>
      <object_component id="oc-727">
         <name>.bss</name>
         <uninitialized>true</uninitialized>
         <run_address>0x9274</run_address>
         <size>0x4</size>
         <input_file_ref idref="fl-a"/>
      </object_component>
      <object_component id="oc-293">
         <name>.bss</name>
         <uninitialized>true</uninitialized>
         <run_address>0x9280</run_address>
         <size>0xbe</size>
         <input_file_ref idref="fl-8"/>
      </object_component>
      <object_component id="oc-704">
         <name>.data:CLBTILE5HLCInstr</name>
         <load_address>0xa400</load_address>
         <run_address>0xa400</run_address>
         <size>0x20</size>
         <input_file_ref idref="fl-3"/>
      </object_component>
      <object_component id="oc-709">
         <name>.data:CLBTILE6HLCInstr</name>
         <load_address>0xa420</load_address>
         <run_address>0xa420</run_address>
         <size>0x20</size>
         <input_file_ref idref="fl-3"/>
      </object_component>
      <object_component id="oc-711">
         <name>.data:CLBTILE8HLCInstr</name>
         <load_address>0xa460</load_address>
         <run_address>0xa460</run_address>
         <size>0x20</size>
         <input_file_ref idref="fl-3"/>
      </object_component>
      <object_component id="oc-70d">
         <name>.data:CLBTILE7HLCInstr</name>
         <load_address>0xa440</load_address>
         <run_address>0xa440</run_address>
         <size>0x20</size>
         <input_file_ref idref="fl-3"/>
      </object_component>
      <object_component id="oc-281">
         <name>.data</name>
         <load_address>0xa4b8</load_address>
         <run_address>0xa4b8</run_address>
         <size>0x8</size>
         <input_file_ref idref="fl-8"/>
      </object_component>
      <object_component id="oc-5da">
         <name>.data</name>
         <load_address>0xa4ee</load_address>
         <run_address>0xa4ee</run_address>
         <size>0x1</size>
         <input_file_ref idref="fl-9"/>
      </object_component>
      <object_component id="oc-5e8">
         <name>.data:TempCnt$2</name>
         <load_address>0xa4cc</load_address>
         <run_address>0xa4cc</run_address>
         <size>0x6</size>
         <input_file_ref idref="fl-9"/>
      </object_component>
      <object_component id="oc-5db">
         <name>.data:TempBuf$1</name>
         <load_address>0xa494</load_address>
         <run_address>0xa494</run_address>
         <size>0xc</size>
         <input_file_ref idref="fl-9"/>
      </object_component>
      <object_component id="oc-72b">
         <name>.data</name>
         <load_address>0xa480</load_address>
         <run_address>0xa480</run_address>
         <size>0x14</size>
         <input_file_ref idref="fl-a"/>
      </object_component>
      <object_component id="oc-10b">
         <name>.data</name>
         <load_address>0xa4ec</load_address>
         <run_address>0xa4ec</run_address>
         <size>0x2</size>
         <input_file_ref idref="fl-b"/>
      </object_component>
      <object_component id="oc-219">
         <name>.data</name>
         <load_address>0xa4a0</load_address>
[...]
         <object_component_ref idref="oc-19e"/>
      </symbol>
      <symbol id="sm-82b">
         <name>check_Sum</name>
         <value>0xa4d9</value>
         <object_component_ref idref="oc-19e"/>
      </symbol>
      <symbol id="sm-880">
         <name>SCICRxISR</name>
         <value>0x8c15a</value>
         <object_component_ref idref="oc-b8"/>
      </symbol>
      <symbol id="sm-881">
         <name>Drv_SCICPin_Init</name>
         <value>0x8cea4</value>
         <object_component_ref idref="oc-4e1"/>
      </symbol>
      <symbol id="sm-882">
         <name>SCICRx_Poll</name>
         <value>0x8da01</value>
         <object_component_ref idref="oc-5fa"/>
      </symbol>
      <symbol id="sm-883">
         <name>SCIC_TxCnt</name>
         <value>0xa4c1</value>
         <object_component_ref idref="oc-111"/>
      </symbol>
      <symbol id="sm-884">
         <name>SCIC_RxTimeOut</name>
         <value>0xa4c4</value>
         <object_component_ref idref="oc-111"/>
      </symbol>
      <symbol id="sm-885">
         <name>SCIC_RxBuf</name>
         <value>0xa000</value>
         <object_component_ref idref="oc-1c2"/>
      </symbol>
      <symbol id="sm-886">
         <name>SciC_Poll</name>
         <value>0x8db2e</value>
         <object_component_ref idref="oc-497"/>
      </symbol>
      <symbol id="sm-887">
         <name>SCIC_TxFlag</name>
         <value>0xa4c2</value>
         <object_component_ref idref="oc-111"/>
      </symbol>
      <symbol id="sm-888">
         <name>Drv_SCICInit</name>
         <value>0x8dbc0</value>
         <object_component_ref idref="oc-535"/>
      </symbol>
      <symbol id="sm-889">
         <name>SCIC_TxBuf</name>
         <value>0xa100</value>
         <object_component_ref idref="oc-123"/>
      </symbol>
      <symbol id="sm-88a">
         <name>Drv_SCIC_WriteDataBuf</name>
         <value>0x8d551</value>
         <object_component_ref idref="oc-600"/>
      </symbol>
      <symbol id="sm-88b">
         <name>SCIC_RxCnt</name>
         <value>0xa4c0</value>
         <object_component_ref idref="oc-111"/>
      </symbol>
      <symbol id="sm-8d9">
         <name>SCID_RxBuf</name>
         <value>0xa200</value>
         <object_component_ref idref="oc-1c8"/>
      </symbol>
      <symbol id="sm-8da">
         <name>SCIDRxISR</name>
         <value>0x8c1c7</value>
         <object_component_ref idref="oc-c4"/>
      </symbol>
      <symbol id="sm-8db">
         <name>SCIDRx_Poll</name>
         <value>0x8da1a</value>
         <object_component_ref idref="oc-607"/>
      </symbol>
      <symbol id="sm-8dc">
         <name>Drv_SCIDInit</name>
         <value>0x8dbcc</value>
         <object_component_ref idref="oc-53b"/>
      </symbol>
      <symbol id="sm-8dd">
         <name>SCID_TxCnt</name>
         <value>0xa4c7</value>
         <object_component_ref idref="oc-10e"/>
      </symbol>
      <symbol id="sm-8de">
         <name>SCID_TxBuf</name>
         <value>0xa300</value>
         <object_component_ref idref="oc-120"/>
      </symbol>
      <symbol id="sm-8df">
         <name>SCID_RxTimeOut</name>
         <value>0xa4ca</value>
         <object_component_ref idref="oc-10e"/>
      </symbol>
      <symbol id="sm-8e0">
         <name>SciD_Poll</name>
         <value>0x8db3d</value>
         <object_component_ref idref="oc-49d"/>
      </symbol>
      <symbol id="sm-8e1">
         <name>SCID_TxFlag</name>
         <value>0xa4c8</value>
         <object_component_ref idref="oc-10e"/>
      </symbol>
      <symbol id="sm-8e2">
         <name>Drv_SCID_WriteDataBuf</name>
         <value>0x8d57d</value>
         <object_component_ref idref="oc-60d"/>
      </symbol>
      <symbol id="sm-8e3">
         <name>SCID_RxCnt</name>
         <value>0xa4c6</value>
         <object_component_ref idref="oc-10e"/>
      </symbol>
      <symbol id="sm-92d">
         <name>Drv_Timer_usDelay</name>
         <value>0x8db1f</value>
         <object_component_ref idref="oc-38d"/>
      </symbol>
      <symbol id="sm-92e">
         <name>Drv_ClockCntInit</name>
         <value>0x8d963</value>
         <object_component_ref idref="oc-511"/>
      </symbol>
      <symbol id="sm-92f">
         <name>Drv_Timer_IntMaintain</name>
         <value>0x8d7f1</value>
         <object_component_ref idref="oc-194"/>
      </symbol>
      <symbol id="sm-930">
         <name>m_st_TimerFlag</name>
         <value>0x9260</value>
         <object_component_ref idref="oc-58b"/>
      </symbol>
      <symbol id="sm-931">
         <name>cpu1_u32_TimerCnt</name>
         <value>0xa4e6</value>
         <object_component_ref idref="oc-2d7"/>
      </symbol>
      <symbol id="sm-932">
         <name>Drv_Timer_ClockMaintain</name>
         <value>0x8b27e</value>
         <object_component_ref idref="oc-45d"/>
      </symbol>
      <symbol id="sm-940">
         <name>Drv_W5500Pin_Init</name>
         <value>0x8c234</value>
         <object_component_ref idref="oc-4ed"/>
      </symbol>
      <symbol id="sm-99c">
         <name>tca9535_io1_init</name>
         <value>0x8ccd0</value>
         <object_component_ref idref="oc-51d"/>
      </symbol>
      <symbol id="sm-99d">
         <name>tca9535_io1_p0Set</name>
         <value>0x8bbd1</value>
         <object_component_ref idref="oc-744"/>
      </symbol>
      <symbol id="sm-9f9">
         <name>tca9535_io2_init</name>
         <value>0x8cd15</value>
         <object_component_ref idref="oc-523"/>
      </symbol>
      <symbol id="sm-9fa">
         <name>tca9535_io2_p0Set</name>
         <value>0x8bc4f</value>
         <object_component_ref idref="oc-74a"/>
      </symbol>
      <symbol id="sm-a40">
         <name>Device_enableAllPeripherals</name>
         <value>0x8a712</value>
         <object_component_ref idref="oc-64e"/>
      </symbol>
      <symbol id="sm-a41">
         <name>Device_verifyXTAL</name>
         <value>0x8d92c</value>
         <object_component_ref idref="oc-62a"/>
      </symbol>
      <symbol id="sm-a42">
         <name>Device_initGPIO</name>
         <value>0x8d89c</value>
         <object_component_ref idref="oc-4c9"/>
      </symbol>
      <symbol id="sm-a43">
         <name>Device_init</name>
         <value>0x8be3d</value>
         <object_component_ref idref="oc-4bd"/>
      </symbol>
      <symbol id="sm-a44">
         <name>Device_bootCM</name>
         <value>0x8dad6</value>
         <object_component_ref idref="oc-4c3"/>
      </symbol>
      <symbol id="sm-a45">
         <name>Device_enableUnbondedGPIOPullups</name>
         <value>0x8d948</value>
         <object_component_ref idref="oc-65c"/>
      </symbol>
      <symbol id="sm-a46">
         <name>__error__</name>
         <value>0x8dc6b</value>
         <object_component_ref idref="oc-1d4"/>
      </symbol>
      <symbol id="sm-a55">
         <name>code_start</name>
         <value>0x80000</value>
         <object_component_ref idref="oc-33"/>
      </symbol>
      <symbol id="sm-a8a">
         <name>ADC_setOffsetTrim</name>
         <value>0x8c8a8</value>
         <object_component_ref idref="oc-84e"/>
      </symbol>
      <symbol id="sm-a8b">
         <name>ADC_setMode</name>
         <value>0x8d147</value>
         <object_component_ref idref="oc-7d6"/>
      </symbol>
      <symbol id="sm-a8c">
         <name>ADC_setINLTrim</name>
         <value>0x8c576</value>
         <object_component_ref idref="oc-848"/>
      </symbol>
      <symbol id="sm-a9e">
         <name>CLA_setTriggerSource</name>
         <value>0x8d8f4</value>
         <object_component_ref idref="oc-71b"/>
      </symbol>
      <symbol id="sm-ad0">
         <name>CLB_configCounterLoadMatch</name>
         <value>0x89f97</value>
         <object_component_ref idref="oc-6fe"/>
      </symbol>
      <symbol id="sm-b1d">
         <name>DCC_verifyClockFrequency</name>
         <value>0x89d07</value>
         <object_component_ref idref="oc-766"/>
      </symbol>
      <symbol id="sm-b41">
         <name>Flash_initModule</name>
         <value>0xc000</value>
         <object_component_ref idref="oc-624"/>
      </symbol>
      <symbol id="sm-b7a">
         <name>GPIO_setQualificationMode</name>
         <value>0x8d496</value>
         <object_component_ref idref="oc-505"/>
      </symbol>
      <symbol id="sm-b7b">
         <name>GPIO_setPadConfig</name>
         <value>0x8ca8c</value>
         <object_component_ref idref="oc-4ff"/>
      </symbol>
      <symbol id="sm-b7c">
         <name>GPIO_setDirectionMode</name>
         <value>0x8d5a9</value>
         <object_component_ref idref="oc-4f9"/>
      </symbol>
      <symbol id="sm-b7d">
         <name>GPIO_setPinConfig</name>
         <value>0x8d466</value>
         <object_component_ref idref="oc-4f3"/>
      </symbol>
      <symbol id="sm-b7e">
         <name>GPIO_setControllerCore</name>
         <value>0x8d436</value>
         <object_component_ref idref="oc-666"/>
      </symbol>
      <symbol id="sm-be2">
         <name>Interrupt_defaultHandler</name>
         <value>0x8dbe4</value>
         <object_component_ref idref="oc-e2"/>
      </symbol>
      <symbol id="sm-be3">
         <name>Interrupt_disable</name>
         <value>0x8ca3e</value>
         <object_component_ref idref="oc-1da"/>
      </symbol>
      <symbol id="sm-be4">
         <name>Interrupt_initModule</name>
         <value>0x8ce63</value>
         <object_component_ref idref="oc-517"/>
      </symbol>
      <symbol id="sm-be5">
         <name>Interrupt_nmiHandler</name>
         <value>0x8dc1b</value>
         <object_component_ref idref="oc-d0"/>
      </symbol>
      <symbol id="sm-be6">
         <name>Interrupt_enable</name>
         <value>0x8d29a</value>
         <object_component_ref idref="oc-13b"/>
      </symbol>
      <symbol id="sm-be7">
         <name>Interrupt_initVectorTable</name>
         <value>0x8d8ba</value>
         <object_component_ref idref="oc-d5"/>
      </symbol>
      <symbol id="sm-be8">
         <name>Interrupt_illegalOperationHandler</name>
         <value>0x8dc11</value>
         <object_component_ref idref="oc-dc"/>
      </symbol>
      <symbol id="sm-c36">
         <name>IPC_unregisterInterrupt</name>
         <value>0x8cfdf</value>
         <object_component_ref idref="oc-e8"/>
      </symbol>
      <symbol id="sm-c37">
         <name>IPC_sendCommand</name>
         <value>0x8d4f6</value>
         <object_component_ref idref="oc-396"/>
      </symbol>
      <symbol id="sm-c38">
         <name>IPC_registerInterrupt</name>
         <value>0x8cf24</value>
         <object_component_ref idref="oc-128"/>
      </symbol>
      <symbol id="sm-c39">
         <name>IPC_CPU_To_CM_GetBuffer</name>
         <value>0x38000</value>
         <object_component_ref idref="oc-208"/>
      </symbol>
      <symbol id="sm-c3a">
         <name>IPC_CPU1_To_CPU2_GetBuffer</name>
         <value>0x3b000</value>
         <object_component_ref idref="oc-202"/>
      </symbol>
      <symbol id="sm-c3b">
         <name>IPC_CPU1_To_CPU2_PutBuffer</name>
         <value>0x3a000</value>
         <object_component_ref idref="oc-1ff"/>
      </symbol>
      <symbol id="sm-c3c">
         <name>IPC_CPU_To_CM_PutBuffer</name>
         <value>0x39100</value>
         <object_component_ref idref="oc-205"/>
      </symbol>
      <symbol id="sm-c3d">
         <name>IPC_Instance</name>
         <value>0xa8000</value>
         <object_component_ref idref="oc-114"/>
      </symbol>
      <symbol id="sm-c3e">
         <name>IPC_readCommand</name>
         <value>0x8d6d8</value>
         <object_component_ref idref="oc-117"/>
      </symbol>
      <symbol id="sm-c73">
         <name>MemCfg_initSections</name>
         <value>0x8c4ae</value>
         <object_component_ref idref="oc-7fd"/>
      </symbol>
      <symbol id="sm-c74">
         <name>MemCfg_setLSRAMControllerSel</name>
         <value>0x8c29f</value>
         <object_component_ref idref="oc-809"/>
      </symbol>
      <symbol id="sm-c75">
         <name>MemCfg_getInitStatus</name>
         <value>0x8beb5</value>
         <object_component_ref idref="oc-803"/>
      </symbol>
      <symbol id="sm-ce3">
         <name>SCI_getInterruptStatus</name>
         <value>0x8cad9</value>
         <object_component_ref idref="oc-1a7"/>
      </symbol>
      <symbol id="sm-ce4">
         <name>SCI_clearInterruptStatus</name>
         <value>0x8c94e</value>
         <object_component_ref idref="oc-1a1"/>
      </symbol>
      <symbol id="sm-ce5">
         <name>SCI_writeCharArray</name>
         <value>0x8b9c2</value>
         <object_component_ref idref="oc-752"/>
      </symbol>
      <symbol id="sm-ce6">
         <name>SCI_disableInterrupt</name>
         <value>0x8d263</value>
         <object_component_ref idref="oc-1b9"/>
      </symbol>
      <symbol id="sm-ce7">
         <name>SCI_setConfig</name>
         <value>0x8b935</value>
         <object_component_ref idref="oc-1ad"/>
      </symbol>
      <symbol id="sm-ce8">
         <name>SCI_enableInterrupt</name>
         <value>0x8d2d0</value>
         <object_component_ref idref="oc-1b3"/>
      </symbol>
      <symbol id="sm-d9c">
         <name>SysCtl_isPLLValid</name>
         <value>0x8a5a6</value>
         <object_component_ref idref="oc-774"/>
      </symbol>
      <symbol id="sm-d9d">
         <name>SysCtl_delay</name>
         <value>0xc0d1</value>
         <object_component_ref idref="oc-42e"/>
      </symbol>
      <symbol id="sm-d9e">
         <name>SysCtl_getAuxClock</name>
         <value>0x8bad1</value>
         <object_component_ref idref="oc-648"/>
      </symbol>
      <symbol id="sm-d9f">
         <name>SysCtl_selectXTALSingleEnded</name>
         <value>0x8d87d</value>
         <object_component_ref idref="oc-828"/>
      </symbol>
      <symbol id="sm-da0">
         <name>SysCtl_selectXTAL</name>
         <value>0x8d10d</value>
         <object_component_ref idref="oc-82e"/>
      </symbol>
      <symbol id="sm-da1">
         <name>SysCtl_selectOscSource</name>
         <value>0x8d05b</value>
         <object_component_ref idref="oc-76e"/>
      </symbol>
      <symbol id="sm-da2">
         <name>SysCtl_getLowSpeedClock</name>
         <value>0x8d817</value>
         <object_component_ref idref="oc-642"/>
      </symbol>
      <symbol id="sm-da3">
         <name>SysCtl_controlCMReset</name>
         <value>0x8da7b</value>
         <object_component_ref idref="oc-655"/>
      </symbol>
      <symbol id="sm-da4">
         <name>SysCtl_setClock</name>
         <value>0x8a9d5</value>
         <object_component_ref idref="oc-630"/>
      </symbol>
      <symbol id="sm-da5">
         <name>SysCtl_getClock</name>
         <value>0x8bf29</value>
         <object_component_ref idref="oc-63c"/>
      </symbol>
      <symbol id="sm-da6">
         <name>SysCtl_selectOscSourceAuxPLL</name>
         <value>0x8cbff</value>
         <object_component_ref idref="oc-77c"/>
      </symbol>
      <symbol id="sm-da7">
         <name>SysCtl_setAuxClock</name>
         <value>0x8af53</value>
         <object_component_ref idref="oc-636"/>
      </symbol>
      <symbol id="sm-db6">
         <name>logf</name>
         <value>0x8d22b</value>
         <object_component_ref idref="oc-73c"/>
      </symbol>
      <symbol id="sm-db9">
         <name>FPU32LOG_TABLE_MASK1</name>
         <value>0xa8342</value>
         <object_component_ref idref="oc-816"/>
      </symbol>
      <symbol id="sm-dba">
         <name>FPU32LOG_TABLE_MASK2</name>
         <value>0xa8344</value>
         <object_component_ref idref="oc-816"/>
      </symbol>
      <symbol id="sm-dbb">
         <name>FPU32INVLOG10</name>
         <value>0xa833e</value>
         <object_component_ref idref="oc-816"/>
      </symbol>
      <symbol id="sm-dbc">
         <name>FPU32EXPBIAS</name>
         <value>0xa8340</value>
         <object_component_ref idref="oc-816"/>
      </symbol>
      <symbol id="sm-dbd">
         <name>FPU32LOG2</name>
         <value>0xa833c</value>
         <object_component_ref idref="oc-816"/>
      </symbol>
      <symbol id="sm-dbe">
         <name>FPU32logTable</name>
         <value>0xa8346</value>
         <object_component_ref idref="oc-816"/>
      </symbol>
      <symbol id="sm-dbf">
         <name>FPU32logTableEnd</name>
         <value>0xa840c</value>
         <object_component_ref idref="oc-816"/>
      </symbol>
      <symbol id="sm-dc9">
         <name>_c_int00</name>
         <value>0x8daa9</value>
         <object_component_ref idref="oc-1f3"/>
      </symbol>
      <symbol id="sm-dca">
         <name>__stack</name>
         <value>0x400</value>
         <object_component_ref idref="oc-ee"/>
      </symbol>
      <symbol id="sm-ddd">
         <name>memcpy</name>
         <value>0x8d8d7</value>
         <object_component_ref idref="oc-f1"/>
      </symbol>
      <symbol id="sm-dea">
         <name>_system_pre_init</name>
         <value>0x8dc6e</value>
         <object_component_ref idref="oc-30b"/>
      </symbol>
      <symbol id="sm-df9">
         <name>__TI_auto_init_nobinit_nopinit</name>
         <value>0x8d682</value>
         <object_component_ref idref="oc-3d5"/>
      </symbol>
      <symbol id="sm-e06">
         <name>__TI_zero_init</name>
         <value>0x8dc58</value>
         <object_component_ref idref="oc-ff"/>
      </symbol>
      <symbol id="sm-e13">
         <name>__TI_decompress_none</name>
         <value>0x8dc2e</value>
         <object_component_ref idref="oc-2c"/>
      </symbol>
      <symbol id="sm-e27">
         <name>__TI_decompress_lzss</name>
         <value>0x8d4c6</value>
         <object_component_ref idref="oc-26"/>
      </symbol>
      <symbol id="sm-e3d">
         <name>C$$EXIT</name>
         <value>0x8d72a</value>
         <object_component_ref idref="oc-318"/>
      </symbol>
      <symbol id="sm-e3e">
         <name>abort</name>
         <value>0x8d72a</value>
         <object_component_ref idref="oc-318"/>
      </symbol>
      <symbol id="sm-e3f">
         <name>exit</name>
         <value>0x8d72c</value>
         <object_component_ref idref="oc-318"/>
      </symbol>
      <symbol id="sm-e40">
         <name>__TI_dtors_ptr</name>
         <value>0xa4d6</value>
         <object_component_ref idref="oc-40d"/>
      </symbol>
      <symbol id="sm-e41">
         <name>__TI_cleanup_ptr</name>
         <value>0xa4d4</value>
         <object_component_ref idref="oc-40d"/>
      </symbol>
      <symbol id="sm-e42">
         <name>__TI_enable_exit_profile_output</name>
         <value>0xa4d2</value>
         <object_component_ref idref="oc-40d"/>
      </symbol>
      <symbol id="sm-e59">
         <name>_nop</name>
         <value>0x8dc2d</value>
         <object_component_ref idref="oc-4aa"/>
      </symbol>
      <symbol id="sm-e5a">
         <name>_lock</name>
         <value>0xa4e8</value>
         <object_component_ref idref="oc-410"/>
      </symbol>
      <symbol id="sm-e5b">
         <name>_unlock</name>
         <value>0xa4ea</value>
         <object_component_ref idref="oc-617"/>
      </symbol>
      <symbol id="sm-e5c">
         <name>_register_lock</name>
         <value>0x8dc29</value>
         <object_component_ref idref="oc-4aa"/>
      </symbol>
      <symbol id="sm-e5d">
         <name>_register_unlock</name>
         <value>0x8dc25</value>
         <object_component_ref idref="oc-4aa"/>
      </symbol>
      <symbol id="sm-e6c">
         <name>_args_main</name>
         <value>0x8dbf0</value>
         <object_component_ref idref="oc-312"/>
      </symbol>
      <symbol id="sm-e7b">
         <name>memset</name>
         <value>0x8dc45</value>
         <object_component_ref idref="oc-1ec"/>
      </symbol>
      <symbol id="sm-e89">
         <name>_system_post_cinit</name>
         <value>0x8c575</value>
         <object_component_ref idref="oc-43c"/>
      </symbol>
      <symbol id="sm-e8b">
         <name>__c_args__</name>
         <value>0x0</value>
      </symbol>
   </symbol_table>
   <title>Link successful</title>
</link_info>
